05-18 00:47:11.669  3588  3982 I RecentTasksList: loadTasksInBackground : groupTask = GroupTask{task1=[id=1007 windowingMode=1 user=0 lastActiveTime=1776551465] null, task2=null, task3=null, mStagedSplitBounds=null}
05-18 00:47:11.670  3588  3588 I ScrimView: setCurrentFlatColor mProgress = 0.76614034, mCurrentFlatColor = 3c000000
05-18 00:47:11.671  3588  6253 I ViewRootImpl@c60680d[LauncherActivity]: mWNT: t=0xb400007377280690 mBlastBufferQueue=0xb4000073b72df710 fn= 86 caller= com.android.systemui.shared.launcher.ViewRootImplCompat.mergeWithNextTransaction:2 com.android.quickstep.util.SurfaceTransactionApplier.lambda$scheduleApply$0:2 com.android.quickstep.util.SurfaceTransactionApplier.b:0
05-18 00:47:11.673  3588  3588 I TaskThumbnailCache: handleResult: taskId = 1007, taskThumbnail = android.graphics.Bitmap@daa5731
05-18 00:47:11.679  3588  3588 I ScrimView: setCurrentFlatColor mProgress = 0.7687245, mCurrentFlatColor = 3b000000
05-18 00:47:11.680  3588  6252 I ViewRootImpl@c60680d[LauncherActivity]: mWNT: t=0xb40000737738e210 mBlastBufferQueue=0xb4000073b72df710 fn= 87 caller= com.android.systemui.shared.launcher.ViewRootImplCompat.mergeWithNextTransaction:2 com.android.quickstep.util.SurfaceTransactionApplier.lambda$scheduleApply$0:2 com.android.quickstep.util.SurfaceTransactionApplier.b:0
05-18 00:47:11.686  3588  3588 I ScrimView: setCurrentFlatColor mProgress = 0.77256095, mCurrentFlatColor = 3a000000
05-18 00:47:11.687  3588  6253 I ViewRootImpl@c60680d[LauncherActivity]: mWNT: t=0xb4000073773994f0 mBlastBufferQueue=0xb4000073b72df710 fn= 88 caller= com.android.systemui.shared.launcher.ViewRootImplCompat.mergeWithNextTransaction:2 com.android.quickstep.util.SurfaceTransactionApplier.lambda$scheduleApply$0:2 com.android.quickstep.util.SurfaceTransactionApplier.b:0
05-18 00:47:11.695  3588  3588 I ScrimView: setCurrentFlatColor mProgress = 0.7762356, mCurrentFlatColor = 39000000
05-18 00:47:11.697  3588  6252 I ViewRootImpl@c60680d[LauncherActivity]: mWNT: t=0xb4000073773cf190 mBlastBufferQueue=0xb4000073b72df710 fn= 89 caller= com.android.systemui.shared.launcher.ViewRootImplCompat.mergeWithNextTransaction:2 com.android.quickstep.util.SurfaceTransactionApplier.lambda$scheduleApply$0:2 com.android.quickstep.util.SurfaceTransactionApplier.b:0
05-18 00:47:11.704  3588  3588 I ScrimView: setCurrentFlatColor mProgress = 0.77991015, mCurrentFlatColor = 38000000
05-18 00:47:11.705  3588  6253 I ViewRootImpl@c60680d[LauncherActivity]: mWNT: t=0xb40000737744b0f0 mBlastBufferQueue=0xb4000073b72df710 fn= 90 caller= com.android.systemui.shared.launcher.ViewRootImplCompat.mergeWithNextTransaction:2 com.android.quickstep.util.SurfaceTransactionApplier.lambda$scheduleApply$0:2 com.android.quickstep.util.SurfaceTransactionApplier.b:0
05-18 00:47:11.713  3588  3588 I ScrimView: setCurrentFlatColor mProgress = 0.78433275, mCurrentFlatColor = 37000000
05-18 00:47:11.714  3588  6252 I ViewRootImpl@c60680d[LauncherActivity]: mWNT: t=0xb400007377430210 mBlastBufferQueue=0xb4000073b72df710 fn= 91 caller= com.android.systemui.shared.launcher.ViewRootImplCompat.mergeWithNextTransaction:2 com.android.quickstep.util.SurfaceTransactionApplier.lambda$scheduleApply$0:2 com.android.quickstep.util.SurfaceTransactionApplier.b:0
05-18 00:47:11.718  3085  3099 I ndroid.systemui: NativeAlloc concurrent copying GC freed 174695(8765KB) AllocSpace objects, 4(1308KB) LOS objects, 39% free, 36MB/60MB, paused 47us,84us total 116.820ms
05-18 00:47:11.719  1533  3178 I SurfaceFlinger: id=113221 Removed Surface(name=68ea90b com.example.dogglers/com.example.dogglers.GridListActivity)/@0xa3ee800 - animation-leash of starting_reveal#113221 (129)
05-18 00:47:11.719  3085  3222 D OpenGLRenderer: setSurface called with nullptr
05-18 00:47:11.719  3588  3588 I ScrimView: setCurrentFlatColor mProgress = 0.7891145, mCurrentFlatColor = 36000000
05-18 00:47:11.719  3085  3222 D OpenGLRenderer: setSurface called with nullptr
05-18 00:47:11.720  3588  6253 I ViewRootImpl@c60680d[LauncherActivity]: mWNT: t=0xb40000737743c4b0 mBlastBufferQueue=0xb4000073b72df710 fn= 92 caller= com.android.systemui.shared.launcher.ViewRootImplCompat.mergeWithNextTransaction:2 com.android.quickstep.util.SurfaceTransactionApplier.lambda$scheduleApply$0:2 com.android.quickstep.util.SurfaceTransactionApplier.b:0
05-18 00:47:11.720  1533  3178 I SurfaceFlinger: id=113180 Removed Surface(name=5886ce7 com.example.dogglers/com.example.dogglers.GridListActivity)/@0x798c58e - animation-leash of starting_reveal#113180 (129)
05-18 00:47:11.726  1533  3178 I SurfaceFlinger: id=113152 Removed Surface(name=6e723ef com.samsung.sdm.sdmviewer/com.samsung.sdm.ui.SdmUiActivity)/@0xf89a1e7 - animation-leash of starting_reveal#113152 (129)
05-18 00:47:11.727  1533  1533 I Layer   : id=113180 Destroyed Surface(name=5886ce7 com.example.dogglers/com.example.dogglers.GridListActivity)/@0x798c58e - animation-leash of starting_reveal#113180
05-18 00:47:11.727  1533  1533 I Layer   : id=113152 Destroyed Surface(name=6e723ef com.samsung.sdm.sdmviewer/com.samsung.sdm.ui.SdmUiActivity)/@0xf89a1e7 - animation-leash of starting_reveal#113152
05-18 00:47:11.727  1533  1533 I Layer   : id=113221 Destroyed Surface(name=68ea90b com.example.dogglers/com.example.dogglers.GridListActivity)/@0xa3ee800 - animation-leash of starting_reveal#113221
05-18 00:47:11.728  3588  3588 I ScrimView: setCurrentFlatColor mProgress = 0.79389626, mCurrentFlatColor = 35000000
05-18 00:47:11.730  3588  6252 I ViewRootImpl@c60680d[LauncherActivity]: mWNT: t=0xb40000737744e6f0 mBlastBufferQueue=0xb4000073b72df710 fn= 93 caller= com.android.systemui.shared.launcher.ViewRootImplCompat.mergeWithNextTransaction:2 com.android.quickstep.util.SurfaceTransactionApplier.lambda$scheduleApply$0:2 com.android.quickstep.util.SurfaceTransactionApplier.b:0
05-18 00:47:11.733  3085  3222 D OpenGLRenderer: setSurface called with nullptr
05-18 00:47:11.736  3588  3588 I ScrimView: setCurrentFlatColor mProgress = 0.79927576, mCurrentFlatColor = 33000000
05-18 00:47:11.737  3588  6253 I ViewRootImpl@c60680d[LauncherActivity]: mWNT: t=0xb4000073773b4850 mBlastBufferQueue=0xb4000073b72df710 fn= 94 caller= com.android.systemui.shared.launcher.ViewRootImplCompat.mergeWithNextTransaction:2 com.android.quickstep.util.SurfaceTransactionApplier.lambda$scheduleApply$0:2 com.android.quickstep.util.SurfaceTransactionApplier.b:0
05-18 00:47:11.741  3085  3101 W System  : A resource failed to call release.
05-18 00:47:11.742  3085  3101 W System  : A resource failed to call release.
05-18 00:47:11.742  1533  3178 I SurfaceFlinger: id=111647 Removed Task=984#111647 (126)
05-18 00:47:11.742  3085  3101 W System  : A resource failed to call release.
05-18 00:47:11.742  1533  3178 I SurfaceFlinger: id=111615 Removed Task=983#111615 (126)
05-18 00:47:11.742  1533  3178 I SurfaceFlinger: id=111489 Removed Task=982#111489 (126)
05-18 00:47:11.742  3085  3101 W System  : A resource failed to call release.
05-18 00:47:11.743  1533  1533 I Layer   : id=111647 Destroyed Task=984#111647
05-18 00:47:11.744  1533  1533 I Layer   : id=111489 Destroyed Task=982#111489
05-18 00:47:11.744  1533  1533 I Layer   : id=111615 Destroyed Task=983#111615
05-18 00:47:11.744  3588  3588 I ScrimView: setCurrentFlatColor mProgress = 0.805131, mCurrentFlatColor = 32000000
05-18 00:47:11.745  3588  6252 I ViewRootImpl@c60680d[LauncherActivity]: mWNT: t=0xb4000073774481b0 mBlastBufferQueue=0xb4000073b72df710 fn= 95 caller= com.android.systemui.shared.launcher.ViewRootImplCompat.mergeWithNextTransaction:2 com.android.quickstep.util.SurfaceTransactionApplier.lambda$scheduleApply$0:2 com.android.quickstep.util.SurfaceTransactionApplier.b:0
05-18 00:47:11.745  3085  3101 W System  : A resource failed to call release.
05-18 00:47:11.746  1533  3008 I SurfaceFlinger: id=113141 Removed Task=1005#113141 (123)
05-18 00:47:11.752  1533  1533 I Layer   : id=113141 Destroyed Task=1005#113141
05-18 00:47:11.752  3588  3588 I ScrimView: setCurrentFlatColor mProgress = 0.81102043, mCurrentFlatColor = 30000000
05-18 00:47:11.753  3588  6253 I ViewRootImpl@c60680d[LauncherActivity]: mWNT: t=0xb400007377399df0 mBlastBufferQueue=0xb4000073b72df710 fn= 96 caller= com.android.systemui.shared.launcher.ViewRootImplCompat.mergeWithNextTransaction:2 com.android.quickstep.util.SurfaceTransactionApplier.lambda$scheduleApply$0:2 com.android.quickstep.util.SurfaceTransactionApplier.b:0
05-18 00:47:11.761  3588  3588 I ScrimView: setCurrentFlatColor mProgress = 0.817646, mCurrentFlatColor = 2f000000
05-18 00:47:11.761  3588  6252 I ViewRootImpl@c60680d[LauncherActivity]: mWNT: t=0xb4000073774267f0 mBlastBufferQueue=0xb4000073b72df710 fn= 97 caller= com.android.systemui.shared.launcher.ViewRootImplCompat.mergeWithNextTransaction:2 com.android.quickstep.util.SurfaceTransactionApplier.lambda$scheduleApply$0:2 com.android.quickstep.util.SurfaceTransactionApplier.b:0
05-18 00:47:11.769  3588  3588 I ScrimView: setCurrentFlatColor mProgress = 0.8245748, mCurrentFlatColor = 2d000000
05-18 00:47:11.770  3588  6253 I ViewRootImpl@c60680d[LauncherActivity]: mWNT: t=0xb4000073773ae790 mBlastBufferQueue=0xb4000073b72df710 fn= 98 caller= com.android.systemui.shared.launcher.ViewRootImplCompat.mergeWithNextTransaction:2 com.android.quickstep.util.SurfaceTransactionApplier.lambda$scheduleApply$0:2 com.android.quickstep.util.SurfaceTransactionApplier.b:0
05-18 00:47:11.770  2315  2982 D SemWifiSwitchForIndividualAppsService: isSkipNetworkCondition - result:2
05-18 00:47:11.777  3588  3588 I ScrimView: setCurrentFlatColor mProgress = 0.8315495, mCurrentFlatColor = 2b000000
05-18 00:47:11.778  3588  6252 I ViewRootImpl@c60680d[LauncherActivity]: mWNT: t=0xb400007377338a10 mBlastBufferQueue=0xb4000073b72df710 fn= 99 caller= com.android.systemui.shared.launcher.ViewRootImplCompat.mergeWithNextTransaction:2 com.android.quickstep.util.SurfaceTransactionApplier.lambda$scheduleApply$0:2 com.android.quickstep.util.SurfaceTransactionApplier.b:0
05-18 00:47:11.786  3588  3588 I ScrimView: setCurrentFlatColor mProgress = 0.839609, mCurrentFlatColor = 29000000
05-18 00:47:11.786  3588  6253 I ViewRootImpl@c60680d[LauncherActivity]: mWNT: t=0xb4000073772fef90 mBlastBufferQueue=0xb4000073b72df710 fn= 100 caller= com.android.systemui.shared.launcher.ViewRootImplCompat.mergeWithNextTransaction:2 com.android.quickstep.util.SurfaceTransactionApplier.lambda$scheduleApply$0:2 com.android.quickstep.util.SurfaceTransactionApplier.b:0
05-18 00:47:11.794  3588  3588 I ScrimView: setCurrentFlatColor mProgress = 0.8476156, mCurrentFlatColor = 27000000
05-18 00:47:11.795  3588  6252 I ViewRootImpl@c60680d[LauncherActivity]: mWNT: t=0xb400007377459550 mBlastBufferQueue=0xb4000073b72df710 fn= 101 caller= com.android.systemui.shared.launcher.ViewRootImplCompat.mergeWithNextTransaction:2 com.android.quickstep.util.SurfaceTransactionApplier.lambda$scheduleApply$0:2 com.android.quickstep.util.SurfaceTransactionApplier.b:0
05-18 00:47:11.802  3588  3588 I ScrimView: setCurrentFlatColor mProgress = 0.8556222, mCurrentFlatColor = 25000000
05-18 00:47:11.803  3588  6253 I ViewRootImpl@c60680d[LauncherActivity]: mWNT: t=0xb40000737726f890 mBlastBufferQueue=0xb4000073b72df710 fn= 102 caller= com.android.systemui.shared.launcher.ViewRootImplCompat.mergeWithNextTransaction:2 com.android.quickstep.util.SurfaceTransactionApplier.lambda$scheduleApply$0:2 com.android.quickstep.util.SurfaceTransactionApplier.b:0
05-18 00:47:11.811  3588  3588 I ScrimView: setCurrentFlatColor mProgress = 0.86528105, mCurrentFlatColor = 22000000
05-18 00:47:11.811  3588  6252 I ViewRootImpl@c60680d[LauncherActivity]: mWNT: t=0xb4000073773e8f90 mBlastBufferQueue=0xb4000073b72df710 fn= 103 caller= com.android.systemui.shared.launcher.ViewRootImplCompat.mergeWithNextTransaction:2 com.android.quickstep.util.SurfaceTransactionApplier.lambda$scheduleApply$0:2 com.android.quickstep.util.SurfaceTransactionApplier.b:0
05-18 00:47:11.819  3588  3588 I ScrimView: setCurrentFlatColor mProgress = 0.87422454, mCurrentFlatColor = 20000000
05-18 00:47:11.820  3588  6253 I ViewRootImpl@c60680d[LauncherActivity]: mWNT: t=0xb40000737740e2b0 mBlastBufferQueue=0xb4000073b72df710 fn= 104 caller= com.android.systemui.shared.launcher.ViewRootImplCompat.mergeWithNextTransaction:2 com.android.quickstep.util.SurfaceTransactionApplier.lambda$scheduleApply$0:2 com.android.quickstep.util.SurfaceTransactionApplier.b:0
05-18 00:47:11.826  5964  5964 I Utils   : isCurrentUser current = 0, ownerId = 0
05-18 00:47:11.826  5964  5964 I TrayVisibilityController: getComputedTrayVisible : keyguardState = 1
05-18 00:47:11.826  2315  2964 D SemNscXgbMsL1: Probability - Cloud gaming: [0.09387634]
05-18 00:47:11.826  5964  5964 I TrayVisibilityController: updateTrayVisible: State=1 visible=1 mCurrentVisible=1 specificMode=0
05-18 00:47:11.826  5964  5964 I TrayStateController: onNotifyUpdateTray: state=0
05-18 00:47:11.826  2315  2964 D SemNscXgbMsL1: Probability - Real time: [0.046135042]
05-18 00:47:11.826  2315  2964 D SemNscXgbMsL1: Probability - Non real time: [0.968423]
05-18 00:47:11.826  2315  2964 D SemNscXgbMsL1: 1 sample inference time: 0.297761 msecs
05-18 00:47:11.827  2315  2964 D SemNscXgbL2Rt: L2 RT 1 sample inference time: 0.683542 msecs
05-18 00:47:11.827  3588  3588 I ScrimView: setCurrentFlatColor mProgress = 0.88338864, mCurrentFlatColor = 1e000000
05-18 00:47:11.828  2315  2964 D SemNscXgbL2Nrt: L2 NRT 1 sample inference time: 0.735469 msecs
05-18 00:47:11.828  3588  6252 I ViewRootImpl@c60680d[LauncherActivity]: mWNT: t=0xb4000073773cd450 mBlastBufferQueue=0xb4000073b72df710 fn= 105 caller= com.android.systemui.shared.launcher.ViewRootImplCompat.mergeWithNextTransaction:2 com.android.quickstep.util.SurfaceTransactionApplier.lambda$scheduleApply$0:2 com.android.quickstep.util.SurfaceTransactionApplier.b:0
05-18 00:47:11.835  3588  3588 I ScrimView: setCurrentFlatColor mProgress = 0.89433706, mCurrentFlatColor = 1b000000
05-18 00:47:11.836  3588  6253 I ViewRootImpl@c60680d[LauncherActivity]: mWNT: t=0xb40000737731ef70 mBlastBufferQueue=0xb4000073b72df710 fn= 106 caller= com.android.systemui.shared.launcher.ViewRootImplCompat.mergeWithNextTransaction:2 com.android.quickstep.util.SurfaceTransactionApplier.lambda$scheduleApply$0:2 com.android.quickstep.util.SurfaceTransactionApplier.b:0
05-18 00:47:11.844  3588  3588 I ScrimView: setCurrentFlatColor mProgress = 0.9041778, mCurrentFlatColor = 18000000
05-18 00:47:11.845  3588  6252 I ViewRootImpl@c60680d[LauncherActivity]: mWNT: t=0xb40000737737dad0 mBlastBufferQueue=0xb4000073b72df710 fn= 107 caller= com.android.systemui.shared.launcher.ViewRootImplCompat.mergeWithNextTransaction:2 com.android.quickstep.util.SurfaceTransactionApplier.lambda$scheduleApply$0:2 com.android.quickstep.util.SurfaceTransactionApplier.b:0
05-18 00:47:11.845  1533  1533 D SurfaceFlinger: Display 4630947232161729154 HWC layers:
05-18 00:47:11.845  1533  1533 D SurfaceFlinger:      DEVICE | 0xb400006f7023ac30 | 0100 | RGBx_8888    |  673.0    6.0 2107.0 3082.0 |    0    0 1440 3088 | Wallpaper BBQ wrapper#79
05-18 00:47:11.845  1533  1533 D SurfaceFlinger:      DEVICE | 0xb400006f7023e1a0 | 0100 | RGBA_8888    |    0.0    0.0 1440.0 3088.0 |    0    0 1440 3088 | com.sec.android.app.launcher/com.sec[...]vities.LauncherActivity$_3588#113156
05-18 00:47:11.845  1533  1533 D SurfaceFlinger:      DEVICE | 0xb400006f70233df0 | 0100 | RGBA_8888    |    0.0    0.0 1440.0  100.0 |    0    0 1440  100 | StatusBar$_3085#85
05-18 00:47:11.845  1533  1533 D SurfaceFlinger:      DEVICE | 0xb400006f7022a220 | 0100 | RGBA_8888    |    0.0    0.0   67.0  456.0 | 1373  584 1440 1040 | com.samsung.android.app.cocktailbars[...]vice.CocktailBarService$_5964#112833
05-18 00:47:11.845  1533  1533 D SurfaceFlinger:      DEVICE | 0xb400006f702301c0 | 0100 | RGBA_8888    |    0.0    0.0 1440.0  168.0 |    0 2920 1440 3088 | NavigationBar0$_3085#80
05-18 00:47:11.845  1533  1533 D SurfaceFlinger:
05-18 00:47:11.852  1412 19885 I HYPER-HAL: [RequestManager.cpp]releaseLocked(): Released ID : 2734314
05-18 00:47:11.852  3588  3588 I ScrimView: setCurrentFlatColor mProgress = 0.91448265, mCurrentFlatColor = 16000000
05-18 00:47:11.853  3588  6253 I ViewRootImpl@c60680d[LauncherActivity]: mWNT: t=0xb40000737742d990 mBlastBufferQueue=0xb4000073b72df710 fn= 108 caller= com.android.systemui.shared.launcher.ViewRootImplCompat.mergeWithNextTransaction:2 com.android.quickstep.util.SurfaceTransactionApplier.lambda$scheduleApply$0:2 com.android.quickstep.util.SurfaceTransactionApplier.b:0
05-18 00:47:11.860  3588  3588 I ScrimView: setCurrentFlatColor mProgress = 0.9261534, mCurrentFlatColor = 13000000
05-18 00:47:11.861  3588  6252 I ViewRootImpl@c60680d[LauncherActivity]: mWNT: t=0xb40000737742a5d0 mBlastBufferQueue=0xb4000073b72df710 fn= 109 caller= com.android.systemui.shared.launcher.ViewRootImplCompat.mergeWithNextTransaction:2 com.android.quickstep.util.SurfaceTransactionApplier.lambda$scheduleApply$0:2 com.android.quickstep.util.SurfaceTransactionApplier.b:0
05-18 00:47:11.869  3588  3588 I ScrimView: setCurrentFlatColor mProgress = 0.9367352, mCurrentFlatColor = 10000000
05-18 00:47:11.870  3588  6253 I ViewRootImpl@c60680d[LauncherActivity]: mWNT: t=0xb40000737741c830 mBlastBufferQueue=0xb4000073b72df710 fn= 110 caller= com.android.systemui.shared.launcher.ViewRootImplCompat.mergeWithNextTransaction:2 com.android.quickstep.util.SurfaceTransactionApplier.lambda$scheduleApply$0:2 com.android.quickstep.util.SurfaceTransactionApplier.b:0
05-18 00:47:11.877  3588  3588 I ScrimView: setCurrentFlatColor mProgress = 0.94727176, mCurrentFlatColor = d000000
05-18 00:47:11.878  3588  6252 I ViewRootImpl@c60680d[LauncherActivity]: mWNT: t=0xb400007377419d70 mBlastBufferQueue=0xb4000073b72df710 fn= 111 caller= com.android.systemui.shared.launcher.ViewRootImplCompat.mergeWithNextTransaction:2 com.android.quickstep.util.SurfaceTransactionApplier.lambda$scheduleApply$0:2 com.android.quickstep.util.SurfaceTransactionApplier.b:0
05-18 00:47:11.886  3588  3588 I ScrimView: setCurrentFlatColor mProgress = 0.9590512, mCurrentFlatColor = a000000
05-18 00:47:11.886  3588  6253 I ViewRootImpl@c60680d[LauncherActivity]: mWNT: t=0xb40000737736f0d0 mBlastBufferQueue=0xb4000073b72df710 fn= 112 caller= com.android.systemui.shared.launcher.ViewRootImplCompat.mergeWithNextTransaction:2 com.android.quickstep.util.SurfaceTransactionApplier.lambda$scheduleApply$0:2 com.android.quickstep.util.SurfaceTransactionApplier.b:0
05-18 00:47:11.894  3588  3588 I ScrimView: setCurrentFlatColor mProgress = 0.96904427, mCurrentFlatColor = 8000000
05-18 00:47:11.895  3588  6252 I ViewRootImpl@c60680d[LauncherActivity]: mWNT: t=0xb40000737744bd50 mBlastBufferQueue=0xb4000073b72df710 fn= 113 caller= com.android.systemui.shared.launcher.ViewRootImplCompat.mergeWithNextTransaction:2 com.android.quickstep.util.SurfaceTransactionApplier.lambda$scheduleApply$0:2 com.android.quickstep.util.SurfaceTransactionApplier.b:0
05-18 00:47:11.902  3588  3588 I ScrimView: setCurrentFlatColor mProgress = 0.978696, mCurrentFlatColor = 5000000
05-18 00:47:11.903  3588  6253 I ViewRootImpl@c60680d[LauncherActivity]: mWNT: t=0xb40000737740e190 mBlastBufferQueue=0xb4000073b72df710 fn= 114 caller= com.android.systemui.shared.launcher.ViewRootImplCompat.mergeWithNextTransaction:2 com.android.quickstep.util.SurfaceTransactionApplier.lambda$scheduleApply$0:2 com.android.quickstep.util.SurfaceTransactionApplier.b:0
05-18 00:47:11.911  3588  3588 I ScrimView: setCurrentFlatColor mProgress = 0.98848045, mCurrentFlatColor = 3000000
05-18 00:47:11.912  3588  6252 I ViewRootImpl@c60680d[LauncherActivity]: mWNT: t=0xb40000737742fc70 mBlastBufferQueue=0xb4000073b72df710 fn= 115 caller= com.android.systemui.shared.launcher.ViewRootImplCompat.mergeWithNextTransaction:2 com.android.quickstep.util.SurfaceTransactionApplier.lambda$scheduleApply$0:2 com.android.quickstep.util.SurfaceTransactionApplier.b:0
05-18 00:47:11.919  3588  3588 I ScrimView: setCurrentFlatColor mProgress = 0.99570763, mCurrentFlatColor = 1000000
05-18 00:47:11.920  3588  6253 I ViewRootImpl@c60680d[LauncherActivity]: mWNT: t=0xb40000737742d510 mBlastBufferQueue=0xb4000073b72df710 fn= 116 caller= com.android.systemui.shared.launcher.ViewRootImplCompat.mergeWithNextTransaction:2 com.android.quickstep.util.SurfaceTransactionApplier.lambda$scheduleApply$0:2 com.android.quickstep.util.SurfaceTransactionApplier.b:0
05-18 00:47:11.927  3588  3588 W AppTransitionAnimatorImpl: onAnimationEnd - APP OUT, Execution time for each frame : Start-(0)-0-(0)-0-(0)-0-(0)-1-(1)-0-(8)-1-(8)-0-(8)-1-(10)-0-(5)-0-(8)-1-(9)-1-(8)-0-(7)-1-(8)-1-(6)-1-(8)-1-(8)-1-(8)-1-(5)-1-(9)-0-(7)-1-(7)-1-(8)-0-(8)-0-(9)-0-(8)-0-(8)-0-(8)-1-(8)-0-(8)-0-(8)-1-(8)-0-(8)-0-(8)-1-(8)-0-(8)-0-(8)-1-(8)-0-(8)-1-(7)-1-(8)-0-(8)-0-(8)-1-(8)-0-End
05-18 00:47:11.927  3588  3588 I ScrimView: setCurrentFlatColor mProgress = 1.0, mCurrentFlatColor = 0
05-18 00:47:11.927  3588  3588 I AppTransitionAnimatorImpl: resetContentView
05-18 00:47:11.927  3588  3588 I AnimationResult: AnimationResult finish : onAnimationEnd
05-18 00:47:11.927  3588  3588 I AnimationResult: finish : false, null
05-18 00:47:11.928  3588  3982 I AnimationResult: finish callback : null
05-18 00:47:11.928  3588  6252 I ViewRootImpl@c60680d[LauncherActivity]: mWNT: t=0xb4000073772887f0 mBlastBufferQueue=0xb4000073b72df710 fn= 117 caller= com.android.systemui.shared.launcher.ViewRootImplCompat.mergeWithNextTransaction:2 com.android.quickstep.util.SurfaceTransactionApplier.lambda$scheduleApply$0:2 com.android.quickstep.util.SurfaceTransactionApplier.b:0
05-18 00:47:11.930  3588  3588 W Launcher: onEnterAnimationComplete
05-18 00:47:11.931 19748 19748 I ViewRootImpl@16cbc2f[GridListActivity]: handleAppVisibility mAppVisible = true visible = false
05-18 00:47:11.935  1533  1533 I Layer   : id=113211 removedFromDrawingState Splash Screen com.example.dogglers$_3085#113211 (122)
05-18 00:47:11.937 19748 19789 D OpenGLRenderer: setSurface called with nullptr
05-18 00:47:11.938 19748 19789 D OpenGLRenderer: setSurface() destroyed EGLSurface
05-18 00:47:11.938 19748 19789 D OpenGLRenderer: destroyEglSurface
05-18 00:47:11.939 19748 19748 I ViewRootImpl@16cbc2f[GridListActivity]: performTraversals mFirst=false windowShouldResize=false viewVisibilityChanged=true mForceNextWindowRelayout=false params=null
05-18 00:47:11.940  2315  4494 V WindowManager: Relayout Window{68ea90b u0 com.example.dogglers/com.example.dogglers.GridListActivity}: viewVisibility=8 req=1440x3088 d0
05-18 00:47:11.942  2315  4494 V WindowManager: Relayout hash=68ea90b, pid=19748, syncId=-1: mAttrs={(0,0)(fillxfill) sim={adjust=resize forwardNavigation} ty=BASE_APPLICATION wanim=0x1030309
05-18 00:47:11.942  2315  4494 V WindowManager:   fl=81810100
05-18 00:47:11.942  2315  4494 V WindowManager:   pfl=12020040
05-18 00:47:11.942  2315  4494 V WindowManager:   bhv=DEFAULT
05-18 00:47:11.942  2315  4494 V WindowManager:   fitSides= naviIconColor=0}
05-18 00:47:11.944  1533  1533 I Layer   : id=113238 removedFromDrawingState Surface(name=Task=1)/@0x889ba84 - animation-leash of app_transition#113238 (122)
05-18 00:47:11.944  1533  1533 I Layer   : id=113210 removedFromDrawingState ef56c96 Splash Screen com.example.dogglers#113210 (122)
05-18 00:47:11.944  1533  1533 I Layer   : id=113237 removedFromDrawingState Surface(name=Task=1007)/@0x167d959 - animation-leash of app_transition#113237 (122)
05-18 00:47:11.944  1533  1533 I SurfaceFlinger: [41ea68a com.sec.android.app.launcher/com.sec.android.app.launcher.activities.LauncherActivity#104] FrameRatePriority: 1
05-18 00:47:11.944  1533  1533 I Layer   : Layer [Splash Screen com.example.dogglers$_3085#113211] hidden!! flag(1)
05-18 00:47:11.944  1533  1533 I Layer   : Layer [com.example.dogglers/com.example.dogglers.GridListActivity$_19748#113218] hidden!! flag(1)
05-18 00:47:11.944  1533  1533 I Layer   : Layer [com.example.dogglers/androidx.test.core.app.InstrumentationActivityInvoker$EmptyActivity$_19748#113226] hidden!! flag(1)
05-18 00:47:11.944  1533  1533 I Layer   : Layer [com.example.dogglers/androidx.test.core.app.InstrumentationActivityInvoker$EmptyActivity$_19748#113233] hidden!! flag(1)
05-18 00:47:11.944  1533  1533 I Layer   : id=113239 removedFromDrawingState Surface(name=WallpaperWindowToken{e4c3164 token=android.os.Binder@b21eef7})/@0x229faf0 - animation-leash of window_animation#113239 (122)
05-18 00:47:11.944  1533  1533 I SurfaceFlinger: id=113210 Removed ef56c96 Splash Screen com.example.dogglers#113210 (122)
05-18 00:47:11.944  1533  1533 I SurfaceFlinger: id=113211 Removed Splash Screen com.example.dogglers$_3085#113211 (122)
05-18 00:47:11.944  1533  1533 I Layer   : id=113211 Destroyed Splash Screen com.example.dogglers$_3085#113211
05-18 00:47:11.944  1533  1533 I Layer   : id=113210 Destroyed ef56c96 Splash Screen com.example.dogglers#113210
05-18 00:47:11.945  2315  5947 D InputDispatcher: Focus entered window (0): 41ea68a com.sec.android.app.launcher/com.sec.android.app.launcher.activities.LauncherActivity
05-18 00:47:11.946  3588  3588 I ViewRootImpl@c60680d[LauncherActivity]: MSG_WINDOW_FOCUS_CHANGED 1 0
05-18 00:47:11.946  3588  3588 I ViewRootImpl@c60680d[LauncherActivity]: mThreadedRenderer.initializeIfNeeded()#2 mSurface={isValid=true 0xb4000074473fb6e0}
05-18 00:47:11.946  3588  3588 I BaseActivity: addActivityFlags, flags : 8
05-18 00:47:11.947 19748 19748 I ViewRootImpl@16cbc2f[GridListActivity]: Relayout returned: old=(0,0,1440,3088) new=(0,0,1440,3088) req=(1440,3088)8 dur=7 res=0x2 s={false 0x0} ch=true seqId=0
05-18 00:47:11.947  3588  3588 I InputMethodManager: startInputInner - mService.startInputOrWindowGainedFocus
05-18 00:47:11.947 19748 19748 I ViewRootImpl@480cbab[InstrumentationActivityInvoker$EmptyActivity]: handleAppVisibility mAppVisible = true visible = false
05-18 00:47:11.948 19748 19748 I ViewRootImpl@480cbab[InstrumentationActivityInvoker$EmptyActivity]: stopped(true) old = false
05-18 00:47:11.948 19748 19748 I ViewRootImpl@480cbab[InstrumentationActivityInvoker$EmptyActivity]: WindowStopped on com.example.dogglers/androidx.test.core.app.InstrumentationActivityInvoker$EmptyActivity set to true
05-18 00:47:11.948 19748 19748 D LifecycleMonitor: Lifecycle status change: androidx.test.core.app.InstrumentationActivityInvoker$EmptyActivity@f58ea69 in: STOPPED
05-18 00:47:11.948  2315  5947 D InputMethodManagerService: DESKTOP MODE! : 2
05-18 00:47:11.948  2315  5947 D InputMethodManagerService: NOT IN KNOX DESKTOP MODE!
05-18 00:47:11.948  2315  5947 V InputMethodManagerService: getDisplayIdOfInputMethodWindowToBeAdded: displayId=0
05-18 00:47:11.948 19748 19748 V ActivityScenario: Activity lifecycle changed event received but ignored because the intent does not match. startActivityIntent=Intent { act=android.intent.action.MAIN cat=[android.intent.category.LAUNCHER] cmp=com.example.dogglers/.GridListActivity }, activity.getIntent()=Intent { act=android.intent.action.MAIN cat=[android.intent.category.LAUNCHER] flg=0x10000000 cmp=com.example.dogglers/androidx.test.core.app.InstrumentationActivityInvoker$EmptyActivity }, activity=androidx.test.core.app.InstrumentationActivityInvoker$EmptyActivity@f58ea69
05-18 00:47:11.948  2315  5947 D InputMethodManagerService: isImeSwitcherDisabledPackage : false
05-18 00:47:11.949 19748 19748 I MSHandlerLifeCycle: removeMultiSplitHandler: no exist. decor=DecorView@24c001c[InstrumentationActivityInvoker$EmptyActivity]
05-18 00:47:11.949  2315  5947 D InputMethodManagerService: checkDisplayOfStartInputAndUpdateKeyboard: displayId=0, mFocusedDisplayId=0
05-18 00:47:11.949  2315  5947 D InputTransport: Input channel constructed: 'ClientS', fd=1071
05-18 00:47:11.949  2315  5947 D InputTransport: Input channel destroyed: 'ClientS', fd=1071
05-18 00:47:11.949 19748 19748 D LifecycleMonitor: Lifecycle status change: androidx.test.core.app.InstrumentationActivityInvoker$EmptyActivity@f58ea69 in: DESTROYED
05-18 00:47:11.949 19748 19748 V ActivityScenario: Activity lifecycle changed event received but ignored because the intent does not match. startActivityIntent=Intent { act=android.intent.action.MAIN cat=[android.intent.category.LAUNCHER] cmp=com.example.dogglers/.GridListActivity }, activity.getIntent()=Intent { act=android.intent.action.MAIN cat=[android.intent.category.LAUNCHER] flg=0x10000000 cmp=com.example.dogglers/androidx.test.core.app.InstrumentationActivityInvoker$EmptyActivity }, activity=androidx.test.core.app.InstrumentationActivityInvoker$EmptyActivity@f58ea69
05-18 00:47:11.950  5591  5591 I HBD     : HoneyBoardService onFinishInput
05-18 00:47:11.950  5591  5591 I HBD     : a IC have been unbinding,  RemoteInputConnection{idHash=#7462546}
05-18 00:47:11.950 19748 19748 I MSHandlerLifeCycle: removeMultiSplitHandler: no exist. decor=DecorView@24c001c[InstrumentationActivityInvoker$EmptyActivity]
05-18 00:47:11.950  5591  5591 I HBD     : HoneyBoardService [PF_CL][onFinishInput]  0 ms
05-18 00:47:11.950  5591  5591 I HBD     : HoneyBoardService [IMI] onStartInput - caller pid : 3588 , caller uid : 10143
05-18 00:47:11.950  5591  5591 I HBD     : j updateConfigs
05-18 00:47:11.950 19748 19789 D OpenGLRenderer: setSurface called with nullptr
05-18 00:47:11.950 19748 19789 D OpenGLRenderer: setSurface() destroyed EGLSurface
05-18 00:47:11.950 19748 19789 D OpenGLRenderer: destroyEglSurface
05-18 00:47:11.950  5591  5591 I HBD     : j isEnabledNightMode : true
05-18 00:47:11.950  1533  3178 I SurfaceFlinger: id=113243 createSurf, flag=24004, Surface(name=daea37f InputMethod)/@0x913f89b - animation-leash of insets_animation#113243
05-18 00:47:11.950  5591  5591 I HBD     : a IC have been binding, RemoteInputConnection{idHash=#25d6307}
05-18 00:47:11.950  5591  5591 I HBD     : h [EditorInputType]setPrivateImeOptionsToTable privateImeOptions ( null )
05-18 00:47:11.950  5591  5591 I HBD     : b incognitoMode : false
05-18 00:47:11.951  5591  5591 I HBD     : a needOff = true , isForceOff = false, isNullInputClass : true
05-18 00:47:11.951  5591  5591 I HBD     : h getDefaultInputRange : UNKNOWN
05-18 00:47:11.951  5591  5591 I HBD     : h getDefaultInputRange : UNKNOWN
05-18 00:47:11.951  5591  5591 I HBD     : h getDefaultInputRange : UNKNOWN
05-18 00:47:11.951 19748 19748 I ViewRootImpl@480cbab[InstrumentationActivityInvoker$EmptyActivity]: dispatchDetachedFromWindow
05-18 00:47:11.953  3588  3588 I BadgeRenderer: Invalid count : 0
05-18 00:47:11.953  3588  3588 I BadgeRenderer: Invalid count : 0
05-18 00:47:11.953  3588  3588 I BadgeRenderer: Invalid count : 0
05-18 00:47:11.954  5591  5591 I HBD     : a needOff = true , isForceOff = false, isNullInputClass : true
05-18 00:47:11.954  5591  5591 I HBD     : a update cached prediction status : false
05-18 00:47:11.955  5591  5591 I HBD     : h getDefaultInputRange : UNKNOWN
05-18 00:47:11.955  5591  5591 I HBD     : a currentState : 0
05-18 00:47:11.955  5591  5591 I HBD     : a [UpdatePolicy] [post] a: 0 cl: 65537 kit: [0/0] vt: 0 ir: 1
05-18 00:47:11.955  5591  5591 I HBD     : a [NRIC] resetNoResponseState
05-18 00:47:11.955  5591  5591 I HBD     : a needOff = true , isForceOff = false, isNullInputClass : true
05-18 00:47:11.955  5591  5591 I HBD     : a update cached prediction status : false
05-18 00:47:11.956  5591  5591 I HBD     : HoneyBoardService [PF_OP][onStartInput]  6 ms
05-18 00:47:11.957  2315  3073 D InputTransport: Input channel destroyed: '4b6539f', fd=901
05-18 00:47:11.957  2315  3073 W InputManager-JNI: Input channel object '4b6539f com.example.dogglers/androidx.test.core.app.InstrumentationActivityInvoker$EmptyActivity (client)' was disposed without first being removed with the input manager!
05-18 00:47:11.957  2315  3073 D InputTransport: Input channel destroyed: '4b6539f', fd=1040
05-18 00:47:11.958 19748 19748 D InputTransport: Input channel destroyed: '4b6539f', fd=141
05-18 00:47:11.958  2315  5715 D InputMethodManagerService: isImeSwitcherDisabledPackage : false
05-18 00:47:11.959  5591  5591 I InputMethodService: removeImeSurface
05-18 00:47:11.959  1533  3178 I SurfaceFlinger: id=113230 Removed a50d08d ActivityRecordInputSink com.example.dogglers/androidx.test.core.app.InstrumentationActivityInvoker$EmptyActivity#113230 (121)
05-18 00:47:11.959 19748 19748 I ViewRootImpl@a98fdbb[InstrumentationActivityInvoker$EmptyActivity]: stopped(true) old = false
05-18 00:47:11.959 19748 19748 I ViewRootImpl@a98fdbb[InstrumentationActivityInvoker$EmptyActivity]: WindowStopped on com.example.dogglers/androidx.test.core.app.InstrumentationActivityInvoker$EmptyActivity set to true
05-18 00:47:11.959  5591  5591 I MSHandlerLifeCycle: check: return. pkg=com.samsung.android.honeyboard isActivity=false callers=com.android.internal.policy.DecorView.setVisibility:4416 android.app.Dialog.hide:767 android.inputmethodservice.InputMethodService.removeImeSurface:1290 android.inputmethodservice.InputMethodService.scheduleImeSurfaceRemoval:1279 android.inputmethodservice.InputMethodService.-$$Nest$mscheduleImeSurfaceRemoval:0
05-18 00:47:11.959  5591  5591 I MSHandlerLifeCycle: removeMultiSplitHandler: no exist. decor=DecorView@9a0695a[InputMethod]
05-18 00:47:11.960 19748 19748 D LifecycleMonitor: Lifecycle status change: androidx.test.core.app.InstrumentationActivityInvoker$EmptyActivity@49ed0f9 in: STOPPED
05-18 00:47:11.960  1533  1533 I Layer   : id=113236 removedFromDrawingState Surface(name=daea37f InputMethod)/@0x913f89b - animation-leash of insets_animation#113236 (121)
05-18 00:47:11.960 19748 19748 V ActivityScenario: Activity lifecycle changed event received but ignored because the intent does not match. startActivityIntent=Intent { act=android.intent.action.MAIN cat=[android.intent.category.LAUNCHER] cmp=com.example.dogglers/.GridListActivity }, activity.getIntent()=Intent { act=android.intent.action.MAIN cat=[android.intent.category.LAUNCHER] flg=0x10000000 cmp=com.example.dogglers/androidx.test.core.app.InstrumentationActivityInvoker$EmptyActivity }, activity=androidx.test.core.app.InstrumentationActivityInvoker$EmptyActivity@49ed0f9
05-18 00:47:11.960  1533  1533 I Layer   : id=113233 removedFromDrawingState com.example.dogglers/androidx.test.core.app.InstrumentationActivityInvoker$EmptyActivity$_19748#113233 (121)
05-18 00:47:11.960  1533  1533 I Layer   : id=113232 removedFromDrawingState 4b6539f com.example.dogglers/androidx.test.core.app.InstrumentationActivityInvoker$EmptyActivity#113232 (121)
05-18 00:47:11.960  1533  1533 I SurfaceFlinger: id=113233 Removed com.example.dogglers/androidx.test.core.app.InstrumentationActivityInvoker$EmptyActivity$_19748#113233 (121)
05-18 00:47:11.960  1533  1533 I SurfaceFlinger: id=113232 Removed 4b6539f com.example.dogglers/androidx.test.core.app.InstrumentationActivityInvoker$EmptyActivity#113232 (121)
05-18 00:47:11.960  1533  1533 I SurfaceFlinger: id=113236 Removed Surface(name=daea37f InputMethod)/@0x913f89b - animation-leash of insets_animation#113236 (121)
05-18 00:47:11.960  1533  1533 I Layer   : id=113236 Destroyed Surface(name=daea37f InputMethod)/@0x913f89b - animation-leash of insets_animation#113236
05-18 00:47:11.960  1533  1533 I Layer   : id=113232 Destroyed 4b6539f com.example.dogglers/androidx.test.core.app.InstrumentationActivityInvoker$EmptyActivity#113232
05-18 00:47:11.960  1533  1533 I Layer   : id=113233 Destroyed com.example.dogglers/androidx.test.core.app.InstrumentationActivityInvoker$EmptyActivity$_19748#113233
05-18 00:47:11.961 19748 19748 I MSHandlerLifeCycle: removeMultiSplitHandler: no exist. decor=DecorView@659c3ec[InstrumentationActivityInvoker$EmptyActivity]
05-18 00:47:11.962 19748 19748 D LifecycleMonitor: Lifecycle status change: androidx.test.core.app.InstrumentationActivityInvoker$EmptyActivity@49ed0f9 in: DESTROYED
05-18 00:47:11.963 19748 19748 V ActivityScenario: Activity lifecycle changed event received but ignored because the intent does not match. startActivityIntent=Intent { act=android.intent.action.MAIN cat=[android.intent.category.LAUNCHER] cmp=com.example.dogglers/.GridListActivity }, activity.getIntent()=Intent { act=android.intent.action.MAIN cat=[android.intent.category.LAUNCHER] flg=0x10000000 cmp=com.example.dogglers/androidx.test.core.app.InstrumentationActivityInvoker$EmptyActivity }, activity=androidx.test.core.app.InstrumentationActivityInvoker$EmptyActivity@49ed0f9
05-18 00:47:11.963 19748 19748 I MSHandlerLifeCycle: removeMultiSplitHandler: no exist. decor=DecorView@659c3ec[InstrumentationActivityInvoker$EmptyActivity]
05-18 00:47:11.963 19748 19789 D OpenGLRenderer: setSurface called with nullptr
05-18 00:47:11.963 19748 19789 D OpenGLRenderer: setSurface() destroyed EGLSurface
05-18 00:47:11.963 19748 19789 D OpenGLRenderer: destroyEglSurface
05-18 00:47:11.964 19748 19748 I ViewRootImpl@a98fdbb[InstrumentationActivityInvoker$EmptyActivity]: dispatchDetachedFromWindow
05-18 00:47:11.965  2315  5947 D InputTransport: Input channel destroyed: '7fe6660', fd=1022
05-18 00:47:11.965  2315  5947 W InputManager-JNI: Input channel object '7fe6660 com.example.dogglers/androidx.test.core.app.InstrumentationActivityInvoker$EmptyActivity (client)' was disposed without first being removed with the input manager!
05-18 00:47:11.965  2315  5947 D InputTransport: Input channel destroyed: '7fe6660', fd=1029
05-18 00:47:11.967 19748 19748 D InputTransport: Input channel destroyed: '7fe6660', fd=124
05-18 00:47:11.968 19748 19748 I ViewRootImpl@16cbc2f[GridListActivity]: stopped(true) old = false
05-18 00:47:11.968 19748 19748 I ViewRootImpl@16cbc2f[GridListActivity]: WindowStopped on com.example.dogglers/com.example.dogglers.GridListActivity set to true
05-18 00:47:11.968  1533  1533 I Layer   : id=113229 removedFromDrawingState ActivityRecord{e01f242 u0 com.example.dogglers/androidx.test.core.app.InstrumentationActivityInvoker$EmptyActivity} t1007}#113229 (118)
05-18 00:47:11.969  1533  1533 I Layer   : id=113230 removedFromDrawingState a50d08d ActivityRecordInputSink com.example.dogglers/androidx.test.core.app.InstrumentationActivityInvoker$EmptyActivity#113230 (118)
05-18 00:47:11.969  1533  1533 I Layer   : id=113226 removedFromDrawingState com.example.dogglers/androidx.test.core.app.InstrumentationActivityInvoker$EmptyActivity$_19748#113226 (118)
05-18 00:47:11.969  1533  1533 I Layer   : id=113225 removedFromDrawingState 7fe6660 com.example.dogglers/androidx.test.core.app.InstrumentationActivityInvoker$EmptyActivity#113225 (118)
05-18 00:47:11.969  1533  1533 I SurfaceFlinger: id=113225 Removed 7fe6660 com.example.dogglers/androidx.test.core.app.InstrumentationActivityInvoker$EmptyActivity#113225 (118)
05-18 00:47:11.969  1533  1533 I SurfaceFlinger: id=113226 Removed com.example.dogglers/androidx.test.core.app.InstrumentationActivityInvoker$EmptyActivity$_19748#113226 (118)
05-18 00:47:11.969  1533  1533 I SurfaceFlinger: id=113229 Removed ActivityRecord{e01f242 u0 com.example.dogglers/androidx.test.core.app.InstrumentationActivityInvoker$EmptyActivity} t1007}#113229 (118)
05-18 00:47:11.969  1533  1533 I Layer   : id=113225 Destroyed 7fe6660 com.example.dogglers/androidx.test.core.app.InstrumentationActivityInvoker$EmptyActivity#113225
05-18 00:47:11.969  1533  1533 I Layer   : id=113226 Destroyed com.example.dogglers/androidx.test.core.app.InstrumentationActivityInvoker$EmptyActivity$_19748#113226
05-18 00:47:11.969 19748 19748 D LifecycleMonitor: Lifecycle status change: com.example.dogglers.GridListActivity@606dc6b in: STOPPED
05-18 00:47:11.969  1533  1533 I Layer   : id=113229 Destroyed ActivityRecord{e01f242 u0 com.example.dogglers/androidx.test.core.app.InstrumentationActivityInvoker$EmptyActivity} t1007}#113229
05-18 00:47:11.969  1533  1533 I Layer   : id=113230 Destroyed a50d08d ActivityRecordInputSink com.example.dogglers/androidx.test.core.app.InstrumentationActivityInvoker$EmptyActivity#113230
05-18 00:47:11.969 19748 19748 V ActivityScenario: Update currentActivityStage to STOPPED, currentActivity=com.example.dogglers.GridListActivity@606dc6b
05-18 00:47:11.969  1533  3178 I SurfaceFlinger: id=113224 Removed 5b49f56 ActivityRecordInputSink com.example.dogglers/androidx.test.core.app.InstrumentationActivityInvoker$EmptyActivity#113224 (114)
05-18 00:47:11.972 19748 19748 I MSHandlerLifeCycle: removeMultiSplitHandler: no exist. decor=DecorView@abb8d5e[GridListActivity]
05-18 00:47:11.972  4633 19906 E pageboostd: prefetch start : app comgoogleandroidyoutube
05-18 00:47:11.972 19748 19748 D LifecycleMonitor: Lifecycle status change: com.example.dogglers.GridListActivity@606dc6b in: DESTROYED
05-18 00:47:11.973 19748 19748 V ActivityScenario: Update currentActivityStage to DESTROYED, currentActivity=null
05-18 00:47:11.973 19748 19773 I TestRunner: finished: grid_list_content_on_first_page(com.example.dogglers.GridListTests)
