05-18 00:47:13.010 19748 19773 I TestRunner: started: grid_list_content_at_last_position(com.example.dogglers.GridListTests)
05-18 00:47:13.014 14134 14134 I ResourceOverlayService_0: waitAndQuit called
05-18 00:47:13.017 14134 14134 I ResourceOverlayService_0: activity user id 0 process id 0
05-18 00:47:13.019 19748 19773 W Settings: Setting always_finish_activities has moved from android.provider.Settings.System to android.provider.Settings.Global, returning read-only value.
05-18 00:47:13.025  2315  2435 I ChimeraSystemEventListener: appLaunchIntent package name is: com.example.dogglers
05-18 00:47:13.026  2315  3755 I SemDvfsHyPerManager: acquire hyper - AMS_APP_SWITCH/2315@25, type = -999
05-18 00:47:13.027  1533  1680 I SurfaceFlinger: id=113285 createSurf, flag=24004, Task=1009#113285
05-18 00:47:13.028  1412  1438 I HYPER-HAL: [RequestManager.cpp]acquire(): Acquired ID : 2738995  [2315 / 25]    HINT : AMS_APP_SWITCH    list :
05-18 00:47:13.028  1533  1680 I SurfaceFlinger: id=113286 createSurf, flag=80004, ActivityRecord{81f1231 u0 com.example.dogglers/androidx.test.core.app.InstrumentationActivityInvoker$BootstrapActivity} t1009}#113286
05-18 00:47:13.032  5894  5894 I SemDvfsHyPerManager: acquire hyper - APP_START_SHORT/5894@16, type = -999
05-18 00:47:13.033  1412  1438 I HYPER-HAL: [RequestManager.cpp]acquire(): Acquired ID : 17467021  [5894 / 16]    HINT : APP_START    list : [TIMEOUT / 1500]
05-18 00:47:13.034  1791  6438 I CameraService: onUidStateChanged: uid=10038, procState is changed. (0 -> 1)
05-18 00:47:13.034  3085  3222 D NativeCustomFrequencyManager: [NativeCFMS] BpCustomFrequencyManager::BpCustomFrequencyManager()
05-18 00:47:13.036  2315  5714 I SemDvfsHyPerManager: acquire hyper - AMS_APP_LAUNCH/2315@22, type = -999
05-18 00:47:13.036  4633  4633 E pageboostd: Received HALT command code 2
05-18 00:47:13.036  1412  1438 I HYPER-HAL: [RequestManager.cpp]acquire(): Acquired ID : 2731975  [2315 / 22]    HINT : AMS_APP_LAUNCH    list :
05-18 00:47:13.037  5894  5894 I SemDvfsHyPerManager: acquire hyper - APP_START/5894@18, type = -999
05-18 00:47:13.038  3588  3588 I BaseActivity: removeActivityFlags, flags : 16
05-18 00:47:13.038  3588  3588 I BaseActivity: removeActivityFlags, flags : 6
05-18 00:47:13.038  3588  3588 I DragController: endDrag
05-18 00:47:13.038  3588  3588 W LauncherAppWidgetHost: setShouldListenFlag, mFlags:15 flag:resume on:false isFront:false
05-18 00:47:13.038  3588  3588 I SPayUpdater: updateSpayHandler launcher activity is paused false
05-18 00:47:13.038  3588  6899 I WidgetRotationImpl: unsubscribeWidgetFocus 85
05-18 00:47:13.038  2315  3073 D InputTransport: Input channel constructed: 'd44d669', fd=1085
05-18 00:47:13.038  2315  3073 D InputTransport: Input channel constructed: 'd44d669', fd=1088
05-18 00:47:13.038  1412  1438 I HYPER-HAL: [RequestManager.cpp]acquire(): Acquired ID : 17478846  [5894 / 18]    HINT : APP_START    list :
05-18 00:47:13.039  2315  3073 D InputTransport: Input channel constructed: 'd44d669', fd=1089
05-18 00:47:13.039  1533  1680 I SurfaceFlinger: id=113287 createSurf, flag=80004, d44d669 Splash Screen com.example.dogglers#113287
05-18 00:47:13.039  2315  3073 D InputTransport: Input channel destroyed: 'd44d669', fd=1089
05-18 00:47:13.040  3085  3207 D InsetsController: onStateChanged: InsetsState: {mDisplayFrame=Rect(0, 0 - 1440, 3088), mDisplayCutout=DisplayCutout{insets=Rect(0, 100 - 0, 0) waterfall=Insets{left=0, top=0, right=0, bottom=0} boundingRect={Bounds=[Rect(0, 0 - 0, 0), Rect(683, 0 - 758, 100), Rect(0, 0 - 0, 0), Rect(0, 0 - 0, 0)]} cutoutPathParserInfo={CutoutPathParserInfo{displayWidth=1440 displayHeight=3088 physicalDisplayWidth=1440 physicalDisplayHeight=3088 density={3.75} cutoutSpec={M 0,0 H -10 V 26.66666666666667 H 10 V 0 H 0 Z @dp} rotation={0} scale={1.0} physicalPixelDisplaySizeRatio={1.0}}}}, mRoundedCorners=RoundedCorners{[RoundedCorner{position=TopLeft, radius=14, center=Point(14, 14)}, RoundedCorner{position=TopRight, radius=14, center=Point(1426, 14)}, RoundedCorner{position=BottomRight, radius=14, center=Point(1426, 3074)}, RoundedCorner{position=BottomLeft, radius=14, center=Point(14, 3074)}]}  mRoundedCornerFrame=Rect(0, 0 - 1440, 3088), mPrivacyIndicatorBounds=PrivacyIndicatorBounds {static bounds=Rect(1286, 0 - 1440, 100) rotation=0}, mSources= { InsetsSource: {mType=ITYPE_STATUS_BAR, mFrame=[0,0][1440,100], mVisible=true, mInsetsRoundedCornerFrame=false}, InsetsSource: {mType=ITYPE_NAVIGATION_BAR, mFrame=[0,2920][1440,3088], mVisible=true, mInsetsRoundedCornerFrame=false}, InsetsSource: {mType=ITYPE_LEFT_GESTURES, mFrame=[0,0][0,3088], mVisible=true, mInsetsRoundedCornerFrame=false}, InsetsSource: {mType=ITYPE_RIGHT_GESTURES, mFrame=[1440,0][1440,3088], mVisible=true, mInsetsRoundedCornerFrame=false}, InsetsSource: {mType=ITYPE_TOP_MANDATORY_GESTURES, mFrame=[0,0][1440,142], mVisible=true, mInsetsRoundedCornerFrame=false}, InsetsSource: {mType=ITYPE_BOTTOM_MANDATORY_GESTURES, mFrame=[0,2920][1440,3088], mVisible=true, mInsetsRoundedCornerFrame=false}, InsetsSource: {mType=ITYPE_LEFT_DISPLAY_CUTOUT, mFrame=[0,0][-100000,3088], mVisible=true, mInsetsRoundedCornerFrame=false}, InsetsSource: {mType=ITYPE_TOP_DISPLAY_CUTOUT, mFrame=[0,0][1440,100], mVisible=true, mInsetsRoundedCornerFrame=false}, InsetsSource: {mType=ITYPE_RIGHT_DISPLAY_CUTOUT, mFrame=[100000,0][1440,3088], mVisible=true, mInsetsRoundedCornerFrame=false}, InsetsSource: {mType=ITYPE_BOTTOM_DISPLAY_CUTOUT, mFrame=[0,100000][1440,3088], mVisible=true, mInsetsRoundedCornerFrame=false}, InsetsSource: {mType=ITYPE_TOP_TAPPABLE_ELEMENT, mFrame=[0,0][1440,100], mVisible=true, mInsetsRoundedCornerFrame=false}, InsetsSource: {mType=ITYPE_BOTTOM_TAPPABLE_ELEMENT, mFrame=[0,2920][1440,3088], mVisible=true, mInsetsRoundedCornerFrame=false} } host=Splash Screen com.example.dogglers from=android.view.ViewRootImpl.setView:1732
05-18 00:47:13.041  3085  3207 I ViewRootImpl@1100f55[dogglers]: setView = android.widget.FrameLayout@20f4bd1 TM=true
05-18 00:47:13.041  3085  3207 I ViewRootImpl@1100f55[dogglers]: performTraversals params={(0,0)(fillxfill) sim={adjust=pan} ty=APPLICATION_STARTING fmt=TRANSLUCENT wanim=0x1030001
05-18 00:47:13.041  3085  3207 I ViewRootImpl@1100f55[dogglers]:   fl=81030118
05-18 00:47:13.041  3085  3207 I ViewRootImpl@1100f55[dogglers]:   pfl=16000010
05-18 00:47:13.041  3085  3207 I ViewRootImpl@1100f55[dogglers]:   bhv=DEFAULT
05-18 00:47:13.041  3085  3207 I ViewRootImpl@1100f55[dogglers]:   fitSides= naviIconColor=0}
05-18 00:47:13.042  3085  3207 I ViewRootImpl@1100f55[dogglers]: performTraversals mFirst=true windowShouldResize=true viewVisibilityChanged=false mForceNextWindowRelayout=false params={(0,0)(fillxfill) sim={adjust=pan} ty=APPLICATION_STARTING fmt=TRANSLUCENT wanim=0x1030001
05-18 00:47:13.042  3085  3207 I ViewRootImpl@1100f55[dogglers]:   fl=81030118
05-18 00:47:13.042  3085  3207 I ViewRootImpl@1100f55[dogglers]:   pfl=16000010
05-18 00:47:13.042  3085  3207 I ViewRootImpl@1100f55[dogglers]:   bhv=DEFAULT
05-18 00:47:13.042  3085  3207 I ViewRootImpl@1100f55[dogglers]:   fitSides= naviIconColor=0}
05-18 00:47:13.042  2315  5728 V WindowManager: Relayout Window{d44d669 u0 Splash Screen com.example.dogglers}: viewVisibility=0 req=1440x3088 d0
05-18 00:47:13.042  1533  1680 I SurfaceFlinger: id=113288 createSurf, flag=40004, Splash Screen com.example.dogglers$_3085#113288
05-18 00:47:13.043  3588  6899 I IntelligentPlatformManagerImpl: unsubscribeWidgetFocus() id : 85
05-18 00:47:13.044  2315  5728 V WindowManager: Relayout hash=d44d669, pid=3085, syncId=-1: mAttrs={(0,0)(fillxfill) sim={adjust=pan} ty=APPLICATION_STARTING fmt=TRANSLUCENT wanim=0x1030001
05-18 00:47:13.044  2315  5728 V WindowManager:   fl=81030118
05-18 00:47:13.044  2315  5728 V WindowManager:   pfl=16000010
05-18 00:47:13.044  2315  5728 V WindowManager:   bhv=DEFAULT
05-18 00:47:13.044  2315  5728 V WindowManager:   fitSides= naviIconColor=0}
05-18 00:47:13.044  3085  3207 I ViewRootImpl@1100f55[dogglers]: updateBlastSurfaceIfNeeded mBlastBufferQueue=null isSameSurfaceControl=false
05-18 00:47:13.044  3085  3207 I BLASTBufferQueue: new BLASTBufferQueue, mName= ViewRootImpl@1100f55[dogglers] mNativeObject= 0xb4000073b7482f90 sc.mNativeObject= 0xb4000073472eb230 caller= android.view.ViewRootImpl.updateBlastSurfaceIfNeeded:2909 android.view.ViewRootImpl.relayoutWindow:9847 android.view.ViewRootImpl.performTraversals:3884 android.view.ViewRootImpl.doTraversal:3116 android.view.ViewRootImpl$TraversalRunnable.run:10885 android.view.Choreographer$CallbackRecord.run:1301 android.view.Choreographer$CallbackRecord.run:1309 android.view.Choreographer.doCallbacks:923 android.view.Choreographer.doFrame:852 android.view.Choreographer$FrameDisplayEventReceiver.run:1283
05-18 00:47:13.045  3085  3207 I BLASTBufferQueue: update, w= 1440 h= 3088 mName = ViewRootImpl@1100f55[dogglers] mNativeObject= 0xb4000073b7482f90 sc.mNativeObject= 0xb4000073472eb230 format= -3 caller= android.graphics.BLASTBufferQueue.<init>:84 android.view.ViewRootImpl.updateBlastSurfaceIfNeeded:2909 android.view.ViewRootImpl.relayoutWindow:9847 android.view.ViewRootImpl.performTraversals:3884 android.view.ViewRootImpl.doTraversal:3116 android.view.ViewRootImpl$TraversalRunnable.run:10885
05-18 00:47:13.045  3085  3207 I ViewRootImpl@1100f55[dogglers]: Relayout returned: old=(0,0,1440,3088) new=(0,0,1440,3088) req=(1440,3088)0 dur=2 res=0x3 s={true 0xb4000074475d1eb0} ch=true seqId=0
05-18 00:47:13.045  3085  3207 I ViewRootImpl@1100f55[dogglers]: mThreadedRenderer.initialize() mSurface={isValid=true 0xb4000074475d1eb0} hwInitialized=true
05-18 00:47:13.045  3085  3222 D OpenGLRenderer: eglCreateWindowSurface
05-18 00:47:13.048  2315  5714 D InputDispatcher: Focused application(0): ActivityRecord{81f1231 u0 com.example.dogglers/androidx.test.core.app.InstrumentationActivityInvoker$BootstrapActivity} t1009}
05-18 00:47:13.052  3588  3588 I TopTaskTracker: onTaskMovedToFront : taskId = 1009
05-18 00:47:13.052  3085  3207 I ViewRootImpl@1100f55[dogglers]: reportNextDraw android.view.ViewRootImpl.performTraversals:4438 android.view.ViewRootImpl.doTraversal:3116 android.view.ViewRootImpl$TraversalRunnable.run:10885 android.view.Choreographer$CallbackRecord.run:1301 android.view.Choreographer$CallbackRecord.run:1309
05-18 00:47:13.052  3085  3207 I ViewRootImpl@1100f55[dogglers]: Setup new sync id=0
05-18 00:47:13.052  3085  3207 I ViewRootImpl@1100f55[dogglers]: Setting syncFrameCallback
05-18 00:47:13.052  3085  3207 I ViewRootImpl@1100f55[dogglers]: registerCallbacksForSync syncBuffer=false
05-18 00:47:13.052  1533  1533 I SurfaceFlinger: [41ea68a com.sec.android.app.launcher/com.sec.android.app.launcher.activities.LauncherActivity#104] FrameRatePriority: -1
05-18 00:47:13.053  3085  3257 I ViewRootImpl@1100f55[dogglers]: Received frameDrawingCallback syncResult=0 frameNum=1.
05-18 00:47:13.053  3085  3257 I ViewRootImpl@1100f55[dogglers]: Setting up sync and frameCommitCallback
05-18 00:47:13.053  3085  3222 I BLASTBufferQueue: [ViewRootImpl@1100f55[dogglers]#4483](f:0,a:0) onFrameAvailable the first frame is available
05-18 00:47:13.053  3085  3222 I ViewRootImpl@1100f55[dogglers]: Received frameCommittedCallback lastAttemptedDrawFrameNum=1 didProduceBuffer=true
05-18 00:47:13.056 19748 19748 D LifecycleMonitor: Lifecycle status change: androidx.test.core.app.InstrumentationActivityInvoker$BootstrapActivity@a5bcacb in: PRE_ON_CREATE
05-18 00:47:13.056 19748 19748 V ActivityScenario: Activity lifecycle changed event received but ignored because the intent does not match. startActivityIntent=Intent { act=android.intent.action.MAIN cat=[android.intent.category.LAUNCHER] cmp=com.example.dogglers/.GridListActivity }, activity.getIntent()=Intent { act=android.intent.action.MAIN cat=[android.intent.category.LAUNCHER] flg=0x10008000 cmp=com.example.dogglers/androidx.test.core.app.InstrumentationActivityInvoker$BootstrapActivity (has extras) }, activity=androidx.test.core.app.InstrumentationActivityInvoker$BootstrapActivity@a5bcacb
05-18 00:47:13.059  3085  3222 D OpenGLRenderer: CFMS:: SetUp Pid : 3085    Tid : 3222
05-18 00:47:13.059  2315  2435 I SemPersonaManager: SecureFolder personaId = 150
05-18 00:47:13.059 19748 19748 I DecorView: [INFO] isPopOver=false config=true
05-18 00:47:13.059 19748 19748 I DecorView: updateCaptionType: isFloating=false isApplication=true hasWindowDecorCaption=false this=DecorView@7f69d66[]
05-18 00:47:13.059  5668  5704 I [AirCmd]_ActivitySwitchDetector: onTaskFocusChanged : taskId 1009
05-18 00:47:13.059 19748 19748 D DecorView: setCaptionType = 0, this = DecorView@7f69d66[]
05-18 00:47:13.059  3085  3222 W Parcel  : Expecting binder but got null!
05-18 00:47:13.060 21274 21363 I Rubin   : [5971] t9.a.c(SourceFile:1) : Notify com.samsung.android.rubin.inferenceengine.contextanalytics.engine.loggers.d's database is updated.
05-18 00:47:13.060  5668  5704 I [AirCmd]_ActivitySwitchDetector: onTaskFocusChanged : componentName - ComponentInfo{com.example.dogglers/androidx.test.core.app.InstrumentationActivityInvoker$BootstrapActivity}
05-18 00:47:13.060  5668  5704 I [AirCmd]_ActivitySwitchDetector: onTaskFocusChanged : mTopMostActivity - ComponentInfo{com.sec.android.app.launcher/com.android.launcher3.uioverrides.QuickstepLauncher}
05-18 00:47:13.060 19748 19748 I DecorView: getCurrentDensityDpi: from real metrics. densityDpi=560 msg=resources_loaded
05-18 00:47:13.060 19748 19748 I DecorView: setWindowBackground: isPopOver=false color=ff010101 d=android.graphics.drawable.StateListDrawable@ada48a7
05-18 00:47:13.060 19748 19748 D LifecycleMonitor: Lifecycle status change: androidx.test.core.app.InstrumentationActivityInvoker$BootstrapActivity@a5bcacb in: CREATED
05-18 00:47:13.060  3085  3207 I ViewRootImpl@1100f55[dogglers]: onSyncComplete
05-18 00:47:13.061 19748 19748 V ActivityScenario: Activity lifecycle changed event received but ignored because the intent does not match. startActivityIntent=Intent { act=android.intent.action.MAIN cat=[android.intent.category.LAUNCHER] cmp=com.example.dogglers/.GridListActivity }, activity.getIntent()=Intent { act=android.intent.action.MAIN cat=[android.intent.category.LAUNCHER] flg=0x10008000 cmp=com.example.dogglers/androidx.test.core.app.InstrumentationActivityInvoker$BootstrapActivity (has extras) }, activity=androidx.test.core.app.InstrumentationActivityInvoker$BootstrapActivity@a5bcacb
05-18 00:47:13.061  3085  3207 I ViewRootImpl@1100f55[dogglers]: setupSync seqId=0 mSyncId=0 fn=1 caller=android.view.ViewRootImpl$$ExternalSyntheticLambda11.accept:6 android.window.SurfaceSyncer.lambda$setupSync$1$android-window-SurfaceSyncer:128 android.window.SurfaceSyncer$$ExternalSyntheticLambda1.accept:8 android.window.SurfaceSyncer$SyncSet.checkIfSyncIsComplete:382 android.window.SurfaceSyncer$SyncSet.markSyncReady:359 android.window.SurfaceSyncer.markSyncReady:151 android.view.ViewRootImpl.performTraversals:4503
05-18 00:47:13.061  2315  6291 D InputDispatcher: Focus request (0): <null> but waiting because NOT_FOCUSABLE
05-18 00:47:13.061  3085  3207 I ViewRootImpl@1100f55[dogglers]: reportDrawFinished seqId=0 mSyncId=-1 fn=1 mSurfaceChangedTransaction=0xb400007377710290
05-18 00:47:13.061  2315  6291 D InputDispatcher: Focus left window (0): 41ea68a com.sec.android.app.launcher/com.sec.android.app.launcher.activities.LauncherActivity
05-18 00:47:13.061 19748 19748 D LifecycleMonitor: Lifecycle status change: androidx.test.core.app.InstrumentationActivityInvoker$BootstrapActivity@a5bcacb in: STARTED
05-18 00:47:13.061 19748 19748 V ActivityScenario: Activity lifecycle changed event received but ignored because the intent does not match. startActivityIntent=Intent { act=android.intent.action.MAIN cat=[android.intent.category.LAUNCHER] cmp=com.example.dogglers/.GridListActivity }, activity.getIntent()=Intent { act=android.intent.action.MAIN cat=[android.intent.category.LAUNCHER] flg=0x10008000 cmp=com.example.dogglers/androidx.test.core.app.InstrumentationActivityInvoker$BootstrapActivity (has extras) }, activity=androidx.test.core.app.InstrumentationActivityInvoker$BootstrapActivity@a5bcacb
05-18 00:47:13.061  5668  5704 I [AirCmd]_CallbackRepeater: stopRepeat : isWorking=false
05-18 00:47:13.061  5668  5704 I [AirCmd]_MediaControlStateMonitor: isForegroundAppSupportsMediaButton : mediaSession is empty
05-18 00:47:13.062  3588  3588 I ViewRootImpl@c60680d[LauncherActivity]: MSG_WINDOW_FOCUS_CHANGED 0 0
05-18 00:47:13.062  3588  3588 I BaseActivity: removeActivityFlags, flags : 8
05-18 00:47:13.062  5668  5704 I [AirCmd]_MediaControlStateMonitor: active Notification List is null
05-18 00:47:13.062  5668  5704 I [AirCmd]_RemoteSpenMainController: hasGeneralAction : packageName is com.example.dogglers, activityName is androidx.test.core.app.InstrumentationActivityInvoker$BootstrapActivity, hasActions is false
05-18 00:47:13.062  5668  5704 I [AirCmd]_CameraAvailabilityMonitor: isCameraPreviewOn : mIsCameraPreviewOn is false
05-18 00:47:13.064  1533  1680 I SurfaceFlinger: id=113289 createSurf, flag=24000, Surface(name=Task=1)/@0x889ba84 - animation-leash of app_transition#113289
05-18 00:47:13.065  1533  1680 I SurfaceFlinger: id=113290 createSurf, flag=24004, Surface(name=Task=1009)/@0xddb9c7f - animation-leash of app_transition#113290
05-18 00:47:13.066  2315  2435 D EnterpriseDeviceManagerService: isMdmAdminPresentInternal() : MDM Admin Found - com.samsung.knox.securefolder
05-18 00:47:13.067  1533  1680 I SurfaceFlinger: id=113291 createSurf, flag=80000, 9d5ced8 ActivityRecordInputSink com.example.dogglers/androidx.test.core.app.InstrumentationActivityInvoker$BootstrapActivity#113291
05-18 00:47:13.068  2315  2958 V SemCellularStateManager: notifyCellularStateChanged : sendCommandUpdateCellularCapabilities called
05-18 00:47:13.069  2315  2958 D SemSupplicantStaIfaceHalHidlImpl: updateCellularCapabilities called
05-18 00:47:13.069  3588  3588 I BadgeRenderer: Invalid count : 0
05-18 00:47:13.069  3588  3588 I BadgeRenderer: Invalid count : 0
05-18 00:47:13.069  3588  3588 I BadgeRenderer: Invalid count : 0
05-18 00:47:13.070  3085  3163 D Bubbles : onLocusVisibilityChanged: LocusId[17_chars] visible=false
05-18 00:47:13.070  3085  3339 D MobileStatusTracker(0/1): onSignalStrengthsChanged level=2, vendorLevel=3
05-18 00:47:13.071  1533  3008 I SurfaceFlinger: id=113292 createSurf, flag=80004, ActivityRecord{90d7d11 u0 com.example.dogglers/.GridListActivity} t1009}#113292
05-18 00:47:13.071  4393  4489 I EPDG -- SIM0 [SMARTCELLULAR]: onSignalStrengthsChanged: SignalStrength:{mCdma=Invalid,mGsm=Invalid,mWcdma=Invalid,mTdscdma=Invalid,mLte=CellSignalStrengthLte: rssi=-73 rsrp=-101 rsrq=-8 rssnr=15 cqiTableIndex=2147483647 cqi=2147483647 ta=2147483647 level=2 parametersUseForLevel=0,mNr=Invalid,SignalBarInfo{ lteLevel=3 },rat=14,primary=CellSignalStrengthLte}
05-18 00:47:13.071  3085  3339 D MobileDataIconResource: adjustNetworkTypeForVZW networkType=13, voiceNetworkType=13 callingState=false hasVolteCall=false
05-18 00:47:13.071  4393  4595 I EPDG -- SIM0 [SMARTCELLULAR]: lastLteRSRP is -106 currentLteRSRP is -101 lastLteRSRQ is -8 currentLteRSRQ is -8 lastLteSNR is 12 currentLteSNR is 15
05-18 00:47:13.072  3085  3339 D MobileSignalController(0/1): notifyListener: enabled=true, connected=true, dataConnected=false, networkType=LTE (4G_VZW), emergencyOnly=false, roaming=false, isDefault=false, dataActivity=, level=3, ca=false, mmWave=false, disabledDataIcon=false, simCard=VZW
05-18 00:47:13.072  3085  3339 D NetworkController: SignalStrength from intent slotId=0
05-18 00:47:13.073  1533  3008 I SurfaceFlinger: id=113293 createSurf, flag=80000, fe19938 ActivityRecordInputSink com.example.dogglers/.GridListActivity#113293
05-18 00:47:13.074  3085  4218 I ViewRootImpl@1100f55[dogglers]: Resizing android.view.ViewRootImpl@e432636: frame = [0,0][1440,3088] reportDraw = false forceLayout = false syncSeqId = 0
05-18 00:47:13.074 19748 19748 D LifecycleMonitor: Lifecycle status change: androidx.test.core.app.InstrumentationActivityInvoker$BootstrapActivity@a5bcacb in: RESUMED
05-18 00:47:13.074  4633  4633 E pageboostd: Received HALT command code 2
05-18 00:47:13.074  5668  5704 I [AirCmd]_CameraAvailabilityMonitor: isCameraPreviewOn : mIsCameraPreviewOn is false
05-18 00:47:13.074 19748 19748 V ActivityScenario: Activity lifecycle changed event received but ignored because the intent does not match. startActivityIntent=Intent { act=android.intent.action.MAIN cat=[android.intent.category.LAUNCHER] cmp=com.example.dogglers/.GridListActivity }, activity.getIntent()=Intent { act=android.intent.action.MAIN cat=[android.intent.category.LAUNCHER] flg=0x10008000 cmp=com.example.dogglers/androidx.test.core.app.InstrumentationActivityInvoker$BootstrapActivity (has extras) }, activity=androidx.test.core.app.InstrumentationActivityInvoker$BootstrapActivity@a5bcacb
05-18 00:47:13.075  5668  5704 I [AirCmd]_MediaControlStateMonitor: isForegroundAppSupportsMediaButton : mediaSession is empty
05-18 00:47:13.075 19748 19748 D LifecycleMonitor: Lifecycle status change: androidx.test.core.app.InstrumentationActivityInvoker$BootstrapActivity@a5bcacb in: PAUSED
05-18 00:47:13.075 19748 19748 V ActivityScenario: Activity lifecycle changed event received but ignored because the intent does not match. startActivityIntent=Intent { act=android.intent.action.MAIN cat=[android.intent.category.LAUNCHER] cmp=com.example.dogglers/.GridListActivity }, activity.getIntent()=Intent { act=android.intent.action.MAIN cat=[android.intent.category.LAUNCHER] flg=0x10008000 cmp=com.example.dogglers/androidx.test.core.app.InstrumentationActivityInvoker$BootstrapActivity (has extras) }, activity=androidx.test.core.app.InstrumentationActivityInvoker$BootstrapActivity@a5bcacb
05-18 00:47:13.075  5668  5704 I [AirCmd]_MediaControlStateMonitor: active Notification List is null
05-18 00:47:13.075  3085  3207 D InsetsController: onStateChanged: InsetsState: {mDisplayFrame=Rect(0, 0 - 1440, 3088), mDisplayCutout=DisplayCutout{insets=Rect(0, 100 - 0, 0) waterfall=Insets{left=0, top=0, right=0, bottom=0} boundingRect={Bounds=[Rect(0, 0 - 0, 0), Rect(683, 0 - 758, 100), Rect(0, 0 - 0, 0), Rect(0, 0 - 0, 0)]} cutoutPathParserInfo={CutoutPathParserInfo{displayWidth=1440 displayHeight=3088 physicalDisplayWidth=1440 physicalDisplayHeight=3088 density={3.75} cutoutSpec={M 0,0 H -10 V 26.66666666666667 H 10 V 0 H 0 Z @dp} rotation={0} scale={1.0} physicalPixelDisplaySizeRatio={1.0}}}}, mRoundedCorners=RoundedCorners{[RoundedCorner{position=TopLeft, radius=14, center=Point(14, 14)}, RoundedCorner{position=TopRight, radius=14, center=Point(1426, 14)}, RoundedCorner{position=BottomRight, radius=14, center=Point(1426, 3074)}, RoundedCorner{position=BottomLeft, radius=14, center=Point(14, 3074)}]}  mRoundedCornerFrame=Rect(0, 0 - 1440, 3088), mPrivacyIndicatorBounds=PrivacyIndicatorBounds {static bounds=Rect(1286, 0 - 1440, 100) rotation=0}, mSources= { InsetsSource: {mType=ITYPE_STATUS_BAR, mFrame=[0,0][1440,100], mVisible=true, mInsetsRoundedCornerFrame=false}, InsetsSource: {mType=ITYPE_NAVIGATION_BAR, mFrame=[0,2920][1440,3088], mVisible=true, mInsetsRoundedCornerFrame=false}, InsetsSource: {mType=ITYPE_LEFT_GESTURES, mFrame=[0,0][0,3088], mVisible=true, mInsetsRoundedCornerFrame=false}, InsetsSource: {mType=ITYPE_RIGHT_GESTURES, mFrame=[1440,0][1440,3088], mVisible=true, mInsetsRoundedCornerFrame=false}, InsetsSource: {mType=ITYPE_TOP_MANDATORY_GESTURES, mFrame=[0,0][1440,142], mVisible=true, mInsetsRoundedCornerFrame=false}, InsetsSource: {mType=ITYPE_BOTTOM_MANDATORY_GESTURES, mFrame=[0,2920][1440,3088], mVisible=true, mInsetsRoundedCornerFrame=false}, InsetsSource: {mType=ITYPE_LEFT_DISPLAY_CUTOUT, mFrame=[0,0][-100000,3088], mVisible=true, mInsetsRoundedCornerFrame=false}, InsetsSource: {mType=ITYPE_TOP_DISPLAY_CUTOUT, mFrame=[0,0][1440,100], mVisible=true, mInsetsRoundedCornerFrame=false}, InsetsSource: {mType=ITYPE_RIGHT_DISPLAY_CUTOUT, mFrame=[100000,0][1440,3088], mVisible=true, mInsetsRoundedCornerFrame=false}, InsetsSource: {mType=ITYPE_BOTTOM_DISPLAY_CUTOUT, mFrame=[0,100000][1440,3088], mVisible=true, mInsetsRoundedCornerFrame=false}, InsetsSource: {mType=ITYPE_TOP_TAPPABLE_ELEMENT, mFrame=[0,0][1440,100], mVisible=true, mInsetsRoundedCornerFrame=false}, InsetsSource: {mType=ITYPE_BOTTOM_TAPPABLE_ELEMENT, mFrame=[0,2920][1440,3088], mVisible=true, mInsetsRoundedCornerFrame=false}, InsetsSource: {mType=ITYPE_IME, mFrame=[0,0][0,0], mVisibleFrame=[0,1766][1440,3088], mVisible=false, mInsetsRoundedCornerFrame=false} } host=Splash Screen com.example.dogglers from=android.view.ViewRootImpl$ViewRootHandler.handleMessageImpl:6727
05-18 00:47:13.075  5668  5704 I [AirCmd]_PenActionRule: getAction : get default action data from remote action because pen action data is null.
05-18 00:47:13.075  5668  5704 I [AirCmd]_ButtonActionDetector: enableDoubleClickDetection: enabled=true, doubleClickWaitInterval=300
05-18 00:47:13.075  5668  5704 I [AirCmd]_RemoteSpenMainController: onSwitch : package is com.example.dogglers   and activity is androidx.test.core.app.InstrumentationActivityInvoker$BootstrapActivity and isBleConnected is false and hasActions is false
05-18 00:47:13.075  3085  3207 I ViewRootImpl@1100f55[dogglers]: handleResized, msg = 4 frames=ClientWindowFrames{frame=[0,0][1440,3088] display=[0,0][1440,3088] parentFrame=[0,0][0,0] parentClippedByDisplayCutout=false} forceNextWindowRelayout=false displayId=0 resizeMode=-1 frameChanged=false displayFrameChanged=false configChanged=false displayChanged=false
05-18 00:47:13.077  1533  1533 I Layer   : Layer [Splash Screen com.example.dogglers$_3085#113288] hidden!! flag(0)
05-18 00:47:13.078  2315  5714 D InputDispatcher: Focused application(0): ActivityRecord{90d7d11 u0 com.example.dogglers/.GridListActivity} t1009}
05-18 00:47:13.081  2315  4570 I MediaSessionMonitor: Media session stopped : controllerList empty
05-18 00:47:13.082 19748 19748 D LifecycleMonitor: Lifecycle status change: com.example.dogglers.GridListActivity@2c826ec in: PRE_ON_CREATE
05-18 00:47:13.082 19748 19748 V ActivityScenario: Activity lifecycle changed event received but ignored because the reported transition was not ON_CREATE while the last known transition was PRE_ON_CREATE
05-18 00:47:13.085 19748 19748 I DecorView: [INFO] isPopOver=false config=true
05-18 00:47:13.085 19748 19748 I DecorView: updateCaptionType: isFloating=false isApplication=true hasWindowDecorCaption=false this=DecorView@211f3a2[]
05-18 00:47:13.085 19748 19748 D DecorView: setCaptionType = 0, this = DecorView@211f3a2[]
05-18 00:47:13.086 19748 19748 I DecorView: getCurrentDensityDpi: from real metrics. densityDpi=560 msg=resources_loaded
05-18 00:47:13.086 19748 19748 I DecorView: setWindowBackground: isPopOver=false color=ff121212 d=android.graphics.drawable.ColorDrawable@a4c77f0
05-18 00:47:13.087  1533  1533 D SurfaceFlinger: Display 4630947232161729154 HWC layers:
05-18 00:47:13.087  1533  1533 D SurfaceFlinger:      DEVICE | 0xb400006f7023ac30 | 0100 | RGBx_8888    |  670.0    0.0 2110.0 3088.0 |    0    0 1440 3088 | Wallpaper BBQ wrapper#79
05-18 00:47:13.087  1533  1533 D SurfaceFlinger:      DEVICE | 0xb400006f70237d80 | 0100 | RGBA_8888    |    0.0    0.0 1440.0 3088.0 |    0    0 1440 3088 | com.sec.android.app.launcher/com.sec[...]vities.LauncherActivity$_3588#113275
05-18 00:47:13.087  1533  1533 D SurfaceFlinger:      DEVICE | 0xb400006f70242250 | 0100 | RGBA_8888    |    0.0    0.0 1440.0 3088.0 |  104  224 1336 2864 | Splash Screen com.example.dogglers$_3085#113288
05-18 00:47:13.087  1533  1533 D SurfaceFlinger:      DEVICE | 0xb400006f70233df0 | 0100 | RGBA_8888    |    0.0    0.0 1440.0  100.0 |    0    0 1440  100 | StatusBar$_3085#85
05-18 00:47:13.087  1533  1533 D SurfaceFlinger:      DEVICE | 0xb400006f7022a220 | 0100 | RGBA_8888    |    0.0    0.0   67.0  456.0 | 1373  584 1440 1040 | com.samsung.android.app.cocktailbars[...]vice.CocktailBarService$_5964#112833
05-18 00:47:13.087  1533  1533 D SurfaceFlinger:      DEVICE | 0xb400006f70241ef0 | 0100 | RGBA_8888    |    0.0    0.0 1440.0  168.0 |    0 2920 1440 3088 | NavigationBar0$_3085#80
05-18 00:47:13.087  1533  1533 D SurfaceFlinger:
05-18 00:47:13.089  2315  2435 I SemPersonaManager: SecureFolder personaId = 150
05-18 00:47:13.089 19748 19748 D LifecycleMonitor: Lifecycle status change: com.example.dogglers.GridListActivity@2c826ec in: CREATED
05-18 00:47:13.090 19748 19748 V ActivityScenario: Update currentActivityStage to CREATED, currentActivity=com.example.dogglers.GridListActivity@2c826ec
05-18 00:47:13.090 19748 19748 D LifecycleMonitor: Lifecycle status change: com.example.dogglers.GridListActivity@2c826ec in: STARTED
05-18 00:47:13.090 19748 19748 V ActivityScenario: Update currentActivityStage to STARTED, currentActivity=com.example.dogglers.GridListActivity@2c826ec
05-18 00:47:13.091 19748 19748 D LifecycleMonitor: Lifecycle status change: com.example.dogglers.GridListActivity@2c826ec in: RESUMED
05-18 00:47:13.091 19748 19748 V ActivityScenario: Update currentActivityStage to RESUMED, currentActivity=com.example.dogglers.GridListActivity@2c826ec
05-18 00:47:13.091 19748 19748 I MSHandlerLifeCycle: check: return. pkg=com.example.dogglers parent=null callers=com.android.internal.policy.DecorView.setVisibility:4416 android.app.ActivityThread.handleResumeActivity:5476 android.app.servertransaction.ResumeActivityItem.execute:54 android.app.servertransaction.ActivityTransactionItem.execute:45 android.app.servertransaction.TransactionExecutor.executeLifecycleState:176
05-18 00:47:13.091 19748 19748 I MSHandlerLifeCycle: removeMultiSplitHandler: no exist. decor=DecorView@211f3a2[]
05-18 00:47:13.092  5964  5964 I ActivityUtils: HomePackage : com.sec.android.app.launcher, resumePackageName : com.example.dogglers
05-18 00:47:13.093 19748 19789 D NativeCustomFrequencyManager: [NativeCFMS] BpCustomFrequencyManager::BpCustomFrequencyManager()
05-18 00:47:13.094  2315  2435 D EnterpriseDeviceManagerService: isMdmAdminPresentInternal() : MDM Admin Found - com.samsung.knox.securefolder
05-18 00:47:13.094  2315  5873 D InputTransport: Input channel constructed: 'a6e7b14', fd=1108
05-18 00:47:13.094  2315  5873 D InputTransport: Input channel constructed: 'a6e7b14', fd=1117
05-18 00:47:13.094  2315  5873 D InputTransport: Input channel constructed: 'a6e7b14', fd=1119
05-18 00:47:13.095  1533  1680 I SurfaceFlinger: id=113294 createSurf, flag=80004, a6e7b14 com.example.dogglers/com.example.dogglers.GridListActivity#113294
05-18 00:47:13.095  2315  5873 D InputTransport: Input channel destroyed: 'a6e7b14', fd=1119
05-18 00:47:13.096 19748 19748 D InsetsController: onStateChanged: InsetsState: {mDisplayFrame=Rect(0, 0 - 1440, 3088), mDisplayCutout=DisplayCutout{insets=Rect(0, 100 - 0, 0) waterfall=Insets{left=0, top=0, right=0, bottom=0} boundingRect={Bounds=[Rect(0, 0 - 0, 0), Rect(683, 0 - 758, 100), Rect(0, 0 - 0, 0), Rect(0, 0 - 0, 0)]} cutoutPathParserInfo={CutoutPathParserInfo{displayWidth=1440 displayHeight=3088 physicalDisplayWidth=1440 physicalDisplayHeight=3088 density={3.75} cutoutSpec={M 0,0 H -10 V 26.66666666666667 H 10 V 0 H 0 Z @dp} rotation={0} scale={1.0} physicalPixelDisplaySizeRatio={1.0}}}}, mRoundedCorners=RoundedCorners{[RoundedCorner{position=TopLeft, radius=14, center=Point(14, 14)}, RoundedCorner{position=TopRight, radius=14, center=Point(1426, 14)}, RoundedCorner{position=BottomRight, radius=14, center=Point(1426, 3074)}, RoundedCorner{position=BottomLeft, radius=14, center=Point(14, 3074)}]}  mRoundedCornerFrame=Rect(0, 0 - 1440, 3088), mPrivacyIndicatorBounds=PrivacyIndicatorBounds {static bounds=Rect(1286, 0 - 1440, 100) rotation=0}, mSources= { InsetsSource: {mType=ITYPE_STATUS_BAR, mFrame=[0,0][1440,100], mVisible=true, mInsetsRoundedCornerFrame=false}, InsetsSource: {mType=ITYPE_NAVIGATION_BAR, mFrame=[0,2920][1440,3088], mVisible=true, mInsetsRoundedCornerFrame=false}, InsetsSource: {mType=ITYPE_LEFT_GESTURES, mFrame=[0,0][0,3088], mVisible=true, mInsetsRoundedCornerFrame=false}, InsetsSource: {mType=ITYPE_RIGHT_GESTURES, mFrame=[1440,0][1440,3088], mVisible=true, mInsetsRoundedCornerFrame=false}, InsetsSource: {mType=ITYPE_TOP_MANDATORY_GESTURES, mFrame=[0,0][1440,142], mVisible=true, mInsetsRoundedCornerFrame=false}, InsetsSource: {mType=ITYPE_BOTTOM_MANDATORY_GESTURES, mFrame=[0,2920][1440,3088], mVisible=true, mInsetsRoundedCornerFrame=false}, InsetsSource: {mType=ITYPE_LEFT_DISPLAY_CUTOUT, mFrame=[0,0][-100000,3088], mVisible=true, mInsetsRoundedCornerFrame=false}, InsetsSource: {mType=ITYPE_TOP_DISPLAY_CUTOUT, mFrame=[0,0][1440,100], mVisible=true, mInsetsRoundedCornerFrame=false}, InsetsSource: {mType=ITYPE_RIGHT_DISPLAY_CUTOUT, mFrame=[100000,0][1440,3088], mVisible=true, mInsetsRoundedCornerFrame=false}, InsetsSource: {mType=ITYPE_BOTTOM_DISPLAY_CUTOUT, mFrame=[0,100000][1440,3088], mVisible=true, mInsetsRoundedCornerFrame=false}, InsetsSource: {mType=ITYPE_TOP_TAPPABLE_ELEMENT, mFrame=[0,0][1440,100], mVisible=true, mInsetsRoundedCornerFrame=false}, InsetsSource: {mType=ITYPE_BOTTOM_TAPPABLE_ELEMENT, mFrame=[0,2920][1440,3088], mVisible=true, mInsetsRoundedCornerFrame=false}, InsetsSource: {mType=ITYPE_IME, mFrame=[0,0][0,0], mVisibleFrame=[0,1766][1440,3088], mVisible=false, mInsetsRoundedCornerFrame=false} } host=com.example.dogglers/com.example.dogglers.GridListActivity from=android.view.ViewRootImpl.setView:1732
05-18 00:47:13.096  2315  4570 I MediaSessionMonitor: Media session stopped : controllerList empty
05-18 00:47:13.097 19748 19748 I ViewRootImpl@c17a423[GridListActivity]: setView = com.android.internal.policy.DecorView@211f3a2 TM=true
05-18 00:47:13.098 19748 19748 I MSHandlerLifeCycle: removeMultiSplitHandler: no exist. decor=DecorView@211f3a2[GridListActivity]
05-18 00:47:13.098  2315  2481 D AnalyticsContainerHandler: handleMessage : { when=0 what=1 target=com.android.server.knox.KnoxAnalyticsContainer$AnalyticsHandler }
05-18 00:47:13.099  5964  5964 I ActivityUtils: HomePackage : com.sec.android.app.launcher, resumePackageName : com.example.dogglers
05-18 00:47:13.100 19748 19748 I ViewRootImpl@c17a423[GridListActivity]: performTraversals params={(0,0)(fillxfill) sim={adjust=resize forwardNavigation} ty=BASE_APPLICATION wanim=0x1030309
05-18 00:47:13.100 19748 19748 I ViewRootImpl@c17a423[GridListActivity]:   fl=81810100
05-18 00:47:13.100 19748 19748 I ViewRootImpl@c17a423[GridListActivity]:   pfl=12020040
05-18 00:47:13.100 19748 19748 I ViewRootImpl@c17a423[GridListActivity]:   bhv=DEFAULT
05-18 00:47:13.100 19748 19748 I ViewRootImpl@c17a423[GridListActivity]:   fitSides= naviIconColor=0}
05-18 00:47:13.101 19748 19748 I ViewRootImpl@c17a423[GridListActivity]: performTraversals mFirst=true windowShouldResize=true viewVisibilityChanged=false mForceNextWindowRelayout=false params={(0,0)(fillxfill) sim={adjust=resize forwardNavigation} ty=BASE_APPLICATION wanim=0x1030309
05-18 00:47:13.101 19748 19748 I ViewRootImpl@c17a423[GridListActivity]:   fl=81810100
05-18 00:47:13.101 19748 19748 I ViewRootImpl@c17a423[GridListActivity]:   pfl=12020040
05-18 00:47:13.101 19748 19748 I ViewRootImpl@c17a423[GridListActivity]:   bhv=DEFAULT
05-18 00:47:13.101 19748 19748 I ViewRootImpl@c17a423[GridListActivity]:   fitSides= naviIconColor=0}
05-18 00:47:13.101  2315  5873 V WindowManager: Relayout Window{a6e7b14 u0 com.example.dogglers/com.example.dogglers.GridListActivity}: viewVisibility=0 req=1440x3088 d0
05-18 00:47:13.101  1533  1680 I SurfaceFlinger: id=113295 createSurf, flag=40004, com.example.dogglers/com.example.dogglers.GridListActivity$_19748#113295
05-18 00:47:13.103  1533  3008 I SurfaceFlinger: id=113296 createSurf, flag=24000, Surface(name=a5e6516 StatusBar)/@0x266f9f6 - animation-leash of insets_animation#113296
05-18 00:47:13.104  1533  3008 I SurfaceFlinger: id=113297 createSurf, flag=24000, Surface(name=b1c69c9 NavigationBar0)/@0x6818acd - animation-leash of insets_animation#113297
05-18 00:47:13.105  2315  5873 V WindowManager: Relayout hash=a6e7b14, pid=19748, syncId=-1: mAttrs={(0,0)(fillxfill) sim={adjust=resize forwardNavigation} ty=BASE_APPLICATION wanim=0x1030309
05-18 00:47:13.105  2315  5873 V WindowManager:   fl=81810100
05-18 00:47:13.105  2315  5873 V WindowManager:   pfl=12020040
05-18 00:47:13.105  2315  5873 V WindowManager:   bhv=DEFAULT
05-18 00:47:13.105  2315  5873 V WindowManager:   fitSides= naviIconColor=0}
05-18 00:47:13.105  3588 26523 I TouchInteractionService: onSystemUiStateChanged, stateFlags : 131072 |allow_gesture|
05-18 00:47:13.105  3588  3588 I RecentsAnimationDeviceState: setSystemUiFlags, stateFlags : 131072
05-18 00:47:13.105  3588  3588 I TouchInteractionService: onSystemUiFlagsChanged, lastSysUIFlags : 0
05-18 00:47:13.106 19748 19748 I ViewRootImpl@c17a423[GridListActivity]: updateBlastSurfaceIfNeeded mBlastBufferQueue=null isSameSurfaceControl=false
05-18 00:47:13.106 19748 19748 I BLASTBufferQueue: new BLASTBufferQueue, mName= ViewRootImpl@c17a423[GridListActivity] mNativeObject= 0xb4000073b7277570 sc.mNativeObject= 0xb40000734727d5a0 caller= android.view.ViewRootImpl.updateBlastSurfaceIfNeeded:2909 android.view.ViewRootImpl.relayoutWindow:9847 android.view.ViewRootImpl.performTraversals:3884 android.view.ViewRootImpl.doTraversal:3116 android.view.ViewRootImpl$TraversalRunnable.run:10885 android.view.Choreographer$CallbackRecord.run:1301 android.view.Choreographer$CallbackRecord.run:1309 android.view.Choreographer.doCallbacks:923 android.view.Choreographer.doFrame:852 android.view.Choreographer$FrameDisplayEventReceiver.run:1283
05-18 00:47:13.106 19748 19748 I BLASTBufferQueue: update, w= 1440 h= 3088 mName = ViewRootImpl@c17a423[GridListActivity] mNativeObject= 0xb4000073b7277570 sc.mNativeObject= 0xb40000734727d5a0 format= -1 caller= android.graphics.BLASTBufferQueue.<init>:84 android.view.ViewRootImpl.updateBlastSurfaceIfNeeded:2909 android.view.ViewRootImpl.relayoutWindow:9847 android.view.ViewRootImpl.performTraversals:3884 android.view.ViewRootImpl.doTraversal:3116 android.view.ViewRootImpl$TraversalRunnable.run:10885
05-18 00:47:13.106 19748 19748 I ViewRootImpl@c17a423[GridListActivity]: Relayout returned: old=(0,0,1440,3088) new=(0,0,1440,3088) req=(1440,3088)0 dur=5 res=0x3 s={true 0xb40000744728b210} ch=true seqId=0
05-18 00:47:13.107 19748 19748 I ViewRootImpl@c17a423[GridListActivity]: mThreadedRenderer.initialize() mSurface={isValid=true 0xb40000744728b210} hwInitialized=true
05-18 00:47:13.107 19748 19789 D OpenGLRenderer: eglCreateWindowSurface
05-18 00:47:13.119  1533  1533 I Layer   : id=113276 removedFromDrawingState Surface(name=a5e6516 StatusBar)/@0x266f9f6 - animation-leash of insets_animation#113276 (124)
05-18 00:47:13.119  1533  1533 I Layer   : id=113277 removedFromDrawingState Surface(name=b1c69c9 NavigationBar0)/@0x6818acd - animation-leash of insets_animation#113277 (124)
05-18 00:47:13.119  1533  1533 I SurfaceFlinger: [a6e7b14 com.example.dogglers/com.example.dogglers.GridListActivity#113294] FrameRatePriority: 1
05-18 00:47:13.119  1533  1533 I SurfaceFlinger: id=113276 Removed Surface(name=a5e6516 StatusBar)/@0x266f9f6 - animation-leash of insets_animation#113276 (124)
05-18 00:47:13.119  1533  1533 I SurfaceFlinger: id=113277 Removed Surface(name=b1c69c9 NavigationBar0)/@0x6818acd - animation-leash of insets_animation#113277 (124)
05-18 00:47:13.119  1533  1533 I Layer   : id=113276 Destroyed Surface(name=a5e6516 StatusBar)/@0x266f9f6 - animation-leash of insets_animation#113276
05-18 00:47:13.119  1533  1533 I Layer   : id=113277 Destroyed Surface(name=b1c69c9 NavigationBar0)/@0x6818acd - animation-leash of insets_animation#113277
05-18 00:47:13.119  2315  3073 D InputDispatcher: Focus request (0): a6e7b14 com.example.dogglers/com.example.dogglers.GridListActivity but waiting because NOT_VISIBLE
05-18 00:47:13.130 19748 19748 I ViewRootImpl@c17a423[GridListActivity]: reportNextDraw android.view.ViewRootImpl.performTraversals:4438 android.view.ViewRootImpl.doTraversal:3116 android.view.ViewRootImpl$TraversalRunnable.run:10885 android.view.Choreographer$CallbackRecord.run:1301 android.view.Choreographer$CallbackRecord.run:1309
05-18 00:47:13.130 19748 19748 I ViewRootImpl@c17a423[GridListActivity]: Setup new sync id=0
05-18 00:47:13.130 19748 19748 I ViewRootImpl@c17a423[GridListActivity]: Setting syncFrameCallback
05-18 00:47:13.130 19748 19748 I ViewRootImpl@c17a423[GridListActivity]: registerCallbacksForSync syncBuffer=false
05-18 00:47:13.136 19748 19808 I ViewRootImpl@c17a423[GridListActivity]: Received frameDrawingCallback syncResult=0 frameNum=1.
05-18 00:47:13.136 19748 19808 I ViewRootImpl@c17a423[GridListActivity]: Setting up sync and frameCommitCallback
05-18 00:47:13.140 19748 19789 I BLASTBufferQueue: [ViewRootImpl@c17a423[GridListActivity]#9](f:0,a:0) onFrameAvailable the first frame is available
05-18 00:47:13.141 19748 19789 I ViewRootImpl@c17a423[GridListActivity]: Received frameCommittedCallback lastAttemptedDrawFrameNum=1 didProduceBuffer=true
05-18 00:47:13.141 19748 19789 D OpenGLRenderer: CFMS:: SetUp Pid : 19748    Tid : 19789
05-18 00:47:13.142 19748 19789 W Parcel  : Expecting binder but got null!
05-18 00:47:13.142 19748 19748 I ViewRootImpl@c17a423[GridListActivity]: onSyncComplete
05-18 00:47:13.142 19748 19748 I ViewRootImpl@c17a423[GridListActivity]: setupSync seqId=0 mSyncId=0 fn=1 caller=android.view.ViewRootImpl$$ExternalSyntheticLambda11.accept:6 android.window.SurfaceSyncer.lambda$setupSync$1$android-window-SurfaceSyncer:128 android.window.SurfaceSyncer$$ExternalSyntheticLambda1.accept:8 android.window.SurfaceSyncer$SyncSet.checkIfSyncIsComplete:382 android.window.SurfaceSyncer$SyncSet.markSyncReady:359 android.window.SurfaceSyncer.markSyncReady:151 android.view.ViewRootImpl.performTraversals:4503
05-18 00:47:13.142 19748 19748 I ViewRootImpl@c17a423[GridListActivity]: reportDrawFinished seqId=0 mSyncId=-1 fn=1 mSurfaceChangedTransaction=0xb400007377259630
05-18 00:47:13.146  2315  2432 W ziparchive: Unable to open '/data/app/~~t9JysnoALMJ2Y7O2VE-h-A==/com.example.dogglers-EZBbwEDSOuTOhfn12RJ3nw==/base.dm': No such file or directory
05-18 00:47:13.146  1533  3008 I SurfaceFlinger: id=113298 createSurf, flag=24000, Surface(name=a6e7b14 com.example.dogglers/com.example.dogglers.GridListActivity)/@0xbe1465f - animation-leash of starting_reveal#113298
05-18 00:47:13.146 19748 19748 D RootViewPicker: Root not ready - waiting: 10ms for one to appear.
05-18 00:47:13.147  2315  2432 I PkgPredictorService-SecIpmManagerServiceImpl: reportToNAP uid:10725 com.example.dogglers/com.example.dogglers.GridListActivity thisTime:120
05-18 00:47:13.148  2315  3567 I SemDvfsHyPerManager: acquire hyper - AMS_RESUME_TAIL/2315@23, type = -999
05-18 00:47:13.148  2315  3567 I SemDvfsHyPerManager: acquire hyper - AMS_ACT_LAZY/2315@24, type = -999
05-18 00:47:13.149  2315  2432 I ActivityTaskManager: Displayed com.example.dogglers/.GridListActivity: +120ms
05-18 00:47:13.149  1412  1438 I HYPER-HAL: [RequestManager.cpp]acquire(): Acquired ID : 2734314  [2315 / 23]    HINT : AMS_RESUME_TAIL    list :
05-18 00:47:13.150  4633  4633 E pageboostd: Received HALT command code 2
05-18 00:47:13.150  1412  1438 I HYPER-HAL: [RequestManager.cpp]acquire(): Acquired ID : 2736654  [2315 / 24]    HINT : AMS_ACT_LAZY    list :
05-18 00:47:13.151  1412  1438 I HYPER-HAL: [RequestManager.cpp]releaseLocked(): Released ID : 2738995
05-18 00:47:13.152  1533  1533 I Layer   : Layer [com.example.dogglers/com.example.dogglers.GridListActivity$_19748#113295] hidden!! flag(0)
05-18 00:47:13.153  2315  3073 D InputDispatcher: Focus entered window (0): a6e7b14 com.example.dogglers/com.example.dogglers.GridListActivity
05-18 00:47:13.154 19748 19748 I ViewRootImpl@c17a423[GridListActivity]: MSG_WINDOW_FOCUS_CHANGED 1 0
05-18 00:47:13.154 19748 19748 I ViewRootImpl@c17a423[GridListActivity]: mThreadedRenderer.initializeIfNeeded()#2 mSurface={isValid=true 0xb40000744728b210}
05-18 00:47:13.154  3085  3258 I ViewRootImpl@1100f55[dogglers]: mWNT: t=0xb400007377309cd0 mBlastBufferQueue=0xb4000073b7482f90 fn= 2 caller= android.view.SyncRtSurfaceTransactionApplier.applyTransaction:96 android.view.SyncRtSurfaceTransactionApplier.lambda$scheduleApply$0$android-view-SyncRtSurfaceTransactionApplier:69 android.view.SyncRtSurfaceTransactionApplier$$ExternalSyntheticLambda0.onFrameDraw:4
05-18 00:47:13.154  3085  3258 I ViewRootImpl@1100f55[dogglers]: mWNT: t=0xb4000073775fd070 mBlastBufferQueue=0xb4000073b7482f90 fn= 2 caller= android.view.SyncRtSurfaceTransactionApplier.applyTransaction:96 android.view.SyncRtSurfaceTransactionApplier.lambda$scheduleApply$0$android-view-SyncRtSurfaceTransactionApplier:69 android.view.SyncRtSurfaceTransactionApplier$$ExternalSyntheticLambda0.onFrameDraw:4
05-18 00:47:13.155 19748 19748 D InputMethodManager: startInputInner - Id : 0
05-18 00:47:13.155 19748 19748 I InputMethodManager: startInputInner - mService.startInputOrWindowGainedFocus
05-18 00:47:13.155  1533  1533 D SurfaceFlinger: Display 4630947232161729154 HWC layers:
05-18 00:47:13.155  1533  1533 D SurfaceFlinger:      DEVICE | 0xb400006f7023ac30 | 0100 | RGBx_8888    |  670.0    0.0 2110.0 3088.0 |    0    0 1440 3088 | Wallpaper BBQ wrapper#79
05-18 00:47:13.155  1533  1533 D SurfaceFlinger:      DEVICE | 0xb400006f70237d80 | 0100 | RGBA_8888    |    0.0    0.0 1440.0 3088.0 |    0    0 1440 3088 | com.sec.android.app.launcher/com.sec[...]vities.LauncherActivity$_3588#113275
05-18 00:47:13.155  1533  1533 D SurfaceFlinger:      DEVICE | 0xb400006f7023b530 | 0102 | RGBA_8888    |    0.0    0.0 1440.0 3088.0 |   58  123 1382 2965 | com.example.dogglers/com.example.dogglers.GridListActivity$_19748#113295
05-18 00:47:13.155  1533  1533 D SurfaceFlinger:      DEVICE | 0xb400006f70242250 | 0100 | RGBA_8888    |    0.0    0.0 1440.0 3088.0 |   58  123 1382 2965 | Splash Screen com.example.dogglers$_3085#113288
05-18 00:47:13.155  1533  1533 D SurfaceFlinger:      DEVICE | 0xb400006f70233df0 | 0100 | RGBA_8888    |    0.0    0.0 1440.0  100.0 |    0    0 1440  100 | StatusBar$_3085#85
05-18 00:47:13.155  1533  1533 D SurfaceFlinger:      CLIENT | 0xb400006f7022a220 | 0100 | RGBA_8888    |    0.0    0.0   67.0  456.0 | 1373  584 1440 1040 | com.samsung.android.app.cocktailbars[...]vice.CocktailBarService$_5964#112833
05-18 00:47:13.155  1533  1533 D SurfaceFlinger:      CLI
05-18 00:47:13.155  1533  1533 D SurfaceFlinger: ENT | 0xb400006f70241ef0 | 0100 | RGBA_8888    |    0.0    0.0 1440.0  168.0 |    0 2920 1440 3088 | NavigationBar0$_3085#80
05-18 00:47:13.155  1533  1533 D SurfaceFlinger:
05-18 00:47:13.156  2315  3073 D InputMethodManagerService: DESKTOP MODE! : 2
05-18 00:47:13.156  2315  3073 D InputMethodManagerService: NOT IN KNOX DESKTOP MODE!
05-18 00:47:13.156  2315  3073 V InputMethodManagerService: getDisplayIdOfInputMethodWindowToBeAdded: displayId=0
05-18 00:47:13.156  2315  3073 D InputMethodManagerService: isImeSwitcherDisabledPackage : false
05-18 00:47:13.156  2315  3073 D InputMethodManagerService: checkDisplayOfStartInputAndUpdateKeyboard: displayId=0, mFocusedDisplayId=0
05-18 00:47:13.156  2315  3073 D InputTransport: Input channel constructed: 'ClientS', fd=1119
05-18 00:47:13.156  2315  3073 D InputTransport: Input channel destroyed: 'ClientS', fd=1119
05-18 00:47:13.157 19748 19748 I ViewInteraction: Performing 'scroll RecyclerView to position: 5' action on view view.getId() is <2131230937/com.example.dogglers:id/grid_recycler_view>
05-18 00:47:13.157  5591  5591 I HBD     : HoneyBoardService onFinishInput
05-18 00:47:13.158  1533  2344 I SurfaceFlinger: id=113299 createSurf, flag=24004, Surface(name=daea37f InputMethod)/@0x913f89b - animation-leash of insets_animation#113299
05-18 00:47:13.158  5591  5591 I HBD     : a IC have been unbinding,  RemoteInputConnection{idHash=#229ea5d}
05-18 00:47:13.158  5591  5591 I HBD     : HoneyBoardService [PF_CL][onFinishInput]  1 ms
05-18 00:47:13.158  5591  5591 I HBD     : HoneyBoardService [IMI] onStartInput - caller pid : 19748 , caller uid : 10725
05-18 00:47:13.158  5591  5591 I HBD     : j updateConfigs
05-18 00:47:13.158  5591  5591 I HBD     : j isEnabledNightMode : true
05-18 00:47:13.158  5591  5591 I HBD     : a IC have been binding, RemoteInputConnection{idHash=#22f4fd2}
05-18 00:47:13.158  5591  5591 I HBD     : h [EditorInputType]setPrivateImeOptionsToTable privateImeOptions ( null )
05-18 00:47:13.158  5591  5591 I HBD     : b incognitoMode : false
05-18 00:47:13.158  5591  5591 I HBD     : a needOff = true , isForceOff = false, isNullInputClass : true
05-18 00:47:13.158  5591  5591 I HBD     : h getDefaultInputRange : UNKNOWN
05-18 00:47:13.158  5591  5591 I HBD     : h getDefaultInputRange : UNKNOWN
05-18 00:47:13.158  5591  5591 I HBD     : h getDefaultInputRange : UNKNOWN
05-18 00:47:13.159  5591  5591 I HBD     : a needOff = true , isForceOff = false, isNullInputClass : true
05-18 00:47:13.159  5591  5591 I HBD     : a update cached prediction status : false
05-18 00:47:13.159  5591  5591 I HBD     : h getDefaultInputRange : UNKNOWN
05-18 00:47:13.159  5591  5591 I HBD     : a currentState : 0
05-18 00:47:13.160  5591  5591 I HBD     : a [UpdatePolicy] [post] a: 0 cl: 65537 kit: [0/0] vt: 0 ir: 1
05-18 00:47:13.160  5591  5591 I HBD     : a [NRIC] resetNoResponseState
05-18 00:47:13.160  5591  5591 I HBD     : a needOff = true , isForceOff = false, isNullInputClass : true
05-18 00:47:13.160  5591  5591 I HBD     : a update cached prediction status : false
05-18 00:47:13.160  1533  1533 I Layer   : id=113283 removedFromDrawingState Surface(name=daea37f InputMethod)/@0x913f89b - animation-leash of insets_animation#113283 (124)
05-18 00:47:13.160  5591  5591 I HBD     : HoneyBoardService [PF_OP][onStartInput]  2 ms
