05-18 00:47:11.979 19748 19773 I TestRunner: started: vertical_scrolling(com.example.dogglers.GridListTests)
05-18 00:47:11.980  3588  3588 I RecentsView: onTaskRemoved() taskId : 1007
05-18 00:47:11.980  3588  3588 I TopTaskTracker: onTaskRemoved : taskId = 1007
05-18 00:47:11.980  3588  3588 I RecentsView: onTaskRemoved() taskId : 1007
05-18 00:47:11.980  3588  3588 I TopTaskTracker: onTaskRemoved : taskId = 1007
05-18 00:47:11.983 19748 19773 W Settings: Setting always_finish_activities has moved from android.provider.Settings.System to android.provider.Settings.Global, returning read-only value.
05-18 00:47:11.985  1533  1533 I Layer   : id=113212 removedFromDrawingState ActivityRecord{71915a5 u0 com.example.dogglers/.GridListActivity} t1007}#113212 (111)
05-18 00:47:11.985  1533  1533 I Layer   : id=113216 removedFromDrawingState a78a79c ActivityRecordInputSink com.example.dogglers/.GridListActivity#113216 (111)
05-18 00:47:11.985  1533  1533 I Layer   : id=113209 removedFromDrawingState ActivityRecord{4daa3be u0 com.example.dogglers/androidx.test.core.app.InstrumentationActivityInvoker$BootstrapActivity} t1007}#113209 (111)
05-18 00:47:11.985  1533  1533 I Layer   : id=113215 removedFromDrawingState 357aa79 ActivityRecordInputSink com.example.dogglers/androidx.test.core.app.InstrumentationActivityInvoker$BootstrapActivity#113215 (111)
05-18 00:47:11.985  1533  1533 I Layer   : id=113208 removedFromDrawingState Task=1007#113208 (111)
05-18 00:47:11.985  1533  1533 I Layer   : id=113244 removedFromDrawingState Task=1007#113244 (111)
05-18 00:47:11.985  1533  1533 I SurfaceFlinger: id=113212 Removed ActivityRecord{71915a5 u0 com.example.dogglers/.GridListActivity} t1007}#113212 (111)
05-18 00:47:11.985  1533  1533 I SurfaceFlinger: id=113209 Removed ActivityRecord{4daa3be u0 com.example.dogglers/androidx.test.core.app.InstrumentationActivityInvoker$BootstrapActivity} t1007}#113209 (111)
05-18 00:47:11.985  1533  1533 I SurfaceFlinger: id=113244 Removed Task=1007#113244 (111)
05-18 00:47:11.985  1533  1533 I Layer   : id=113244 Destroyed Task=1007#113244
05-18 00:47:11.985  1533  1533 I Layer   : id=113209 Destroyed ActivityRecord{4daa3be u0 com.example.dogglers/androidx.test.core.app.InstrumentationActivityInvoker$BootstrapActivity} t1007}#113209
05-18 00:47:11.985  1533  1533 I Layer   : id=113215 Destroyed 357aa79 ActivityRecordInputSink com.example.dogglers/androidx.test.core.app.InstrumentationActivityInvoker$BootstrapActivity#113215
05-18 00:47:11.985  1533  1533 I Layer   : id=113212 Destroyed ActivityRecord{71915a5 u0 com.example.dogglers/.GridListActivity} t1007}#113212
05-18 00:47:11.985  1533  1533 I Layer   : id=113216 Destroyed a78a79c ActivityRecordInputSink com.example.dogglers/.GridListActivity#113216
05-18 00:47:11.987  2315  2435 I ChimeraSystemEventListener: appLaunchIntent package name is: com.example.dogglers
05-18 00:47:11.988  2315  3755 I SemDvfsHyPerManager: acquire hyper - AMS_APP_SWITCH/2315@25, type = -999
05-18 00:47:11.988  1412  1438 I HYPER-HAL: [RequestManager.cpp]acquire(): Acquired ID : 2738995  [2315 / 25]    HINT : AMS_APP_SWITCH    list :
05-18 00:47:11.989  1533  3178 I SurfaceFlinger: id=113245 createSurf, flag=24004, Task=1008#113245
05-18 00:47:11.989  5894  5894 I SemDvfsHyPerManager: acquire hyper - APP_START_SHORT/5894@16, type = -999
05-18 00:47:11.990  1533  3178 I SurfaceFlinger: id=113246 createSurf, flag=80004, ActivityRecord{7e768bd u0 com.example.dogglers/androidx.test.core.app.InstrumentationActivityInvoker$BootstrapActivity} t1008}#113246
05-18 00:47:11.992  1412  1438 I HYPER-HAL: [RequestManager.cpp]acquire(): Acquired ID : 17467021  [5894 / 16]    HINT : APP_START    list : [TIMEOUT / 1500]
05-18 00:47:11.994  2315  3073 I SemDvfsHyPerManager: acquire hyper - AMS_APP_LAUNCH/2315@22, type = -999
05-18 00:47:11.994  4633  4633 E pageboostd: Received HALT command code 2
05-18 00:47:11.994  1412  1438 I HYPER-HAL: [RequestManager.cpp]acquire(): Acquired ID : 2731975  [2315 / 22]    HINT : AMS_APP_LAUNCH    list :
05-18 00:47:11.995  5894  5894 I SemDvfsHyPerManager: acquire hyper - APP_START/5894@18, type = -999
05-18 00:47:11.995  1412  1438 I HYPER-HAL: [RequestManager.cpp]acquire(): Acquired ID : 17478846  [5894 / 18]    HINT : APP_START    list :
05-18 00:47:11.995  1791  3145 I CameraService: onUidStateChanged: uid=10038, procState is changed. (0 -> 1)
05-18 00:47:11.996  3588  3588 I BaseActivity: removeActivityFlags, flags : 16
05-18 00:47:11.996  3588  3588 I BaseActivity: removeActivityFlags, flags : 6
05-18 00:47:11.996  3588  3588 I DragController: endDrag
05-18 00:47:11.996  3588  3588 W LauncherAppWidgetHost: setShouldListenFlag, mFlags:15 flag:resume on:false isFront:false
05-18 00:47:11.996  3588  3588 I SPayUpdater: updateSpayHandler launcher activity is paused false
05-18 00:47:11.996  3588  6899 I WidgetRotationImpl: unsubscribeWidgetFocus 85
05-18 00:47:11.997  3085  3222 D NativeCustomFrequencyManager: [NativeCFMS] BpCustomFrequencyManager::BpCustomFrequencyManager()
05-18 00:47:11.999  3588  6899 I IntelligentPlatformManagerImpl: unsubscribeWidgetFocus() id : 85
05-18 00:47:12.000  2315  5947 D InputDispatcher: Focused application(0): ActivityRecord{7e768bd u0 com.example.dogglers/androidx.test.core.app.InstrumentationActivityInvoker$BootstrapActivity} t1008}
05-18 00:47:12.002  1533  1533 I SurfaceFlinger: [41ea68a com.sec.android.app.launcher/com.sec.android.app.launcher.activities.LauncherActivity#104] FrameRatePriority: -1
05-18 00:47:12.002  3588  3588 I TopTaskTracker: onTaskMovedToFront : taskId = 1008
05-18 00:47:12.002  2315  3073 D InputTransport: Input channel constructed: '2618098', fd=901
05-18 00:47:12.002  2315  3073 D InputTransport: Input channel constructed: '2618098', fd=987
05-18 00:47:12.002  2315  3073 D InputTransport: Input channel constructed: '2618098', fd=989
05-18 00:47:12.002  2315  2980 D TrafficStats: tagSocket(1022) with statsTag=0xffffffff, statsUid=-1
05-18 00:47:12.002  1533  1680 I SurfaceFlinger: id=113247 createSurf, flag=80004, 2618098 Splash Screen com.example.dogglers#113247
05-18 00:47:12.003  2315  3073 D InputTransport: Input channel destroyed: '2618098', fd=989
05-18 00:47:12.004  3085  3207 D InsetsController: onStateChanged: InsetsState: {mDisplayFrame=Rect(0, 0 - 1440, 3088), mDisplayCutout=DisplayCutout{insets=Rect(0, 100 - 0, 0) waterfall=Insets{left=0, top=0, right=0, bottom=0} boundingRect={Bounds=[Rect(0, 0 - 0, 0), Rect(683, 0 - 758, 100), Rect(0, 0 - 0, 0), Rect(0, 0 - 0, 0)]} cutoutPathParserInfo={CutoutPathParserInfo{displayWidth=1440 displayHeight=3088 physicalDisplayWidth=1440 physicalDisplayHeight=3088 density={3.75} cutoutSpec={M 0,0 H -10 V 26.66666666666667 H 10 V 0 H 0 Z @dp} rotation={0} scale={1.0} physicalPixelDisplaySizeRatio={1.0}}}}, mRoundedCorners=RoundedCorners{[RoundedCorner{position=TopLeft, radius=14, center=Point(14, 14)}, RoundedCorner{position=TopRight, radius=14, center=Point(1426, 14)}, RoundedCorner{position=BottomRight, radius=14, center=Point(1426, 3074)}, RoundedCorner{position=BottomLeft, radius=14, center=Point(14, 3074)}]}  mRoundedCornerFrame=Rect(0, 0 - 1440, 3088), mPrivacyIndicatorBounds=PrivacyIndicatorBounds {static bounds=Rect(1286, 0 - 1440, 100) rotation=0}, mSources= { InsetsSource: {mType=ITYPE_STATUS_BAR, mFrame=[0,0][1440,100], mVisible=true, mInsetsRoundedCornerFrame=false}, InsetsSource: {mType=ITYPE_NAVIGATION_BAR, mFrame=[0,2920][1440,3088], mVisible=true, mInsetsRoundedCornerFrame=false}, InsetsSource: {mType=ITYPE_LEFT_GESTURES, mFrame=[0,0][0,3088], mVisible=true, mInsetsRoundedCornerFrame=false}, InsetsSource: {mType=ITYPE_RIGHT_GESTURES, mFrame=[1440,0][1440,3088], mVisible=true, mInsetsRoundedCornerFrame=false}, InsetsSource: {mType=ITYPE_TOP_MANDATORY_GESTURES, mFrame=[0,0][1440,142], mVisible=true, mInsetsRoundedCornerFrame=false}, InsetsSource: {mType=ITYPE_BOTTOM_MANDATORY_GESTURES, mFrame=[0,2920][1440,3088], mVisible=true, mInsetsRoundedCornerFrame=false}, InsetsSource: {mType=ITYPE_LEFT_DISPLAY_CUTOUT, mFrame=[0,0][-100000,3088], mVisible=true, mInsetsRoundedCornerFrame=false}, InsetsSource: {mType=ITYPE_TOP_DISPLAY_CUTOUT, mFrame=[0,0][1440,100], mVisible=true, mInsetsRoundedCornerFrame=false}, InsetsSource: {mType=ITYPE_RIGHT_DISPLAY_CUTOUT, mFrame=[100000,0][1440,3088], mVisible=true, mInsetsRoundedCornerFrame=false}, InsetsSource: {mType=ITYPE_BOTTOM_DISPLAY_CUTOUT, mFrame=[0,100000][1440,3088], mVisible=true, mInsetsRoundedCornerFrame=false}, InsetsSource: {mType=ITYPE_TOP_TAPPABLE_ELEMENT, mFrame=[0,0][1440,100], mVisible=true, mInsetsRoundedCornerFrame=false}, InsetsSource: {mType=ITYPE_BOTTOM_TAPPABLE_ELEMENT, mFrame=[0,2920][1440,3088], mVisible=true, mInsetsRoundedCornerFrame=false}, InsetsSource: {mType=ITYPE_IME, mFrame=[0,0][0,0], mVisibleFrame=[0,1766][1440,3088], mVisible=false, mInsetsRoundedCornerFrame=false} } host=Splash Screen com.example.dogglers from=android.view.ViewRootImpl.setView:1732
05-18 00:47:12.005  3085  3207 I ViewRootImpl@ba48861[dogglers]: setView = android.widget.FrameLayout@c40499d TM=true
05-18 00:47:12.005  3085  3207 I ViewRootImpl@ba48861[dogglers]: performTraversals params={(0,0)(fillxfill) sim={adjust=pan} ty=APPLICATION_STARTING fmt=TRANSLUCENT wanim=0x1030001
05-18 00:47:12.005  3085  3207 I ViewRootImpl@ba48861[dogglers]:   fl=81030118
05-18 00:47:12.005  3085  3207 I ViewRootImpl@ba48861[dogglers]:   pfl=16000010
05-18 00:47:12.005  3085  3207 I ViewRootImpl@ba48861[dogglers]:   bhv=DEFAULT
05-18 00:47:12.005  3085  3207 I ViewRootImpl@ba48861[dogglers]:   fitSides= naviIconColor=0}
05-18 00:47:12.006  3085  3207 I ViewRootImpl@ba48861[dogglers]: performTraversals mFirst=true windowShouldResize=true viewVisibilityChanged=false mForceNextWindowRelayout=false params={(0,0)(fillxfill) sim={adjust=pan} ty=APPLICATION_STARTING fmt=TRANSLUCENT wanim=0x1030001
05-18 00:47:12.006  3085  3207 I ViewRootImpl@ba48861[dogglers]:   fl=81030118
05-18 00:47:12.006  3085  3207 I ViewRootImpl@ba48861[dogglers]:   pfl=16000010
05-18 00:47:12.006  3085  3207 I ViewRootImpl@ba48861[dogglers]:   bhv=DEFAULT
05-18 00:47:12.006  3085  3207 I ViewRootImpl@ba48861[dogglers]:   fitSides= naviIconColor=0}
05-18 00:47:12.006  5668 20666 I [AirCmd]_ActivitySwitchDetector: onTaskFocusChanged : taskId 1008
05-18 00:47:12.006 19748 19748 D LifecycleMonitor: Lifecycle status change: androidx.test.core.app.InstrumentationActivityInvoker$BootstrapActivity@31da84c in: PRE_ON_CREATE
05-18 00:47:12.006  2315  2435 I SemPersonaManager: SecureFolder personaId = 150
05-18 00:47:12.006 19748 19748 V ActivityScenario: Activity lifecycle changed event received but ignored because the intent does not match. startActivityIntent=Intent { act=android.intent.action.MAIN cat=[android.intent.category.LAUNCHER] cmp=com.example.dogglers/.GridListActivity }, activity.getIntent()=Intent { act=android.intent.action.MAIN cat=[android.intent.category.LAUNCHER] flg=0x10008000 cmp=com.example.dogglers/androidx.test.core.app.InstrumentationActivityInvoker$BootstrapActivity (has extras) }, activity=androidx.test.core.app.InstrumentationActivityInvoker$BootstrapActivity@31da84c
05-18 00:47:12.007  5668 20666 I [AirCmd]_ActivitySwitchDetector: onTaskFocusChanged : componentName - ComponentInfo{com.example.dogglers/androidx.test.core.app.InstrumentationActivityInvoker$BootstrapActivity}
05-18 00:47:12.007  5668 20666 I [AirCmd]_ActivitySwitchDetector: onTaskFocusChanged : mTopMostActivity - ComponentInfo{com.sec.android.app.launcher/com.android.launcher3.uioverrides.QuickstepLauncher}
05-18 00:47:12.007  2315  4494 V WindowManager: Relayout Window{2618098 u0 Splash Screen com.example.dogglers}: viewVisibility=0 req=1440x3088 d0
05-18 00:47:12.007  5668 20666 I [AirCmd]_CallbackRepeater: stopRepeat : isWorking=false
05-18 00:47:12.007  5668 20666 I [AirCmd]_MediaControlStateMonitor: isForegroundAppSupportsMediaButton : mediaSession is empty
05-18 00:47:12.007  1533  1680 I SurfaceFlinger: id=113248 createSurf, flag=40004, Splash Screen com.example.dogglers$_3085#113248
05-18 00:47:12.008  5668 20666 I [AirCmd]_MediaControlStateMonitor: active Notification List is null
05-18 00:47:12.008  5668 20666 I [AirCmd]_RemoteSpenMainController: hasGeneralAction : packageName is com.example.dogglers, activityName is androidx.test.core.app.InstrumentationActivityInvoker$BootstrapActivity, hasActions is false
05-18 00:47:12.009  5668 20666 I [AirCmd]_CameraAvailabilityMonitor: isCameraPreviewOn : mIsCameraPreviewOn is false
05-18 00:47:12.009 19748 19748 I DecorView: [INFO] isPopOver=false config=true
05-18 00:47:12.009 19748 19748 I DecorView: updateCaptionType: isFloating=false isApplication=true hasWindowDecorCaption=false this=DecorView@faff59b[]
05-18 00:47:12.009 19748 19748 D DecorView: setCaptionType = 0, this = DecorView@faff59b[]
05-18 00:47:12.010  5668 20666 I [AirCmd]_CameraAvailabilityMonitor: isCameraPreviewOn : mIsCameraPreviewOn is false
05-18 00:47:12.010 19748 19748 I DecorView: getCurrentDensityDpi: from real metrics. densityDpi=560 msg=resources_loaded
05-18 00:47:12.010 19748 19748 I DecorView: setWindowBackground: isPopOver=false color=ff010101 d=android.graphics.drawable.StateListDrawable@ba2fd38
05-18 00:47:12.010 19748 19748 D LifecycleMonitor: Lifecycle status change: androidx.test.core.app.InstrumentationActivityInvoker$BootstrapActivity@31da84c in: CREATED
05-18 00:47:12.010  5668 20666 I [AirCmd]_MediaControlStateMonitor: isForegroundAppSupportsMediaButton : mediaSession is empty
05-18 00:47:12.010 19748 19748 V ActivityScenario: Activity lifecycle changed event received but ignored because the intent does not match. startActivityIntent=Intent { act=android.intent.action.MAIN cat=[android.intent.category.LAUNCHER] cmp=com.example.dogglers/.GridListActivity }, activity.getIntent()=Intent { act=android.intent.action.MAIN cat=[android.intent.category.LAUNCHER] flg=0x10008000 cmp=com.example.dogglers/androidx.test.core.app.InstrumentationActivityInvoker$BootstrapActivity (has extras) }, activity=androidx.test.core.app.InstrumentationActivityInvoker$BootstrapActivity@31da84c
05-18 00:47:12.010  5668 20666 I [AirCmd]_MediaControlStateMonitor: active Notification List is null
05-18 00:47:12.010  5668 20666 I [AirCmd]_PenActionRule: getAction : get default action data from remote action because pen action data is null.
05-18 00:47:12.010  5668 20666 I [AirCmd]_ButtonActionDetector: enableDoubleClickDetection: enabled=true, doubleClickWaitInterval=300
05-18 00:47:12.010  5668 20666 I [AirCmd]_RemoteSpenMainController: onSwitch : package is com.example.dogglers   and activity is androidx.test.core.app.InstrumentationActivityInvoker$BootstrapActivity and isBleConnected is false and hasActions is false
05-18 00:47:12.011 19748 19748 D LifecycleMonitor: Lifecycle status change: androidx.test.core.app.InstrumentationActivityInvoker$BootstrapActivity@31da84c in: STARTED
05-18 00:47:12.011  2315  5947 D InputDispatcher: Focus request (0): <null> but waiting because NOT_FOCUSABLE
05-18 00:47:12.011 19748 19748 V ActivityScenario: Activity lifecycle changed event received but ignored because the intent does not match. startActivityIntent=Intent { act=android.intent.action.MAIN cat=[android.intent.category.LAUNCHER] cmp=com.example.dogglers/.GridListActivity }, activity.getIntent()=Intent { act=android.intent.action.MAIN cat=[android.intent.category.LAUNCHER] flg=0x10008000 cmp=com.example.dogglers/androidx.test.core.app.InstrumentationActivityInvoker$BootstrapActivity (has extras) }, activity=androidx.test.core.app.InstrumentationActivityInvoker$BootstrapActivity@31da84c
05-18 00:47:12.011  2315  5947 D InputDispatcher: Focus left window (0): 41ea68a com.sec.android.app.launcher/com.sec.android.app.launcher.activities.LauncherActivity
05-18 00:47:12.011  3588  3588 I ViewRootImpl@c60680d[LauncherActivity]: MSG_WINDOW_FOCUS_CHANGED 0 0
05-18 00:47:12.011  2315  4494 V WindowManager: Relayout hash=2618098, pid=3085, syncId=-1: mAttrs={(0,0)(fillxfill) sim={adjust=pan} ty=APPLICATION_STARTING fmt=TRANSLUCENT wanim=0x1030001
05-18 00:47:12.011  2315  4494 V WindowManager:   fl=81030118
05-18 00:47:12.011  2315  4494 V WindowManager:   pfl=16000010
05-18 00:47:12.011  2315  4494 V WindowManager:   bhv=DEFAULT
05-18 00:47:12.011  2315  4494 V WindowManager:   fitSides= naviIconColor=0}
05-18 00:47:12.011  2315  2435 D EnterpriseDeviceManagerService: isMdmAdminPresentInternal() : MDM Admin Found - com.samsung.knox.securefolder
05-18 00:47:12.011  3588  3588 I BaseActivity: removeActivityFlags, flags : 8
05-18 00:47:12.012  3085  3207 I ViewRootImpl@ba48861[dogglers]: updateBlastSurfaceIfNeeded mBlastBufferQueue=null isSameSurfaceControl=false
05-18 00:47:12.012 14134 14134 I ResourceOverlayService_0: waitAndQuit called
05-18 00:47:12.012  3085  3207 I BLASTBufferQueue: new BLASTBufferQueue, mName= ViewRootImpl@ba48861[dogglers] mNativeObject= 0xb4000073b735cd50 sc.mNativeObject= 0xb40000734734be70 caller= android.view.ViewRootImpl.updateBlastSurfaceIfNeeded:2909 android.view.ViewRootImpl.relayoutWindow:9847 android.view.ViewRootImpl.performTraversals:3884 android.view.ViewRootImpl.doTraversal:3116 android.view.ViewRootImpl$TraversalRunnable.run:10885 android.view.Choreographer$CallbackRecord.run:1301 android.view.Choreographer$CallbackRecord.run:1309 android.view.Choreographer.doCallbacks:923 android.view.Choreographer.doFrame:852 android.view.Choreographer$FrameDisplayEventReceiver.run:1283
05-18 00:47:12.012  3085  3207 I BLASTBufferQueue: update, w= 1440 h= 3088 mName = ViewRootImpl@ba48861[dogglers] mNativeObject= 0xb4000073b735cd50 sc.mNativeObject= 0xb40000734734be70 format= -3 caller= android.graphics.BLASTBufferQueue.<init>:84 android.view.ViewRootImpl.updateBlastSurfaceIfNeeded:2909 android.view.ViewRootImpl.relayoutWindow:9847 android.view.ViewRootImpl.performTraversals:3884 android.view.ViewRootImpl.doTraversal:3116 android.view.ViewRootImpl$TraversalRunnable.run:10885
05-18 00:47:12.013  3085  3207 I ViewRootImpl@ba48861[dogglers]: Relayout returned: old=(0,0,1440,3088) new=(0,0,1440,3088) req=(1440,3088)0 dur=6 res=0x3 s={true 0xb4000074475d1eb0} ch=true seqId=0
05-18 00:47:12.013 14134 14134 I ResourceOverlayService_0: activity user id 0 process id 0
05-18 00:47:12.013  1533  1681 I SurfaceFlinger: id=113249 createSurf, flag=80004, ActivityRecord{41a2047 u0 com.example.dogglers/.GridListActivity} t1008}#113249
05-18 00:47:12.013  3085  3207 I ViewRootImpl@ba48861[dogglers]: mThreadedRenderer.initialize() mSurface={isValid=true 0xb4000074475d1eb0} hwInitialized=true
05-18 00:47:12.013  3085  3222 D OpenGLRenderer: eglCreateWindowSurface
05-18 00:47:12.016  4633  4633 E pageboostd: Received HALT command code 2
05-18 00:47:12.016 19748 19748 D LifecycleMonitor: Lifecycle status change: androidx.test.core.app.InstrumentationActivityInvoker$BootstrapActivity@31da84c in: RESUMED
05-18 00:47:12.016 19748 19748 V ActivityScenario: Activity lifecycle changed event received but ignored because the intent does not match. startActivityIntent=Intent { act=android.intent.action.MAIN cat=[android.intent.category.LAUNCHER] cmp=com.example.dogglers/.GridListActivity }, activity.getIntent()=Intent { act=android.intent.action.MAIN cat=[android.intent.category.LAUNCHER] flg=0x10008000 cmp=com.example.dogglers/androidx.test.core.app.InstrumentationActivityInvoker$BootstrapActivity (has extras) }, activity=androidx.test.core.app.InstrumentationActivityInvoker$BootstrapActivity@31da84c
05-18 00:47:12.016  3085  3207 I ViewRootImpl@ba48861[dogglers]: reportNextDraw android.view.ViewRootImpl.performTraversals:4438 android.view.ViewRootImpl.doTraversal:3116 android.view.ViewRootImpl$TraversalRunnable.run:10885 android.view.Choreographer$CallbackRecord.run:1301 android.view.Choreographer$CallbackRecord.run:1309
05-18 00:47:12.016  3085  3207 I ViewRootImpl@ba48861[dogglers]: Setup new sync id=0
05-18 00:47:12.016  3085  3207 I ViewRootImpl@ba48861[dogglers]: Setting syncFrameCallback
05-18 00:47:12.016  3085  3207 I ViewRootImpl@ba48861[dogglers]: registerCallbacksForSync syncBuffer=false
05-18 00:47:12.017 19748 19748 D LifecycleMonitor: Lifecycle status change: androidx.test.core.app.InstrumentationActivityInvoker$BootstrapActivity@31da84c in: PAUSED
05-18 00:47:12.017 19748 19748 V ActivityScenario: Activity lifecycle changed event received but ignored because the intent does not match. startActivityIntent=Intent { act=android.intent.action.MAIN cat=[android.intent.category.LAUNCHER] cmp=com.example.dogglers/.GridListActivity }, activity.getIntent()=Intent { act=android.intent.action.MAIN cat=[android.intent.category.LAUNCHER] flg=0x10008000 cmp=com.example.dogglers/androidx.test.core.app.InstrumentationActivityInvoker$BootstrapActivity (has extras) }, activity=androidx.test.core.app.InstrumentationActivityInvoker$BootstrapActivity@31da84c
05-18 00:47:12.017  3085  3258 I ViewRootImpl@ba48861[dogglers]: Received frameDrawingCallback syncResult=0 frameNum=1.
05-18 00:47:12.017  3085  3258 I ViewRootImpl@ba48861[dogglers]: Setting up sync and frameCommitCallback
05-18 00:47:12.017  2315  4570 I MediaSessionMonitor: Media session stopped : controllerList empty
05-18 00:47:12.019  5964  5964 I ActivityUtils: HomePackage : com.sec.android.app.launcher, resumePackageName : com.example.dogglers
05-18 00:47:12.019  2315  6291 D InputDispatcher: Focused application(0): ActivityRecord{41a2047 u0 com.example.dogglers/.GridListActivity} t1008}
05-18 00:47:12.020  3588  3588 I BadgeRenderer: Invalid count : 0
05-18 00:47:12.020  3588  3588 I BadgeRenderer: Invalid count : 0
05-18 00:47:12.020  3588  3588 I BadgeRenderer: Invalid count : 0
05-18 00:47:12.020  3085  3222 I BLASTBufferQueue: [ViewRootImpl@ba48861[dogglers]#4482](f:0,a:0) onFrameAvailable the first frame is available
05-18 00:47:12.021  3085  3222 I ViewRootImpl@ba48861[dogglers]: Received frameCommittedCallback lastAttemptedDrawFrameNum=1 didProduceBuffer=true
05-18 00:47:12.022  3085  3222 D OpenGLRenderer: CFMS:: SetUp Pid : 3085    Tid : 3222
05-18 00:47:12.022  3085  3222 W Parcel  : Expecting binder but got null!
05-18 00:47:12.022  3085  3207 I ViewRootImpl@ba48861[dogglers]: onSyncComplete
05-18 00:47:12.022  3085  3207 I ViewRootImpl@ba48861[dogglers]: setupSync seqId=0 mSyncId=0 fn=1 caller=android.view.ViewRootImpl$$ExternalSyntheticLambda11.accept:6 android.window.SurfaceSyncer.lambda$setupSync$1$android-window-SurfaceSyncer:128 android.window.SurfaceSyncer$$ExternalSyntheticLambda1.accept:8 android.window.SurfaceSyncer$SyncSet.checkIfSyncIsComplete:382 android.window.SurfaceSyncer$SyncSet.markSyncReady:359 android.window.SurfaceSyncer.markSyncReady:151 android.view.ViewRootImpl.performTraversals:4503
05-18 00:47:12.022  3085  3207 I ViewRootImpl@ba48861[dogglers]: reportDrawFinished seqId=0 mSyncId=-1 fn=1 mSurfaceChangedTransaction=0xb4000073772928d0
05-18 00:47:12.025  1533  1681 I SurfaceFlinger: id=113250 createSurf, flag=24000, Surface(name=Task=1)/@0x889ba84 - animation-leash of app_transition#113250
05-18 00:47:12.026  1533  1681 I SurfaceFlinger: id=113251 createSurf, flag=24004, Surface(name=Task=1008)/@0x75a095e - animation-leash of app_transition#113251
05-18 00:47:12.027  1533  1680 I SurfaceFlinger: id=113252 createSurf, flag=80000, e7e7814 ActivityRecordInputSink com.example.dogglers/androidx.test.core.app.InstrumentationActivityInvoker$BootstrapActivity#113252
05-18 00:47:12.028  3085  5509 I ViewRootImpl@ba48861[dogglers]: Resizing android.view.ViewRootImpl@a3b5e12: frame = [0,0][1440,3088] reportDraw = false forceLayout = false syncSeqId = 0
05-18 00:47:12.028  3085  3207 I ViewRootImpl@ba48861[dogglers]: handleResized, msg = 4 frames=ClientWindowFrames{frame=[0,0][1440,3088] display=[0,0][1440,3088] parentFrame=[0,0][0,0] parentClippedByDisplayCutout=false} forceNextWindowRelayout=false displayId=0 resizeMode=-1 frameChanged=false displayFrameChanged=false configChanged=false displayChanged=false
05-18 00:47:12.028  1533  1680 I SurfaceFlinger: id=113253 createSurf, flag=80000, bb68f86 ActivityRecordInputSink com.example.dogglers/.GridListActivity#113253
05-18 00:47:12.029  3085  3163 D Bubbles : onLocusVisibilityChanged: LocusId[17_chars] visible=false
05-18 00:47:12.030 19748 19748 D LifecycleMonitor: Lifecycle status change: com.example.dogglers.GridListActivity@427d149 in: PRE_ON_CREATE
05-18 00:47:12.030 19748 19748 V ActivityScenario: Activity lifecycle changed event received but ignored because the reported transition was not ON_CREATE while the last known transition was PRE_ON_CREATE
05-18 00:47:12.034 19748 19748 I DecorView: [INFO] isPopOver=false config=true
05-18 00:47:12.034 19748 19748 I DecorView: updateCaptionType: isFloating=false isApplication=true hasWindowDecorCaption=false this=DecorView@1131f14[]
05-18 00:47:12.034 19748 19748 D DecorView: setCaptionType = 0, this = DecorView@1131f14[]
05-18 00:47:12.034  2315  2435 I SemPersonaManager: SecureFolder personaId = 150
05-18 00:47:12.035 19748 19748 I DecorView: getCurrentDensityDpi: from real metrics. densityDpi=560 msg=resources_loaded
05-18 00:47:12.035 19748 19748 I DecorView: setWindowBackground: isPopOver=false color=ff121212 d=android.graphics.drawable.ColorDrawable@80dddb2
05-18 00:47:12.035  1533  1533 I Layer   : Layer [Splash Screen com.example.dogglers$_3085#113248] hidden!! flag(0)
05-18 00:47:12.038  2315  2435 D EnterpriseDeviceManagerService: isMdmAdminPresentInternal() : MDM Admin Found - com.samsung.knox.securefolder
05-18 00:47:12.039 19748 19748 D LifecycleMonitor: Lifecycle status change: com.example.dogglers.GridListActivity@427d149 in: CREATED
05-18 00:47:12.039 19748 19748 V ActivityScenario: Update currentActivityStage to CREATED, currentActivity=com.example.dogglers.GridListActivity@427d149
05-18 00:47:12.039  2315  4570 I MediaSessionMonitor: Media session stopped : controllerList empty
05-18 00:47:12.039 19748 19748 D LifecycleMonitor: Lifecycle status change: com.example.dogglers.GridListActivity@427d149 in: STARTED
05-18 00:47:12.039 19748 19748 V ActivityScenario: Update currentActivityStage to STARTED, currentActivity=com.example.dogglers.GridListActivity@427d149
05-18 00:47:12.040 19748 19748 D LifecycleMonitor: Lifecycle status change: com.example.dogglers.GridListActivity@427d149 in: RESUMED
05-18 00:47:12.040 19748 19748 V ActivityScenario: Update currentActivityStage to RESUMED, currentActivity=com.example.dogglers.GridListActivity@427d149
05-18 00:47:12.040 19748 19748 I MSHandlerLifeCycle: check: return. pkg=com.example.dogglers parent=null callers=com.android.internal.policy.DecorView.setVisibility:4416 android.app.ActivityThread.handleResumeActivity:5476 android.app.servertransaction.ResumeActivityItem.execute:54 android.app.servertransaction.ActivityTransactionItem.execute:45 android.app.servertransaction.TransactionExecutor.executeLifecycleState:176
05-18 00:47:12.040 19748 19748 I MSHandlerLifeCycle: removeMultiSplitHandler: no exist. decor=DecorView@1131f14[]
05-18 00:47:12.040  5964  5964 I ActivityUtils: HomePackage : com.sec.android.app.launcher, resumePackageName : com.example.dogglers
05-18 00:47:12.042 19748 19789 D NativeCustomFrequencyManager: [NativeCFMS] BpCustomFrequencyManager::BpCustomFrequencyManager()
05-18 00:47:12.043  2315  5715 D InputTransport: Input channel constructed: '41a1d3 ', fd=1077
05-18 00:47:12.043  2315  5715 D InputTransport: Input channel constructed: '41a1d3 ', fd=1085
05-18 00:47:12.043  2315  5715 D InputTransport: Input channel constructed: '41a1d3 ', fd=1088
05-18 00:47:12.044  1533  1680 I SurfaceFlinger: id=113254 createSurf, flag=80004, 41a1d3 com.example.dogglers/com.example.dogglers.GridListActivity#113254
05-18 00:47:12.044  2315  5715 D InputTransport: Input channel destroyed: '41a1d3 ', fd=1088
05-18 00:47:12.045 19748 19748 D InsetsController: onStateChanged: InsetsState: {mDisplayFrame=Rect(0, 0 - 1440, 3088), mDisplayCutout=DisplayCutout{insets=Rect(0, 100 - 0, 0) waterfall=Insets{left=0, top=0, right=0, bottom=0} boundingRect={Bounds=[Rect(0, 0 - 0, 0), Rect(683, 0 - 758, 100), Rect(0, 0 - 0, 0), Rect(0, 0 - 0, 0)]} cutoutPathParserInfo={CutoutPathParserInfo{displayWidth=1440 displayHeight=3088 physicalDisplayWidth=1440 physicalDisplayHeight=3088 density={3.75} cutoutSpec={M 0,0 H -10 V 26.66666666666667 H 10 V 0 H 0 Z @dp} rotation={0} scale={1.0} physicalPixelDisplaySizeRatio={1.0}}}}, mRoundedCorners=RoundedCorners{[RoundedCorner{position=TopLeft, radius=14, center=Point(14, 14)}, RoundedCorner{position=TopRight, radius=14, center=Point(1426, 14)}, RoundedCorner{position=BottomRight, radius=14, center=Point(1426, 3074)}, RoundedCorner{position=BottomLeft, radius=14, center=Point(14, 3074)}]}  mRoundedCornerFrame=Rect(0, 0 - 1440, 3088), mPrivacyIndicatorBounds=PrivacyIndicatorBounds {static bounds=Rect(1286, 0 - 1440, 100) rotation=0}, mSources= { InsetsSource: {mType=ITYPE_STATUS_BAR, mFrame=[0,0][1440,100], mVisible=true, mInsetsRoundedCornerFrame=false}, InsetsSource: {mType=ITYPE_NAVIGATION_BAR, mFrame=[0,2920][1440,3088], mVisible=true, mInsetsRoundedCornerFrame=false}, InsetsSource: {mType=ITYPE_LEFT_GESTURES, mFrame=[0,0][0,3088], mVisible=true, mInsetsRoundedCornerFrame=false}, InsetsSource: {mType=ITYPE_RIGHT_GESTURES, mFrame=[1440,0][1440,3088], mVisible=true, mInsetsRoundedCornerFrame=false}, InsetsSource: {mType=ITYPE_TOP_MANDATORY_GESTURES, mFrame=[0,0][1440,142], mVisible=true, mInsetsRoundedCornerFrame=false}, InsetsSource: {mType=ITYPE_BOTTOM_MANDATORY_GESTURES, mFrame=[0,2920][1440,3088], mVisible=true, mInsetsRoundedCornerFrame=false}, InsetsSource: {mType=ITYPE_LEFT_DISPLAY_CUTOUT, mFrame=[0,0][-100000,3088], mVisible=true, mInsetsRoundedCornerFrame=false}, InsetsSource: {mType=ITYPE_TOP_DISPLAY_CUTOUT, mFrame=[0,0][1440,100], mVisible=true, mInsetsRoundedCornerFrame=false}, InsetsSource: {mType=ITYPE_RIGHT_DISPLAY_CUTOUT, mFrame=[100000,0][1440,3088], mVisible=true, mInsetsRoundedCornerFrame=false}, InsetsSource: {mType=ITYPE_BOTTOM_DISPLAY_CUTOUT, mFrame=[0,100000][1440,3088], mVisible=true, mInsetsRoundedCornerFrame=false}, InsetsSource: {mType=ITYPE_TOP_TAPPABLE_ELEMENT, mFrame=[0,0][1440,100], mVisible=true, mInsetsRoundedCornerFrame=false}, InsetsSource: {mType=ITYPE_BOTTOM_TAPPABLE_ELEMENT, mFrame=[0,2920][1440,3088], mVisible=true, mInsetsRoundedCornerFrame=false}, InsetsSource: {mType=ITYPE_IME, mFrame=[0,0][0,0], mVisibleFrame=[0,1766][1440,3088], mVisible=false, mInsetsRoundedCornerFrame=false} } host=com.example.dogglers/com.example.dogglers.GridListActivity from=android.view.ViewRootImpl.setView:1732
05-18 00:47:12.046 19748 19748 I ViewRootImpl@fd2d62d[GridListActivity]: setView = com.android.internal.policy.DecorView@1131f14 TM=true
05-18 00:47:12.046 19748 19748 I MSHandlerLifeCycle: removeMultiSplitHandler: no exist. decor=DecorView@1131f14[GridListActivity]
05-18 00:47:12.046  2315  2481 D AnalyticsContainerHandler: handleMessage : { when=0 what=1 target=com.android.server.knox.KnoxAnalyticsContainer$AnalyticsHandler }
05-18 00:47:12.046 19748 19748 D LifecycleMonitor: Lifecycle status change: androidx.test.core.app.InstrumentationActivityInvoker$BootstrapActivity@31da84c in: STOPPED
05-18 00:47:12.046 19748 19748 V ActivityScenario: Activity lifecycle changed event received but ignored because the intent does not match. startActivityIntent=Intent { act=android.intent.action.MAIN cat=[android.intent.category.LAUNCHER] cmp=com.example.dogglers/.GridListActivity }, activity.getIntent()=Intent { act=android.intent.action.MAIN cat=[android.intent.category.LAUNCHER] flg=0x10008000 cmp=com.example.dogglers/androidx.test.core.app.InstrumentationActivityInvoker$BootstrapActivity (has extras) }, activity=androidx.test.core.app.InstrumentationActivityInvoker$BootstrapActivity@31da84c
05-18 00:47:12.049 19748 19748 I ViewRootImpl@fd2d62d[GridListActivity]: performTraversals params={(0,0)(fillxfill) sim={adjust=resize forwardNavigation} ty=BASE_APPLICATION wanim=0x1030309
05-18 00:47:12.049 19748 19748 I ViewRootImpl@fd2d62d[GridListActivity]:   fl=81810100
05-18 00:47:12.049 19748 19748 I ViewRootImpl@fd2d62d[GridListActivity]:   pfl=12020040
05-18 00:47:12.049 19748 19748 I ViewRootImpl@fd2d62d[GridListActivity]:   bhv=DEFAULT
05-18 00:47:12.049 19748 19748 I ViewRootImpl@fd2d62d[GridListActivity]:   fitSides= naviIconColor=0}
05-18 00:47:12.050 19748 19748 I ViewRootImpl@fd2d62d[GridListActivity]: performTraversals mFirst=true windowShouldResize=true viewVisibilityChanged=false mForceNextWindowRelayout=false params={(0,0)(fillxfill) sim={adjust=resize forwardNavigation} ty=BASE_APPLICATION wanim=0x1030309
05-18 00:47:12.050 19748 19748 I ViewRootImpl@fd2d62d[GridListActivity]:   fl=81810100
05-18 00:47:12.050 19748 19748 I ViewRootImpl@fd2d62d[GridListActivity]:   pfl=12020040
05-18 00:47:12.050 19748 19748 I ViewRootImpl@fd2d62d[GridListActivity]:   bhv=DEFAULT
05-18 00:47:12.050 19748 19748 I ViewRootImpl@fd2d62d[GridListActivity]:   fitSides= naviIconColor=0}
05-18 00:47:12.050  2315  5715 V WindowManager: Relayout Window{41a1d3 u0 com.example.dogglers/com.example.dogglers.GridListActivity}: viewVisibility=0 req=1440x3088 d0
05-18 00:47:12.050  1533  1681 I SurfaceFlinger: id=113255 createSurf, flag=40004, com.example.dogglers/com.example.dogglers.GridListActivity$_19748#113255
05-18 00:47:12.051  1533  1681 I SurfaceFlinger: id=113256 createSurf, flag=24000, Surface(name=a5e6516 StatusBar)/@0x266f9f6 - animation-leash of insets_animation#113256
05-18 00:47:12.052  1533  1681 I SurfaceFlinger: id=113257 createSurf, flag=24000, Surface(name=b1c69c9 NavigationBar0)/@0x6818acd - animation-leash of insets_animation#113257
05-18 00:47:12.053  2315  5715 V WindowManager: Relayout hash=41a1d3, pid=19748, syncId=-1: mAttrs={(0,0)(fillxfill) sim={adjust=resize forwardNavigation} ty=BASE_APPLICATION wanim=0x1030309
05-18 00:47:12.053  2315  5715 V WindowManager:   fl=81810100
05-18 00:47:12.053  2315  5715 V WindowManager:   pfl=12020040
05-18 00:47:12.053  2315  5715 V WindowManager:   bhv=DEFAULT
05-18 00:47:12.053  2315  5715 V WindowManager:   fitSides= naviIconColor=0}
05-18 00:47:12.053  3588 25335 I TouchInteractionService: onSystemUiStateChanged, stateFlags : 131072 |allow_gesture|
05-18 00:47:12.053  1533  1533 D SurfaceFlinger: Display 4630947232161729154 HWC layers:
05-18 00:47:12.053  1533  1533 D SurfaceFlinger:      DEVICE | 0xb400006f7023ac30 | 0100 | RGBx_8888    |  670.0    0.0 2110.0 3088.0 |    0    0 1440 3088 | Wallpaper BBQ wrapper#79
05-18 00:47:12.053  1533  1533 D SurfaceFlinger:      DEVICE | 0xb400006f7022b420 | 0100 | RGBA_8888    |    0.0    0.0 1440.0 3088.0 |    0    0 1440 3088 | com.sec.android.app.launcher/com.sec[...]vities.LauncherActivity$_3588#113156
05-18 00:47:12.053  1533  1533 D SurfaceFlinger:      DEVICE | 0xb400006f70257070 | 0100 | RGBA_8888    |    0.0    0.0 1440.0 3088.0 |  105  225 1335 2863 | Splash Screen com.example.dogglers$_3085#113248
05-18 00:47:12.053  1533  1533 D SurfaceFlinger:      DEVICE | 0xb400006f70233df0 | 0100 | RGBA_8888    |    0.0    0.0 1440.0  100.0 |    0    0 1440  100 | StatusBar$_3085#85
05-18 00:47:12.053  1533  1533 D SurfaceFlinger:      DEVICE | 0xb400006f7022a220 | 0100 | RGBA_8888    |    0.0    0.0   67.0  456.0 | 1373  584 1440 1040 | com.samsung.android.app.cocktailbars[...]vice.CocktailBarService$_5964#112833
05-18 00:47:12.053  1533  1533 D SurfaceFlinger:      DEVICE | 0xb400006f702301c0 | 0100 | RGBA_8888    |    0.0    0.0 1440.0  168.0 |    0 2920 1440 3088 | NavigationBar0$_3085#80
05-18 00:47:12.053  1533  1533 D SurfaceFlinger:
05-18 00:47:12.053  3588  3588 I RecentsAnimationDeviceState: setSystemUiFlags, stateFlags : 131072
05-18 00:47:12.053  3588  3588 I TouchInteractionService: onSystemUiFlagsChanged, lastSysUIFlags : 0
05-18 00:47:12.053 19748 19748 I ViewRootImpl@fd2d62d[GridListActivity]: updateBlastSurfaceIfNeeded mBlastBufferQueue=null isSameSurfaceControl=false
05-18 00:47:12.054 19748 19748 I BLASTBufferQueue: new BLASTBufferQueue, mName= ViewRootImpl@fd2d62d[GridListActivity] mNativeObject= 0xb4000073b725b050 sc.mNativeObject= 0xb400007347275930 caller= android.view.ViewRootImpl.updateBlastSurfaceIfNeeded:2909 android.view.ViewRootImpl.relayoutWindow:9847 android.view.ViewRootImpl.performTraversals:3884 android.view.ViewRootImpl.doTraversal:3116 android.view.ViewRootImpl$TraversalRunnable.run:10885 android.view.Choreographer$CallbackRecord.run:1301 android.view.Choreographer$CallbackRecord.run:1309 android.view.Choreographer.doCallbacks:923 android.view.Choreographer.doFrame:852 android.view.Choreographer$FrameDisplayEventReceiver.run:1283
05-18 00:47:12.054 19748 19748 I BLASTBufferQueue: update, w= 1440 h= 3088 mName = ViewRootImpl@fd2d62d[GridListActivity] mNativeObject= 0xb4000073b725b050 sc.mNativeObject= 0xb400007347275930 format= -1 caller= android.graphics.BLASTBufferQueue.<init>:84 android.view.ViewRootImpl.updateBlastSurfaceIfNeeded:2909 android.view.ViewRootImpl.relayoutWindow:9847 android.view.ViewRootImpl.performTraversals:3884 android.view.ViewRootImpl.doTraversal:3116 android.view.ViewRootImpl$TraversalRunnable.run:10885
05-18 00:47:12.054 19748 19748 I ViewRootImpl@fd2d62d[GridListActivity]: Relayout returned: old=(0,0,1440,3088) new=(0,0,1440,3088) req=(1440,3088)0 dur=3 res=0x3 s={true 0xb400007447284be0} ch=true seqId=0
05-18 00:47:12.054 19748 19748 I ViewRootImpl@fd2d62d[GridListActivity]: mThreadedRenderer.initialize() mSurface={isValid=true 0xb400007447284be0} hwInitialized=true
05-18 00:47:12.054 19748 19789 D OpenGLRenderer: eglCreateWindowSurface
05-18 00:47:12.060  1533  1533 I Layer   : id=113241 removedFromDrawingState Surface(name=a5e6516 StatusBar)/@0x266f9f6 - animation-leash of insets_animation#113241 (119)
05-18 00:47:12.060  1533  1533 I Layer   : id=113242 removedFromDrawingState Surface(name=b1c69c9 NavigationBar0)/@0x6818acd - animation-leash of insets_animation#113242 (119)
05-18 00:47:12.060  1533  1533 I SurfaceFlinger: [41a1d3 com.example.dogglers/com.example.dogglers.GridListActivity#113254] FrameRatePriority: 1
05-18 00:47:12.060  1533  1533 I SurfaceFlinger: id=113241 Removed Surface(name=a5e6516 StatusBar)/@0x266f9f6 - animation-leash of insets_animation#113241 (119)
05-18 00:47:12.060  1533  1533 I SurfaceFlinger: id=113242 Removed Surface(name=b1c69c9 NavigationBar0)/@0x6818acd - animation-leash of insets_animation#113242 (119)
05-18 00:47:12.060  1533  1533 I Layer   : id=113241 Destroyed Surface(name=a5e6516 StatusBar)/@0x266f9f6 - animation-leash of insets_animation#113241
05-18 00:47:12.060  1533  1533 I Layer   : id=113242 Destroyed Surface(name=b1c69c9 NavigationBar0)/@0x6818acd - animation-leash of insets_animation#113242
05-18 00:47:12.061  2315  3073 D InputDispatcher: Focus request (0): 41a1d3 com.example.dogglers/com.example.dogglers.GridListActivity but waiting because NO_WINDOW
05-18 00:47:12.079 19748 19748 I ViewRootImpl@fd2d62d[GridListActivity]: reportNextDraw android.view.ViewRootImpl.performTraversals:4438 android.view.ViewRootImpl.doTraversal:3116 android.view.ViewRootImpl$TraversalRunnable.run:10885 android.view.Choreographer$CallbackRecord.run:1301 android.view.Choreographer$CallbackRecord.run:1309
05-18 00:47:12.079 19748 19748 I ViewRootImpl@fd2d62d[GridListActivity]: Setup new sync id=0
05-18 00:47:12.079 19748 19748 I ViewRootImpl@fd2d62d[GridListActivity]: Setting syncFrameCallback
05-18 00:47:12.079 19748 19748 I ViewRootImpl@fd2d62d[GridListActivity]: registerCallbacksForSync syncBuffer=false
05-18 00:47:12.086 19748 19806 I ViewRootImpl@fd2d62d[GridListActivity]: Received frameDrawingCallback syncResult=0 frameNum=1.
05-18 00:47:12.086 19748 19806 I ViewRootImpl@fd2d62d[GridListActivity]: Setting up sync and frameCommitCallback
05-18 00:47:12.090 19748 19789 I BLASTBufferQueue: [ViewRootImpl@fd2d62d[GridListActivity]#6](f:0,a:0) onFrameAvailable the first frame is available
05-18 00:47:12.091 19748 19789 I ViewRootImpl@fd2d62d[GridListActivity]: Received frameCommittedCallback lastAttemptedDrawFrameNum=1 didProduceBuffer=true
05-18 00:47:12.091 19748 19789 D OpenGLRenderer: CFMS:: SetUp Pid : 19748    Tid : 19789
05-18 00:47:12.092 19748 19789 W Parcel  : Expecting binder but got null!
05-18 00:47:12.092 19748 19748 I ViewRootImpl@fd2d62d[GridListActivity]: onSyncComplete
05-18 00:47:12.092 19748 19748 I ViewRootImpl@fd2d62d[GridListActivity]: setupSync seqId=0 mSyncId=0 fn=1 caller=android.view.ViewRootImpl$$ExternalSyntheticLambda11.accept:6 android.window.SurfaceSyncer.lambda$setupSync$1$android-window-SurfaceSyncer:128 android.window.SurfaceSyncer$$ExternalSyntheticLambda1.accept:8 android.window.SurfaceSyncer$SyncSet.checkIfSyncIsComplete:382 android.window.SurfaceSyncer$SyncSet.markSyncReady:359 android.window.SurfaceSyncer.markSyncReady:151 android.view.ViewRootImpl.performTraversals:4503
05-18 00:47:12.092 19748 19748 I ViewRootImpl@fd2d62d[GridListActivity]: reportDrawFinished seqId=0 mSyncId=-1 fn=1 mSurfaceChangedTransaction=0xb40000737726e7b0
05-18 00:47:12.095  2315  2432 W ziparchive: Unable to open '/data/app/~~t9JysnoALMJ2Y7O2VE-h-A==/com.example.dogglers-EZBbwEDSOuTOhfn12RJ3nw==/base.dm': No such file or directory
05-18 00:47:12.096 19748 19748 D RootViewPicker: Root not ready - waiting: 10ms for one to appear.
05-18 00:47:12.096  1533  3178 I SurfaceFlinger: id=113258 createSurf, flag=24000, Surface(name=41a1d3 com.example.dogglers/com.example.dogglers.GridListActivity)/@0x394228 - animation-leash of starting_reveal#113258
05-18 00:47:12.097  2315  2432 I PkgPredictorService-SecIpmManagerServiceImpl: reportToNAP uid:10725 com.example.dogglers/com.example.dogglers.GridListActivity thisTime:109
05-18 00:47:12.098  2315  2432 I ActivityTaskManager: Displayed com.example.dogglers/.GridListActivity: +109ms
05-18 00:47:12.099  4633  4633 E pageboostd: Received HALT command code 2
05-18 00:47:12.099  2315  3073 I SemDvfsHyPerManager: acquire hyper - AMS_RESUME_TAIL/2315@23, type = -999
05-18 00:47:12.099  2315  3073 I SemDvfsHyPerManager: acquire hyper - AMS_ACT_LAZY/2315@24, type = -999
05-18 00:47:12.099  1412  1438 I HYPER-HAL: [RequestManager.cpp]acquire(): Acquired ID : 2734314  [2315 / 23]    HINT : AMS_RESUME_TAIL    list :
05-18 00:47:12.101  2315  2980 W SemWifiTransportLayerUtils: getApplicationCategory - IOException com.example.dogglers
05-18 00:47:12.101  2315  2980 W System.err: java.io.FileNotFoundException: https://play.google.com/store/apps/details?id=com.example.dogglers&hl=en
05-18 00:47:12.101  2315  2980 W System.err: 	at com.android.okhttp.internal.huc.HttpURLConnectionImpl.getInputStream(HttpURLConnectionImpl.java:255)
05-18 00:47:12.101  2315  2980 W System.err: 	at com.android.okhttp.internal.huc.DelegatingHttpsURLConnection.getInputStream(DelegatingHttpsURLConnection.java:211)
05-18 00:47:12.101  2315  2980 W System.err: 	at com.android.okhttp.internal.huc.HttpsURLConnectionImpl.getInputStream(HttpsURLConnectionImpl.java:30)
05-18 00:47:12.101  2315  2980 W System.err: 	at com.samsung.android.server.wifi.tcp.SemWifiTransportLayerUtils.getApplicationCategory(SemWifiTransportLayerUtils.java:104)
05-18 00:47:12.101  2315  2980 W System.err: 	at com.samsung.android.server.wifi.tcp.SemWifiTransportLayerMonitor$TcpMonitorHandler.handleMessage(SemWifiTransportLayerMonitor.java:244)
05-18 00:47:12.101  2315  2980 W System.err: 	at android.os.Handler.dispatchMessage(Handler.java:106)
05-18 00:47:12.101  2315  2980 W System.err: 	at android.os.Looper.loopOnce(Looper.java:226)
05-18 00:47:12.101  2315  2980 W System.err: 	at android.os.Looper.loop(Looper.java:313)
05-18 00:47:12.101  2315  2980 W System.err: 	at android.os.HandlerThread.run(HandlerThread.java:67)
05-18 00:47:12.101  1412  1438 I HYPER-HAL: [RequestManager.cpp]acquire(): Acquired ID : 2736654  [2315 / 24]    HINT : AMS_ACT_LAZY    list :
05-18 00:47:12.101  2315  2980 D SemWifiPackageInfo: isSkipCategory - skip:FAILED
05-18 00:47:12.101  2315  2980 D SemWifiTransportLayerMonitor.TcpMonitorHandler: MSG_SAVE_PACKAGE_INFO
05-18 00:47:12.101  2315  2980 D SemWifiTransportLayerFileManager: saveWifiPackageInfoToFile
05-18 00:47:12.101  2315  2980 D SemWifiTransportLayerFileManager: writeWifiPackageInfoList
05-18 00:47:12.102  1533  1533 I Layer   : Layer [com.example.dogglers/com.example.dogglers.GridListActivity$_19748#113255] hidden!! flag(0)
05-18 00:47:12.103  2315  3073 D InputDispatcher: Focus entered window (0): 41a1d3 com.example.dogglers/com.example.dogglers.GridListActivity
05-18 00:47:12.104 19748 19748 I ViewRootImpl@fd2d62d[GridListActivity]: MSG_WINDOW_FOCUS_CHANGED 1 0
05-18 00:47:12.104  1412  1438 I HYPER-HAL: [RequestManager.cpp]releaseLocked(): Released ID : 2738995
05-18 00:47:12.104 19748 19748 I ViewRootImpl@fd2d62d[GridListActivity]: mThreadedRenderer.initializeIfNeeded()#2 mSurface={isValid=true 0xb400007447284be0}
05-18 00:47:12.104 19748 19748 D InputMethodManager: startInputInner - Id : 0
05-18 00:47:12.104 19748 19748 I InputMethodManager: startInputInner - mService.startInputOrWindowGainedFocus
05-18 00:47:12.105  3085  3257 I ViewRootImpl@ba48861[dogglers]: mWNT: t=0xb400007377483bb0 mBlastBufferQueue=0xb4000073b735cd50 fn= 2 caller= android.view.SyncRtSurfaceTransactionApplier.applyTransaction:96 android.view.SyncRtSurfaceTransactionApplier.lambda$scheduleApply$0$android-view-SyncRtSurfaceTransactionApplier:69 android.view.SyncRtSurfaceTransactionApplier$$ExternalSyntheticLambda0.onFrameDraw:4
05-18 00:47:12.105  1533  1533 D SurfaceFlinger: Display 4630947232161729154 HWC layers:
05-18 00:47:12.105  1533  1533 D SurfaceFlinger:      DEVICE | 0xb400006f7023ac30 | 0100 | RGBx_8888    |  670.0    0.0 2110.0 3088.0 |    0    0 1440 3088 | Wallpaper BBQ wrapper#79
05-18 00:47:12.105  1533  1533 D SurfaceFlinger:      DEVICE | 0xb400006f7022b420 | 0100 | RGBA_8888    |    0.0    0.0 1440.0 3088.0 |    0    0 1440 3088 | com.sec.android.app.launcher/com.sec[...]vities.LauncherActivity$_3588#113156
05-18 00:47:12.105  1533  1533 D SurfaceFlinger:      DEVICE | 0xb400006f70231d50 | 0102 | RGBA_8888    |    0.0    0.0 1440.0 3088.0 |   70  149 1370 2939 | com.example.dogglers/com.example.dogglers.GridListActivity$_19748#113255
05-18 00:47:12.105  1533  1533 D SurfaceFlinger:      DEVICE | 0xb400006f70257070 | 0100 | RGBA_8888    |    0.0    0.0 1440.0 3088.0 |   70  149 1370 2939 | Splash Screen com.example.dogglers$_3085#113248
05-18 00:47:12.105  1533  1533 D SurfaceFlinger:      DEVICE | 0xb400006f70233df0 | 0100 | RGBA_8888    |    0.0    0.0 1440.0  100.0 |    0    0 1440  100 | StatusBar$_3085#85
05-18 00:47:12.105  1533  1533 D SurfaceFlinger:      CLIENT | 0xb400006f7022a220 | 0100 | RGBA_8888    |    0.0    0.0   67.0  456.0 | 1373  584 1440 1040 | com.samsung.android.app.cocktailbars[...]vice.CocktailBarService$_5964#112833
05-18 00:47:12.105  1533  1533 D SurfaceFlinger:      CLI
05-18 00:47:12.105  1533  1533 D SurfaceFlinger: ENT | 0xb400006f702301c0 | 0100 | RGBA_8888    |    0.0    0.0 1440.0  168.0 |    0 2920 1440 3088 | NavigationBar0$_3085#80
05-18 00:47:12.105  1533  1533 D SurfaceFlinger:
05-18 00:47:12.105  3085  3257 I ViewRootImpl@ba48861[dogglers]: mWNT: t=0xb4000073776b7490 mBlastBufferQueue=0xb4000073b735cd50 fn= 2 caller= android.view.SyncRtSurfaceTransactionApplier.applyTransaction:96 android.view.SyncRtSurfaceTransactionApplier.lambda$scheduleApply$0$android-view-SyncRtSurfaceTransactionApplier:69 android.view.SyncRtSurfaceTransactionApplier$$ExternalSyntheticLambda0.onFrameDraw:4
05-18 00:47:12.106  2315  3073 D InputMethodManagerService: DESKTOP MODE! : 2
05-18 00:47:12.106  2315  3073 D InputMethodManagerService: NOT IN KNOX DESKTOP MODE!
05-18 00:47:12.106  2315  3073 V InputMethodManagerService: getDisplayIdOfInputMethodWindowToBeAdded: displayId=0
05-18 00:47:12.106  2315  3073 D InputMethodManagerService: isImeSwitcherDisabledPackage : false
05-18 00:47:12.107  2315  3073 D InputMethodManagerService: checkDisplayOfStartInputAndUpdateKeyboard: displayId=0, mFocusedDisplayId=0
05-18 00:47:12.107  2315  3073 D InputTransport: Input channel constructed: 'ClientS', fd=1022
05-18 00:47:12.107  2315  3073 D InputTransport: Input channel destroyed: 'ClientS', fd=1022
05-18 00:47:12.107  5591  5591 I HBD     : HoneyBoardService onFinishInput
05-18 00:47:12.108  5591  5591 I HBD     : a IC have been unbinding,  RemoteInputConnection{idHash=#25d6307}
05-18 00:47:12.108  5591  5591 I HBD     : HoneyBoardService [PF_CL][onFinishInput]  1 ms
05-18 00:47:12.108 19748 19748 I ViewInteraction: Performing 'fast swipe' action on view view.getId() is <2131230937/com.example.dogglers:id/grid_recycler_view>
05-18 00:47:12.108  5591  5591 I HBD     : HoneyBoardService [IMI] onStartInput - caller pid : 19748 , caller uid : 10725
05-18 00:47:12.108  5591  5591 I HBD     : j updateConfigs
05-18 00:47:12.108  1533  1681 I SurfaceFlinger: id=113259 createSurf, flag=24004, Surface(name=daea37f InputMethod)/@0x913f89b - animation-leash of insets_animation#113259
05-18 00:47:12.108  5591  5591 I HBD     : j isEnabledNightMode : true
05-18 00:47:12.108  5591  5591 I HBD     : a IC have been binding, RemoteInputConnection{idHash=#4597c34}
05-18 00:47:12.108  5591  5591 I HBD     : h [EditorInputType]setPrivateImeOptionsToTable privateImeOptions ( null )
05-18 00:47:12.108  5591  5591 I HBD     : b incognitoMode : false
05-18 00:47:12.108  5591  5591 I HBD     : a needOff = true , isForceOff = false, isNullInputClass : true
05-18 00:47:12.108  5591  5591 I HBD     : h getDefaultInputRange : UNKNOWN
05-18 00:47:12.108  5591  5591 I HBD     : h getDefaultInputRange : UNKNOWN
05-18 00:47:12.108  5591  5591 I HBD     : h getDefaultInputRange : UNKNOWN
05-18 00:47:12.109  5591  5591 I HBD     : a needOff = true , isForceOff = false, isNullInputClass : true
05-18 00:47:12.109  5591  5591 I HBD     : a update cached prediction status : false
05-18 00:47:12.109  5591  5591 I HBD     : h getDefaultInputRange : UNKNOWN
