05-18 00:47:10.823  3588  3588 I RecentsAnimationDeviceState: setSystemUiFlags, stateFlags : 0
05-18 00:47:10.823  3588  3588 I TouchInteractionService: onSystemUiFlagsChanged, lastSysUIFlags : 131072
05-18 00:47:10.824  3588  3588 I RecentsAnimationDeviceState: setSystemUiFlags, stateFlags : 131072
05-18 00:47:10.824  1533  1680 I SurfaceFlinger: id=113194 Removed Surface(name=b1c69c9 NavigationBar0)/@0x6818acd - animation-leash of insets_animation#113194 (124)
05-18 00:47:10.824  1533  1680 I SurfaceFlinger: id=113193 Removed Surface(name=a5e6516 StatusBar)/@0x266f9f6 - animation-leash of insets_animation#113193 (124)
05-18 00:47:10.824  3588  3588 I TouchInteractionService: onSystemUiFlagsChanged, lastSysUIFlags : 0
05-18 00:47:10.824 23650 23650 I ViewRootImpl@d37bbeb[LauncherActivity]: handleAppVisibility mAppVisible = false visible = true
05-18 00:47:10.824  3588  3984 I SPayUpdater: updateSpayHandler, show = true, defaultPage = true
05-18 00:47:10.824  3588  3588 I LauncherRootView: handleSystemWindowInsets Rect(0, 100 - 0, 168)
05-18 00:47:10.824 19748 19748 I ViewRootImpl@e17ea38[InstrumentationActivityInvoker$EmptyActivity]: stopped(true) old = false
05-18 00:47:10.824 19748 19748 I ViewRootImpl@e17ea38[InstrumentationActivityInvoker$EmptyActivity]: WindowStopped on com.example.dogglers/androidx.test.core.app.InstrumentationActivityInvoker$EmptyActivity set to true
05-18 00:47:10.824  2315  2481 D AnalyticsContainerHandler: handleMessage : { when=0 what=1 target=com.android.server.knox.KnoxAnalyticsContainer$AnalyticsHandler }
05-18 00:47:10.824 23650 23650 I ViewRootImpl@d37bbeb[LauncherActivity]: handleResized, msg = 5 frames=ClientWindowFrames{frame=[0,0][1440,3088] display=[0,0][1440,3088] parentFrame=[0,0][0,0] parentClippedByDisplayCutout=false} forceNextWindowRelayout=false displayId=0 resizeMode=-1 frameChanged=false displayFrameChanged=false configChanged=false displayChanged=false
05-18 00:47:10.824 23650 23650 I ViewRootImpl@d37bbeb[LauncherActivity]: handleResized mSyncSeqId = 0
05-18 00:47:10.824 23650 23650 I ViewRootImpl@d37bbeb[LauncherActivity]: reportNextDraw android.view.ViewRootImpl.handleResized:2450 android.view.ViewRootImpl.-$$Nest$mhandleResized:0 android.view.ViewRootImpl$ViewRootHandler.handleMessageImpl:6728 android.view.ViewRootImpl$ViewRootHandler.handleMessage:6697 android.os.Handler.dispatchMessage:106
05-18 00:47:10.825  3588  3588 I ViewRootImpl@c60680d[LauncherActivity]: performTraversals params={(0,0)(fillxfill) sim={adjust=nothing} layoutInDisplayCutoutMode=shortEdges ty=BASE_APPLICATION fmt=TRANSPARENT wanim=0x10302f4
05-18 00:47:10.825  3588  3588 I ViewRootImpl@c60680d[LauncherActivity]:   fl=81910100
05-18 00:47:10.825  3588  3588 I ViewRootImpl@c60680d[LauncherActivity]:   pfl=1e020040
05-18 00:47:10.825  3588  3588 I ViewRootImpl@c60680d[LauncherActivity]:   vsysui=1700
05-18 00:47:10.825  3588  3588 I ViewRootImpl@c60680d[LauncherActivity]:   bhv=SHOW_TRANSIENT_BARS_BY_SWIPE
05-18 00:47:10.825  3588  3588 I ViewRootImpl@c60680d[LauncherActivity]:   fitSides= screenDimDuration=100000 naviIconColor=0}
05-18 00:47:10.825  3588  3588 I ViewRootImpl@c60680d[LauncherActivity]: performTraversals mFirst=false windowShouldResize=false viewVisibilityChanged=true mForceNextWindowRelayout=false params={(0,0)(fillxfill) sim={adjust=nothing} layoutInDisplayCutoutMode=shortEdges ty=BASE_APPLICATION fmt=TRANSPARENT wanim=0x10302f4
05-18 00:47:10.825  3588  3588 I ViewRootImpl@c60680d[LauncherActivity]:   fl=81910100
05-18 00:47:10.825  3588  3588 I ViewRootImpl@c60680d[LauncherActivity]:   pfl=1e020040
05-18 00:47:10.825  3588  3588 I ViewRootImpl@c60680d[LauncherActivity]:   vsysui=1700
05-18 00:47:10.825  3588  3588 I ViewRootImpl@c60680d[LauncherActivity]:   bhv=SHOW_TRANSIENT_BARS_BY_SWIPE
05-18 00:47:10.825  3588  3588 I ViewRootImpl@c60680d[LauncherActivity]:   fitSides= screenDimDuration=100000 naviIconColor=0}
05-18 00:47:10.825 19748 19748 D LifecycleMonitor: Lifecycle status change: androidx.test.core.app.InstrumentationActivityInvoker$EmptyActivity@ae3129e in: STOPPED
05-18 00:47:10.825  2315  2848 V WindowManager: Relayout Window{41ea68a u0 com.sec.android.app.launcher/com.sec.android.app.launcher.activities.LauncherActivity EXITING}: viewVisibility=0 req=1440x3088 d0
05-18 00:47:10.825 19748 19748 V ActivityScenario: Activity lifecycle changed event received but ignored because the intent does not match. startActivityIntent=Intent { act=android.intent.action.MAIN cat=[android.intent.category.LAUNCHER] cmp=com.example.dogglers/.GridListActivity }, activity.getIntent()=Intent { act=android.intent.action.MAIN cat=[android.intent.category.LAUNCHER] flg=0x10000000 cmp=com.example.dogglers/androidx.test.core.app.InstrumentationActivityInvoker$EmptyActivity }, activity=androidx.test.core.app.InstrumentationActivityInvoker$EmptyActivity@ae3129e
05-18 00:47:10.826  4633  4633 E pageboostd: Received HALT command code 2
05-18 00:47:10.826 23650 23650 I ViewRootImpl@d37bbeb[LauncherActivity]: performTraversals mFirst=false windowShouldResize=false viewVisibilityChanged=true mForceNextWindowRelayout=false params=null
05-18 00:47:10.827  1533  1533 I Layer   : id=113196 removedFromDrawingState Surface(name=a5e6516 StatusBar)/@0x266f9f6 - animation-leash of insets_animation#113196 (124)
05-18 00:47:10.827  1533  1533 I Layer   : id=113197 removedFromDrawingState Surface(name=b1c69c9 NavigationBar0)/@0x6818acd - animation-leash of insets_animation#113197 (124)
05-18 00:47:10.827  1533  1533 I SurfaceFlinger: [41ea68a com.sec.android.app.launcher/com.sec.android.app.launcher.activities.LauncherActivity#104] FrameRatePriority: -1
05-18 00:47:10.827  1533  1533 I Layer   : id=113194 Destroyed Surface(name=b1c69c9 NavigationBar0)/@0x6818acd - animation-leash of insets_animation#113194
05-18 00:47:10.827  1533  1533 I Layer   : id=113193 Destroyed Surface(name=a5e6516 StatusBar)/@0x266f9f6 - animation-leash of insets_animation#113193
05-18 00:47:10.827  1533  3008 I SurfaceFlinger: id=113200 createSurf, flag=24000, Surface(name=a5e6516 StatusBar)/@0x266f9f6 - animation-leash of insets_animation#113200
05-18 00:47:10.828  2315  2435 D EnterpriseDeviceManagerService: isMdmAdminPresentInternal() : MDM Admin Found - com.samsung.knox.securefolder
05-18 00:47:10.828  1533  3008 I SurfaceFlinger: id=113201 createSurf, flag=24000, Surface(name=b1c69c9 NavigationBar0)/@0x6818acd - animation-leash of insets_animation#113201
05-18 00:47:10.828 24387 24387 I GsaVoiceInteractionSrv: Handling ACTION_STOP_HOTWORD
05-18 00:47:10.829  3588 24468 I TouchInteractionService: onSystemUiStateChanged, stateFlags : 0 |
05-18 00:47:10.830  2315  2848 V WindowManager: Relayout hash=41ea68a, pid=3588, syncId=-1: mAttrs={(0,0)(fillxfill) sim={adjust=nothing} layoutInDisplayCutoutMode=shortEdges ty=BASE_APPLICATION fmt=TRANSPARENT wanim=0x10302f4
05-18 00:47:10.830  2315  2848 V WindowManager:   fl=81910100
05-18 00:47:10.830  2315  2848 V WindowManager:   pfl=1e020040
05-18 00:47:10.830  2315  2848 V WindowManager:   vsysui=1700
05-18 00:47:10.830  2315  2848 V WindowManager:   bhv=SHOW_TRANSIENT_BARS_BY_SWIPE
05-18 00:47:10.830  2315  2848 V WindowManager:   fitSides= screenDimDuration=100000 naviIconColor=0}
05-18 00:47:10.830 19748 19748 I MSHandlerLifeCycle: removeMultiSplitHandler: no exist. decor=DecorView@2625995[InstrumentationActivityInvoker$EmptyActivity]
05-18 00:47:10.830  1533  3008 I SurfaceFlinger: id=113197 Removed Surface(name=b1c69c9 NavigationBar0)/@0x6818acd - animation-leash of insets_animation#113197 (124)
05-18 00:47:10.830  1533  3008 I SurfaceFlinger: id=113196 Removed Surface(name=a5e6516 StatusBar)/@0x266f9f6 - animation-leash of insets_animation#113196 (124)
05-18 00:47:10.831  3588  3588 I ViewRootImpl@c60680d[LauncherActivity]: updateBlastSurfaceIfNeeded mBlastBufferQueue=null isSameSurfaceControl=false
05-18 00:47:10.831  3588  3588 I BLASTBufferQueue: new BLASTBufferQueue, mName= ViewRootImpl@c60680d[LauncherActivity] mNativeObject= 0xb4000073b72df710 sc.mNativeObject= 0xb4000073472cd720 caller= android.view.ViewRootImpl.updateBlastSurfaceIfNeeded:2909 android.view.ViewRootImpl.relayoutWindow:9847 android.view.ViewRootImpl.performTraversals:3884 android.view.ViewRootImpl.doTraversal:3116 android.view.ViewRootImpl$TraversalRunnable.run:10885 android.view.Choreographer$CallbackRecord.run:1301 android.view.Choreographer$CallbackRecord.run:1309 android.view.Choreographer.doCallbacks:923 android.view.Choreographer.doFrame:852 android.view.Choreographer$FrameDisplayEventReceiver.run:1283
05-18 00:47:10.831  3588  3588 I BLASTBufferQueue: update, w= 1440 h= 3088 mName = ViewRootImpl@c60680d[LauncherActivity] mNativeObject= 0xb4000073b72df710 sc.mNativeObject= 0xb4000073472cd720 format= -2 caller= android.graphics.BLASTBufferQueue.<init>:84 android.view.ViewRootImpl.updateBlastSurfaceIfNeeded:2909 android.view.ViewRootImpl.relayoutWindow:9847 android.view.ViewRootImpl.performTraversals:3884 android.view.ViewRootImpl.doTraversal:3116 android.view.ViewRootImpl$TraversalRunnable.run:10885
05-18 00:47:10.831  3588  3588 I ViewRootImpl@c60680d[LauncherActivity]: Relayout returned: old=(0,0,1440,3088) new=(0,0,1440,3088) req=(1440,3088)0 dur=6 res=0x1 s={true 0xb4000074473fb6e0} ch=true seqId=0
05-18 00:47:10.831  3588  3588 I ViewRootImpl@c60680d[LauncherActivity]: mThreadedRenderer.initialize() mSurface={isValid=true 0xb4000074473fb6e0} hwInitialized=true
05-18 00:47:10.831  3588  3588 I ViewRootImpl@c60680d[LauncherActivity]: reportNextDraw android.view.ViewRootImpl.performTraversals:4438 android.view.ViewRootImpl.doTraversal:3116 android.view.ViewRootImpl$TraversalRunnable.run:10885 android.view.Choreographer$CallbackRecord.run:1301 android.view.Choreographer$CallbackRecord.run:1309
05-18 00:47:10.831  3588  3588 I ViewRootImpl@c60680d[LauncherActivity]: Setup new sync id=1601
05-18 00:47:10.831  3588  3588 I ViewRootImpl@c60680d[LauncherActivity]: Setting syncFrameCallback
05-18 00:47:10.831  3588  3588 I ViewRootImpl@c60680d[LauncherActivity]: registerCallbacksForSync syncBuffer=false
05-18 00:47:10.832  2315  6291 V WindowManager: Relayout Window{f654c03 u0 com.sec.android.app.launcher/com.sec.android.app.launcher.activities.LauncherActivity EXITING}: viewVisibility=0 req=1440x3088 d0
05-18 00:47:10.833  3588  3588 I BadgeRenderer: Invalid count : 0
05-18 00:47:10.833  3588  3588 I BadgeRenderer: Invalid count : 0
05-18 00:47:10.833  3588  3588 I BadgeRenderer: Invalid count : 0
05-18 00:47:10.833  2315  6291 V WindowManager: Relayout hash=f654c03, pid=23650, syncId=-1: mAttrs={(0,0)(fillxfill) gr=LEFT CENTER_HORIZONTAL sim={adjust=resize} layoutInDisplayCutoutMode=shortEdges ty=DRAWN_APPLICATION fmt=TRANSPARENT wanim=0x10302f4 alpha=0.0
05-18 00:47:10.833  2315  6291 V WindowManager:   fl=81850118
05-18 00:47:10.833  2315  6291 V WindowManager:   pfl=16020040
05-18 00:47:10.833  2315  6291 V WindowManager:   bhv=DEFAULT
05-18 00:47:10.833  2315  6291 V WindowManager:   fitSides=
05-18 00:47:10.833  2315  6291 V WindowManager:  dimAmount=0.0 naviIconColor=0}
05-18 00:47:10.834 23650 23650 I ViewRootImpl@d37bbeb[LauncherActivity]: updateBlastSurfaceIfNeeded mBlastBufferQueue=null isSameSurfaceControl=false
05-18 00:47:10.834  2315  4570 I MediaSessionMonitor: Media session stopped : controllerList empty
05-18 00:47:10.834 23650 23650 I BLASTBufferQueue: new BLASTBufferQueue, mName= ViewRootImpl@d37bbeb[LauncherActivity] mNativeObject= 0xb4000073b725cc70 sc.mNativeObject= 0xb40000734729f8e0 caller= android.view.ViewRootImpl.updateBlastSurfaceIfNeeded:2909 android.view.ViewRootImpl.relayoutWindow:9847 android.view.ViewRootImpl.performTraversals:3884 android.view.ViewRootImpl.doTraversal:3116 android.view.ViewRootImpl$TraversalRunnable.run:10885 android.view.Choreographer$CallbackRecord.run:1301 android.view.Choreographer$CallbackRecord.run:1309 android.view.Choreographer.doCallbacks:923 android.view.Choreographer.doFrame:852 android.view.Choreographer$FrameDisplayEventReceiver.run:1283
05-18 00:47:10.834  3588  6252 I ViewRootImpl@c60680d[LauncherActivity]: Received frameDrawingCallback syncResult=0 frameNum=1.
05-18 00:47:10.834 23650 23650 I BLASTBufferQueue: update, w= 1440 h= 3088 mName = ViewRootImpl@d37bbeb[LauncherActivity] mNativeObject= 0xb4000073b725cc70 sc.mNativeObject= 0xb40000734729f8e0 format= -2 caller= android.graphics.BLASTBufferQueue.<init>:84 android.view.ViewRootImpl.updateBlastSurfaceIfNeeded:2909 android.view.ViewRootImpl.relayoutWindow:9847 android.view.ViewRootImpl.performTraversals:3884 android.view.ViewRootImpl.doTraversal:3116 android.view.ViewRootImpl$TraversalRunnable.run:10885
05-18 00:47:10.834  3588  6252 I ViewRootImpl@c60680d[LauncherActivity]: Setting up sync and frameCommitCallback
05-18 00:47:10.834 23650 23650 I ViewRootImpl@d37bbeb[LauncherActivity]: Relayout returned: old=(0,0,1440,3088) new=(0,0,1440,3088) req=(1440,3088)0 dur=8 res=0x1 s={true 0xb40000744725e6c0} ch=true seqId=0
05-18 00:47:10.834 23650 23650 I ViewRootImpl@d37bbeb[LauncherActivity]: mThreadedRenderer.initialize() mSurface={isValid=true 0xb40000744725e6c0} hwInitialized=true
05-18 00:47:10.835 23650 23650 I ViewRootImpl@d37bbeb[LauncherActivity]: reportNextDraw android.view.ViewRootImpl.performTraversals:4438 android.view.ViewRootImpl.doTraversal:3116 android.view.ViewRootImpl$TraversalRunnable.run:10885 android.view.Choreographer$CallbackRecord.run:1301 android.view.Choreographer$CallbackRecord.run:1309
05-18 00:47:10.835 23650 23650 I ViewRootImpl@d37bbeb[LauncherActivity]: Setup new sync id=30
05-18 00:47:10.835 23650 23746 D OpenGLRenderer: eglCreateWindowSurface
05-18 00:47:10.835 23650 23650 I ViewRootImpl@d37bbeb[LauncherActivity]: Setting syncFrameCallback
05-18 00:47:10.835 23650 23650 I ViewRootImpl@d37bbeb[LauncherActivity]: registerCallbacksForSync syncBuffer=false
05-18 00:47:10.835  1533  1533 I Layer   : id=113198 removedFromDrawingState Surface(name=a5e6516 StatusBar)/@0x266f9f6 - animation-leash of insets_animation#113198 (124)
05-18 00:47:10.835  1533  1533 I Layer   : id=113199 removedFromDrawingState Surface(name=b1c69c9 NavigationBar0)/@0x6818acd - animation-leash of insets_animation#113199 (124)
05-18 00:47:10.835  1533  1533 I SurfaceFlinger: [41ea68a com.sec.android.app.launcher/com.sec.android.app.launcher.activities.LauncherActivity#104] FrameRatePriority: 1
05-18 00:47:10.835  1533  1533 I Layer   : id=113196 Destroyed Surface(name=a5e6516 StatusBar)/@0x266f9f6 - animation-leash of insets_animation#113196
05-18 00:47:10.835  1533  1533 I Layer   : id=113197 Destroyed Surface(name=b1c69c9 NavigationBar0)/@0x6818acd - animation-leash of insets_animation#113197
05-18 00:47:10.836 23650 23753 I ViewRootImpl@d37bbeb[LauncherActivity]: Received frameDrawingCallback syncResult=0 frameNum=1.
05-18 00:47:10.836 23650 23753 I ViewRootImpl@d37bbeb[LauncherActivity]: Setting up sync and frameCommitCallback
05-18 00:47:10.836  2315  3567 D InputDispatcher: Focus request (0): 41ea68a com.sec.android.app.launcher/com.sec.android.app.launcher.activities.LauncherActivity but waiting because NOT_FOCUSABLE
05-18 00:47:10.837 23650 23746 I BLASTBufferQueue: [ViewRootImpl@d37bbeb[LauncherActivity]#29](f:0,a:0) onFrameAvailable the first frame is available
05-18 00:47:10.838 23650 23746 I ViewRootImpl@d37bbeb[LauncherActivity]: Received frameCommittedCallback lastAttemptedDrawFrameNum=1 didProduceBuffer=true
05-18 00:47:10.838 19748 19748 D LifecycleMonitor: Lifecycle status change: androidx.test.core.app.InstrumentationActivityInvoker$EmptyActivity@ae3129e in: DESTROYED
05-18 00:47:10.838 19748 19748 V ActivityScenario: Activity lifecycle changed event received but ignored because the intent does not match. startActivityIntent=Intent { act=android.intent.action.MAIN cat=[android.intent.category.LAUNCHER] cmp=com.example.dogglers/.GridListActivity }, activity.getIntent()=Intent { act=android.intent.action.MAIN cat=[android.intent.category.LAUNCHER] flg=0x10000000 cmp=com.example.dogglers/androidx.test.core.app.InstrumentationActivityInvoker$EmptyActivity }, activity=androidx.test.core.app.InstrumentationActivityInvoker$EmptyActivity@ae3129e
05-18 00:47:10.838 23650 23650 I ViewRootImpl@d37bbeb[LauncherActivity]: onSyncComplete
05-18 00:47:10.838 23650 23650 I ViewRootImpl@d37bbeb[LauncherActivity]: setupSync seqId=0 mSyncId=30 fn=1 caller=android.view.ViewRootImpl$$ExternalSyntheticLambda11.accept:6 android.window.SurfaceSyncer.lambda$setupSync$1$android-window-SurfaceSyncer:128 android.window.SurfaceSyncer$$ExternalSyntheticLambda1.accept:8 android.window.SurfaceSyncer$SyncSet.checkIfSyncIsComplete:382 android.window.SurfaceSyncer$SyncSet.markSyncReady:359 android.window.SurfaceSyncer.markSyncReady:151 android.view.ViewRootImpl.performTraversals:4503
05-18 00:47:10.838 23650 23650 I ViewRootImpl@d37bbeb[LauncherActivity]: reportDrawFinished seqId=0 mSyncId=-1 fn=1 mSurfaceChangedTransaction=0xb400007377267850
05-18 00:47:10.838  3588  6899 I IntelligentPlatformManagerImpl: subscribeWidgetFocus() id : 85
05-18 00:47:10.838 19748 19748 I MSHandlerLifeCycle: removeMultiSplitHandler: no exist. decor=DecorView@2625995[InstrumentationActivityInvoker$EmptyActivity]
05-18 00:47:10.839 19748 19789 D OpenGLRenderer: setSurface called with nullptr
05-18 00:47:10.839 19748 19789 D OpenGLRenderer: setSurface() destroyed EGLSurface
05-18 00:47:10.839 19748 19789 D OpenGLRenderer: destroyEglSurface
05-18 00:47:10.839  5964  5964 I ActivityUtils: HomePackage : com.sec.android.app.launcher, resumePackageName : com.sec.android.app.launcher
05-18 00:47:10.839 19748 19748 I ViewRootImpl@e17ea38[InstrumentationActivityInvoker$EmptyActivity]: dispatchDetachedFromWindow
05-18 00:47:10.840  3588  5916 I BLASTBufferQueue: [ViewRootImpl@c60680d[LauncherActivity]#1578](f:0,a:0) onFrameAvailable the first frame is available
05-18 00:47:10.841  2315  3073 D InputTransport: Input channel destroyed: '733961c', fd=869
05-18 00:47:10.841  2315  3073 W InputManager-JNI: Input channel object '733961c com.example.dogglers/androidx.test.core.app.InstrumentationActivityInvoker$EmptyActivity (client)' was disposed without first being removed with the input manager!
05-18 00:47:10.841  2315  3073 D InputTransport: Input channel destroyed: '733961c', fd=879
05-18 00:47:10.841  3588  5916 I ViewRootImpl@c60680d[LauncherActivity]: Received frameCommittedCallback lastAttemptedDrawFrameNum=1 didProduceBuffer=true
05-18 00:47:10.841  3588  3588 I ViewRootImpl@c60680d[LauncherActivity]: onSyncComplete
05-18 00:47:10.842  3588  3588 I ViewRootImpl@c60680d[LauncherActivity]: setupSync seqId=0 mSyncId=1601 fn=1 caller=android.view.ViewRootImpl$$ExternalSyntheticLambda11.accept:6 android.window.SurfaceSyncer.lambda$setupSync$1$android-window-SurfaceSyncer:128 android.window.SurfaceSyncer$$ExternalSyntheticLambda1.accept:8 android.window.SurfaceSyncer$SyncSet.checkIfSyncIsComplete:382 android.window.SurfaceSyncer$SyncSet.markSyncReady:359 android.window.SurfaceSyncer.markSyncReady:151 android.view.ViewRootImpl.performTraversals:4503
05-18 00:47:10.842  3588  3588 I ViewRootImpl@c60680d[LauncherActivity]: reportDrawFinished seqId=0 mSyncId=-1 fn=1 mSurfaceChangedTransaction=0xb400007377262cf0
05-18 00:47:10.842  3588  3588 I BaseActivity: addActivityFlags, flags : 4
05-18 00:47:10.843  3588  3588 I Launcher: onDeferredResumed
05-18 00:47:10.843  3588  3588 I InstallShortcutReceiver: flushInstallQueue 0
05-18 00:47:10.843  3588  3588 I Launcher.NotificationListener: onNotificationFullRefresh
05-18 00:47:10.843 19748 19748 D InputTransport: Input channel destroyed: '733961c', fd=122
05-18 00:47:10.843  3588  3588 I BadgeCountUpdaterImpl: onNotificationsChangedConnected
05-18 00:47:10.843  3588  3588 W LauncherAppWidgetHost: setShouldListenFlag, mFlags:7 flag:resume on:true isFront:false
05-18 00:47:10.843  3588  3588 I RecentsAnimationDeviceState: setSystemUiFlags, stateFlags : 0
05-18 00:47:10.843  3588  3588 I TouchInteractionService: onSystemUiFlagsChanged, lastSysUIFlags : 131072
05-18 00:47:10.844  1533  1533 D BufferStateLayer: [com.sec.android.app.launcher/com.sec.android.app.launcher.activities.LauncherActivity$_23650#113155] frameNumber is overwritten with lower number. (mDrawingState.frameNumber: 1, bufferData.frameNumber: 1)
05-18 00:47:10.844  1533  1533 D BufferStateLayer: [com.sec.android.app.launcher/com.sec.android.app.launcher.activities.LauncherActivity$_3588#113156] frameNumber is overwritten with lower number. (mDrawingState.frameNumber: 263, bufferData.frameNumber: 1)
05-18 00:47:10.844  1533  1533 I Layer   : id=113185 removedFromDrawingState com.example.dogglers/androidx.test.core.app.InstrumentationActivityInvoker$EmptyActivity$_19748#113185 (122)
05-18 00:47:10.844  1533  1533 I Layer   : id=113184 removedFromDrawingState 733961c com.example.dogglers/androidx.test.core.app.InstrumentationActivityInvoker$EmptyActivity#113184 (122)
05-18 00:47:10.845 19748 19748 I ViewRootImpl@ea4ef44[GridListActivity]: stopped(true) old = false
05-18 00:47:10.845  1533  3178 I SurfaceFlinger: id=113183 Removed 6c661c0 ActivityRecordInputSink com.example.dogglers/androidx.test.core.app.InstrumentationActivityInvoker$EmptyActivity#113183 (122)
05-18 00:47:10.845 19748 19748 I ViewRootImpl@ea4ef44[GridListActivity]: WindowStopped on com.example.dogglers/com.example.dogglers.GridListActivity set to true
05-18 00:47:10.845  1533  1681 I SurfaceFlinger: id=113185 Removed com.example.dogglers/androidx.test.core.app.InstrumentationActivityInvoker$EmptyActivity$_19748#113185 (122)
05-18 00:47:10.845  1533  1681 I SurfaceFlinger: id=113184 Removed 733961c com.example.dogglers/androidx.test.core.app.InstrumentationActivityInvoker$EmptyActivity#113184 (122)
05-18 00:47:10.846  3588  3588 I LauncherRootView: handleSystemWindowInsets Rect(0, 100 - 0, 168)
05-18 00:47:10.846  3588  3983 I InstallShortcutReceiver: flushQueueInBackground 0
05-18 00:47:10.847 19748 19748 D LifecycleMonitor: Lifecycle status change: com.example.dogglers.GridListActivity@f197277 in: STOPPED
05-18 00:47:10.847 19748 19748 V ActivityScenario: Update currentActivityStage to STOPPED, currentActivity=com.example.dogglers.GridListActivity@f197277
05-18 00:47:10.847 19748 19748 I MSHandlerLifeCycle: removeMultiSplitHandler: no exist. decor=DecorView@adb475a[GridListActivity]
05-18 00:47:10.848 24387 24387 I GsaVoiceInteractionSrv: Handling ACTION_START_HOTWORD
05-18 00:47:10.848  3588  3983 I Launcher.NotificationListener: Full refresh isConnected : true active size : 0
05-18 00:47:10.848  3588  3588 I PopupDataProvider: onNotificationFullRefresh prev dotInfoSize : 0
05-18 00:47:10.848 19748 19748 D LifecycleMonitor: Lifecycle status change: com.example.dogglers.GridListActivity@f197277 in: DESTROYED
05-18 00:47:10.848 24387 24420 I GsaVoiceInteractionSrv: (REDACTED) disregardHotwordSetting: %b
05-18 00:47:10.848 19748 19748 V ActivityScenario: Update currentActivityStage to DESTROYED, currentActivity=null
05-18 00:47:10.848 24387 24420 I GsaVoiceInteractionSrv: Cannot start hotword, hotword has been explicitly disabled.
05-18 00:47:10.849 19748 19748 I MSHandlerLifeCycle: removeMultiSplitHandler: no exist. decor=DecorView@adb475a[GridListActivity]
05-18 00:47:10.850  3085  3214 D WallpaperService: dispatchAppVisibility onVisibilityChanged(): true
05-18 00:47:10.850  3085  3085 D WallpaperService: updateSurface forceRelayout=true forceReport=false redrawNeeded=false myWidth=2779 myHeight=3088 fixedSize=true x = 0 y = 0 mWidth=2779 mHeight=3088 mIsSleepMode=false
05-18 00:47:10.850  3085  3085 D WallpaperService: mDeviceHeight : 3088, mDeviceWidth : 1440,mDeviceRotation  : 0
05-18 00:47:10.850 19748 19789 D OpenGLRenderer: setSurface called with nullptr
05-18 00:47:10.850 19748 19748 I ViewRootImpl@ea4ef44[GridListActivity]: dispatchDetachedFromWindow
05-18 00:47:10.851  1533  1680 I SurfaceFlinger: id=113202 createSurf, flag=24000, Surface(name=Task=1006)/@0x4ab7c85 - animation-leash of app_transition#113202
05-18 00:47:10.852  1533  1680 I SurfaceFlinger: id=113203 createSurf, flag=24004, Surface(name=Task=1)/@0x889ba84 - animation-leash of app_transition#113203
05-18 00:47:10.852  1533  1533 I Layer   : id=113182 removedFromDrawingState ActivityRecord{ec04ef9 u0 com.example.dogglers/androidx.test.core.app.InstrumentationActivityInvoker$EmptyActivity} t1006}#113182 (124)
05-18 00:47:10.852  1533  1533 I Layer   : id=113183 removedFromDrawingState 6c661c0 ActivityRecordInputSink com.example.dogglers/androidx.test.core.app.InstrumentationActivityInvoker$EmptyActivity#113183 (124)
05-18 00:47:10.852  1533  1533 I SurfaceFlinger: id=113182 Removed ActivityRecord{ec04ef9 u0 com.example.dogglers/androidx.test.core.app.InstrumentationActivityInvoker$EmptyActivity} t1006}#113182 (124)
05-18 00:47:10.852  1533  1533 I Layer   : id=113184 Destroyed 733961c com.example.dogglers/androidx.test.core.app.InstrumentationActivityInvoker$EmptyActivity#113184
05-18 00:47:10.852  1533  1533 I Layer   : id=113185 Destroyed com.example.dogglers/androidx.test.core.app.InstrumentationActivityInvoker$EmptyActivity$_19748#113185
05-18 00:47:10.852  1533  1533 I Layer   : id=113182 Destroyed ActivityRecord{ec04ef9 u0 com.example.dogglers/androidx.test.core.app.InstrumentationActivityInvoker$EmptyActivity} t1006}#113182
05-18 00:47:10.852  1533  1533 I Layer   : id=113183 Destroyed 6c661c0 ActivityRecordInputSink com.example.dogglers/androidx.test.core.app.InstrumentationActivityInvoker$EmptyActivity#113183
05-18 00:47:10.853  1533  1680 I SurfaceFlinger: id=113204 createSurf, flag=24000, Surface(name=WallpaperWindowToken{e4c3164 token=android.os.Binder@b21eef7})/@0x229faf0 - animation-leash of window_animation#113204
05-18 00:47:10.854  1533  1533 I Layer   : id=113205 Destroyed Screenshot Parent#113205
05-18 00:47:10.855  5639  6321 D KnoxHelper: getActivityList callingUserId: 0, target user: 0
05-18 00:47:10.857  5639  6321 D KnoxHelper: getActivityList callingUserId: 0, target user: 0
05-18 00:47:10.858  5639  6321 D KnoxHelper: getActivityList callingUserId: 0, target user: 0
05-18 00:47:10.859  5639  6321 D KnoxHelper: getActivityList callingUserId: 0, target user: 0
05-18 00:47:10.859  3085  3163 D Bubbles : onLocusVisibilityChanged: LocusId[17_chars] visible=true
05-18 00:47:10.859  3588 24468 I LauncherAnimationRunner: onAnimationStart, appTargets : [Lcom.android.systemui.shared.system.RemoteAnimationTargetCompat;@d1e7390 mStartAtFrontOfQueue : false
05-18 00:47:10.860  5639  6321 D KnoxHelper: getActivityList callingUserId: 0, target user: 0
05-18 00:47:10.860  2315  6291 D InputTransport: Input channel destroyed: '5886ce7', fd=1210
05-18 00:47:10.860  2315  6291 W InputManager-JNI: Input channel object '5886ce7 com.example.dogglers/com.example.dogglers.GridListActivity (client)' was disposed without first being removed with the input manager!
05-18 00:47:10.860  2315  6291 D InputTransport: Input channel destroyed: '5886ce7', fd=1211
05-18 00:47:10.860  3588  3588 I Launcher: getFirstMatch : no matching view
05-18 00:47:10.860  3588  3588 W AppTransitionAnimatorImpl: closing animation without floating view
05-18 00:47:10.860  1533  1533 I Layer   : Layer [com.sec.android.app.launcher/com.sec.android.app.launcher.activities.LauncherActivity$_3588#113156] hidden!! flag(0)
05-18 00:47:10.860  1533  1533 I Layer   : Layer [com.sec.android.app.launcher/com.sec.android.app.launcher.activities.LauncherActivity$_23650#113155] hidden!! flag(0)
05-18 00:47:10.860  3588  3588 I AppTransitionAnimatorImpl: window bounds: Rect(0, 0 - 1440, 3088), target bounds: RectF(0.0, 0.0, 1440.0, 3088.0)
05-18 00:47:10.861  3588  3588 I ScrimView: setCurrentFlatColor mProgress = 0.75, mCurrentFlatColor = 40000000
05-18 00:47:10.861  3588  3588 I AnimationResult: setAnimation : null
05-18 00:47:10.861  3588  3588 W AppTransitionAnimatorImpl: onAnimationStart - APP OUT
05-18 00:47:10.861  2315  5947 V WindowManager: Relayout Window{2c5c30a u0 com.android.systemui.ImageWallpaper}: viewVisibility=0 req=2779x3088 d0
05-18 00:47:10.861 19748 19748 D InputTransport: Input channel destroyed: '5886ce7', fd=102
05-18 00:47:10.863  2315  5947 V WindowManager: Relayout hash=2c5c30a, pid=3085, syncId=-1: mAttrs={(0,0)(2779x3088) gr=TOP START CENTER layoutInDisplayCutoutMode=always ty=WALLPAPER fmt=RGBX_8888 wanim=0x103031a
05-18 00:47:10.863  2315  5947 V WindowManager:   fl=14318
05-18 00:47:10.863  2315  5947 V WindowManager:   pfl=2000014
05-18 00:47:10.863  2315  5947 V WindowManager:   bhv=DEFAULT naviIconColor=0}
05-18 00:47:10.863  1533  1680 I SurfaceFlinger: id=113175 Removed dabfbd2 ActivityRecordInputSink com.example.dogglers/.GridListActivity#113175 (121)
05-18 00:47:10.863  5639  6321 D KnoxHelper: getActivityList callingUserId: 0, target user: 0
05-18 00:47:10.863  1533  1680 I SurfaceFlinger: id=113199 Removed Surface(name=b1c69c9 NavigationBar0)/@0x6818acd - animation-leash of insets_animation#113199 (121)
05-18 00:47:10.863  1533  1680 I SurfaceFlinger: id=113198 Removed Surface(name=a5e6516 StatusBar)/@0x266f9f6 - animation-leash of insets_animation#113198 (121)
05-18 00:47:10.863  3085  3085 I BLASTBufferQueue: update, w= 2779 h= 3088 mName = Wallpaper mNativeObject= 0xb4000073b7285fd0 sc.mNativeObject= 0xb400007347302a40 format= 2 caller= android.service.wallpaper.WallpaperService$Engine.getOrCreateBLASTSurface:2575 android.service.wallpaper.WallpaperService$Engine.updateSurface:1527 android.service.wallpaper.WallpaperService$Engine.reportVisibility:1902 android.service.wallpaper.WallpaperService$Engine.doVisibilityChanged:1872 android.service.wallpaper.WallpaperService$IWallpaperEngineWrapper.executeMessage:2842 com.android.internal.os.HandlerCaller$MyHandler.handleMessage:44
05-18 00:47:10.864  3085  3085 D WallpaperService: reportVisibility onVisibilityChanged visible: true
05-18 00:47:10.864  3085  3389 I ImageWallpaper[GLEngine]:  onVisibilityChanged true , 0
05-18 00:47:10.864 19748 19773 I TestRunner: finished: recycler_view_item_count(com.example.dogglers.GridListTests)
