05-18 00:47:10.569  1533  1533 I Layer   : id=113157 Destroyed Surface(name=a5e6516 StatusBar)/@0x266f9f6 - animation-leash of insets_animation#113157
05-18 00:47:10.569  1533  1533 I Layer   : id=113158 Destroyed Surface(name=b1c69c9 NavigationBar0)/@0x6818acd - animation-leash of insets_animation#113158
05-18 00:47:10.569  4393  4489 I EPDG -- SIM0 [SMARTCELLULAR]: onSignalStrengthsChanged: SignalStrength:{mCdma=Invalid,mGsm=Invalid,mWcdma=Invalid,mTdscdma=Invalid,mLte=CellSignalStrengthLte: rssi=-75 rsrp=-106 rsrq=-8 rssnr=12 cqiTableIndex=2147483647 cqi=2147483647 ta=2147483647 level=1 parametersUseForLevel=0,mNr=Invalid,SignalBarInfo{ lteLevel=3 },rat=14,primary=CellSignalStrengthLte}
05-18 00:47:10.569  3085  3339 D MobileStatusTracker(0/1): onSignalStrengthsChanged level=1, vendorLevel=3
05-18 00:47:10.569  2315  2357 D InputDispatcher: Focus request (0): 5886ce7 com.example.dogglers/com.example.dogglers.GridListActivity but waiting because NO_WINDOW
05-18 00:47:10.570  3085  3339 D MobileDataIconResource: adjustNetworkTypeForVZW networkType=13, voiceNetworkType=13 callingState=false hasVolteCall=false
05-18 00:47:10.570  4393  4595 I EPDG -- SIM0 [SMARTCELLULAR]: lastLteRSRP is -102 currentLteRSRP is -106 lastLteRSRQ is -8 currentLteRSRQ is -8 lastLteSNR is 12 currentLteSNR is 12
05-18 00:47:10.570  3085  3339 D MobileSignalController(0/1): notifyListener: enabled=true, connected=true, dataConnected=false, networkType=LTE (4G_VZW), emergencyOnly=false, roaming=false, isDefault=false, dataActivity=, level=3, ca=false, mmWave=false, disabledDataIcon=false, simCard=VZW
05-18 00:47:10.570  1533  1533 D SurfaceFlinger: Display 4630947232161729154 HWC layers:
05-18 00:47:10.570  1533  1533 D SurfaceFlinger:      DEVICE | 0xb400006f7023ac30 | 0100 | RGBx_8888    |  670.0    0.0 2110.0 3088.0 |    0    0 1440 3088 | Wallpaper BBQ wrapper#79
05-18 00:47:10.570  1533  1533 D SurfaceFlinger:      DEVICE | 0xb400006f7024b6d0 | 0100 | RGBA_8888    |    0.0    0.0 1440.0 3088.0 |    0    0 1440 3088 | com.sec.android.app.launcher/com.sec[...]vities.LauncherActivity$_3588#113156
05-18 00:47:10.570  1533  1533 D SurfaceFlinger:      DEVICE | 0xb400006f7024e8e0 | 0100 | RGBA_8888    |    0.0    0.0 1440.0 3088.0 |   32   69 1408 3019 | Splash Screen com.example.dogglers$_3085#113171
05-18 00:47:10.570  1533  1533 D SurfaceFlinger:      DEVICE | 0xb400006f7022ad60 | 0100 | RGBA_8888    |    0.0    0.0 1440.0  100.0 |    0    0 1440  100 | StatusBar$_3085#85
05-18 00:47:10.570  1533  1533 D SurfaceFlinger:      DEVICE | 0xb400006f7022a220 | 0100 | RGBA_8888    |    0.0    0.0   67.0  456.0 | 1373  584 1440 1040 | com.samsung.android.app.cocktailbars[...]vice.CocktailBarService$_5964#112833
05-18 00:47:10.570  1533  1533 D SurfaceFlinger:      DEVICE | 0xb400006f7022d5e0 | 0100 | RGBA_8888    |    0.0    0.0 1440.0  168.0 |    0 2920 1440 3088 | NavigationBar0$_3085#80
05-18 00:47:10.570  1533  1533 D SurfaceFlinger:
05-18 00:47:10.579  3085  3339 D NetworkController: SignalStrength from intent slotId=0
05-18 00:47:10.618 19748 19789 I BLASTBufferQueue: [ViewRootImpl@ea4ef44[GridListActivity]#0](f:0,a:0) onFrameAvailable the first frame is available
05-18 00:47:10.618 19748 19789 I ViewRootImpl@ea4ef44[GridListActivity]: Received frameCommittedCallback lastAttemptedDrawFrameNum=1 didProduceBuffer=true
05-18 00:47:10.619 19748 19789 D OpenGLRenderer: CFMS:: SetUp Pid : 19748    Tid : 19789
05-18 00:47:10.620 19748 19789 W Parcel  : Expecting binder but got null!
05-18 00:47:10.620 19748 19748 I ViewRootImpl@ea4ef44[GridListActivity]: onSyncComplete
05-18 00:47:10.620 19748 19748 I ViewRootImpl@ea4ef44[GridListActivity]: setupSync seqId=0 mSyncId=0 fn=1 caller=android.view.ViewRootImpl$$ExternalSyntheticLambda11.accept:6 android.window.SurfaceSyncer.lambda$setupSync$1$android-window-SurfaceSyncer:128 android.window.SurfaceSyncer$$ExternalSyntheticLambda1.accept:8 android.window.SurfaceSyncer$SyncSet.checkIfSyncIsComplete:382 android.window.SurfaceSyncer$SyncSet.markSyncReady:359 android.window.SurfaceSyncer.markSyncReady:151 android.view.ViewRootImpl.performTraversals:4503
05-18 00:47:10.620 19748 19748 I ViewRootImpl@ea4ef44[GridListActivity]: reportDrawFinished seqId=0 mSyncId=-1 fn=1 mSurfaceChangedTransaction=0xb400007377263cb0
05-18 00:47:10.623  2315  2432 W ziparchive: Unable to open '/data/app/~~t9JysnoALMJ2Y7O2VE-h-A==/com.example.dogglers-EZBbwEDSOuTOhfn12RJ3nw==/base.dm': No such file or directory
05-18 00:47:10.623  2315  2432 I PkgPredictorService-SecIpmManagerServiceImpl: reportToNAP uid:10725 com.example.dogglers/com.example.dogglers.GridListActivity thisTime:351
05-18 00:47:10.624  1533  3178 I SurfaceFlinger: id=113180 createSurf, flag=24000, Surface(name=5886ce7 com.example.dogglers/com.example.dogglers.GridListActivity)/@0x798c58e - animation-leash of starting_reveal#113180
05-18 00:47:10.629  2315  2356 D InputDispatcher: Focus entered window (0): 5886ce7 com.example.dogglers/com.example.dogglers.GridListActivity
05-18 00:47:10.629  3085  3257 I ViewRootImpl@508939f[dogglers]: mWNT: t=0xb4000073776e5b10 mBlastBufferQueue=0xb4000073b728aad0 fn= 2 caller= android.view.SyncRtSurfaceTransactionApplier.applyTransaction:96 android.view.SyncRtSurfaceTransactionApplier.lambda$scheduleApply$0$android-view-SyncRtSurfaceTransactionApplier:69 android.view.SyncRtSurfaceTransactionApplier$$ExternalSyntheticLambda0.onFrameDraw:4
05-18 00:47:10.629  3085  3257 I ViewRootImpl@508939f[dogglers]: mWNT: t=0xb4000073773b8510 mBlastBufferQueue=0xb4000073b728aad0 fn= 2 caller= android.view.SyncRtSurfaceTransactionApplier.applyTransaction:96 android.view.SyncRtSurfaceTransactionApplier.lambda$scheduleApply$0$android-view-SyncRtSurfaceTransactionApplier:69 android.view.SyncRtSurfaceTransactionApplier$$ExternalSyntheticLambda0.onFrameDraw:4
05-18 00:47:10.630 19748 19748 I ViewRootImpl@ea4ef44[GridListActivity]: MSG_WINDOW_FOCUS_CHANGED 1 0
05-18 00:47:10.630 19748 19748 I ViewRootImpl@ea4ef44[GridListActivity]: mThreadedRenderer.initializeIfNeeded()#2 mSurface={isValid=true 0xb40000744725e6c0}
05-18 00:47:10.630 19748 19748 D InputMethodManager: startInputInner - Id : 0
05-18 00:47:10.630 19748 19748 I InputMethodManager: startInputInner - mService.startInputOrWindowGainedFocus
05-18 00:47:10.631  1533  1533 D SurfaceFlinger: Display 4630947232161729154 HWC layers:
05-18 00:47:10.631  1533  1533 D SurfaceFlinger:      DEVICE | 0xb400006f7023ac30 | 0100 | RGBx_8888    |  670.0    0.0 2110.0 3088.0 |    0    0 1440 3088 | Wallpaper BBQ wrapper#79
05-18 00:47:10.631  1533  1533 D SurfaceFlinger:      DEVICE | 0xb400006f7024b6d0 | 0100 | RGBA_8888    |    0.0    0.0 1440.0 3088.0 |    0    0 1440 3088 | com.sec.android.app.launcher/com.sec[...]vities.LauncherActivity$_3588#113156
05-18 00:47:10.631  1533  1533 D SurfaceFlinger:      DEVICE | 0xb400006f7021cf30 | 0102 | RGBA_8888    |    0.0    0.0 1440.0 3088.0 |   15   32 1425 3056 | com.example.dogglers/com.example.dogglers.GridListActivity$_19748#113177
05-18 00:47:10.631  1533  1533 D SurfaceFlinger:      DEVICE | 0xb400006f7024e8e0 | 0100 | RGBA_8888    |    0.0    0.0 1440.0 3088.0 |   15   32 1425 3056 | Splash Screen com.example.dogglers$_3085#113171
05-18 00:47:10.631  1533  1533 D SurfaceFlinger:      DEVICE | 0xb400006f70233df0 | 0100 | RGBA_8888    |    0.0    0.0 1440.0  100.0 |    0    0 1440  100 | StatusBar$_3085#85
05-18 00:47:10.631  1533  1533 D SurfaceFlinger:      CLIENT | 0xb400006f7022a220 | 0100 | RGBA_8888    |    0.0    0.0   67.0  456.0 | 1373  584 1440 1040 | com.samsung.android.app.cocktailbars[...]vice.CocktailBarService$_5964#112833
05-18 00:47:10.631  1533  1533 D SurfaceFlinger:      CLI
05-18 00:47:10.631  1533  1533 D SurfaceFlinger: ENT | 0xb400006f7022d5e0 | 0100 | RGBA_8888    |    0.0    0.0 1440.0  168.0 |    0 2920 1440 3088 | NavigationBar0$_3085#80
05-18 00:47:10.631  1533  1533 D SurfaceFlinger:
05-18 00:47:10.631  2315  2432 I ActivityTaskManager: Displayed com.example.dogglers/.GridListActivity: +351ms
05-18 00:47:10.631  1533  4355 D NativeSemDvfsManager: acquire:: timeout = 2000 mIsAcquired = 1  mTagName : SurfaceFlinger
05-18 00:47:10.632  2315  2356 D InputMethodManagerService: DESKTOP MODE! : 2
05-18 00:47:10.632  2315  2356 D InputMethodManagerService: NOT IN KNOX DESKTOP MODE!
05-18 00:47:10.632  2315  2356 V InputMethodManagerService: getDisplayIdOfInputMethodWindowToBeAdded: displayId=0
05-18 00:47:10.632  4633  4633 E pageboostd: Received HALT command code 2
05-18 00:47:10.632  2315  2356 D InputTransport: Input channel constructed: 'ClientS', fd=832
05-18 00:47:10.632  2315  2356 D InputTransport: Input channel constructed: 'ClientS', fd=844
05-18 00:47:10.632  2315  2356 D InputTransport: Input channel destroyed: 'ClientS', fd=844
05-18 00:47:10.632  1533  4355 E NativeCustomFrequencyManager: [NativeCFMS] BpCustomFrequencyManager::acquire()
05-18 00:47:10.633  1412  1438 I HYPER-HAL: [RequestManager.cpp]acquire(): Acquired ID : 3210311  [1533 / 1000]    HINT : SF_GPU_MINLOCK    list : [TIMEOUT / 2000]
05-18 00:47:10.633  2315  5947 I SemDvfsHyPerManager: acquire hyper - AMS_RESUME_TAIL/2315@23, type = -999
05-18 00:47:10.633  2315  5947 I SemDvfsHyPerManager: acquire hyper - AMS_ACT_LAZY/2315@24, type = -999
05-18 00:47:10.634  1412  1438 I HYPER-HAL: [RequestManager.cpp]acquire(): Acquired ID : 2734314  [2315 / 23]    HINT : AMS_RESUME_TAIL    list :
05-18 00:47:10.634  2315  6291 D InputMethodManagerService: isImeSwitcherDisabledPackage : false
05-18 00:47:10.636  1412  1438 I HYPER-HAL: [RequestManager.cpp]acquire(): Acquired ID : 2736654  [2315 / 24]    HINT : AMS_ACT_LAZY    list :
05-18 00:47:10.636  1533  1533 D SurfaceFlinger: GPIS:: requestGPIS
05-18 00:47:10.636  3085  3258 I ViewRootImpl@508939f[dogglers]: mWNT: t=0xb4000073776d4890 mBlastBufferQueue=0xb4000073b728aad0 fn= 3 caller= android.view.SyncRtSurfaceTransactionApplier.applyTransaction:96 android.view.SyncRtSurfaceTransactionApplier.lambda$scheduleApply$0$android-view-SyncRtSurfaceTransactionApplier:69 android.view.SyncRtSurfaceTransactionApplier$$ExternalSyntheticLambda0.onFrameDraw:4
05-18 00:47:10.638  1412  1438 I HYPER-HAL: [RequestManager.cpp]releaseLocked(): Released ID : 2738995
05-18 00:47:10.639  2315  6291 D InputMethodManagerService: checkDisplayOfStartInputAndUpdateKeyboard: displayId=0, mFocusedDisplayId=0
05-18 00:47:10.639  2315  6291 D InputTransport: Input channel constructed: 'ClientS', fd=850
05-18 00:47:10.639  2315  6291 D InputTransport: Input channel destroyed: 'ClientS', fd=850
05-18 00:47:10.640  5591  5591 I HBD     : HoneyBoardService onFinishInput
05-18 00:47:10.640  5591  5591 I HBD     : a IC have been unbinding,  RemoteInputConnection{idHash=#15fff2b}
05-18 00:47:10.640  5591  5591 I HBD     : HoneyBoardService [PF_CL][onFinishInput]  0 ms
05-18 00:47:10.641  1533  3178 I SurfaceFlinger: id=113181 createSurf, flag=24004, Surface(name=daea37f InputMethod)/@0x913f89b - animation-leash of insets_animation#113181
05-18 00:47:10.641  5591  5591 I HBD     : HoneyBoardService [IMI] onStartInput - caller pid : 19748 , caller uid : 10725
05-18 00:47:10.641  5591  5591 I HBD     : j updateConfigs
05-18 00:47:10.641  5591  5591 I HBD     : j isEnabledNightMode : true
05-18 00:47:10.642  5591  5591 I HBD     : a IC have been binding, RemoteInputConnection{idHash=#be0ef88}
05-18 00:47:10.642  5591  5591 I HBD     : h [EditorInputType]setPrivateImeOptionsToTable privateImeOptions ( null )
05-18 00:47:10.642  5591  5591 I HBD     : b incognitoMode : false
05-18 00:47:10.642  5591  5591 I HBD     : a needOff = true , isForceOff = false, isNullInputClass : true
05-18 00:47:10.642  5591  5591 I HBD     : h getDefaultInputRange : UNKNOWN
05-18 00:47:10.642  5591  5591 I HBD     : h getDefaultInputRange : UNKNOWN
05-18 00:47:10.642  5591  5591 I HBD     : h getDefaultInputRange : UNKNOWN
05-18 00:47:10.643  5591  5591 I HBD     : a needOff = true , isForceOff = false, isNullInputClass : true
05-18 00:47:10.643  5591  5591 I HBD     : a update cached prediction status : false
05-18 00:47:10.643  5591  5591 I HBD     : h getDefaultInputRange : UNKNOWN
05-18 00:47:10.643  5591  5591 I HBD     : a currentState : 0
05-18 00:47:10.643  5591  5591 I HBD     : a [UpdatePolicy] [post] a: 0 cl: 65537 kit: [0/0] vt: 0 ir: 1
05-18 00:47:10.643  5591  5591 I HBD     : a [NRIC] resetNoResponseState
05-18 00:47:10.643  5591  5591 I HBD     : a needOff = true , isForceOff = false, isNullInputClass : true
05-18 00:47:10.643  5591  5591 I HBD     : a update cached prediction status : false
05-18 00:47:10.644  1533  1533 I Layer   : id=113162 removedFromDrawingState Surface(name=daea37f InputMethod)/@0x913f89b - animation-leash of insets_animation#113162 (119)
05-18 00:47:10.644  1533  3178 I SurfaceFlinger: id=113162 Removed Surface(name=daea37f InputMethod)/@0x913f89b - animation-leash of insets_animation#113162 (119)
05-18 00:47:10.644 19748 19748 W xample.dogglers: Accessing hidden method Landroid/os/MessageQueue;->next()Landroid/os/Message; (unsupported, reflection, allowed)
05-18 00:47:10.644 19748 19748 W xample.dogglers: Accessing hidden field Landroid/os/MessageQueue;->mMessages:Landroid/os/Message; (unsupported, reflection, allowed)
05-18 00:47:10.644 19748 19748 W xample.dogglers: Accessing hidden method Landroid/os/Message;->recycleUnchecked()V (unsupported, reflection, allowed)
05-18 00:47:10.645 19748 19748 D InputMethodManager: startInputInner - Id : 0
05-18 00:47:10.645  5591  5591 I HBD     : HoneyBoardService [PF_OP][onStartInput]  4 ms
05-18 00:47:10.646  3085  3257 I ViewRootImpl@508939f[dogglers]: mWNT: t=0xb40000737759b4b0 mBlastBufferQueue=0xb4000073b728aad0 fn= 4 caller= android.view.SyncRtSurfaceTransactionApplier.applyTransaction:96 android.view.SyncRtSurfaceTransactionApplier.lambda$scheduleApply$0$android-view-SyncRtSurfaceTransactionApplier:69 android.view.SyncRtSurfaceTransactionApplier$$ExternalSyntheticLambda0.onFrameDraw:4
05-18 00:47:10.647 19748 19748 W xample.dogglers: Accessing hidden method Landroid/view/WindowManagerGlobal;->getInstance()Landroid/view/WindowManagerGlobal; (unsupported, reflection, allowed)
05-18 00:47:10.647 19748 19748 W xample.dogglers: Accessing hidden field Landroid/view/WindowManagerGlobal;->mViews:Ljava/util/ArrayList; (unsupported, reflection, allowed)
05-18 00:47:10.647 19748 19748 W xample.dogglers: Accessing hidden field Landroid/view/WindowManagerGlobal;->mParams:Ljava/util/ArrayList; (unsupported, reflection, allowed)
05-18 00:47:10.649 19748 19748 I ViewInteraction: Checking 'com.example.dogglers.BaseTest$DrawableMatcher$RecyclerViewAssertion@c3fc887' assertion on view view.getId() is <2131230937/com.example.dogglers:id/grid_recycler_view>
05-18 00:47:10.650  2315  2357 D InputMethodManagerService: isImeSwitcherDisabledPackage : false
05-18 00:47:10.651  5591  5591 I InputMethodService: removeImeSurface
05-18 00:47:10.651  5591  5591 I MSHandlerLifeCycle: check: return. pkg=com.samsung.android.honeyboard isActivity=false callers=com.android.internal.policy.DecorView.setVisibility:4416 android.app.Dialog.hide:767 android.inputmethodservice.InputMethodService.removeImeSurface:1290 android.inputmethodservice.InputMethodService.scheduleImeSurfaceRemoval:1279 android.inputmethodservice.InputMethodService.-$$Nest$mscheduleImeSurfaceRemoval:0
05-18 00:47:10.651  5591  5591 I MSHandlerLifeCycle: removeMultiSplitHandler: no exist. decor=DecorView@9a0695a[InputMethod]
05-18 00:47:10.652  1533  1533 I Layer   : id=113162 Destroyed Surface(name=daea37f InputMethod)/@0x913f89b - animation-leash of insets_animation#113162
05-18 00:47:10.653  3085  3258 I ViewRootImpl@508939f[dogglers]: mWNT: t=0xb4000073774cee50 mBlastBufferQueue=0xb4000073b728aad0 fn= 5 caller= android.view.SyncRtSurfaceTransactionApplier.applyTransaction:96 android.view.SyncRtSurfaceTransactionApplier.lambda$scheduleApply$0$android-view-SyncRtSurfaceTransactionApplier:69 android.view.SyncRtSurfaceTransactionApplier$$ExternalSyntheticLambda0.onFrameDraw:4
05-18 00:47:10.654  2315  2435 I ChimeraSystemEventListener: appLaunchIntent package name is: com.example.dogglers
05-18 00:47:10.655  2315  2356 I SemDvfsHyPerManager: acquire hyper - AMS_ACT_START/2315@21, type = -999
05-18 00:47:10.656  1412  1438 I HYPER-HAL: [RequestManager.cpp]acquire(): Acquired ID : 2729637  [2315 / 21]    HINT : AMS_ACT_START    list :
05-18 00:47:10.656  1533  3008 I SurfaceFlinger: id=113182 createSurf, flag=80004, ActivityRecord{ec04ef9 u0 com.example.dogglers/androidx.test.core.app.InstrumentationActivityInvoker$EmptyActivity} t1006}#113182
05-18 00:47:10.659  1533  3008 I SurfaceFlinger: id=113183 createSurf, flag=80000, 6c661c0 ActivityRecordInputSink com.example.dogglers/androidx.test.core.app.InstrumentationActivityInvoker$EmptyActivity#113183
05-18 00:47:10.660  4633  4633 E pageboostd: Received HALT command code 2
05-18 00:47:10.661  2315  2435 D PersonaActivityHelper: Activity not in resumed state, do not run immediate lock
05-18 00:47:10.662  3085  3257 I ViewRootImpl@508939f[dogglers]: mWNT: t=0xb400007377475bd0 mBlastBufferQueue=0xb4000073b728aad0 fn= 6 caller= android.view.SyncRtSurfaceTransactionApplier.applyTransaction:96 android.view.SyncRtSurfaceTransactionApplier.lambda$scheduleApply$0$android-view-SyncRtSurfaceTransactionApplier:69 android.view.SyncRtSurfaceTransactionApplier$$ExternalSyntheticLambda0.onFrameDraw:4
05-18 00:47:10.662 19748 19748 D LifecycleMonitor: Lifecycle status change: com.example.dogglers.GridListActivity@f197277 in: PAUSED
05-18 00:47:10.662 19748 19748 V ActivityScenario: Update currentActivityStage to PAUSED, currentActivity=com.example.dogglers.GridListActivity@f197277
05-18 00:47:10.665  2315  2356 D InputDispatcher: Focused application(0): ActivityRecord{ec04ef9 u0 com.example.dogglers/androidx.test.core.app.InstrumentationActivityInvoker$EmptyActivity} t1006}
05-18 00:47:10.668  1533  1533 I SurfaceFlinger: [5886ce7 com.example.dogglers/com.example.dogglers.GridListActivity#113176] FrameRatePriority: -1
05-18 00:47:10.670  3085  3258 I ViewRootImpl@508939f[dogglers]: mWNT: t=0xb4000073776e2f30 mBlastBufferQueue=0xb4000073b728aad0 fn= 7 caller= android.view.SyncRtSurfaceTransactionApplier.applyTransaction:96 android.view.SyncRtSurfaceTransactionApplier.lambda$scheduleApply$0$android-view-SyncRtSurfaceTransactionApplier:69 android.view.SyncRtSurfaceTransactionApplier$$ExternalSyntheticLambda0.onFrameDraw:4
05-18 00:47:10.670 19748 19748 D LifecycleMonitor: Lifecycle status change: androidx.test.core.app.InstrumentationActivityInvoker$EmptyActivity@ae3129e in: PRE_ON_CREATE
05-18 00:47:10.670 19748 19748 V ActivityScenario: Activity lifecycle changed event received but ignored because the intent does not match. startActivityIntent=Intent { act=android.intent.action.MAIN cat=[android.intent.category.LAUNCHER] cmp=com.example.dogglers/.GridListActivity }, activity.getIntent()=Intent { act=android.intent.action.MAIN cat=[android.intent.category.LAUNCHER] flg=0x10000000 cmp=com.example.dogglers/androidx.test.core.app.InstrumentationActivityInvoker$EmptyActivity }, activity=androidx.test.core.app.InstrumentationActivityInvoker$EmptyActivity@ae3129e
05-18 00:47:10.672  2315  2435 I SemPersonaManager: SecureFolder personaId = 150
05-18 00:47:10.673 19748 19748 I DecorView: [INFO] isPopOver=false config=true
05-18 00:47:10.673 19748 19748 I DecorView: updateCaptionType: isFloating=false isApplication=true hasWindowDecorCaption=false this=DecorView@2625995[]
05-18 00:47:10.673 19748 19748 D DecorView: setCaptionType = 0, this = DecorView@2625995[]
05-18 00:47:10.674 19748 19748 I DecorView: getCurrentDensityDpi: from real metrics. densityDpi=560 msg=resources_loaded
05-18 00:47:10.674 19748 19748 I DecorView: setWindowBackground: isPopOver=false color=ff010101 d=android.graphics.drawable.StateListDrawable@969baaa
05-18 00:47:10.674 19748 19748 D LifecycleMonitor: Lifecycle status change: androidx.test.core.app.InstrumentationActivityInvoker$EmptyActivity@ae3129e in: CREATED
05-18 00:47:10.675 19748 19748 V ActivityScenario: Activity lifecycle changed event received but ignored because the intent does not match. startActivityIntent=Intent { act=android.intent.action.MAIN cat=[android.intent.category.LAUNCHER] cmp=com.example.dogglers/.GridListActivity }, activity.getIntent()=Intent { act=android.intent.action.MAIN cat=[android.intent.category.LAUNCHER] flg=0x10000000 cmp=com.example.dogglers/androidx.test.core.app.InstrumentationActivityInvoker$EmptyActivity }, activity=androidx.test.core.app.InstrumentationActivityInvoker$EmptyActivity@ae3129e
05-18 00:47:10.675 19748 19748 D LifecycleMonitor: Lifecycle status change: androidx.test.core.app.InstrumentationActivityInvoker$EmptyActivity@ae3129e in: STARTED
05-18 00:47:10.675 19748 19748 V ActivityScenario: Activity lifecycle changed event received but ignored because the intent does not match. startActivityIntent=Intent { act=android.intent.action.MAIN cat=[android.intent.category.LAUNCHER] cmp=com.example.dogglers/.GridListActivity }, activity.getIntent()=Intent { act=android.intent.action.MAIN cat=[android.intent.category.LAUNCHER] flg=0x10000000 cmp=com.example.dogglers/androidx.test.core.app.InstrumentationActivityInvoker$EmptyActivity }, activity=androidx.test.core.app.InstrumentationActivityInvoker$EmptyActivity@ae3129e
05-18 00:47:10.676 19748 19748 D LifecycleMonitor: Lifecycle status change: androidx.test.core.app.InstrumentationActivityInvoker$EmptyActivity@ae3129e in: RESUMED
05-18 00:47:10.676 19748 19748 V ActivityScenario: Activity lifecycle changed event received but ignored because the intent does not match. startActivityIntent=Intent { act=android.intent.action.MAIN cat=[android.intent.category.LAUNCHER] cmp=com.example.dogglers/.GridListActivity }, activity.getIntent()=Intent { act=android.intent.action.MAIN cat=[android.intent.category.LAUNCHER] flg=0x10000000 cmp=com.example.dogglers/androidx.test.core.app.InstrumentationActivityInvoker$EmptyActivity }, activity=androidx.test.core.app.InstrumentationActivityInvoker$EmptyActivity@ae3129e
05-18 00:47:10.676 19748 19748 I MSHandlerLifeCycle: check: return. pkg=com.example.dogglers parent=null callers=com.android.internal.policy.DecorView.setVisibility:4416 android.app.ActivityThread.handleResumeActivity:5476 android.app.servertransaction.ResumeActivityItem.execute:54 android.app.servertransaction.ActivityTransactionItem.execute:45 android.app.servertransaction.TransactionExecutor.executeLifecycleState:176
05-18 00:47:10.676 19748 19748 I MSHandlerLifeCycle: removeMultiSplitHandler: no exist. decor=DecorView@2625995[]
05-18 00:47:10.678  2315  5947 D InputDispatcher: Focus request (0): <null> but waiting because NOT_FOCUSABLE
05-18 00:47:10.679  2315  5947 D InputDispatcher: Focus left window (0): 5886ce7 com.example.dogglers/com.example.dogglers.GridListActivity
05-18 00:47:10.679  2315  2435 D EnterpriseDeviceManagerService: isMdmAdminPresentInternal() : MDM Admin Found - com.samsung.knox.securefolder
05-18 00:47:10.679 19748 19789 D NativeCustomFrequencyManager: [NativeCFMS] BpCustomFrequencyManager::BpCustomFrequencyManager()
05-18 00:47:10.680  3085  3222 D OpenGLRenderer: setSurface called with nullptr
05-18 00:47:10.680  3085  3222 D OpenGLRenderer: setSurface() destroyed EGLSurface
05-18 00:47:10.680  1791  3255 I CameraService: onUidStateChanged: uid=10038, procState is changed. (1 -> 0)
05-18 00:47:10.681  3085  3222 D OpenGLRenderer: destroyEglSurface
05-18 00:47:10.681  2315  4570 I MediaSessionMonitor: Media session stopped : controllerList empty
05-18 00:47:10.681  2315  5947 D InputTransport: Input channel constructed: '733961c', fd=869
05-18 00:47:10.681  2315  5947 D InputTransport: Input channel constructed: '733961c', fd=879
05-18 00:47:10.681  2315  5947 D InputTransport: Input channel constructed: '733961c', fd=883
05-18 00:47:10.682  1533  3008 I SurfaceFlinger: id=113184 createSurf, flag=80004, 733961c com.example.dogglers/androidx.test.core.app.InstrumentationActivityInvoker$EmptyActivity#113184
05-18 00:47:10.682  3085  3207 I ViewRootImpl@508939f[dogglers]: performTraversals params={(0,0)(fillxfill) sim={adjust=pan} ty=APPLICATION_STARTING fmt=TRANSLUCENT wanim=0x1030001 alpha=0.0
05-18 00:47:10.682  3085  3207 I ViewRootImpl@508939f[dogglers]:   fl=81030118
05-18 00:47:10.682  3085  3207 I ViewRootImpl@508939f[dogglers]:   pfl=16000010
05-18 00:47:10.682  3085  3207 I ViewRootImpl@508939f[dogglers]:   bhv=DEFAULT
05-18 00:47:10.682  3085  3207 I ViewRootImpl@508939f[dogglers]:   fitSides= naviIconColor=0}
05-18 00:47:10.682  2315  5947 D InputTransport: Input channel destroyed: '733961c', fd=883
05-18 00:47:10.682  3085  3207 I ViewRootImpl@508939f[dogglers]: performTraversals mFirst=false windowShouldResize=false viewVisibilityChanged=true mForceNextWindowRelayout=false params={(0,0)(fillxfill) sim={adjust=pan} ty=APPLICATION_STARTING fmt=TRANSLUCENT wanim=0x1030001 alpha=0.0
05-18 00:47:10.682  3085  3207 I ViewRootImpl@508939f[dogglers]:   fl=81030118
05-18 00:47:10.682  3085  3207 I ViewRootImpl@508939f[dogglers]:   pfl=16000010
05-18 00:47:10.682  3085  3207 I ViewRootImpl@508939f[dogglers]:   bhv=DEFAULT
05-18 00:47:10.682  3085  3207 I ViewRootImpl@508939f[dogglers]:   fitSides= naviIconColor=0}
05-18 00:47:10.682  2315  3073 V WindowManager: Relayout Window{37c5604 u0 Splash Screen com.example.dogglers}: viewVisibility=8 req=1440x3088 d0
05-18 00:47:10.683 19748 19748 D InsetsController: onStateChanged: InsetsState: {mDisplayFrame=Rect(0, 0 - 1440, 3088), mDisplayCutout=DisplayCutout{insets=Rect(0, 100 - 0, 0) waterfall=Insets{left=0, top=0, right=0, bottom=0} boundingRect={Bounds=[Rect(0, 0 - 0, 0), Rect(683, 0 - 758, 100), Rect(0, 0 - 0, 0), Rect(0, 0 - 0, 0)]} cutoutPathParserInfo={CutoutPathParserInfo{displayWidth=1440 displayHeight=3088 physicalDisplayWidth=1440 physicalDisplayHeight=3088 density={3.75} cutoutSpec={M 0,0 H -10 V 26.66666666666667 H 10 V 0 H 0 Z @dp} rotation={0} scale={1.0} physicalPixelDisplaySizeRatio={1.0}}}}, mRoundedCorners=RoundedCorners{[RoundedCorner{position=TopLeft, radius=14, center=Point(14, 14)}, RoundedCorner{position=TopRight, radius=14, center=Point(1426, 14)}, RoundedCorner{position=BottomRight, radius=14, center=Point(1426, 3074)}, RoundedCorner{position=BottomLeft, radius=14, center=Point(14, 3074)}]}  mRoundedCornerFrame=Rect(0, 0 - 1440, 3088), mPrivacyIndicatorBounds=PrivacyIndicatorBounds {static bounds=Rect(1286, 0 - 1440, 100) rotation=0}, mSources= { InsetsSource: {mType=ITYPE_STATUS_BAR, mFrame=[0,0][1440,100], mVisible=true, mInsetsRoundedCornerFrame=false}, InsetsSource: {mType=ITYPE_NAVIGATION_BAR, mFrame=[0,2920][1440,3088], mVisible=true, mInsetsRoundedCornerFrame=false}, InsetsSource: {mType=ITYPE_LEFT_GESTURES, mFrame=[0,0][0,3088], mVisible=true, mInsetsRoundedCornerFrame=false}, InsetsSource: {mType=ITYPE_RIGHT_GESTURES, mFrame=[1440,0][1440,3088], mVisible=true, mInsetsRoundedCornerFrame=false}, InsetsSource: {mType=ITYPE_TOP_MANDATORY_GESTURES, mFrame=[0,0][1440,142], mVisible=true, mInsetsRoundedCornerFrame=false}, InsetsSource: {mType=ITYPE_BOTTOM_MANDATORY_GESTURES, mFrame=[0,2920][1440,3088], mVisible=true, mInsetsRoundedCornerFrame=false}, InsetsSource: {mType=ITYPE_LEFT_DISPLAY_CUTOUT, mFrame=[0,0][-100000,3088], mVisible=true, mInsetsRoundedCornerFrame=false}, InsetsSource: {mType=ITYPE_TOP_DISPLAY_CUTOUT, mFrame=[0,0][1440,100], mVisible=true, mInsetsRoundedCornerFrame=false}, InsetsSource: {mType=ITYPE_RIGHT_DISPLAY_CUTOUT, mFrame=[100000,0][1440,3088], mVisible=true, mInsetsRoundedCornerFrame=false}, InsetsSource: {mType=ITYPE_BOTTOM_DISPLAY_CUTOUT, mFrame=[0,100000][1440,3088], mVisible=true, mInsetsRoundedCornerFrame=false}, InsetsSource: {mType=ITYPE_TOP_TAPPABLE_ELEMENT, mFrame=[0,0][1440,100], mVisible=true, mInsetsRoundedCornerFrame=false}, InsetsSource: {mType=ITYPE_BOTTOM_TAPPABLE_ELEMENT, mFrame=[0,2920][1440,3088], mVisible=true, mInsetsRoundedCornerFrame=false} } host=com.example.dogglers/androidx.test.core.app.InstrumentationActivityInvoker$EmptyActivity from=android.view.ViewRootImpl.setView:1732
05-18 00:47:10.683  5964  5964 I ActivityUtils: HomePackage : com.sec.android.app.launcher, resumePackageName : com.example.dogglers
05-18 00:47:10.684  2315  3073 V WindowManager: Relayout hash=37c5604, pid=3085, syncId=-1: mAttrs={(0,0)(fillxfill) sim={adjust=pan} ty=APPLICATION_STARTING fmt=TRANSLUCENT wanim=0x1030001 alpha=0.0
05-18 00:47:10.684  2315  3073 V WindowManager:   fl=81030118
05-18 00:47:10.684  2315  3073 V WindowManager:   pfl=16000010
05-18 00:47:10.684  2315  3073 V WindowManager:   bhv=DEFAULT
05-18 00:47:10.684  2315  3073 V WindowManager:   fitSides= naviIconColor=0}
05-18 00:47:10.684 19748 19748 I ViewRootImpl@e17ea38[InstrumentationActivityInvoker$EmptyActivity]: setView = com.android.internal.policy.DecorView@2625995 TM=true
05-18 00:47:10.684 19748 19748 I MSHandlerLifeCycle: removeMultiSplitHandler: no exist. decor=DecorView@2625995[InstrumentationActivityInvoker$EmptyActivity]
05-18 00:47:10.684  2315  2481 D AnalyticsContainerHandler: handleMessage : { when=0 what=1 target=com.android.server.knox.KnoxAnalyticsContainer$AnalyticsHandler }
05-18 00:47:10.685  3085  3207 I ViewRootImpl@508939f[dogglers]: Relayout returned: old=(0,0,1440,3088) new=(0,0,1440,3088) req=(1440,3088)8 dur=2 res=0x2 s={false 0x0} ch=true seqId=0
05-18 00:47:10.687  3085  3207 I ViewRootImpl@508939f[dogglers]: dispatchDetachedFromWindow
05-18 00:47:10.687  1533  1533 D SurfaceFlinger: Display 4630947232161729154 HWC layers:
05-18 00:47:10.687  1533  1533 D SurfaceFlinger:      DEVICE | 0xb400006f7023ac30 | 0100 | RGBx_8888    |  670.0    0.0 2110.0 3088.0 |    0    0 1440 3088 | Wallpaper BBQ wrapper#79
05-18 00:47:10.687  1533  1533 D SurfaceFlinger:      DEVICE | 0xb400006f7024b6d0 | 0100 | RGBA_8888    |    0.0    0.0 1440.0 3088.0 |    0    0 1440 3088 | com.sec.android.app.launcher/com.sec[...]vities.LauncherActivity$_3588#113156
05-18 00:47:10.687  1533  1533 D SurfaceFlinger:      DEVICE | 0xb400006f702585d0 | 0102 | RGBA_8888    |    0.0    0.0 1440.0 3088.0 |    6   12 1434 3076 | com.example.dogglers/com.example.dogglers.GridListActivity$_19748#113177
05-18 00:47:10.687  1533  1533 D SurfaceFlinger:      DEVICE | 0xb400006f70233df0 | 0100 | RGBA_8888    |    0.0    0.0 1440.0  100.0 |    0    0 1440  100 | StatusBar$_3085#85
05-18 00:47:10.687  1533  1533 D SurfaceFlinger:      DEVICE | 0xb400006f7022a220 | 0100 | RGBA_8888    |    0.0    0.0   67.0  456.0 | 1373  584 1440 1040 | com.samsung.android.app.cocktailbars[...]vice.CocktailBarService$_5964#112833
05-18 00:47:10.687  1533  1533 D SurfaceFlinger:      DEVICE | 0xb400006f7022d5e0 | 0100 | RGBA_8888    |    0.0    0.0 1440.0  168.0 |    0 2920 1440 3088 | NavigationBar0$_3085#80
05-18 00:47:10.687  1533  1533 D SurfaceFlinger:
05-18 00:47:10.688  2315  3073 D InputTransport: Input channel destroyed: '37c5604', fd=849
05-18 00:47:10.688  2315  3073 W InputManager-JNI: Input channel object '37c5604 Splash Screen com.example.dogglers (client)' was disposed without first being removed with the input manager!
05-18 00:47:10.688  2315  3073 D InputTransport: Input channel destroyed: '37c5604', fd=901
05-18 00:47:10.690  3085  3207 D InputTransport: Input channel destroyed: '37c5604', fd=286
05-18 00:47:10.691 19748 19748 I ViewRootImpl@e17ea38[InstrumentationActivityInvoker$EmptyActivity]: performTraversals params={(0,0)(fillxfill) sim={adjust=pan forwardNavigation} ty=BASE_APPLICATION wanim=0x1030001
05-18 00:47:10.691 19748 19748 I ViewRootImpl@e17ea38[InstrumentationActivityInvoker$EmptyActivity]:   fl=1810100
05-18 00:47:10.691 19748 19748 I ViewRootImpl@e17ea38[InstrumentationActivityInvoker$EmptyActivity]:   pfl=12020040
05-18 00:47:10.691 19748 19748 I ViewRootImpl@e17ea38[InstrumentationActivityInvoker$EmptyActivity]:   bhv=DEFAULT
05-18 00:47:10.691 19748 19748 I ViewRootImpl@e17ea38[InstrumentationActivityInvoker$EmptyActivity]:   fitSides= naviIconColor=0}
05-18 00:47:10.691 19748 19748 I ViewRootImpl@e17ea38[InstrumentationActivityInvoker$EmptyActivity]: performTraversals mFirst=true windowShouldResize=true viewVisibilityChanged=false mForceNextWindowRelayout=false params={(0,0)(fillxfill) sim={adjust=pan forwardNavigation} ty=BASE_APPLICATION wanim=0x1030001
05-18 00:47:10.691 19748 19748 I ViewRootImpl@e17ea38[InstrumentationActivityInvoker$EmptyActivity]:   fl=1810100
05-18 00:47:10.691 19748 19748 I ViewRootImpl@e17ea38[InstrumentationActivityInvoker$EmptyActivity]:   pfl=12020040
05-18 00:47:10.691 19748 19748 I ViewRootImpl@e17ea38[InstrumentationActivityInvoker$EmptyActivity]:   bhv=DEFAULT
05-18 00:47:10.691 19748 19748 I ViewRootImpl@e17ea38[InstrumentationActivityInvoker$EmptyActivity]:   fitSides= naviIconColor=0}
05-18 00:47:10.692  2315  5947 V WindowManager: Relayout Window{733961c u0 com.example.dogglers/androidx.test.core.app.InstrumentationActivityInvoker$EmptyActivity}: viewVisibility=0 req=1440x3088 d0
05-18 00:47:10.692  1533  3008 I SurfaceFlinger: id=113185 createSurf, flag=40004, com.example.dogglers/androidx.test.core.app.InstrumentationActivityInvoker$EmptyActivity$_19748#113185
05-18 00:47:10.693  1533  1533 I Layer   : id=113180 removedFromDrawingState Surface(name=5886ce7 com.example.dogglers/com.example.dogglers.GridListActivity)/@0x798c58e - animation-leash of starting_reveal#113180 (122)
05-18 00:47:10.693  1533  3008 I SurfaceFlinger: id=113186 createSurf, flag=24000, Surface(name=a5e6516 StatusBar)/@0x266f9f6 - animation-leash of insets_animation#113186
05-18 00:47:10.694  1533  1681 I SurfaceFlinger: id=113187 createSurf, flag=24000, Surface(name=b1c69c9 NavigationBar0)/@0x6818acd - animation-leash of insets_animation#113187
05-18 00:47:10.694  2315  5947 V WindowManager: Relayout hash=733961c, pid=19748, syncId=-1: mAttrs={(0,0)(fillxfill) sim={adjust=pan forwardNavigation} ty=BASE_APPLICATION wanim=0x1030001
05-18 00:47:10.694  2315  5947 V WindowManager:   fl=1810100
05-18 00:47:10.694  2315  5947 V WindowManager:   pfl=12020040
05-18 00:47:10.694  2315  5947 V WindowManager:   bhv=DEFAULT
05-18 00:47:10.694  2315  5947 V WindowManager:   fitSides= naviIconColor=0}
05-18 00:47:10.695 19748 19748 D InsetsController: onStateChanged: InsetsState: {mDisplayFrame=Rect(0, 0 - 1440, 3088), mDisplayCutout=DisplayCutout{insets=Rect(0, 100 - 0, 0) waterfall=Insets{left=0, top=0, right=0, bottom=0} boundingRect={Bounds=[Rect(0, 0 - 0, 0), Rect(683, 0 - 758, 100), Rect(0, 0 - 0, 0), Rect(0, 0 - 0, 0)]} cutoutPathParserInfo={CutoutPathParserInfo{displayWidth=1440 displayHeight=3088 physicalDisplayWidth=1440 physicalDisplayHeight=3088 density={3.75} cutoutSpec={M 0,0 H -10 V 26.66666666666667 H 10 V 0 H 0 Z @dp} rotation={0} scale={1.0} physicalPixelDisplaySizeRatio={1.0}}}}, mRoundedCorners=RoundedCorners{[RoundedCorner{position=TopLeft, radius=14, center=Point(14, 14)}, RoundedCorner{position=TopRight, radius=14, center=Point(1426, 14)}, RoundedCorner{position=BottomRight, radius=14, center=Point(1426, 3074)}, RoundedCorner{position=BottomLeft, radius=14, center=Point(14, 3074)}]}  mRoundedCornerFrame=Rect(0, 0 - 1440, 3088), mPrivacyIndicatorBounds=PrivacyIndicatorBounds {static bounds=Rect(1286, 0 - 1440, 100) rotation=0}, mSources= { InsetsSource: {mType=ITYPE_STATUS_BAR, mFrame=[0,0][1440,100], mVisible=true, mInsetsRoundedCornerFrame=false}, InsetsSource: {mType=ITYPE_NAVIGATION_BAR, mFrame=[0,2920][1440,3088], mVisible=true, mInsetsRoundedCornerFrame=false}, InsetsSource: {mType=ITYPE_LEFT_GESTURES, mFrame=[0,0][0,3088], mVisible=true, mInsetsRoundedCornerFrame=false}, InsetsSource: {mType=ITYPE_RIGHT_GESTURES, mFrame=[1440,0][1440,3088], mVisible=true, mInsetsRoundedCornerFrame=false}, InsetsSource: {mType=ITYPE_TOP_MANDATORY_GESTURES, mFrame=[0,0][1440,142], mVisible=true, mInsetsRoundedCornerFrame=false}, InsetsSource: {mType=ITYPE_BOTTOM_MANDATORY_GESTURES, mFrame=[0,2920][1440,3088], mVisible=true, mInsetsRoundedCornerFrame=false}, InsetsSource: {mType=ITYPE_LEFT_DISPLAY_CUTOUT, mFrame=[0,0][-100000,3088], mVisible=true, mInsetsRoundedCornerFrame=false}, InsetsSource: {mType=ITYPE_TOP_DISPLAY_CUTOUT, mFrame=[0,0][1440,100], mVisible=true, mInsetsRoundedCornerFrame=false}, InsetsSource: {mType=ITYPE_RIGHT_DISPLAY_CUTOUT, mFrame=[100000,0][1440,3088], mVisible=true, mInsetsRoundedCornerFrame=false}, InsetsSource: {mType=ITYPE_BOTTOM_DISPLAY_CUTOUT, mFrame=[0,100000][1440,3088], mVisible=true, mInsetsRoundedCornerFrame=false}, InsetsSource: {mType=ITYPE_TOP_TAPPABLE_ELEMENT, mFrame=[0,0][1440,100], mVisible=true, mInsetsRoundedCornerFrame=false}, InsetsSource: {mType=ITYPE_BOTTOM_TAPPABLE_ELEMENT, mFrame=[0,2920][1440,3088], mVisible=true, mInsetsRoundedCornerFrame=false}, InsetsSource: {mType=ITYPE_IME, mFrame=[0,0][0,0], mVisibleFrame=[0,1766][1440,3088], mVisible=false, mInsetsRoundedCornerFrame=false} } host=com.example.dogglers/androidx.test.core.app.InstrumentationActivityInvoker$EmptyActivity from=android.view.ViewRootImpl.relayoutWindow:9802
05-18 00:47:10.696 19748 19748 I ViewRootImpl@e17ea38[InstrumentationActivityInvoker$EmptyActivity]: updateBlastSurfaceIfNeeded mBlastBufferQueue=null isSameSurfaceControl=false
05-18 00:47:10.696 19748 19748 I BLASTBufferQueue: new BLASTBufferQueue, mName= ViewRootImpl@e17ea38[InstrumentationActivityInvoker$EmptyActivity] mNativeObject= 0xb4000073b726f550 sc.mNativeObject= 0xb4000073472a5c90 caller= android.view.ViewRootImpl.updateBlastSurfaceIfNeeded:2909 android.view.ViewRootImpl.relayoutWindow:9847 android.view.ViewRootImpl.performTraversals:3884 android.view.ViewRootImpl.doTraversal:3116 android.view.ViewRootImpl$TraversalRunnable.run:10885 android.view.Choreographer$CallbackRecord.run:1301 android.view.Choreographer$CallbackRecord.run:1309 android.view.Choreographer.doCallbacks:923 android.view.Choreographer.doFrame:852 android.view.Choreographer$FrameDisplayEventReceiver.run:1283
05-18 00:47:10.696 19748 19748 I BLASTBufferQueue: update, w= 1440 h= 3088 mName = ViewRootImpl@e17ea38[InstrumentationActivityInvoker$EmptyActivity] mNativeObject= 0xb4000073b726f550 sc.mNativeObject= 0xb4000073472a5c90 format= -1 caller= android.graphics.BLASTBufferQueue.<init>:84 android.view.ViewRootImpl.updateBlastSurfaceIfNeeded:2909 android.view.ViewRootImpl.relayoutWindow:9847 android.view.ViewRootImpl.performTraversals:3884 android.view.ViewRootImpl.doTraversal:3116 android.view.ViewRootImpl$TraversalRunnable.run:10885
05-18 00:47:10.697 19748 19748 I ViewRootImpl@e17ea38[InstrumentationActivityInvoker$EmptyActivity]: Relayout returned: old=(0,0,1440,3088) new=(0,0,1440,3088) req=(1440,3088)0 dur=5 res=0x3 s={true 0xb400007447284be0} ch=true seqId=0
05-18 00:47:10.697 19748 19748 I ViewRootImpl@e17ea38[InstrumentationActivityInvoker$EmptyActivity]: mThreadedRenderer.initialize() mSurface={isValid=true 0xb400007447284be0} hwInitialized=true
05-18 00:47:10.697 19748 19789 D OpenGLRenderer: eglCreateWindowSurface
05-18 00:47:10.698 19748 19748 I ViewRootImpl@e17ea38[InstrumentationActivityInvoker$EmptyActivity]: reportNextDraw android.view.ViewRootImpl.performTraversals:4438 android.view.ViewRootImpl.doTraversal:3116 android.view.ViewRootImpl$TraversalRunnable.run:10885 android.view.Choreographer$CallbackRecord.run:1301 android.view.Choreographer$CallbackRecord.run:1309
05-18 00:47:10.698 19748 19748 I ViewRootImpl@e17ea38[InstrumentationActivityInvoker$EmptyActivity]: Setup new sync id=0
05-18 00:47:10.698 19748 19748 I ViewRootImpl@e17ea38[InstrumentationActivityInvoker$EmptyActivity]: Setting syncFrameCallback
05-18 00:47:10.698 19748 19748 I ViewRootImpl@e17ea38[InstrumentationActivityInvoker$EmptyActivity]: registerCallbacksForSync syncBuffer=false
05-18 00:47:10.699 19748 19808 I ViewRootImpl@e17ea38[InstrumentationActivityInvoker$EmptyActivity]: Received frameDrawingCallback syncResult=0 frameNum=1.
05-18 00:47:10.699 19748 19808 I ViewRootImpl@e17ea38[InstrumentationActivityInvoker$EmptyActivity]: Setting up sync and frameCommitCallback
05-18 00:47:10.702  1533  1533 I Layer   : id=113179 removedFromDrawingState Surface(name=b1c69c9 NavigationBar0)/@0x6818acd - animation-leash of insets_animation#113179 (124)
05-18 00:47:10.702  1533  1533 I Layer   : id=68 removedFromDrawingState b1c69c9 NavigationBar0#68 (124)
05-18 00:47:10.702  1533  1533 I Layer   : id=80 removedFromDrawingState NavigationBar0$_3085#80 (124)
05-18 00:47:10.702  1533  1533 I Layer   : id=113178 removedFromDrawingState Surface(name=a5e6516 StatusBar)/@0x266f9f6 - animation-leash of insets_animation#113178 (124)
05-18 00:47:10.702  1533  1533 I Layer   : id=68 addToCurrentState b1c69c9 NavigationBar0#68 (124)
05-18 00:47:10.702  1533  1533 I Layer   : id=80 addToCurrentState NavigationBar0$_3085#80 (124)
05-18 00:47:10.702  1533  1533 I SurfaceFlinger: [733961c com.example.dogglers/androidx.test.core.app.InstrumentationActivityInvoker$EmptyActivity#113184] FrameRatePriority: 1
05-18 00:47:10.703  2315  3073 D InputDispatcher: Focus request (0): 733961c com.example.dogglers/androidx.test.core.app.InstrumentationActivityInvoker$EmptyActivity but waiting because NO_WINDOW
05-18 00:47:10.717 19748 19789 I BLASTBufferQueue: [ViewRootImpl@e17ea38[InstrumentationActivityInvoker$EmptyActivity]#1](f:0,a:0) onFrameAvailable the first frame is available
05-18 00:47:10.717 19748 19789 I ViewRootImpl@e17ea38[InstrumentationActivityInvoker$EmptyActivity]: Received frameCommittedCallback lastAttemptedDrawFrameNum=1 didProduceBuffer=true
05-18 00:47:10.718 19748 19789 D OpenGLRenderer: CFMS:: SetUp Pid : 19748    Tid : 19789
05-18 00:47:10.718 19748 19789 W Parcel  : Expecting binder but got null!
05-18 00:47:10.718 19748 19748 I ViewRootImpl@e17ea38[InstrumentationActivityInvoker$EmptyActivity]: onSyncComplete
05-18 00:47:10.718 19748 19748 I ViewRootImpl@e17ea38[InstrumentationActivityInvoker$EmptyActivity]: setupSync seqId=0 mSyncId=0 fn=1 caller=android.view.ViewRootImpl$$ExternalSyntheticLambda11.accept:6 android.window.SurfaceSyncer.lambda$setupSync$1$android-window-SurfaceSyncer:128 android.window.SurfaceSyncer$$ExternalSyntheticLambda1.accept:8 android.window.SurfaceSyncer$SyncSet.checkIfSyncIsComplete:382 android.window.SurfaceSyncer$SyncSet.markSyncReady:359 android.window.SurfaceSyncer.markSyncReady:151 android.view.ViewRootImpl.performTraversals:4503
05-18 00:47:10.718 19748 19748 I ViewRootImpl@e17ea38[InstrumentationActivityInvoker$EmptyActivity]: reportDrawFinished seqId=0 mSyncId=-1 fn=1 mSurfaceChangedTransaction=0xb40000737725a830
05-18 00:47:10.719 19748 19748 I ViewRootImpl@ea4ef44[GridListActivity]: MSG_WINDOW_FOCUS_CHANGED 0 0
05-18 00:47:10.721  1533  3008 I SurfaceFlinger: id=113179 Removed Surface(name=b1c69c9 NavigationBar0)/@0x6818acd - animation-leash of insets_animation#113179 (124)
05-18 00:47:10.721  1533  3008 I SurfaceFlinger: id=113178 Removed Surface(name=a5e6516 StatusBar)/@0x266f9f6 - animation-leash of insets_animation#113178 (124)
05-18 00:47:10.723  2315  2432 I ActivityTaskManager: Displayed com.example.dogglers/androidx.test.core.app.InstrumentationActivityInvoker$EmptyActivity: +69ms
05-18 00:47:10.723  4633  4633 E pageboostd: Received HALT command code 2
05-18 00:47:10.723  2315  5947 I SemDvfsHyPerManager: acquire hyper - AMS_RESUME_TAIL/2315@23, type = -999
05-18 00:47:10.723  2315  5947 I SemDvfsHyPerManager: acquire hyper - AMS_ACT_LAZY/2315@24, type = -999
05-18 00:47:10.724  1412  1438 I HYPER-HAL: [RequestManager.cpp]acquire(): Acquired ID : 2734314  [2315 / 23]    HINT : AMS_RESUME_TAIL    list :
05-18 00:47:10.724  1412  1438 I HYPER-HAL: [RequestManager.cpp]acquire(): Acquired ID : 2736654  [2315 / 24]    HINT : AMS_ACT_LAZY    list :
05-18 00:47:10.725  1412  1438 I HYPER-HAL: [RequestManager.cpp]releaseLocked(): Released ID : 2729637
05-18 00:47:10.727  1533  1533 I Layer   : Layer [com.example.dogglers/androidx.test.core.app.InstrumentationActivityInvoker$EmptyActivity$_19748#113185] hidden!! flag(0)
05-18 00:47:10.727  1533  1533 I Layer   : id=113179 Destroyed Surface(name=b1c69c9 NavigationBar0)/@0x6818acd - animation-leash of insets_animation#113179
05-18 00:47:10.727  1533  1533 I Layer   : id=113178 Destroyed Surface(name=a5e6516 StatusBar)/@0x266f9f6 - animation-leash of insets_animation#113178
05-18 00:47:10.727 19748 19748 D LifecycleMonitor: Lifecycle status change: androidx.test.core.app.InstrumentationActivityInvoker$BootstrapActivity@3fcf625 in: DESTROYED
05-18 00:47:10.727 19748 19748 V ActivityScenario: Activity lifecycle changed event received but ignored because the intent does not match. startActivityIntent=Intent { act=android.intent.action.MAIN cat=[android.intent.category.LAUNCHER] cmp=com.example.dogglers/.GridListActivity }, activity.getIntent()=Intent { act=android.intent.action.MAIN cat=[android.intent.category.LAUNCHER] flg=0x10008000 cmp=com.example.dogglers/androidx.test.core.app.InstrumentationActivityInvoker$BootstrapActivity (has extras) }, activity=androidx.test.core.app.InstrumentationActivityInvoker$BootstrapActivity@3fcf625
05-18 00:47:10.729  1533  1533 D SurfaceFlinger: Display 4630947232161729154 HWC layers:
05-18 00:47:10.729  1533  1533 D SurfaceFlinger:      DEVICE | 0xb400006f7023ac30 | 0100 | RGBx_8888    |  670.0    0.0 2110.0 3088.0 |    0    0 1440 3088 | Wallpaper BBQ wrapper#79
05-18 00:47:10.729  1533  1533 D SurfaceFlinger:      DEVICE | 0xb400006f7024b6d0 | 0100 | RGBA_8888    |    0.0    0.0 1440.0 3088.0 |    0    0 1440 3088 | com.sec.android.app.launcher/com.sec[...]vities.LauncherActivity$_3588#113156
05-18 00:47:10.729  1533  1533 D SurfaceFlinger:      DEVICE | 0xb400006f70247980 | 0102 | RGBA_8888    |    0.0    0.0 1440.0 3088.0 |    2    4 1438 3084 | com.example.dogglers/androidx.test.c[...]yInvoker$EmptyActivity$_19748#113185
05-18 00:47:10.729  1533  1533 D SurfaceFlinger:      DEVICE | 0xb400006f70233df0 | 0100 | RGBA_8888    |    0.0    0.0 1440.0  100.0 |    0    0 1440  100 | StatusBar$_3085#85
05-18 00:47:10.729  1533  1533 D SurfaceFlinger:      DEVICE | 0xb400006f7022a220 | 0100 | RGBA_8888    |    0.0    0.0   67.0  456.0 | 1373  584 1440 1040 | com.samsung.android.app.cocktailbars[...]vice.CocktailBarService$_5964#112833
05-18 00:47:10.729  1533  1533 D SurfaceFlinger:      DEVICE | 0xb400006f7022d5e0 | 0100 | RGBA_8888    |    0.0    0.0 1440.0  168.0 |    0 2920 1440 3088 | NavigationBar0$_3085#80
05-18 00:47:10.729  1533  1533 D SurfaceFlinger:
05-18 00:47:10.729  2315  3073 D InputDispatcher: Focus entered window (0): 733961c com.example.dogglers/androidx.test.core.app.InstrumentationActivityInvoker$EmptyActivity
05-18 00:47:10.729  1533  3178 I SurfaceFlinger: id=113174 Removed 2a79540 ActivityRecordInputSink com.example.dogglers/androidx.test.core.app.InstrumentationActivityInvoker$BootstrapActivity#113174 (122)
05-18 00:47:10.729 19748 19748 I ViewRootImpl@e17ea38[InstrumentationActivityInvoker$EmptyActivity]: MSG_WINDOW_FOCUS_CHANGED 1 0
05-18 00:47:10.730 19748 19748 I ViewRootImpl@e17ea38[InstrumentationActivityInvoker$EmptyActivity]: mThreadedRenderer.initializeIfNeeded()#2 mSurface={isValid=true 0xb400007447284be0}
05-18 00:47:10.730 19748 19748 D InputMethodManager: startInputInner - Id : 0
05-18 00:47:10.730 19748 19748 I InputMethodManager: startInputInner - mService.startInputOrWindowGainedFocus
05-18 00:47:10.730  2315  2356 D InputMethodManagerService: DESKTOP MODE! : 2
05-18 00:47:10.730  2315  2356 D InputMethodManagerService: NOT IN KNOX DESKTOP MODE!
05-18 00:47:10.730  2315  2356 V InputMethodManagerService: getDisplayIdOfInputMethodWindowToBeAdded: displayId=0
05-18 00:47:10.730  2315  2356 D InputMethodManagerService: isImeSwitcherDisabledPackage : false
05-18 00:47:10.731  2315  2356 D InputMethodManagerService: checkDisplayOfStartInputAndUpdateKeyboard: displayId=0, mFocusedDisplayId=0
05-18 00:47:10.731  2315  2356 D InputTransport: Input channel constructed: 'ClientS', fd=849
05-18 00:47:10.731  2315  2356 D InputTransport: Input channel destroyed: 'ClientS', fd=849
05-18 00:47:10.731  2315  2435 I ChimeraSystemEventListener: appLaunchIntent package name is: com.example.dogglers
05-18 00:47:10.731  5591  5591 I HBD     : HoneyBoardService onFinishInput
05-18 00:47:10.732  5591  5591 I HBD     : a IC have been unbinding,  RemoteInputConnection{idHash=#be0ef88}
05-18 00:47:10.732  5591  5591 I HBD     : HoneyBoardService [PF_CL][onFinishInput]  1 ms
05-18 00:47:10.732  5591  5591 I HBD     : HoneyBoardService [IMI] onStartInput - caller pid : 19748 , caller uid : 10725
05-18 00:47:10.732  1533  3178 I SurfaceFlinger: id=113188 createSurf, flag=24004, Surface(name=daea37f InputMethod)/@0x913f89b - animation-leash of insets_animation#113188
05-18 00:47:10.732  5591  5591 I HBD     : j updateConfigs
05-18 00:47:10.732  5591  5591 I HBD     : j isEnabledNightMode : true
05-18 00:47:10.732  5591  5591 I HBD     : a IC have been binding, RemoteInputConnection{idHash=#be0ef88}
05-18 00:47:10.732  5591  5591 I HBD     : h [EditorInputType]setPrivateImeOptionsToTable privateImeOptions ( null )
05-18 00:47:10.732  5591  5591 I HBD     : b incognitoMode : false
05-18 00:47:10.732  5591  5591 I HBD     : a needOff = true , isForceOff = false, isNullInputClass : true
05-18 00:47:10.732  5591  5591 I HBD     : h getDefaultInputRange : UNKNOWN
05-18 00:47:10.732  5591  5591 I HBD     : h getDefaultInputRange : UNKNOWN
05-18 00:47:10.732  5591  5591 I HBD     : h getDefaultInputRange : UNKNOWN
05-18 00:47:10.733  5591  5591 I HBD     : a needOff = true , isForceOff = false, isNullInputClass : true
05-18 00:47:10.733  5591  5591 I HBD     : a update cached prediction status : false
05-18 00:47:10.734  5591  5591 I HBD     : h getDefaultInputRange : UNKNOWN
05-18 00:47:10.734  5591  5591 I HBD     : a currentState : 0
05-18 00:47:10.734  2315  2848 I SemDvfsHyPerManager: acquire hyper - AMS_ACT_START/2315@21, type = -999
