05-18 00:47:12.109  5591  5591 I HBD     : a currentState : 0
05-18 00:47:12.110  2315  3073 D InputDispatcher: Inject motion (19748/10725): action=0x0, time=870952664000000, f=0x0, d=0 dsdx=1.000000 dtdx=0.000000
05-18 00:47:12.110  5591  5591 I HBD     : a [UpdatePolicy] [post] a: 0 cl: 65537 kit: [0/0] vt: 0 ir: 1
05-18 00:47:12.110  5591  5591 I HBD     : a [NRIC] resetNoResponseState
05-18 00:47:12.110  5591  5591 I HBD     : a needOff = true , isForceOff = false, isNullInputClass : true
05-18 00:47:12.110  5591  5591 I HBD     : a update cached prediction status : false
05-18 00:47:12.110  2315  2853 W InputDispatcher: obscured by 2618098 Splash
05-18 00:47:12.110  2315  2853 I InputDispatcher: Delivering touch to (3085): action: 0x4, f=0x0, d=0, 'b1c69c9', t=0
05-18 00:47:12.110  5591  5591 I HBD     : HoneyBoardService [PF_OP][onStartInput]  2 ms
05-18 00:47:12.110  2315  2853 I InputDispatcher: Delivering touch to (19748): action: 0x0, f=0x1, d=0, '41a1d3 ', t=0 +(-77,-165)*(1.11)
05-18 00:47:12.110  1533  1533 I Layer   : id=113243 removedFromDrawingState Surface(name=daea37f InputMethod)/@0x913f89b - animation-leash of insets_animation#113243 (119)
05-18 00:47:12.111 19748 19748 I ViewRootImpl@fd2d62d[GridListActivity]: ViewPostIme pointer 0
05-18 00:47:12.111  1533  1681 I SurfaceFlinger: id=113243 Removed Surface(name=daea37f InputMethod)/@0x913f89b - animation-leash of insets_animation#113243 (119)
05-18 00:47:12.111  2315  2866 D SemInputMonitorMotionEvent: [sec_input] CASE3 : tool type change pre(1) : cur(0) : TOOL_TYPE_UNKNOWN com.example.dogglers.GridListActivity
05-18 00:47:12.111  2315  3073 D InputMethodManagerService: isImeSwitcherDisabledPackage : false
05-18 00:47:12.112  2315  2433 I GestureDetector: obtain mCurrentDownEvent. id: -801747803 caller: com.android.server.wm.SystemGesturesPointerEventListener.onPointerEvent:203 com.android.server.wm.PointerEventDispatcher.onInputEvent:53 android.view.InputEventReceiver.dispatchInputEvent:285
05-18 00:47:12.112  2315  2433 I GestureDetector: obtain mCurrentDownEvent. id: -801747803 caller: com.android.server.wm.SystemPerformancePointerEventListener.onPointerEvent:89 com.android.server.wm.PointerEventDispatcher.onInputEvent:53 android.view.InputEventReceiver.dispatchInputEvent:285
05-18 00:47:12.112  5894  5894 I SemDvfsHyPerManager: acquire hyper - TABoost/5894@21, type = 1090523139
05-18 00:47:12.112  3085  3258 I ViewRootImpl@ba48861[dogglers]: mWNT: t=0xb4000073772b9810 mBlastBufferQueue=0xb4000073b735cd50 fn= 3 caller= android.view.SyncRtSurfaceTransactionApplier.applyTransaction:96 android.view.SyncRtSurfaceTransactionApplier.lambda$scheduleApply$0$android-view-SyncRtSurfaceTransactionApplier:69 android.view.SyncRtSurfaceTransactionApplier$$ExternalSyntheticLambda0.onFrameDraw:4
05-18 00:47:12.113  1412  1438 I HYPER-HAL: [RequestManager.cpp]acquire(): Acquired ID : 17496591  [5894 / 21]    HINT :      list : [TABoost / 1] [TIMEOUT / 1500]
05-18 00:47:12.113  5591  5591 I InputMethodService: removeImeSurface
05-18 00:47:12.113  5591  5591 I MSHandlerLifeCycle: check: return. pkg=com.samsung.android.honeyboard isActivity=false callers=com.android.internal.policy.DecorView.setVisibility:4416 android.app.Dialog.hide:767 android.inputmethodservice.InputMethodService.removeImeSurface:1290 android.inputmethodservice.InputMethodService.scheduleImeSurfaceRemoval:1279 android.inputmethodservice.InputMethodService.-$$Nest$mscheduleImeSurfaceRemoval:0
05-18 00:47:12.113  5591  5591 I MSHandlerLifeCycle: removeMultiSplitHandler: no exist. decor=DecorView@9a0695a[InputMethod]
05-18 00:47:12.113  1412  1412 I HYPER-HAL: [ResourceManager.cpp]getResourceManager(): Resouce not supported on this device - resourceID : 0x1000
05-18 00:47:12.115  2315  2866 D SemInputDeviceHqmData: increaseCount mCase3Count:13tempStr2:13 2023/0518/00:47:12 C com.example.dogglers.GridListActivity com.example.dogglers
05-18 00:47:12.115  2315  2866 D SemInputDeviceHqmHelper: sendLoggingDataToHQM() Server update !!! basic_custom "CASA":"6466","CASB":"0"
05-18 00:47:12.119  1533  1533 I Layer   : id=113243 Destroyed Surface(name=daea37f InputMethod)/@0x913f89b - animation-leash of insets_animation#113243
05-18 00:47:12.119  3085  3257 I ViewRootImpl@ba48861[dogglers]: mWNT: t=0xb40000737749f810 mBlastBufferQueue=0xb4000073b735cd50 fn= 4 caller= android.view.SyncRtSurfaceTransactionApplier.applyTransaction:96 android.view.SyncRtSurfaceTransactionApplier.lambda$scheduleApply$0$android-view-SyncRtSurfaceTransactionApplier:69 android.view.SyncRtSurfaceTransactionApplier$$ExternalSyntheticLambda0.onFrameDraw:4
05-18 00:47:12.120  3588 20498 I RecentModel: onTaskStackChangedBackground
05-18 00:47:12.122  5668 20666 I [AirCmd]_ActivitySwitchDetector: onTaskStackChanged : componentName - ComponentInfo{com.example.dogglers/com.example.dogglers.GridListActivity}
05-18 00:47:12.122  5668 20666 I [AirCmd]_ActivitySwitchDetector: onTaskStackChanged : mTopMostActivity - ComponentInfo{com.example.dogglers/androidx.test.core.app.InstrumentationActivityInvoker$BootstrapActivity}
05-18 00:47:12.122  5894  6582 I SemDvfsHyPerManager: acquire hyper - BaseTABoost/5894@20, type = 1090523139
05-18 00:47:12.122  5668 20666 I [AirCmd]_CallbackRepeater: stopRepeat : isWorking=false
05-18 00:47:12.122  5668 20666 I [AirCmd]_MediaControlStateMonitor: isForegroundAppSupportsMediaButton : mediaSession is empty
05-18 00:47:12.122  1412  1438 I HYPER-HAL: [RequestManager.cpp]acquire(): Acquired ID : 17490675  [5894 / 20]    HINT :      list : [TABoost / 1]
05-18 00:47:12.123  5668 20666 I [AirCmd]_MediaControlStateMonitor: active Notification List is null
05-18 00:47:12.123  5668 20666 I [AirCmd]_RemoteSpenMainController: hasGeneralAction : packageName is com.example.dogglers, activityName is com.example.dogglers.GridListActivity, hasActions is false
05-18 00:47:12.123  5668 20666 I [AirCmd]_CameraAvailabilityMonitor: isCameraPreviewOn : mIsCameraPreviewOn is false
05-18 00:47:12.123  3588  3982 I RecentTasksList: loadTasksInBackground : groupTask = GroupTask{task1=[id=1008 windowingMode=1 user=0 lastActiveTime=1776552027] null, task2=null, task3=null, mStagedSplitBounds=null}
05-18 00:47:12.123  5668 20666 I [AirCmd]_CameraAvailabilityMonitor: isCameraPreviewOn : mIsCameraPreviewOn is false
05-18 00:47:12.124  5668 20666 I [AirCmd]_MediaControlStateMonitor: isForegroundAppSupportsMediaButton : mediaSession is empty
05-18 00:47:12.124  5668 20666 I [AirCmd]_MediaControlStateMonitor: active Notification List is null
05-18 00:47:12.124  5668 20666 I [AirCmd]_PenActionRule: getAction : get default action data from remote action because pen action data is null.
05-18 00:47:12.124  5668 20666 I [AirCmd]_ButtonActionDetector: enableDoubleClickDetection: enabled=true, doubleClickWaitInterval=300
05-18 00:47:12.124  5668 20666 I [AirCmd]_RemoteSpenMainController: onSwitch : package is com.example.dogglers   and activity is com.example.dogglers.GridListActivity and isBleConnected is false and hasActions is false
05-18 00:47:12.128  3085  3258 I ViewRootImpl@ba48861[dogglers]: mWNT: t=0xb40000737770f990 mBlastBufferQueue=0xb4000073b735cd50 fn= 5 caller= android.view.SyncRtSurfaceTransactionApplier.applyTransaction:96 android.view.SyncRtSurfaceTransactionApplier.lambda$scheduleApply$0$android-view-SyncRtSurfaceTransactionApplier:69 android.view.SyncRtSurfaceTransactionApplier$$ExternalSyntheticLambda0.onFrameDraw:4
05-18 00:47:12.136  3085  3257 I ViewRootImpl@ba48861[dogglers]: mWNT: t=0xb4000073773cfdf0 mBlastBufferQueue=0xb4000073b735cd50 fn= 6 caller= android.view.SyncRtSurfaceTransactionApplier.applyTransaction:96 android.view.SyncRtSurfaceTransactionApplier.lambda$scheduleApply$0$android-view-SyncRtSurfaceTransactionApplier:69 android.view.SyncRtSurfaceTransactionApplier$$ExternalSyntheticLambda0.onFrameDraw:4
05-18 00:47:12.137  1533  4355 D NativeSemDvfsManager: acquire:: timeout = 2000 mIsAcquired = 1  mTagName : SurfaceFlinger
05-18 00:47:12.137  1533  4355 E NativeCustomFrequencyManager: [NativeCFMS] BpCustomFrequencyManager::acquire()
05-18 00:47:12.138  1412  1438 I HYPER-HAL: [RequestManager.cpp]acquire(): Acquired ID : 3210311  [1533 / 1000]    HINT : SF_GPU_MINLOCK    list : [TIMEOUT / 2000]
05-18 00:47:12.144  3085  3258 I ViewRootImpl@ba48861[dogglers]: mWNT: t=0xb4000073775a5110 mBlastBufferQueue=0xb4000073b735cd50 fn= 7 caller= android.view.SyncRtSurfaceTransactionApplier.applyTransaction:96 android.view.SyncRtSurfaceTransactionApplier.lambda$scheduleApply$0$android-view-SyncRtSurfaceTransactionApplier:69 android.view.SyncRtSurfaceTransactionApplier$$ExternalSyntheticLambda0.onFrameDraw:4
05-18 00:47:12.153  3085  3222 D OpenGLRenderer: setSurface called with nullptr
05-18 00:47:12.153  3085  3222 D OpenGLRenderer: setSurface() destroyed EGLSurface
05-18 00:47:12.155  3085  3222 D OpenGLRenderer: destroyEglSurface
05-18 00:47:12.155  1791  8028 I CameraService: onUidStateChanged: uid=10038, procState is changed. (1 -> 0)
05-18 00:47:12.157  3085  3207 I ViewRootImpl@ba48861[dogglers]: performTraversals params={(0,0)(fillxfill) sim={adjust=pan} ty=APPLICATION_STARTING fmt=TRANSLUCENT wanim=0x1030001 alpha=0.0
05-18 00:47:12.157  3085  3207 I ViewRootImpl@ba48861[dogglers]:   fl=81030118
05-18 00:47:12.157  3085  3207 I ViewRootImpl@ba48861[dogglers]:   pfl=16000010
05-18 00:47:12.157  3085  3207 I ViewRootImpl@ba48861[dogglers]:   bhv=DEFAULT
05-18 00:47:12.157  3085  3207 I ViewRootImpl@ba48861[dogglers]:   fitSides= naviIconColor=0}
05-18 00:47:12.157  3085  3207 I ViewRootImpl@ba48861[dogglers]: performTraversals mFirst=false windowShouldResize=false viewVisibilityChanged=true mForceNextWindowRelayout=false params={(0,0)(fillxfill) sim={adjust=pan} ty=APPLICATION_STARTING fmt=TRANSLUCENT wanim=0x1030001 alpha=0.0
05-18 00:47:12.157  3085  3207 I ViewRootImpl@ba48861[dogglers]:   fl=81030118
05-18 00:47:12.157  3085  3207 I ViewRootImpl@ba48861[dogglers]:   pfl=16000010
05-18 00:47:12.157  3085  3207 I ViewRootImpl@ba48861[dogglers]:   bhv=DEFAULT
05-18 00:47:12.157  3085  3207 I ViewRootImpl@ba48861[dogglers]:   fitSides= naviIconColor=0}
05-18 00:47:12.157  2315  5715 V WindowManager: Relayout Window{2618098 u0 Splash Screen com.example.dogglers}: viewVisibility=8 req=1440x3088 d0
05-18 00:47:12.159  2315  5715 V WindowManager: Relayout hash=2618098, pid=3085, syncId=-1: mAttrs={(0,0)(fillxfill) sim={adjust=pan} ty=APPLICATION_STARTING fmt=TRANSLUCENT wanim=0x1030001 alpha=0.0
05-18 00:47:12.159  2315  5715 V WindowManager:   fl=81030118
05-18 00:47:12.159  2315  5715 V WindowManager:   pfl=16000010
05-18 00:47:12.159  2315  5715 V WindowManager:   bhv=DEFAULT
05-18 00:47:12.159  2315  5715 V WindowManager:   fitSides= naviIconColor=0}
05-18 00:47:12.161  1533  1533 D SurfaceFlinger: GPIS:: requestGPIS
05-18 00:47:12.161  3085  3207 I ViewRootImpl@ba48861[dogglers]: Relayout returned: old=(0,0,1440,3088) new=(0,0,1440,3088) req=(1440,3088)8 dur=4 res=0x2 s={false 0x0} ch=true seqId=0
05-18 00:47:12.163  1533  1533 D SurfaceFlinger: Display 4630947232161729154 HWC layers:
05-18 00:47:12.163  1533  1533 D SurfaceFlinger:      DEVICE | 0xb400006f7023ac30 | 0100 | RGBx_8888    |  670.0    0.0 2110.0 3088.0 |    0    0 1440 3088 | Wallpaper BBQ wrapper#79
05-18 00:47:12.163  1533  1533 D SurfaceFlinger:      DEVICE | 0xb400006f7022b420 | 0100 | RGBA_8888    |    0.0    0.0 1440.0 3088.0 |    0    0 1440 3088 | com.sec.android.app.launcher/com.sec[...]vities.LauncherActivity$_3588#113156
05-18 00:47:12.163  1533  1533 D SurfaceFlinger:      DEVICE | 0xb400006f70231d50 | 0102 | RGBA_8888    |    0.0    0.0 1440.0 3088.0 |   36   77 1404 3011 | com.example.dogglers/com.example.dogglers.GridListActivity$_19748#113255
05-18 00:47:12.163  1533  1533 D SurfaceFlinger:      DEVICE | 0xb400006f70233df0 | 0100 | RGBA_8888    |    0.0    0.0 1440.0  100.0 |    0    0 1440  100 | StatusBar$_3085#85
05-18 00:47:12.163  1533  1533 D SurfaceFlinger:      DEVICE | 0xb400006f7022a220 | 0100 | RGBA_8888    |    0.0    0.0   67.0  456.0 | 1373  584 1440 1040 | com.samsung.android.app.cocktailbars[...]vice.CocktailBarService$_5964#112833
05-18 00:47:12.163  1533  1533 D SurfaceFlinger:      DEVICE | 0xb400006f702301c0 | 0100 | RGBA_8888    |    0.0    0.0 1440.0  168.0 |    0 2920 1440 3088 | NavigationBar0$_3085#80
05-18 00:47:12.163  1533  1533 D SurfaceFlinger:
05-18 00:47:12.163  3085  3207 I ViewRootImpl@ba48861[dogglers]: dispatchDetachedFromWindow
05-18 00:47:12.164  2315  6291 D InputTransport: Input channel destroyed: '2618098', fd=901
05-18 00:47:12.164  2315  6291 W InputManager-JNI: Input channel object '2618098 Splash Screen com.example.dogglers (client)' was disposed without first being removed with the input manager!
05-18 00:47:12.164  2315  6291 D InputTransport: Input channel destroyed: '2618098', fd=987
05-18 00:47:12.165  3085  3207 D InputTransport: Input channel destroyed: '2618098', fd=113
05-18 00:47:12.168  1533  1533 I Layer   : id=113258 removedFromDrawingState Surface(name=41a1d3 com.example.dogglers/com.example.dogglers.GridListActivity)/@0x394228 - animation-leash of starting_reveal#113258 (118)
05-18 00:47:12.213  1412  1412 I HYPER-HAL: [ResourceManager.cpp]getResourceManager(): Resouce not supported on this device - resourceID : 0x1000
05-18 00:47:12.216  5894  5894 I SemDvfsHyPerManager: acquire hyper - TABoost/5894@21, type = 1090523139
05-18 00:47:12.216  1412  1438 I HYPER-HAL: [RequestManager.cpp]releaseLocked(): Released ID : 17496591
05-18 00:47:12.216  1412  1438 I HYPER-HAL: [RequestManager.cpp]acquire(): Acquired ID : 17496591  [5894 / 21]    HINT :      list : [TABoost / 1] [TIMEOUT / 1500]
05-18 00:47:12.256  1407 17618 I sensors-hal: handle_sns_std_sensor_event:311, [SSC_LIGHT] P: 1(1),m:7,c:0,b:44,c0:96,l:1,f(r):97,u(bl):104,j:0
05-18 00:47:12.271  3943  3943 W SAPackageEventReceiver: [com.example.dogglers.test] removed. Stop sending intent
05-18 00:47:12.274  2315  6291 D InputDispatcher: Inject motion (19748/10725): action=0x1, time=870952829000000, f=0x0, d=0 dsdx=1.000000 dtdx=0.000000
05-18 00:47:12.313  1412  1412 I HYPER-HAL: [ResourceManager.cpp]getResourceManager(): Resouce not supported on this device - resourceID : 0x1000
05-18 00:47:12.329  2315  2964 D SemNscXgbMsL1: Probability - Cloud gaming: [0.044847913]
05-18 00:47:12.329  2315  2964 D SemNscXgbMsL1: Probability - Real time: [0.036508743]
05-18 00:47:12.329  2315  2964 D SemNscXgbMsL1: Probability - Non real time: [0.98750234]
05-18 00:47:12.329  2315  2964 D SemNscXgbMsL1: 1 sample inference time: 0.374532 msecs
05-18 00:47:12.330  2315  2964 D SemNscXgbL2Rt: L2 RT 1 sample inference time: 0.621823 msecs
05-18 00:47:12.330  2315  2964 D SemNscXgbL2Nrt: L2 NRT 1 sample inference time: 0.450365 msecs
05-18 00:47:12.341 19748 19748 I ViewInteraction: Checking 'MatchesViewAssertion{viewMatcher=(view has effective visibility <VISIBLE> and view.getGlobalVisibleRect() to return non-empty rectangle)}' assertion on view an instance of android.widget.TextView and view.getText() with or without transformation to match: is "Bella"
05-18 00:47:12.342  5964  5964 I Utils   : isCurrentUser current = 0, ownerId = 0
05-18 00:47:12.342  5964  5964 I TrayVisibilityController: getComputedTrayVisible : keyguardState = 1
05-18 00:47:12.342  5964  5964 I TrayVisibilityController: updateTrayVisible: State=1 visible=1 mCurrentVisible=1 specificMode=0
05-18 00:47:12.342  5964  5964 I TrayStateController: onNotifyUpdateTray: state=0
05-18 00:47:12.346  2315  2435 I ChimeraSystemEventListener: appLaunchIntent package name is: com.example.dogglers
05-18 00:47:12.348  2315  5715 I SemDvfsHyPerManager: acquire hyper - AMS_ACT_START/2315@21, type = -999
05-18 00:47:12.348  1412  1438 I HYPER-HAL: [RequestManager.cpp]acquire(): Acquired ID : 2729637  [2315 / 21]    HINT : AMS_ACT_START    list :
05-18 00:47:12.348  1533  1680 I SurfaceFlinger: id=113260 createSurf, flag=80004, ActivityRecord{a600f17 u0 com.example.dogglers/androidx.test.core.app.InstrumentationActivityInvoker$EmptyActivity} t1008}#113260
05-18 00:47:12.353  1533  1680 I SurfaceFlinger: id=113261 createSurf, flag=80000, bd6b796 ActivityRecordInputSink com.example.dogglers/androidx.test.core.app.InstrumentationActivityInvoker$EmptyActivity#113261
05-18 00:47:12.355  4633  4633 E pageboostd: Received HALT command code 2
05-18 00:47:12.355  2315  2435 D PersonaActivityHelper: Activity not in resumed state, do not run immediate lock
05-18 00:47:12.355 19748 19748 D LifecycleMonitor: Lifecycle status change: com.example.dogglers.GridListActivity@427d149 in: PAUSED
05-18 00:47:12.355 19748 19748 V ActivityScenario: Update currentActivityStage to PAUSED, currentActivity=com.example.dogglers.GridListActivity@427d149
05-18 00:47:12.358  2315  5715 D InputDispatcher: Focused application(0): ActivityRecord{a600f17 u0 com.example.dogglers/androidx.test.core.app.InstrumentationActivityInvoker$EmptyActivity} t1008}
05-18 00:47:12.360  1533  1533 I SurfaceFlinger: [41a1d3 com.example.dogglers/com.example.dogglers.GridListActivity#113254] FrameRatePriority: -1
05-18 00:47:12.361  2315  2435 I SemPersonaManager: SecureFolder personaId = 150
05-18 00:47:12.363 19748 19748 D LifecycleMonitor: Lifecycle status change: androidx.test.core.app.InstrumentationActivityInvoker$EmptyActivity@8121d2e in: PRE_ON_CREATE
05-18 00:47:12.363 19748 19748 V ActivityScenario: Activity lifecycle changed event received but ignored because the intent does not match. startActivityIntent=Intent { act=android.intent.action.MAIN cat=[android.intent.category.LAUNCHER] cmp=com.example.dogglers/.GridListActivity }, activity.getIntent()=Intent { act=android.intent.action.MAIN cat=[android.intent.category.LAUNCHER] flg=0x10000000 cmp=com.example.dogglers/androidx.test.core.app.InstrumentationActivityInvoker$EmptyActivity }, activity=androidx.test.core.app.InstrumentationActivityInvoker$EmptyActivity@8121d2e
05-18 00:47:12.364  1412 19853 I HYPER-HAL: [RequestManager.cpp]releaseLocked(): Released ID : 2762460
05-18 00:47:12.365 19748 19748 I DecorView: [INFO] isPopOver=false config=true
05-18 00:47:12.365 19748 19748 I DecorView: updateCaptionType: isFloating=false isApplication=true hasWindowDecorCaption=false this=DecorView@8b69165[]
05-18 00:47:12.365 19748 19748 D DecorView: setCaptionType = 0, this = DecorView@8b69165[]
05-18 00:47:12.366  2315  2435 D EnterpriseDeviceManagerService: isMdmAdminPresentInternal() : MDM Admin Found - com.samsung.knox.securefolder
05-18 00:47:12.366  2315  4570 I MediaSessionMonitor: Media session stopped : controllerList empty
05-18 00:47:12.366 19748 19748 I DecorView: getCurrentDensityDpi: from real metrics. densityDpi=560 msg=resources_loaded
05-18 00:47:12.367 19748 19748 I DecorView: setWindowBackground: isPopOver=false color=ff010101 d=android.graphics.drawable.StateListDrawable@f26de3a
05-18 00:47:12.367 19748 19748 D LifecycleMonitor: Lifecycle status change: androidx.test.core.app.InstrumentationActivityInvoker$EmptyActivity@8121d2e in: CREATED
05-18 00:47:12.367 19748 19748 V ActivityScenario: Activity lifecycle changed event received but ignored because the intent does not match. startActivityIntent=Intent { act=android.intent.action.MAIN cat=[android.intent.category.LAUNCHER] cmp=com.example.dogglers/.GridListActivity }, activity.getIntent()=Intent { act=android.intent.action.MAIN cat=[android.intent.category.LAUNCHER] flg=0x10000000 cmp=com.example.dogglers/androidx.test.core.app.InstrumentationActivityInvoker$EmptyActivity }, activity=androidx.test.core.app.InstrumentationActivityInvoker$EmptyActivity@8121d2e
05-18 00:47:12.367  5964  5964 I ActivityUtils: HomePackage : com.sec.android.app.launcher, resumePackageName : com.example.dogglers
05-18 00:47:12.367 19748 19748 D LifecycleMonitor: Lifecycle status change: androidx.test.core.app.InstrumentationActivityInvoker$EmptyActivity@8121d2e in: STARTED
05-18 00:47:12.368 19748 19748 V ActivityScenario: Activity lifecycle changed event received but ignored because the intent does not match. startActivityIntent=Intent { act=android.intent.action.MAIN cat=[android.intent.category.LAUNCHER] cmp=com.example.dogglers/.GridListActivity }, activity.getIntent()=Intent { act=android.intent.action.MAIN cat=[android.intent.category.LAUNCHER] flg=0x10000000 cmp=com.example.dogglers/androidx.test.core.app.InstrumentationActivityInvoker$EmptyActivity }, activity=androidx.test.core.app.InstrumentationActivityInvoker$EmptyActivity@8121d2e
05-18 00:47:12.369  2315  3073 D InputDispatcher: Focus left window (0): 41a1d3 com.example.dogglers/com.example.dogglers.GridListActivity
05-18 00:47:12.369 19748 19748 D LifecycleMonitor: Lifecycle status change: androidx.test.core.app.InstrumentationActivityInvoker$EmptyActivity@8121d2e in: RESUMED
05-18 00:47:12.369 19748 19748 V ActivityScenario: Activity lifecycle changed event received but ignored because the intent does not match. startActivityIntent=Intent { act=android.intent.action.MAIN cat=[android.intent.category.LAUNCHER] cmp=com.example.dogglers/.GridListActivity }, activity.getIntent()=Intent { act=android.intent.action.MAIN cat=[android.intent.category.LAUNCHER] flg=0x10000000 cmp=com.example.dogglers/androidx.test.core.app.InstrumentationActivityInvoker$EmptyActivity }, activity=androidx.test.core.app.InstrumentationActivityInvoker$EmptyActivity@8121d2e
05-18 00:47:12.369 19748 19748 I MSHandlerLifeCycle: check: return. pkg=com.example.dogglers parent=null callers=com.android.internal.policy.DecorView.setVisibility:4416 android.app.ActivityThread.handleResumeActivity:5476 android.app.servertransaction.ResumeActivityItem.execute:54 android.app.servertransaction.ActivityTransactionItem.execute:45 android.app.servertransaction.TransactionExecutor.executeLifecycleState:176
05-18 00:47:12.370 19748 19748 I MSHandlerLifeCycle: removeMultiSplitHandler: no exist. decor=DecorView@8b69165[]
05-18 00:47:12.371 19748 19789 D NativeCustomFrequencyManager: [NativeCFMS] BpCustomFrequencyManager::BpCustomFrequencyManager()
05-18 00:47:12.373  2315  6291 D InputTransport: Input channel constructed: 'd672cd2', fd=1022
05-18 00:47:12.373  2315  6291 D InputTransport: Input channel constructed: 'd672cd2', fd=1088
05-18 00:47:12.373  2315  6291 D InputTransport: Input channel constructed: 'd672cd2', fd=1089
05-18 00:47:12.373  1533  1680 I SurfaceFlinger: id=113262 createSurf, flag=80004, d672cd2 com.example.dogglers/androidx.test.core.app.InstrumentationActivityInvoker$EmptyActivity#113262
05-18 00:47:12.373  2315  6291 D InputTransport: Input channel destroyed: 'd672cd2', fd=1089
05-18 00:47:12.374 19748 19748 D InsetsController: onStateChanged: InsetsState: {mDisplayFrame=Rect(0, 0 - 1440, 3088), mDisplayCutout=DisplayCutout{insets=Rect(0, 100 - 0, 0) waterfall=Insets{left=0, top=0, right=0, bottom=0} boundingRect={Bounds=[Rect(0, 0 - 0, 0), Rect(683, 0 - 758, 100), Rect(0, 0 - 0, 0), Rect(0, 0 - 0, 0)]} cutoutPathParserInfo={CutoutPathParserInfo{displayWidth=1440 displayHeight=3088 physicalDisplayWidth=1440 physicalDisplayHeight=3088 density={3.75} cutoutSpec={M 0,0 H -10 V 26.66666666666667 H 10 V 0 H 0 Z @dp} rotation={0} scale={1.0} physicalPixelDisplaySizeRatio={1.0}}}}, mRoundedCorners=RoundedCorners{[RoundedCorner{position=TopLeft, radius=14, center=Point(14, 14)}, RoundedCorner{position=TopRight, radius=14, center=Point(1426, 14)}, RoundedCorner{position=BottomRight, radius=14, center=Point(1426, 3074)}, RoundedCorner{position=BottomLeft, radius=14, center=Point(14, 3074)}]}  mRoundedCornerFrame=Rect(0, 0 - 1440, 3088), mPrivacyIndicatorBounds=PrivacyIndicatorBounds {static bounds=Rect(1286, 0 - 1440, 100) rotation=0}, mSources= { InsetsSource: {mType=ITYPE_STATUS_BAR, mFrame=[0,0][1440,100], mVisible=true, mInsetsRoundedCornerFrame=false}, InsetsSource: {mType=ITYPE_NAVIGATION_BAR, mFrame=[0,2920][1440,3088], mVisible=true, mInsetsRoundedCornerFrame=false}, InsetsSource: {mType=ITYPE_LEFT_GESTURES, mFrame=[0,0][0,3088], mVisible=true, mInsetsRoundedCornerFrame=false}, InsetsSource: {mType=ITYPE_RIGHT_GESTURES, mFrame=[1440,0][1440,3088], mVisible=true, mInsetsRoundedCornerFrame=false}, InsetsSource: {mType=ITYPE_TOP_MANDATORY_GESTURES, mFrame=[0,0][1440,142], mVisible=true, mInsetsRoundedCornerFrame=false}, InsetsSource: {mType=ITYPE_BOTTOM_MANDATORY_GESTURES, mFrame=[0,2920][1440,3088], mVisible=true, mInsetsRoundedCornerFrame=false}, InsetsSource: {mType=ITYPE_LEFT_DISPLAY_CUTOUT, mFrame=[0,0][-100000,3088], mVisible=true, mInsetsRoundedCornerFrame=false}, InsetsSource: {mType=ITYPE_TOP_DISPLAY_CUTOUT, mFrame=[0,0][1440,100], mVisible=true, mInsetsRoundedCornerFrame=false}, InsetsSource: {mType=ITYPE_RIGHT_DISPLAY_CUTOUT, mFrame=[100000,0][1440,3088], mVisible=true, mInsetsRoundedCornerFrame=false}, InsetsSource: {mType=ITYPE_BOTTOM_DISPLAY_CUTOUT, mFrame=[0,100000][1440,3088], mVisible=true, mInsetsRoundedCornerFrame=false}, InsetsSource: {mType=ITYPE_TOP_TAPPABLE_ELEMENT, mFrame=[0,0][1440,100], mVisible=true, mInsetsRoundedCornerFrame=false}, InsetsSource: {mType=ITYPE_BOTTOM_TAPPABLE_ELEMENT, mFrame=[0,2920][1440,3088], mVisible=true, mInsetsRoundedCornerFrame=false} } host=com.example.dogglers/androidx.test.core.app.InstrumentationActivityInvoker$EmptyActivity from=android.view.ViewRootImpl.setView:1732
05-18 00:47:12.375 19748 19748 I ViewRootImpl@1302048[InstrumentationActivityInvoker$EmptyActivity]: setView = com.android.internal.policy.DecorView@8b69165 TM=true
05-18 00:47:12.375 19748 19748 I MSHandlerLifeCycle: removeMultiSplitHandler: no exist. decor=DecorView@8b69165[InstrumentationActivityInvoker$EmptyActivity]
05-18 00:47:12.375  2315  2481 D AnalyticsContainerHandler: handleMessage : { when=0 what=1 target=com.android.server.knox.KnoxAnalyticsContainer$AnalyticsHandler }
05-18 00:47:12.378  1533  1533 D SurfaceFlinger: Display 4630947232161729154 HWC layers:
05-18 00:47:12.378  1533  1533 D SurfaceFlinger:      DEVICE | 0xb400006f70231d50 | 0102 | RGBA_8888    |    0.0    0.0 1440.0 3088.0 |    0    0 1440 3088 | com.example.dogglers/com.example.dogglers.GridListActivity$_19748#113255
05-18 00:47:12.378  1533  1533 D SurfaceFlinger:      DEVICE | 0xb400006f70233df0 | 0100 | RGBA_8888    |    0.0    0.0 1440.0  100.0 |    0    0 1440  100 | StatusBar$_3085#85
05-18 00:47:12.378  1533  1533 D SurfaceFlinger:      DEVICE | 0xb400006f7022a220 | 0100 | RGBA_8888    |    0.0    0.0   67.0  456.0 | 1373  584 1440 1040 | com.samsung.android.app.cocktailbars[...]vice.CocktailBarService$_5964#112833
05-18 00:47:12.378  1533  1533 D SurfaceFlinger:      DEVICE | 0xb400006f702301c0 | 0100 | RGBA_8888    |    0.0    0.0 1440.0  168.0 |    0 2920 1440 3088 | NavigationBar0$_3085#80
05-18 00:47:12.378  1533  1533 D SurfaceFlinger:
05-18 00:47:12.379 19748 19748 I ViewRootImpl@1302048[InstrumentationActivityInvoker$EmptyActivity]: performTraversals params={(0,0)(fillxfill) sim={adjust=pan forwardNavigation} ty=BASE_APPLICATION wanim=0x1030001
05-18 00:47:12.379 19748 19748 I ViewRootImpl@1302048[InstrumentationActivityInvoker$EmptyActivity]:   fl=1810100
05-18 00:47:12.379 19748 19748 I ViewRootImpl@1302048[InstrumentationActivityInvoker$EmptyActivity]:   pfl=12020040
05-18 00:47:12.379 19748 19748 I ViewRootImpl@1302048[InstrumentationActivityInvoker$EmptyActivity]:   bhv=DEFAULT
05-18 00:47:12.379 19748 19748 I ViewRootImpl@1302048[InstrumentationActivityInvoker$EmptyActivity]:   fitSides= naviIconColor=0}
05-18 00:47:12.379 19748 19748 I ViewRootImpl@1302048[InstrumentationActivityInvoker$EmptyActivity]: performTraversals mFirst=true windowShouldResize=true viewVisibilityChanged=false mForceNextWindowRelayout=false params={(0,0)(fillxfill) sim={adjust=pan forwardNavigation} ty=BASE_APPLICATION wanim=0x1030001
05-18 00:47:12.379 19748 19748 I ViewRootImpl@1302048[InstrumentationActivityInvoker$EmptyActivity]:   fl=1810100
05-18 00:47:12.379 19748 19748 I ViewRootImpl@1302048[InstrumentationActivityInvoker$EmptyActivity]:   pfl=12020040
05-18 00:47:12.379 19748 19748 I ViewRootImpl@1302048[InstrumentationActivityInvoker$EmptyActivity]:   bhv=DEFAULT
05-18 00:47:12.379 19748 19748 I ViewRootImpl@1302048[InstrumentationActivityInvoker$EmptyActivity]:   fitSides= naviIconColor=0}
05-18 00:47:12.379  2315  6291 V WindowManager: Relayout Window{d672cd2 u0 com.example.dogglers/androidx.test.core.app.InstrumentationActivityInvoker$EmptyActivity}: viewVisibility=0 req=1440x3088 d0
05-18 00:47:12.379  1533  1680 I SurfaceFlinger: id=113263 createSurf, flag=40004, com.example.dogglers/androidx.test.core.app.InstrumentationActivityInvoker$EmptyActivity$_19748#113263
05-18 00:47:12.381  1533  1680 I SurfaceFlinger: id=113264 createSurf, flag=24000, Surface(name=a5e6516 StatusBar)/@0x266f9f6 - animation-leash of insets_animation#113264
05-18 00:47:12.382  1533  1680 I SurfaceFlinger: id=113265 createSurf, flag=24000, Surface(name=b1c69c9 NavigationBar0)/@0x6818acd - animation-leash of insets_animation#113265
05-18 00:47:12.382  2315  6291 V WindowManager: Relayout hash=d672cd2, pid=19748, syncId=-1: mAttrs={(0,0)(fillxfill) sim={adjust=pan forwardNavigation} ty=BASE_APPLICATION wanim=0x1030001
05-18 00:47:12.382  2315  6291 V WindowManager:   fl=1810100
05-18 00:47:12.382  2315  6291 V WindowManager:   pfl=12020040
05-18 00:47:12.382  2315  6291 V WindowManager:   bhv=DEFAULT
05-18 00:47:12.382  2315  6291 V WindowManager:   fitSides= naviIconColor=0}
05-18 00:47:12.383 19748 19748 D InsetsController: onStateChanged: InsetsState: {mDisplayFrame=Rect(0, 0 - 1440, 3088), mDisplayCutout=DisplayCutout{insets=Rect(0, 100 - 0, 0) waterfall=Insets{left=0, top=0, right=0, bottom=0} boundingRect={Bounds=[Rect(0, 0 - 0, 0), Rect(683, 0 - 758, 100), Rect(0, 0 - 0, 0), Rect(0, 0 - 0, 0)]} cutoutPathParserInfo={CutoutPathParserInfo{displayWidth=1440 displayHeight=3088 physicalDisplayWidth=1440 physicalDisplayHeight=3088 density={3.75} cutoutSpec={M 0,0 H -10 V 26.66666666666667 H 10 V 0 H 0 Z @dp} rotation={0} scale={1.0} physicalPixelDisplaySizeRatio={1.0}}}}, mRoundedCorners=RoundedCorners{[RoundedCorner{position=TopLeft, radius=14, center=Point(14, 14)}, RoundedCorner{position=TopRight, radius=14, center=Point(1426, 14)}, RoundedCorner{position=BottomRight, radius=14, center=Point(1426, 3074)}, RoundedCorner{position=BottomLeft, radius=14, center=Point(14, 3074)}]}  mRoundedCornerFrame=Rect(0, 0 - 1440, 3088), mPrivacyIndicatorBounds=PrivacyIndicatorBounds {static bounds=Rect(1286, 0 - 1440, 100) rotation=0}, mSources= { InsetsSource: {mType=ITYPE_STATUS_BAR, mFrame=[0,0][1440,100], mVisible=true, mInsetsRoundedCornerFrame=false}, InsetsSource: {mType=ITYPE_NAVIGATION_BAR, mFrame=[0,2920][1440,3088], mVisible=true, mInsetsRoundedCornerFrame=false}, InsetsSource: {mType=ITYPE_LEFT_GESTURES, mFrame=[0,0][0,3088], mVisible=true, mInsetsRoundedCornerFrame=false}, InsetsSource: {mType=ITYPE_RIGHT_GESTURES, mFrame=[1440,0][1440,3088], mVisible=true, mInsetsRoundedCornerFrame=false}, InsetsSource: {mType=ITYPE_TOP_MANDATORY_GESTURES, mFrame=[0,0][1440,142], mVisible=true, mInsetsRoundedCornerFrame=false}, InsetsSource: {mType=ITYPE_BOTTOM_MANDATORY_GESTURES, mFrame=[0,2920][1440,3088], mVisible=true, mInsetsRoundedCornerFrame=false}, InsetsSource: {mType=ITYPE_LEFT_DISPLAY_CUTOUT, mFrame=[0,0][-100000,3088], mVisible=true, mInsetsRoundedCornerFrame=false}, InsetsSource: {mType=ITYPE_TOP_DISPLAY_CUTOUT, mFrame=[0,0][1440,100], mVisible=true, mInsetsRoundedCornerFrame=false}, InsetsSource: {mType=ITYPE_RIGHT_DISPLAY_CUTOUT, mFrame=[100000,0][1440,3088], mVisible=true, mInsetsRoundedCornerFrame=false}, InsetsSource: {mType=ITYPE_BOTTOM_DISPLAY_CUTOUT, mFrame=[0,100000][1440,3088], mVisible=true, mInsetsRoundedCornerFrame=false}, InsetsSource: {mType=ITYPE_TOP_TAPPABLE_ELEMENT, mFrame=[0,0][1440,100], mVisible=true, mInsetsRoundedCornerFrame=false}, InsetsSource: {mType=ITYPE_BOTTOM_TAPPABLE_ELEMENT, mFrame=[0,2920][1440,3088], mVisible=true, mInsetsRoundedCornerFrame=false}, InsetsSource: {mType=ITYPE_IME, mFrame=[0,0][0,0], mVisibleFrame=[0,1766][1440,3088], mVisible=false, mInsetsRoundedCornerFrame=false} } host=com.example.dogglers/androidx.test.core.app.InstrumentationActivityInvoker$EmptyActivity from=android.view.ViewRootImpl.relayoutWindow:9802
05-18 00:47:12.383 19748 19748 I ViewRootImpl@1302048[InstrumentationActivityInvoker$EmptyActivity]: updateBlastSurfaceIfNeeded mBlastBufferQueue=null isSameSurfaceControl=false
05-18 00:47:12.384 19748 19748 I BLASTBufferQueue: new BLASTBufferQueue, mName= ViewRootImpl@1302048[InstrumentationActivityInvoker$EmptyActivity] mNativeObject= 0xb4000073b7278b50 sc.mNativeObject= 0xb4000073472a7c30 caller= android.view.ViewRootImpl.updateBlastSurfaceIfNeeded:2909 android.view.ViewRootImpl.relayoutWindow:9847 android.view.ViewRootImpl.performTraversals:3884 android.view.ViewRootImpl.doTraversal:3116 android.view.ViewRootImpl$TraversalRunnable.run:10885 android.view.Choreographer$CallbackRecord.run:1301 android.view.Choreographer$CallbackRecord.run:1309 android.view.Choreographer.doCallbacks:923 android.view.Choreographer.doFrame:852 android.view.Choreographer$FrameDisplayEventReceiver.run:1283
05-18 00:47:12.384 19748 19748 I BLASTBufferQueue: update, w= 1440 h= 3088 mName = ViewRootImpl@1302048[InstrumentationActivityInvoker$EmptyActivity] mNativeObject= 0xb4000073b7278b50 sc.mNativeObject= 0xb4000073472a7c30 format= -1 caller= android.graphics.BLASTBufferQueue.<init>:84 android.view.ViewRootImpl.updateBlastSurfaceIfNeeded:2909 android.view.ViewRootImpl.relayoutWindow:9847 android.view.ViewRootImpl.performTraversals:3884 android.view.ViewRootImpl.doTraversal:3116 android.view.ViewRootImpl$TraversalRunnable.run:10885
05-18 00:47:12.384 19748 19748 I ViewRootImpl@1302048[InstrumentationActivityInvoker$EmptyActivity]: Relayout returned: old=(0,0,1440,3088) new=(0,0,1440,3088) req=(1440,3088)0 dur=4 res=0x3 s={true 0xb400007447295c60} ch=true seqId=0
05-18 00:47:12.384 19748 19748 I ViewRootImpl@1302048[InstrumentationActivityInvoker$EmptyActivity]: mThreadedRenderer.initialize() mSurface={isValid=true 0xb400007447295c60} hwInitialized=true
05-18 00:47:12.384 19748 19789 D OpenGLRenderer: eglCreateWindowSurface
05-18 00:47:12.385 19748 19748 I ViewRootImpl@1302048[InstrumentationActivityInvoker$EmptyActivity]: reportNextDraw android.view.ViewRootImpl.performTraversals:4438 android.view.ViewRootImpl.doTraversal:3116 android.view.ViewRootImpl$TraversalRunnable.run:10885 android.view.Choreographer$CallbackRecord.run:1301 android.view.Choreographer$CallbackRecord.run:1309
05-18 00:47:12.385 19748 19748 I ViewRootImpl@1302048[InstrumentationActivityInvoker$EmptyActivity]: Setup new sync id=0
05-18 00:47:12.385 19748 19748 I ViewRootImpl@1302048[InstrumentationActivityInvoker$EmptyActivity]: Setting syncFrameCallback
05-18 00:47:12.385 19748 19748 I ViewRootImpl@1302048[InstrumentationActivityInvoker$EmptyActivity]: registerCallbacksForSync syncBuffer=false
05-18 00:47:12.387 19748 19808 I ViewRootImpl@1302048[InstrumentationActivityInvoker$EmptyActivity]: Received frameDrawingCallback syncResult=0 frameNum=1.
05-18 00:47:12.387 19748 19808 I ViewRootImpl@1302048[InstrumentationActivityInvoker$EmptyActivity]: Setting up sync and frameCommitCallback
05-18 00:47:12.387 19748 19789 I BLASTBufferQueue: [ViewRootImpl@1302048[InstrumentationActivityInvoker$EmptyActivity]#7](f:0,a:0) onFrameAvailable the first frame is available
05-18 00:47:12.387  3588  3588 I ViewRootImpl@c60680d[LauncherActivity]: handleAppVisibility mAppVisible = true visible = false
05-18 00:47:12.388 19748 19789 I ViewRootImpl@1302048[InstrumentationActivityInvoker$EmptyActivity]: Received frameCommittedCallback lastAttemptedDrawFrameNum=1 didProduceBuffer=true
05-18 00:47:12.388 23650 23650 I ViewRootImpl@d37bbeb[LauncherActivity]: handleAppVisibility mAppVisible = true visible = false
05-18 00:47:12.388 19748 19789 D OpenGLRenderer: CFMS:: SetUp Pid : 19748    Tid : 19789
05-18 00:47:12.388 19748 19789 W Parcel  : Expecting binder but got null!
05-18 00:47:12.389 19748 19748 I ViewRootImpl@1302048[InstrumentationActivityInvoker$EmptyActivity]: onSyncComplete
05-18 00:47:12.389  3085  3106 D WallpaperService: dispatchAppVisibility onVisibilityChanged(): false
05-18 00:47:12.389 19748 19748 I ViewRootImpl@1302048[InstrumentationActivityInvoker$EmptyActivity]: setupSync seqId=0 mSyncId=0 fn=1 caller=android.view.ViewRootImpl$$ExternalSyntheticLambda11.accept:6 android.window.SurfaceSyncer.lambda$setupSync$1$android-window-SurfaceSyncer:128 android.window.SurfaceSyncer$$ExternalSyntheticLambda1.accept:8 android.window.SurfaceSyncer$SyncSet.checkIfSyncIsComplete:382 android.window.SurfaceSyncer$SyncSet.markSyncReady:359 android.window.SurfaceSyncer.markSyncReady:151 android.view.ViewRootImpl.performTraversals:4503
05-18 00:47:12.389  3085  3085 D WallpaperService: reportVisibility onVisibilityChanged visible: false
05-18 00:47:12.389 19748 19748 I ViewRootImpl@1302048[InstrumentationActivityInvoker$EmptyActivity]: reportDrawFinished seqId=0 mSyncId=-1 fn=1 mSurfaceChangedTransaction=0xb4000073772727d0
05-18 00:47:12.389 19748 19748 I ViewRootImpl@fd2d62d[GridListActivity]: MSG_WINDOW_FOCUS_CHANGED 0 0
05-18 00:47:12.389  3085  3389 I ImageWallpaper[GLEngine]:  onVisibilityChanged false , 0
05-18 00:47:12.392 19748 19748 I ViewRootImpl@fd2d62d[GridListActivity]: handleAppVisibility mAppVisible = true visible = false
05-18 00:47:12.394  2315  2432 I ActivityTaskManager: Displayed com.example.dogglers/androidx.test.core.app.InstrumentationActivityInvoker$EmptyActivity: +46ms
05-18 00:47:12.394  1533  1533 I Layer   : id=113256 removedFromDrawingState Surface(name=a5e6516 StatusBar)/@0x266f9f6 - animation-leash of insets_animation#113256 (124)
05-18 00:47:12.394  1533  1533 I Layer   : id=113257 removedFromDrawingState Surface(name=b1c69c9 NavigationBar0)/@0x6818acd - animation-leash of insets_animation#113257 (124)
05-18 00:47:12.394  1533  1533 I SurfaceFlinger: [d672cd2 com.example.dogglers/androidx.test.core.app.InstrumentationActivityInvoker$EmptyActivity#113262] FrameRatePriority: 1
05-18 00:47:12.394  1533  1533 I Layer   : id=113248 removedFromDrawingState Splash Screen com.example.dogglers$_3085#113248 (124)
05-18 00:47:12.394  1533  1533 I Layer   : id=113250 removedFromDrawingState Surface(name=Task=1)/@0x889ba84 - animation-leash of app_transition#113250 (124)
05-18 00:47:12.394  1533  1533 I Layer   : Layer [Splash Screen com.example.dogglers$_3085#113248] hidden!! flag(1)
05-18 00:47:12.394  1533  1533 I Layer   : id=113247 removedFromDrawingState 2618098 Splash Screen com.example.dogglers#113247 (124)
05-18 00:47:12.394  1533  1533 I Layer   : id=113251 removedFromDrawingState Surface(name=Task=1008)/@0x75a095e - animation-leash of app_transition#113251 (124)
05-18 00:47:12.394  1533  1533 I Layer   : Layer [com.sec.android.app.launcher/com.sec.android.app.launcher.activities.LauncherActivity$_23650#113155] hidden!! flag(1)
05-18 00:47:12.394  1533  1533 I Layer   : Layer [com.sec.android.app.launcher/com.sec.android.app.launcher.activities.LauncherActivity$_3588#113156] hidden!! flag(1)
05-18 00:47:12.394  1533  1533 I SurfaceFlinger: id=113248 Removed Splash Screen com.example.dogglers$_3085#113248 (124)
05-18 00:47:12.394  4633  4633 E pageboostd: Received HALT command code 2
05-18 00:47:12.394  1533  1533 I SurfaceFlinger: id=113247 Removed 2618098 Splash Screen com.example.dogglers#113247 (124)
05-18 00:47:12.394  1533  1533 I SurfaceFlinger: id=113256 Removed Surface(name=a5e6516 StatusBar)/@0x266f9f6 - animation-leash of insets_animation#113256 (124)
05-18 00:47:12.394  1533  1533 I SurfaceFlinger: id=113257 Removed Surface(name=b1c69c9 NavigationBar0)/@0x6818acd - animation-leash of insets_animation#113257 (124)
05-18 00:47:12.394  1533  1533 I SurfaceFlinger: id=113251 Removed Surface(name=Task=1008)/@0x75a095e - animation-leash of app_transition#113251 (124)
05-18 00:47:12.394  1533  1533 I SurfaceFlinger: id=113250 Removed Surface(name=Task=1)/@0x889ba84 - animation-leash of app_transition#113250 (124)
05-18 00:47:12.394  1533  1533 I Layer   : id=113247 Destroyed 2618098 Splash Screen com.example.dogglers#113247
05-18 00:47:12.394  1533  1533 I Layer   : id=113248 Destroyed Splash Screen com.example.dogglers$_3085#113248
05-18 00:47:12.394  2315  2436 I SemDvfsHyPerManager: acquire hyper - AMS_RESUME_TAIL/2315@23, type = -999
05-18 00:47:12.394  2315  2436 I SemDvfsHyPerManager: acquire hyper - AMS_ACT_LAZY/2315@24, type = -999
05-18 00:47:12.394  1533  1533 I Layer   : id=113250 Destroyed Surface(name=Task=1)/@0x889ba84 - animation-leash of app_transition#113250
05-18 00:47:12.394  1533  1533 I Layer   : id=113251 Destroyed Surface(name=Task=1008)/@0x75a095e - animation-leash of app_transition#113251
05-18 00:47:12.394  1533  1533 I Layer   : id=113256 Destroyed Surface(name=a5e6516 StatusBar)/@0x266f9f6 - animation-leash of insets_animation#113256
05-18 00:47:12.394  1533  1533 I Layer   : id=113257 Destroyed Surface(name=b1c69c9 NavigationBar0)/@0x6818acd - animation-leash of insets_animation#113257
05-18 00:47:12.395 19748 19789 D OpenGLRenderer: setSurface called with nullptr
05-18 00:47:12.395 19748 19789 D OpenGLRenderer: setSurface() destroyed EGLSurface
05-18 00:47:12.395 19748 19789 D OpenGLRenderer: destroyEglSurface
05-18 00:47:12.395  1412  1438 I HYPER-HAL: [RequestManager.cpp]acquire(): Acquired ID : 2734314  [2315 / 23]    HINT : AMS_RESUME_TAIL    list :
05-18 00:47:12.395  1412  1438 I HYPER-HAL: [RequestManager.cpp]acquire(): Acquired ID : 2736654  [2315 / 24]    HINT : AMS_ACT_LAZY    list :
05-18 00:47:12.395 19748 19748 I ViewRootImpl@fd2d62d[GridListActivity]: performTraversals mFirst=false windowShouldResize=false viewVisibilityChanged=true mForceNextWindowRelayout=false params=null
05-18 00:47:12.396  2315  6291 D InputDispatcher: Focus request (0): d672cd2 com.example.dogglers/androidx.test.core.app.InstrumentationActivityInvoker$EmptyActivity but waiting because NOT_VISIBLE
05-18 00:47:12.397  2315  4494 V WindowManager: Relayout Window{41a1d3 u0 com.example.dogglers/com.example.dogglers.GridListActivity}: viewVisibility=8 req=1440x3088 d0
05-18 00:47:12.398  1412  1438 I HYPER-HAL: [RequestManager.cpp]releaseLocked(): Released ID : 2729637
05-18 00:47:12.398  2315  4494 V WindowManager: Relayout hash=41a1d3, pid=19748, syncId=-1: mAttrs={(0,0)(fillxfill) sim={adjust=resize forwardNavigation} ty=BASE_APPLICATION wanim=0x1030309
05-18 00:47:12.398  2315  4494 V WindowManager:   fl=81810100
05-18 00:47:12.398  2315  4494 V WindowManager:   pfl=12020040
05-18 00:47:12.398  2315  4494 V WindowManager:   bhv=DEFAULT
05-18 00:47:12.398  2315  4494 V WindowManager:   fitSides= naviIconColor=0}
05-18 00:47:12.398 23650 23746 D OpenGLRenderer: setSurface called with nullptr
05-18 00:47:12.398 23650 23746 D OpenGLRenderer: setSurface() destroyed EGLSurface
05-18 00:47:12.398 23650 23746 D OpenGLRenderer: destroyEglSurface
05-18 00:47:12.399 23650 23650 I ViewRootImpl@d37bbeb[LauncherActivity]: performTraversals mFirst=false windowShouldResize=false viewVisibilityChanged=true mForceNextWindowRelayout=false params=null
05-18 00:47:12.400 19748 19748 I ViewRootImpl@fd2d62d[GridListActivity]: Relayout returned: old=(0,0,1440,3088) new=(0,0,1440,3088) req=(1440,3088)8 dur=4 res=0x2 s={false 0x0} ch=true seqId=0
05-18 00:47:12.402  1533  1533 I Layer   : Layer [com.example.dogglers/androidx.test.core.app.InstrumentationActivityInvoker$EmptyActivity$_19748#113263] hidden!! flag(0)
05-18 00:47:12.402  1533  1533 I Layer   : Layer [com.example.dogglers/com.example.dogglers.GridListActivity$_19748#113255] hidden!! flag(1)
05-18 00:47:12.404  3588  3588 I ViewRootImpl@c60680d[LauncherActivity]: performTraversals mFirst=false windowShouldResize=false viewVisibilityChanged=true mForceNextWindowRelayout=false params=null
05-18 00:47:12.405  1533  1533 D SurfaceFlinger: Display 4630947232161729154 HWC layers:
05-18 00:47:12.405  1533  1533 D SurfaceFlinger:      DEVICE | 0xb400006f7024bac0 | 0102 | RGBA_8888    |    0.0    0.0 1440.0 3088.0 |    0    0 1440 3088 | com.example.dogglers/androidx.test.c[...]yInvoker$EmptyActivity$_19748#113263
05-18 00:47:12.405  1533  1533 D SurfaceFlinger:      DEVICE | 0xb400006f70233df0 | 0100 | RGBA_8888    |    0.0    0.0 1440.0  100.0 |    0    0 1440  100 | StatusBar$_3085#85
05-18 00:47:12.405  1533  1533 D SurfaceFlinger:      DEVICE | 0xb400006f7022a220 | 0100 | RGBA_8888    |    0.0    0.0   67.0  456.0 | 1373  584 1440 1040 | com.samsung.android.app.cocktailbars[...]vice.CocktailBarService$_5964#112833
05-18 00:47:12.405  1533  1533 D SurfaceFlinger:      DEVICE | 0xb400006f70241ef0 | 0100 | RGBA_8888    |    0.0    0.0 1440.0  168.0 |    0 2920 1440 3088 | NavigationBar0$_3085#80
05-18 00:47:12.405  1533  1533 D SurfaceFlinger:
05-18 00:47:12.406  2315  5947 D InputDispatcher: Focus entered window (0): d672cd2 com.example.dogglers/androidx.test.core.app.InstrumentationActivityInvoker$EmptyActivity
05-18 00:47:12.406  2315  3567 I SemDvfsHyPerManager: acquire hyper - AMS_ACT_START/2315@21, type = -999
05-18 00:47:12.407  1412  1438 I HYPER-HAL: [RequestManager.cpp]acquire(): Acquired ID : 2729637  [2315 / 21]    HINT : AMS_ACT_START    list :
05-18 00:47:12.410  1533  3178 I SurfaceFlinger: id=113266 createSurf, flag=80004, ActivityRecord{a68ef64 u0 com.example.dogglers/androidx.test.core.app.InstrumentationActivityInvoker$EmptyActivity} t1008}#113266
05-18 00:47:12.416  1412  1412 I HYPER-HAL: [ResourceManager.cpp]getResourceManager(): Resouce not supported on this device - resourceID : 0x1000
05-18 00:47:12.417  2315  2862 I HqmInfo::HqmManagerService: MSG_TYPE:MSG_TYPE_PROCESS_LOG_BY_HQM
05-18 00:47:12.417  4633  4633 E pageboostd: Received HALT command code 2
05-18 00:47:12.419  2315  5715 V WindowManager: Relayout Window{f654c03 u0 com.sec.android.app.launcher/com.sec.android.app.launcher.activities.LauncherActivity}: viewVisibility=8 req=1440x3088 d0
05-18 00:47:12.421  2315  2926 V WindowManager: Relayout Window{41ea68a u0 com.sec.android.app.launcher/com.sec.android.app.launcher.activities.LauncherActivity}: viewVisibility=8 req=1440x3088 d0
05-18 00:47:12.421  2315  5715 V WindowManager: Relayout hash=f654c03, pid=23650, syncId=-1: mAttrs={(0,0)(fillxfill) gr=LEFT CENTER_HORIZONTAL sim={adjust=resize} layoutInDisplayCutoutMode=shortEdges ty=DRAWN_APPLICATION fmt=TRANSPARENT wanim=0x10302f4 alpha=0.0
05-18 00:47:12.421  2315  5715 V WindowManager:   fl=81850118
05-18 00:47:12.421  2315  5715 V WindowManager:   pfl=16020040
05-18 00:47:12.421  2315  5715 V WindowManager:   bhv=DEFAULT
05-18 00:47:12.421  2315  5715 V WindowManager:   fitSides=
05-18 00:47:12.421  2315  5715 V WindowManager:  dimAmount=0.0 naviIconColor=0}
05-18 00:47:12.422  2315  2926 V WindowManager: Relayout hash=41ea68a, pid=3588, syncId=-1: mAttrs={(0,0)(fillxfill) sim={adjust=nothing} layoutInDisplayCutoutMode=shortEdges ty=BASE_APPLICATION fmt=TRANSPARENT wanim=0x10302f4
05-18 00:47:12.422  2315  2926 V WindowManager:   fl=81910100
05-18 00:47:12.422  2315  2926 V WindowManager:   pfl=1e020040
05-18 00:47:12.422  2315  2926 V WindowManager:   vsysui=1700
05-18 00:47:12.422  2315  2926 V WindowManager:   bhv=SHOW_TRANSIENT_BARS_BY_SWIPE
05-18 00:47:12.422  2315  2926 V WindowManager:   fitSides= screenDimDuration=100000 naviIconColor=0}
05-18 00:47:12.422  2315  2435 I ChimeraSystemEventListener: appLaunchIntent package name is: com.example.dogglers
05-18 00:47:12.424 23650 23650 I ViewRootImpl@d37bbeb[LauncherActivity]: Relayout returned: old=(0,0,1440,3088) new=(0,0,1440,3088) req=(1440,3088)8 dur=25 res=0x2 s={false 0x0} ch=true seqId=0
05-18 00:47:12.425 19748 19748 I ViewRootImpl@fd2d62d[GridListActivity]: stopped(true) old = false
05-18 00:47:12.425 19748 19748 I ViewRootImpl@fd2d62d[GridListActivity]: WindowStopped on com.example.dogglers/com.example.dogglers.GridListActivity set to true
05-18 00:47:12.425 19748 19748 D LifecycleMonitor: Lifecycle status change: com.example.dogglers.GridListActivity@427d149 in: STOPPED
05-18 00:47:12.425 19748 19748 V ActivityScenario: Update currentActivityStage to STOPPED, currentActivity=com.example.dogglers.GridListActivity@427d149
05-18 00:47:12.427 19748 19748 I MSHandlerLifeCycle: removeMultiSplitHandler: no exist. decor=DecorView@1131f14[GridListActivity]
05-18 00:47:12.427 19748 19748 D LifecycleMonitor: Lifecycle status change: com.example.dogglers.GridListActivity@427d149 in: DESTROYED
05-18 00:47:12.428 19748 19748 V ActivityScenario: Update currentActivityStage to DESTROYED, currentActivity=null
05-18 00:47:12.429 19748 19748 I MSHandlerLifeCycle: removeMultiSplitHandler: no exist. decor=DecorView@1131f14[GridListActivity]
05-18 00:47:12.429 19748 19789 D OpenGLRenderer: setSurface called with nullptr
05-18 00:47:12.429 19748 19748 I ViewRootImpl@fd2d62d[GridListActivity]: dispatchDetachedFromWindow
05-18 00:47:12.429  2315  3073 D InputTransport: Input channel destroyed: '41a1d3 ', fd=1077
05-18 00:47:12.429  3588  3588 I ViewRootImpl@c60680d[LauncherActivity]: Relayout returned: old=(0,0,1440,3088) new=(0,0,1440,3088) req=(1440,3088)8 dur=24 res=0x2 s={false 0x0} ch=true seqId=0
05-18 00:47:12.429  2315  3073 W InputManager-JNI: Input channel object '41a1d3 com.example.dogglers/com.example.dogglers.GridListActivity (client)' was disposed without first being removed with the input manager!
05-18 00:47:12.429  2315  3073 D InputTransport: Input channel destroyed: '41a1d3 ', fd=1085
05-18 00:47:12.430  1533  1681 I SurfaceFlinger: id=113267 createSurf, flag=24004, Surface(name=daea37f InputMethod)/@0x913f89b - animation-leash of insets_animation#113267
05-18 00:47:12.432 19748 19748 D InputTransport: Input channel destroyed: '41a1d3 ', fd=109
05-18 00:47:12.433  3588  3588 I ViewRootImpl@c60680d[LauncherActivity]: stopped(true) old = false
