05-18 00:47:11.271 19748 19773 I TestRunner: started: grid_list_content_on_first_page(com.example.dogglers.GridListTests)
05-18 00:47:11.276 19748 19773 W Settings: Setting always_finish_activities has moved from android.provider.Settings.System to android.provider.Settings.Global, returning read-only value.
05-18 00:47:11.283  2315  3755 I SemDvfsHyPerManager: acquire hyper - AMS_APP_SWITCH/2315@25, type = -999
05-18 00:47:11.283  1412  1438 I HYPER-HAL: [RequestManager.cpp]acquire(): Acquired ID : 2738995  [2315 / 25]    HINT : AMS_APP_SWITCH    list :
05-18 00:47:11.283  1533  1681 I SurfaceFlinger: id=113208 createSurf, flag=24004, Task=1007#113208
05-18 00:47:11.284  2315  2435 I ChimeraSystemEventListener: appLaunchIntent package name is: com.example.dogglers
05-18 00:47:11.284  1533  3008 I SurfaceFlinger: id=113209 createSurf, flag=80004, ActivityRecord{4daa3be u0 com.example.dogglers/androidx.test.core.app.InstrumentationActivityInvoker$BootstrapActivity} t1007}#113209
05-18 00:47:11.285  5894  5894 I SemDvfsHyPerManager: acquire hyper - APP_START_SHORT/5894@16, type = -999
05-18 00:47:11.289  1412  1438 I HYPER-HAL: [RequestManager.cpp]acquire(): Acquired ID : 17467021  [5894 / 16]    HINT : APP_START    list : [TIMEOUT / 1500]
05-18 00:47:11.291  1791  4817 I CameraService: onUidStateChanged: uid=10038, procState is changed. (0 -> 1)
05-18 00:47:11.292  2315  2926 I SemDvfsHyPerManager: acquire hyper - AMS_APP_LAUNCH/2315@22, type = -999
05-18 00:47:11.293  4633  4633 E pageboostd: Received HALT command code 2
05-18 00:47:11.293  1412  1438 I HYPER-HAL: [RequestManager.cpp]acquire(): Acquired ID : 2731975  [2315 / 22]    HINT : AMS_APP_LAUNCH    list :
05-18 00:47:11.293  3085  3222 D NativeCustomFrequencyManager: [NativeCFMS] BpCustomFrequencyManager::BpCustomFrequencyManager()
05-18 00:47:11.295  5894  5894 I SemDvfsHyPerManager: acquire hyper - APP_START/5894@18, type = -999
05-18 00:47:11.295  1412  1438 I HYPER-HAL: [RequestManager.cpp]acquire(): Acquired ID : 17478846  [5894 / 18]    HINT : APP_START    list :
05-18 00:47:11.298  2315  3073 D InputTransport: Input channel constructed: 'ef56c96', fd=879
05-18 00:47:11.298  2315  3073 D InputTransport: Input channel constructed: 'ef56c96', fd=884
05-18 00:47:11.298  2315  3073 D InputTransport: Input channel constructed: 'ef56c96', fd=901
05-18 00:47:11.299  1533  3008 I SurfaceFlinger: id=113210 createSurf, flag=80004, ef56c96 Splash Screen com.example.dogglers#113210
05-18 00:47:11.299  3588  3588 I BaseActivity: removeActivityFlags, flags : 16
05-18 00:47:11.299  3588  3588 I BaseActivity: removeActivityFlags, flags : 6
05-18 00:47:11.299  3588  3588 I DragController: endDrag
05-18 00:47:11.299  3588  3588 W LauncherAppWidgetHost: setShouldListenFlag, mFlags:15 flag:resume on:false isFront:false
05-18 00:47:11.299  3588  3588 I SPayUpdater: updateSpayHandler launcher activity is paused false
05-18 00:47:11.299  3588  6899 I WidgetRotationImpl: unsubscribeWidgetFocus 85
05-18 00:47:11.300  2315  3073 D InputTransport: Input channel destroyed: 'ef56c96', fd=901
05-18 00:47:11.301  3085  3207 D InsetsController: onStateChanged: InsetsState: {mDisplayFrame=Rect(0, 0 - 1440, 3088), mDisplayCutout=DisplayCutout{insets=Rect(0, 100 - 0, 0) waterfall=Insets{left=0, top=0, right=0, bottom=0} boundingRect={Bounds=[Rect(0, 0 - 0, 0), Rect(683, 0 - 758, 100), Rect(0, 0 - 0, 0), Rect(0, 0 - 0, 0)]} cutoutPathParserInfo={CutoutPathParserInfo{displayWidth=1440 displayHeight=3088 physicalDisplayWidth=1440 physicalDisplayHeight=3088 density={3.75} cutoutSpec={M 0,0 H -10 V 26.66666666666667 H 10 V 0 H 0 Z @dp} rotation={0} scale={1.0} physicalPixelDisplaySizeRatio={1.0}}}}, mRoundedCorners=RoundedCorners{[RoundedCorner{position=TopLeft, radius=14, center=Point(14, 14)}, RoundedCorner{position=TopRight, radius=14, center=Point(1426, 14)}, RoundedCorner{position=BottomRight, radius=14, center=Point(1426, 3074)}, RoundedCorner{position=BottomLeft, radius=14, center=Point(14, 3074)}]}  mRoundedCornerFrame=Rect(0, 0 - 1440, 3088), mPrivacyIndicatorBounds=PrivacyIndicatorBounds {static bounds=Rect(1286, 0 - 1440, 100) rotation=0}, mSources= { InsetsSource: {mType=ITYPE_STATUS_BAR, mFrame=[0,0][1440,100], mVisible=true, mInsetsRoundedCornerFrame=false}, InsetsSource: {mType=ITYPE_NAVIGATION_BAR, mFrame=[0,2920][1440,3088], mVisible=true, mInsetsRoundedCornerFrame=false}, InsetsSource: {mType=ITYPE_LEFT_GESTURES, mFrame=[0,0][0,3088], mVisible=true, mInsetsRoundedCornerFrame=false}, InsetsSource: {mType=ITYPE_RIGHT_GESTURES, mFrame=[1440,0][1440,3088], mVisible=true, mInsetsRoundedCornerFrame=false}, InsetsSource: {mType=ITYPE_TOP_MANDATORY_GESTURES, mFrame=[0,0][1440,142], mVisible=true, mInsetsRoundedCornerFrame=false}, InsetsSource: {mType=ITYPE_BOTTOM_MANDATORY_GESTURES, mFrame=[0,2920][1440,3088], mVisible=true, mInsetsRoundedCornerFrame=false}, InsetsSource: {mType=ITYPE_LEFT_DISPLAY_CUTOUT, mFrame=[0,0][-100000,3088], mVisible=true, mInsetsRoundedCornerFrame=false}, InsetsSource: {mType=ITYPE_TOP_DISPLAY_CUTOUT, mFrame=[0,0][1440,100], mVisible=true, mInsetsRoundedCornerFrame=false}, InsetsSource: {mType=ITYPE_RIGHT_DISPLAY_CUTOUT, mFrame=[100000,0][1440,3088], mVisible=true, mInsetsRoundedCornerFrame=false}, InsetsSource: {mType=ITYPE_BOTTOM_DISPLAY_CUTOUT, mFrame=[0,100000][1440,3088], mVisible=true, mInsetsRoundedCornerFrame=false}, InsetsSource: {mType=ITYPE_TOP_TAPPABLE_ELEMENT, mFrame=[0,0][1440,100], mVisible=true, mInsetsRoundedCornerFrame=false}, InsetsSource: {mType=ITYPE_BOTTOM_TAPPABLE_ELEMENT, mFrame=[0,2920][1440,3088], mVisible=true, mInsetsRoundedCornerFrame=false} } host=Splash Screen com.example.dogglers from=android.view.ViewRootImpl.setView:1732
05-18 00:47:11.302  3085  3207 I ViewRootImpl@edfedf0[dogglers]: setView = android.widget.FrameLayout@dedf91c TM=true
05-18 00:47:11.302  3085  3207 I ViewRootImpl@edfedf0[dogglers]: performTraversals params={(0,0)(fillxfill) sim={adjust=pan} ty=APPLICATION_STARTING fmt=TRANSLUCENT wanim=0x1030001
05-18 00:47:11.302  3085  3207 I ViewRootImpl@edfedf0[dogglers]:   fl=81030118
05-18 00:47:11.302  3085  3207 I ViewRootImpl@edfedf0[dogglers]:   pfl=16000010
05-18 00:47:11.302  3085  3207 I ViewRootImpl@edfedf0[dogglers]:   bhv=DEFAULT
05-18 00:47:11.302  3085  3207 I ViewRootImpl@edfedf0[dogglers]:   fitSides= naviIconColor=0}
05-18 00:47:11.303  3085  3207 I ViewRootImpl@edfedf0[dogglers]: performTraversals mFirst=true windowShouldResize=true viewVisibilityChanged=false mForceNextWindowRelayout=false params={(0,0)(fillxfill) sim={adjust=pan} ty=APPLICATION_STARTING fmt=TRANSLUCENT wanim=0x1030001
05-18 00:47:11.303  3085  3207 I ViewRootImpl@edfedf0[dogglers]:   fl=81030118
05-18 00:47:11.303  3085  3207 I ViewRootImpl@edfedf0[dogglers]:   pfl=16000010
05-18 00:47:11.303  3085  3207 I ViewRootImpl@edfedf0[dogglers]:   bhv=DEFAULT
05-18 00:47:11.303  3085  3207 I ViewRootImpl@edfedf0[dogglers]:   fitSides= naviIconColor=0}
05-18 00:47:11.303  2315  6291 V WindowManager: Relayout Window{ef56c96 u0 Splash Screen com.example.dogglers}: viewVisibility=0 req=1440x3088 d0
05-18 00:47:11.303  1533  3008 I SurfaceFlinger: id=113211 createSurf, flag=40004, Splash Screen com.example.dogglers$_3085#113211
05-18 00:47:11.306  2315  6291 V WindowManager: Relayout hash=ef56c96, pid=3085, syncId=-1: mAttrs={(0,0)(fillxfill) sim={adjust=pan} ty=APPLICATION_STARTING fmt=TRANSLUCENT wanim=0x1030001
05-18 00:47:11.306  2315  6291 V WindowManager:   fl=81030118
05-18 00:47:11.306  2315  6291 V WindowManager:   pfl=16000010
05-18 00:47:11.306  2315  6291 V WindowManager:   bhv=DEFAULT
05-18 00:47:11.306  2315  6291 V WindowManager:   fitSides= naviIconColor=0}
05-18 00:47:11.309  3085  3207 I ViewRootImpl@edfedf0[dogglers]: updateBlastSurfaceIfNeeded mBlastBufferQueue=null isSameSurfaceControl=false
05-18 00:47:11.309  3588  6899 I IntelligentPlatformManagerImpl: unsubscribeWidgetFocus() id : 85
05-18 00:47:11.309  3085  3207 I BLASTBufferQueue: new BLASTBufferQueue, mName= ViewRootImpl@edfedf0[dogglers] mNativeObject= 0xb4000073b740dfb0 sc.mNativeObject= 0xb400007347331010 caller= android.view.ViewRootImpl.updateBlastSurfaceIfNeeded:2909 android.view.ViewRootImpl.relayoutWindow:9847 android.view.ViewRootImpl.performTraversals:3884 android.view.ViewRootImpl.doTraversal:3116 android.view.ViewRootImpl$TraversalRunnable.run:10885 android.view.Choreographer$CallbackRecord.run:1301 android.view.Choreographer$CallbackRecord.run:1309 android.view.Choreographer.doCallbacks:923 android.view.Choreographer.doFrame:852 android.view.Choreographer$FrameDisplayEventReceiver.run:1283
05-18 00:47:11.309  3085  3207 I BLASTBufferQueue: update, w= 1440 h= 3088 mName = ViewRootImpl@edfedf0[dogglers] mNativeObject= 0xb4000073b740dfb0 sc.mNativeObject= 0xb400007347331010 format= -3 caller= android.graphics.BLASTBufferQueue.<init>:84 android.view.ViewRootImpl.updateBlastSurfaceIfNeeded:2909 android.view.ViewRootImpl.relayoutWindow:9847 android.view.ViewRootImpl.performTraversals:3884 android.view.ViewRootImpl.doTraversal:3116 android.view.ViewRootImpl$TraversalRunnable.run:10885
05-18 00:47:11.309  3085  3207 I ViewRootImpl@edfedf0[dogglers]: Relayout returned: old=(0,0,1440,3088) new=(0,0,1440,3088) req=(1440,3088)0 dur=6 res=0x3 s={true 0xb4000074476d7c60} ch=true seqId=0
05-18 00:47:11.310  3085  3207 I ViewRootImpl@edfedf0[dogglers]: mThreadedRenderer.initialize() mSurface={isValid=true 0xb4000074476d7c60} hwInitialized=true
05-18 00:47:11.310  3085  3222 D OpenGLRenderer: eglCreateWindowSurface
05-18 00:47:11.315  2315  2926 D InputDispatcher: Focused application(0): ActivityRecord{4daa3be u0 com.example.dogglers/androidx.test.core.app.InstrumentationActivityInvoker$BootstrapActivity} t1007}
05-18 00:47:11.318  3588  3588 I TopTaskTracker: onTaskMovedToFront : taskId = 1007
05-18 00:47:11.318  1533  1533 I SurfaceFlinger: [41ea68a com.sec.android.app.launcher/com.sec.android.app.launcher.activities.LauncherActivity#104] FrameRatePriority: -1
05-18 00:47:11.319  2315  2964 D SemNscXgbMsL1: Probability - Cloud gaming: [0.10267947]
05-18 00:47:11.319  3085  3207 I ViewRootImpl@edfedf0[dogglers]: reportNextDraw android.view.ViewRootImpl.performTraversals:4438 android.view.ViewRootImpl.doTraversal:3116 android.view.ViewRootImpl$TraversalRunnable.run:10885 android.view.Choreographer$CallbackRecord.run:1301 android.view.Choreographer$CallbackRecord.run:1309
05-18 00:47:11.319  3085  3207 I ViewRootImpl@edfedf0[dogglers]: Setup new sync id=0
05-18 00:47:11.319  3085  3207 I ViewRootImpl@edfedf0[dogglers]: Setting syncFrameCallback
05-18 00:47:11.319  3085  3207 I ViewRootImpl@edfedf0[dogglers]: registerCallbacksForSync syncBuffer=false
05-18 00:47:11.319  2315  2964 D SemNscXgbMsL1: Probability - Real time: [0.25648913]
05-18 00:47:11.320  2315  2964 D SemNscXgbMsL1: Probability - Non real time: [0.94537795]
05-18 00:47:11.320  2315  2964 D SemNscXgbMsL1: 1 sample inference time: 1.348021 msecs
05-18 00:47:11.320  2315  2980 D TrafficStats: tagSocket(901) with statsTag=0xffffffff, statsUid=-1
05-18 00:47:11.322 19748 19748 D LifecycleMonitor: Lifecycle status change: androidx.test.core.app.InstrumentationActivityInvoker$BootstrapActivity@4a148d6 in: PRE_ON_CREATE
05-18 00:47:11.322 19748 19748 V ActivityScenario: Activity lifecycle changed event received but ignored because the intent does not match. startActivityIntent=Intent { act=android.intent.action.MAIN cat=[android.intent.category.LAUNCHER] cmp=com.example.dogglers/.GridListActivity }, activity.getIntent()=Intent { act=android.intent.action.MAIN cat=[android.intent.category.LAUNCHER] flg=0x10008000 cmp=com.example.dogglers/androidx.test.core.app.InstrumentationActivityInvoker$BootstrapActivity (has extras) }, activity=androidx.test.core.app.InstrumentationActivityInvoker$BootstrapActivity@4a148d6
05-18 00:47:11.322  2315  2964 D SemNscXgbL2Rt: L2 RT 1 sample inference time: 1.965469 msecs
05-18 00:47:11.323  3085  3257 I ViewRootImpl@edfedf0[dogglers]: Received frameDrawingCallback syncResult=0 frameNum=1.
05-18 00:47:11.323  3085  3257 I ViewRootImpl@edfedf0[dogglers]: Setting up sync and frameCommitCallback
05-18 00:47:11.324  3085  3222 I BLASTBufferQueue: [ViewRootImpl@edfedf0[dogglers]#4481](f:0,a:0) onFrameAvailable the first frame is available
05-18 00:47:11.325  2315  2964 D SemNscXgbL2Nrt: L2 NRT 1 sample inference time: 2.329688 msecs
05-18 00:47:11.326 19748 19748 I DecorView: [INFO] isPopOver=false config=true
05-18 00:47:11.326 19748 19748 I DecorView: updateCaptionType: isFloating=false isApplication=true hasWindowDecorCaption=false this=DecorView@f07cf2d[]
05-18 00:47:11.326 19748 19748 D DecorView: setCaptionType = 0, this = DecorView@f07cf2d[]
05-18 00:47:11.327 19748 19748 I DecorView: getCurrentDensityDpi: from real metrics. densityDpi=560 msg=resources_loaded
05-18 00:47:11.327 19748 19748 I DecorView: setWindowBackground: isPopOver=false color=ff010101 d=android.graphics.drawable.StateListDrawable@1411c62
05-18 00:47:11.327 19748 19748 D LifecycleMonitor: Lifecycle status change: androidx.test.core.app.InstrumentationActivityInvoker$BootstrapActivity@4a148d6 in: CREATED
05-18 00:47:11.327 19748 19748 V ActivityScenario: Activity lifecycle changed event received but ignored because the intent does not match. startActivityIntent=Intent { act=android.intent.action.MAIN cat=[android.intent.category.LAUNCHER] cmp=com.example.dogglers/.GridListActivity }, activity.getIntent()=Intent { act=android.intent.action.MAIN cat=[android.intent.category.LAUNCHER] flg=0x10008000 cmp=com.example.dogglers/androidx.test.core.app.InstrumentationActivityInvoker$BootstrapActivity (has extras) }, activity=androidx.test.core.app.InstrumentationActivityInvoker$BootstrapActivity@4a148d6
05-18 00:47:11.327  2315  2926 D InputDispatcher: Focus left window (0): 41ea68a com.sec.android.app.launcher/com.sec.android.app.launcher.activities.LauncherActivity
05-18 00:47:11.328 19748 19748 D LifecycleMonitor: Lifecycle status change: androidx.test.core.app.InstrumentationActivityInvoker$BootstrapActivity@4a148d6 in: STARTED
05-18 00:47:11.328 19748 19748 V ActivityScenario: Activity lifecycle changed event received but ignored because the intent does not match. startActivityIntent=Intent { act=android.intent.action.MAIN cat=[android.intent.category.LAUNCHER] cmp=com.example.dogglers/.GridListActivity }, activity.getIntent()=Intent { act=android.intent.action.MAIN cat=[android.intent.category.LAUNCHER] flg=0x10008000 cmp=com.example.dogglers/androidx.test.core.app.InstrumentationActivityInvoker$BootstrapActivity (has extras) }, activity=androidx.test.core.app.InstrumentationActivityInvoker$BootstrapActivity@4a148d6
05-18 00:47:11.328  3588  3588 W NavigableAppWidgetHostView: setResizeScaleResult() 961/ 449 scaleToResize = 0.83073497(widget id = 7) 70641f7 0,381-961,830
05-18 00:47:11.329  3588  3588 W NavigableAppWidgetHostView: setResizeScaleResult() 1609/ 449 scaleToResize = 0.83073497(widget id = 13) 4c6f601 0,762-1609,1211
05-18 00:47:11.330  5668 20666 I [AirCmd]_ActivitySwitchDetector: onTaskFocusChanged : taskId 1007
05-18 00:47:11.330  3085  3222 I ViewRootImpl@edfedf0[dogglers]: Received frameCommittedCallback lastAttemptedDrawFrameNum=1 didProduceBuffer=true
05-18 00:47:11.330  1533  3008 I SurfaceFlinger: id=113212 createSurf, flag=80004, ActivityRecord{71915a5 u0 com.example.dogglers/.GridListActivity} t1007}#113212
05-18 00:47:11.330  3588  3588 I BadgeRenderer: Invalid count : 0
05-18 00:47:11.331  3588  3588 I BadgeRenderer: Invalid count : 0
05-18 00:47:11.331  3588  3588 I BadgeRenderer: Invalid count : 0
05-18 00:47:11.331  3085  3222 D OpenGLRenderer: CFMS:: SetUp Pid : 3085    Tid : 3222
05-18 00:47:11.331  3085  3222 W Parcel  : Expecting binder but got null!
05-18 00:47:11.331  3085  3207 I ViewRootImpl@edfedf0[dogglers]: onSyncComplete
05-18 00:47:11.332  3085  3207 I ViewRootImpl@edfedf0[dogglers]: setupSync seqId=0 mSyncId=0 fn=1 caller=android.view.ViewRootImpl$$ExternalSyntheticLambda11.accept:6 android.window.SurfaceSyncer.lambda$setupSync$1$android-window-SurfaceSyncer:128 android.window.SurfaceSyncer$$ExternalSyntheticLambda1.accept:8 android.window.SurfaceSyncer$SyncSet.checkIfSyncIsComplete:382 android.window.SurfaceSyncer$SyncSet.markSyncReady:359 android.window.SurfaceSyncer.markSyncReady:151 android.view.ViewRootImpl.performTraversals:4503
05-18 00:47:11.332  3085  3207 I ViewRootImpl@edfedf0[dogglers]: reportDrawFinished seqId=0 mSyncId=-1 fn=1 mSurfaceChangedTransaction=0xb4000073777155d0
05-18 00:47:11.334  4633  4633 E pageboostd: Received HALT command code 2
05-18 00:47:11.334  3588  3588 I ViewRootImpl@c60680d[LauncherActivity]: MSG_WINDOW_FOCUS_CHANGED 0 0
05-18 00:47:11.335 19748 19748 D LifecycleMonitor: Lifecycle status change: androidx.test.core.app.InstrumentationActivityInvoker$BootstrapActivity@4a148d6 in: RESUMED
05-18 00:47:11.335  3588  3588 I BaseActivity: removeActivityFlags, flags : 8
05-18 00:47:11.335 19748 19748 V ActivityScenario: Activity lifecycle changed event received but ignored because the intent does not match. startActivityIntent=Intent { act=android.intent.action.MAIN cat=[android.intent.category.LAUNCHER] cmp=com.example.dogglers/.GridListActivity }, activity.getIntent()=Intent { act=android.intent.action.MAIN cat=[android.intent.category.LAUNCHER] flg=0x10008000 cmp=com.example.dogglers/androidx.test.core.app.InstrumentationActivityInvoker$BootstrapActivity (has extras) }, activity=androidx.test.core.app.InstrumentationActivityInvoker$BootstrapActivity@4a148d6
05-18 00:47:11.336 19748 19748 D LifecycleMonitor: Lifecycle status change: androidx.test.core.app.InstrumentationActivityInvoker$BootstrapActivity@4a148d6 in: PAUSED
05-18 00:47:11.336  5668 20666 I [AirCmd]_ActivitySwitchDetector: onTaskFocusChanged : componentName - ComponentInfo{com.example.dogglers/androidx.test.core.app.InstrumentationActivityInvoker$BootstrapActivity}
05-18 00:47:11.336  5668 20666 I [AirCmd]_ActivitySwitchDetector: onTaskFocusChanged : mTopMostActivity - ComponentInfo{com.sec.android.app.launcher/com.android.launcher3.uioverrides.QuickstepLauncher}
05-18 00:47:11.336 19748 19748 V ActivityScenario: Activity lifecycle changed event received but ignored because the intent does not match. startActivityIntent=Intent { act=android.intent.action.MAIN cat=[android.intent.category.LAUNCHER] cmp=com.example.dogglers/.GridListActivity }, activity.getIntent()=Intent { act=android.intent.action.MAIN cat=[android.intent.category.LAUNCHER] flg=0x10008000 cmp=com.example.dogglers/androidx.test.core.app.InstrumentationActivityInvoker$BootstrapActivity (has extras) }, activity=androidx.test.core.app.InstrumentationActivityInvoker$BootstrapActivity@4a148d6
05-18 00:47:11.338  3588  3588 I BadgeRenderer: Invalid count : 0
05-18 00:47:11.338  3588  3588 I BadgeRenderer: Invalid count : 0
05-18 00:47:11.338  3588  3588 I BadgeRenderer: Invalid count : 0
05-18 00:47:11.338  2315  3567 D InputDispatcher: Focused application(0): ActivityRecord{71915a5 u0 com.example.dogglers/.GridListActivity} t1007}
05-18 00:47:11.339  5668 20666 I [AirCmd]_CallbackRepeater: stopRepeat : isWorking=false
05-18 00:47:11.339  5668 20666 I [AirCmd]_MediaControlStateMonitor: isForegroundAppSupportsMediaButton : mediaSession is empty
05-18 00:47:11.340  1533  3008 I SurfaceFlinger: id=113213 createSurf, flag=24000, Surface(name=Task=1)/@0x889ba84 - animation-leash of app_transition#113213
05-18 00:47:11.341  5668 20666 I [AirCmd]_MediaControlStateMonitor: active Notification List is null
05-18 00:47:11.341  5668 20666 I [AirCmd]_RemoteSpenMainController: hasGeneralAction : packageName is com.example.dogglers, activityName is androidx.test.core.app.InstrumentationActivityInvoker$BootstrapActivity, hasActions is false
05-18 00:47:11.341  5668 20666 I [AirCmd]_CameraAvailabilityMonitor: isCameraPreviewOn : mIsCameraPreviewOn is false
05-18 00:47:11.341  1533  3008 I SurfaceFlinger: id=113214 createSurf, flag=24004, Surface(name=Task=1007)/@0x167d959 - animation-leash of app_transition#113214
05-18 00:47:11.343  1533  3008 I SurfaceFlinger: id=113215 createSurf, flag=80000, 357aa79 ActivityRecordInputSink com.example.dogglers/androidx.test.core.app.InstrumentationActivityInvoker$BootstrapActivity#113215
05-18 00:47:11.344  3085  4210 I ViewRootImpl@edfedf0[dogglers]: Resizing android.view.ViewRootImpl@7e1c925: frame = [0,0][1440,3088] reportDraw = false forceLayout = false syncSeqId = 0
05-18 00:47:11.344  3085  3207 D InsetsController: onStateChanged: InsetsState: {mDisplayFrame=Rect(0, 0 - 1440, 3088), mDisplayCutout=DisplayCutout{insets=Rect(0, 100 - 0, 0) waterfall=Insets{left=0, top=0, right=0, bottom=0} boundingRect={Bounds=[Rect(0, 0 - 0, 0), Rect(683, 0 - 758, 100), Rect(0, 0 - 0, 0), Rect(0, 0 - 0, 0)]} cutoutPathParserInfo={CutoutPathParserInfo{displayWidth=1440 displayHeight=3088 physicalDisplayWidth=1440 physicalDisplayHeight=3088 density={3.75} cutoutSpec={M 0,0 H -10 V 26.66666666666667 H 10 V 0 H 0 Z @dp} rotation={0} scale={1.0} physicalPixelDisplaySizeRatio={1.0}}}}, mRoundedCorners=RoundedCorners{[RoundedCorner{position=TopLeft, radius=14, center=Point(14, 14)}, RoundedCorner{position=TopRight, radius=14, center=Point(1426, 14)}, RoundedCorner{position=BottomRight, radius=14, center=Point(1426, 3074)}, RoundedCorner{position=BottomLeft, radius=14, center=Point(14, 3074)}]}  mRoundedCornerFrame=Rect(0, 0 - 1440, 3088), mPrivacyIndicatorBounds=PrivacyIndicatorBounds {static bounds=Rect(1286, 0 - 1440, 100) rotation=0}, mSources= { InsetsSource: {mType=ITYPE_STATUS_BAR, mFrame=[0,0][1440,100], mVisible=true, mInsetsRoundedCornerFrame=false}, InsetsSource: {mType=ITYPE_NAVIGATION_BAR, mFrame=[0,2920][1440,3088], mVisible=true, mInsetsRoundedCornerFrame=false}, InsetsSource: {mType=ITYPE_LEFT_GESTURES, mFrame=[0,0][0,3088], mVisible=true, mInsetsRoundedCornerFrame=false}, InsetsSource: {mType=ITYPE_RIGHT_GESTURES, mFrame=[1440,0][1440,3088], mVisible=true, mInsetsRoundedCornerFrame=false}, InsetsSource: {mType=ITYPE_TOP_MANDATORY_GESTURES, mFrame=[0,0][1440,142], mVisible=true, mInsetsRoundedCornerFrame=false}, InsetsSource: {mType=ITYPE_BOTTOM_MANDATORY_GESTURES, mFrame=[0,2920][1440,3088], mVisible=true, mInsetsRoundedCornerFrame=false}, InsetsSource: {mType=ITYPE_LEFT_DISPLAY_CUTOUT, mFrame=[0,0][-100000,3088], mVisible=true, mInsetsRoundedCornerFrame=false}, InsetsSource: {mType=ITYPE_TOP_DISPLAY_CUTOUT, mFrame=[0,0][1440,100], mVisible=true, mInsetsRoundedCornerFrame=false}, InsetsSource: {mType=ITYPE_RIGHT_DISPLAY_CUTOUT, mFrame=[100000,0][1440,3088], mVisible=true, mInsetsRoundedCornerFrame=false}, InsetsSource: {mType=ITYPE_BOTTOM_DISPLAY_CUTOUT, mFrame=[0,100000][1440,3088], mVisible=true, mInsetsRoundedCornerFrame=false}, InsetsSource: {mType=ITYPE_TOP_TAPPABLE_ELEMENT, mFrame=[0,0][1440,100], mVisible=true, mInsetsRoundedCornerFrame=false}, InsetsSource: {mType=ITYPE_BOTTOM_TAPPABLE_ELEMENT, mFrame=[0,2920][1440,3088], mVisible=true, mInsetsRoundedCornerFrame=false}, InsetsSource: {mType=ITYPE_IME, mFrame=[0,0][0,0], mVisibleFrame=[0,1766][1440,3088], mVisible=false, mInsetsRoundedCornerFrame=false} } host=Splash Screen com.example.dogglers from=android.view.ViewRootImpl$ViewRootHandler.handleMessageImpl:6727
05-18 00:47:11.344  3085  3207 I ViewRootImpl@edfedf0[dogglers]: handleResized, msg = 4 frames=ClientWindowFrames{frame=[0,0][1440,3088] display=[0,0][1440,3088] parentFrame=[0,0][0,0] parentClippedByDisplayCutout=false} forceNextWindowRelayout=false displayId=0 resizeMode=-1 frameChanged=false displayFrameChanged=false configChanged=false displayChanged=false
05-18 00:47:11.343  1533  2344 I SurfaceFlinger: id=113216 createSurf, flag=80000, a78a79c ActivityRecordInputSink com.example.dogglers/.GridListActivity#113216
05-18 00:47:11.347  2315  2435 D EnterpriseDeviceManagerService: isMdmAdminPresentInternal() : MDM Admin Found - com.samsung.knox.securefolder
05-18 00:47:11.347  3085  3163 D Bubbles : onLocusVisibilityChanged: LocusId[17_chars] visible=false
05-18 00:47:11.348  5668 20666 I [AirCmd]_CameraAvailabilityMonitor: isCameraPreviewOn : mIsCameraPreviewOn is false
05-18 00:47:11.348  5668 20666 I [AirCmd]_MediaControlStateMonitor: isForegroundAppSupportsMediaButton : mediaSession is empty
05-18 00:47:11.349  5668 20666 I [AirCmd]_MediaControlStateMonitor: active Notification List is null
05-18 00:47:11.349  5668 20666 I [AirCmd]_PenActionRule: getAction : get default action data from remote action because pen action data is null.
05-18 00:47:11.349  5668 20666 I [AirCmd]_ButtonActionDetector: enableDoubleClickDetection: enabled=true, doubleClickWaitInterval=300
05-18 00:47:11.349  5668 20666 I [AirCmd]_RemoteSpenMainController: onSwitch : package is com.example.dogglers   and activity is androidx.test.core.app.InstrumentationActivityInvoker$BootstrapActivity and isBleConnected is false and hasActions is false
05-18 00:47:11.350 19748 19748 D LifecycleMonitor: Lifecycle status change: com.example.dogglers.GridListActivity@606dc6b in: PRE_ON_CREATE
05-18 00:47:11.350  2315  4570 I MediaSessionMonitor: Media session stopped : controllerList empty
05-18 00:47:11.350 19748 19748 V ActivityScenario: Activity lifecycle changed event received but ignored because the reported transition was not ON_CREATE while the last known transition was PRE_ON_CREATE
05-18 00:47:11.352  1533  1533 I Layer   : Layer [Splash Screen com.example.dogglers$_3085#113211] hidden!! flag(0)
05-18 00:47:11.355 19748 19748 I DecorView: [INFO] isPopOver=false config=true
05-18 00:47:11.355 19748 19748 I DecorView: updateCaptionType: isFloating=false isApplication=true hasWindowDecorCaption=false this=DecorView@abb8d5e[]
05-18 00:47:11.355 19748 19748 D DecorView: setCaptionType = 0, this = DecorView@abb8d5e[]
05-18 00:47:11.355  5964  5964 I ActivityUtils: HomePackage : com.sec.android.app.launcher, resumePackageName : com.example.dogglers
05-18 00:47:11.355 19748 19748 I DecorView: getCurrentDensityDpi: from real metrics. densityDpi=560 msg=resources_loaded
05-18 00:47:11.355 19748 19748 I DecorView: setWindowBackground: isPopOver=false color=ff121212 d=android.graphics.drawable.ColorDrawable@f4f9e0c
05-18 00:47:11.358  2315  2435 I SemPersonaManager: SecureFolder personaId = 150
05-18 00:47:11.360 19748 19748 D LifecycleMonitor: Lifecycle status change: com.example.dogglers.GridListActivity@606dc6b in: CREATED
05-18 00:47:11.360 19748 19748 V ActivityScenario: Update currentActivityStage to CREATED, currentActivity=com.example.dogglers.GridListActivity@606dc6b
05-18 00:47:11.361 19748 19748 D LifecycleMonitor: Lifecycle status change: com.example.dogglers.GridListActivity@606dc6b in: STARTED
05-18 00:47:11.361 19748 19748 V ActivityScenario: Update currentActivityStage to STARTED, currentActivity=com.example.dogglers.GridListActivity@606dc6b
05-18 00:47:11.361 19748 19748 D LifecycleMonitor: Lifecycle status change: com.example.dogglers.GridListActivity@606dc6b in: RESUMED
05-18 00:47:11.361 19748 19748 V ActivityScenario: Update currentActivityStage to RESUMED, currentActivity=com.example.dogglers.GridListActivity@606dc6b
05-18 00:47:11.361 19748 19748 I MSHandlerLifeCycle: check: return. pkg=com.example.dogglers parent=null callers=com.android.internal.policy.DecorView.setVisibility:4416 android.app.ActivityThread.handleResumeActivity:5476 android.app.servertransaction.ResumeActivityItem.execute:54 android.app.servertransaction.ActivityTransactionItem.execute:45 android.app.servertransaction.TransactionExecutor.executeLifecycleState:176
05-18 00:47:11.361 19748 19748 I MSHandlerLifeCycle: removeMultiSplitHandler: no exist. decor=DecorView@abb8d5e[]
05-18 00:47:11.363 19748 19789 D NativeCustomFrequencyManager: [NativeCFMS] BpCustomFrequencyManager::BpCustomFrequencyManager()
05-18 00:47:11.365  2315  2435 D EnterpriseDeviceManagerService: isMdmAdminPresentInternal() : MDM Admin Found - com.samsung.knox.securefolder
05-18 00:47:11.365  2315  2926 D InputTransport: Input channel constructed: '68ea90b', fd=987
05-18 00:47:11.365  2315  2926 D InputTransport: Input channel constructed: '68ea90b', fd=989
05-18 00:47:11.365  2315  2926 D InputTransport: Input channel constructed: '68ea90b', fd=1020
05-18 00:47:11.365  1533  2344 I SurfaceFlinger: id=113217 createSurf, flag=80004, 68ea90b com.example.dogglers/com.example.dogglers.GridListActivity#113217
05-18 00:47:11.366  2315  2926 D InputTransport: Input channel destroyed: '68ea90b', fd=1020
05-18 00:47:11.367 19748 19748 D InsetsController: onStateChanged: InsetsState: {mDisplayFrame=Rect(0, 0 - 1440, 3088), mDisplayCutout=DisplayCutout{insets=Rect(0, 100 - 0, 0) waterfall=Insets{left=0, top=0, right=0, bottom=0} boundingRect={Bounds=[Rect(0, 0 - 0, 0), Rect(683, 0 - 758, 100), Rect(0, 0 - 0, 0), Rect(0, 0 - 0, 0)]} cutoutPathParserInfo={CutoutPathParserInfo{displayWidth=1440 displayHeight=3088 physicalDisplayWidth=1440 physicalDisplayHeight=3088 density={3.75} cutoutSpec={M 0,0 H -10 V 26.66666666666667 H 10 V 0 H 0 Z @dp} rotation={0} scale={1.0} physicalPixelDisplaySizeRatio={1.0}}}}, mRoundedCorners=RoundedCorners{[RoundedCorner{position=TopLeft, radius=14, center=Point(14, 14)}, RoundedCorner{position=TopRight, radius=14, center=Point(1426, 14)}, RoundedCorner{position=BottomRight, radius=14, center=Point(1426, 3074)}, RoundedCorner{position=BottomLeft, radius=14, center=Point(14, 3074)}]}  mRoundedCornerFrame=Rect(0, 0 - 1440, 3088), mPrivacyIndicatorBounds=PrivacyIndicatorBounds {static bounds=Rect(1286, 0 - 1440, 100) rotation=0}, mSources= { InsetsSource: {mType=ITYPE_STATUS_BAR, mFrame=[0,0][1440,100], mVisible=true, mInsetsRoundedCornerFrame=false}, InsetsSource: {mType=ITYPE_NAVIGATION_BAR, mFrame=[0,2920][1440,3088], mVisible=true, mInsetsRoundedCornerFrame=false}, InsetsSource: {mType=ITYPE_LEFT_GESTURES, mFrame=[0,0][0,3088], mVisible=true, mInsetsRoundedCornerFrame=false}, InsetsSource: {mType=ITYPE_RIGHT_GESTURES, mFrame=[1440,0][1440,3088], mVisible=true, mInsetsRoundedCornerFrame=false}, InsetsSource: {mType=ITYPE_TOP_MANDATORY_GESTURES, mFrame=[0,0][1440,142], mVisible=true, mInsetsRoundedCornerFrame=false}, InsetsSource: {mType=ITYPE_BOTTOM_MANDATORY_GESTURES, mFrame=[0,2920][1440,3088], mVisible=true, mInsetsRoundedCornerFrame=false}, InsetsSource: {mType=ITYPE_LEFT_DISPLAY_CUTOUT, mFrame=[0,0][-100000,3088], mVisible=true, mInsetsRoundedCornerFrame=false}, InsetsSource: {mType=ITYPE_TOP_DISPLAY_CUTOUT, mFrame=[0,0][1440,100], mVisible=true, mInsetsRoundedCornerFrame=false}, InsetsSource: {mType=ITYPE_RIGHT_DISPLAY_CUTOUT, mFrame=[100000,0][1440,3088], mVisible=true, mInsetsRoundedCornerFrame=false}, InsetsSource: {mType=ITYPE_BOTTOM_DISPLAY_CUTOUT, mFrame=[0,100000][1440,3088], mVisible=true, mInsetsRoundedCornerFrame=false}, InsetsSource: {mType=ITYPE_TOP_TAPPABLE_ELEMENT, mFrame=[0,0][1440,100], mVisible=true, mInsetsRoundedCornerFrame=false}, InsetsSource: {mType=ITYPE_BOTTOM_TAPPABLE_ELEMENT, mFrame=[0,2920][1440,3088], mVisible=true, mInsetsRoundedCornerFrame=false}, InsetsSource: {mType=ITYPE_IME, mFrame=[0,0][0,0], mVisibleFrame=[0,1766][1440,3088], mVisible=false, mInsetsRoundedCornerFrame=false} } host=com.example.dogglers/com.example.dogglers.GridListActivity from=android.view.ViewRootImpl.setView:1732
05-18 00:47:11.367  2315  4570 I MediaSessionMonitor: Media session stopped : controllerList empty
05-18 00:47:11.368 19748 19748 I ViewRootImpl@16cbc2f[GridListActivity]: setView = com.android.internal.policy.DecorView@abb8d5e TM=true
05-18 00:47:11.368 19748 19748 I MSHandlerLifeCycle: removeMultiSplitHandler: no exist. decor=DecorView@abb8d5e[GridListActivity]
05-18 00:47:11.370  5964  5964 I ActivityUtils: HomePackage : com.sec.android.app.launcher, resumePackageName : com.example.dogglers
05-18 00:47:11.370  1533  1533 D SurfaceFlinger: Display 4630947232161729154 HWC layers:
05-18 00:47:11.370  1533  1533 D SurfaceFlinger:      DEVICE | 0xb400006f7023ac30 | 0100 | RGBx_8888    |  670.0    0.0 2110.0 3088.0 |    0    0 1440 3088 | Wallpaper BBQ wrapper#79
05-18 00:47:11.370  1533  1533 D SurfaceFlinger:      DEVICE | 0xb400006f7022fdd0 | 0100 | RGBA_8888    |    0.0    0.0 1440.0 3088.0 |    0    0 1440 3088 | com.sec.android.app.launcher/com.sec[...]vities.LauncherActivity$_3588#113156
05-18 00:47:11.370  1533  1533 D SurfaceFlinger:      DEVICE | 0xb400006f7023b140 | 0100 | RGBA_8888    |    0.0    0.0 1440.0 3088.0 |  104  224 1336 2864 | Splash Screen com.example.dogglers$_3085#113211
05-18 00:47:11.370  1533  1533 D SurfaceFlinger:      DEVICE | 0xb400006f70233df0 | 0100 | RGBA_8888    |    0.0    0.0 1440.0  100.0 |    0    0 1440  100 | StatusBar$_3085#85
05-18 00:47:11.370  1533  1533 D SurfaceFlinger:      DEVICE | 0xb400006f7022a220 | 0100 | RGBA_8888    |    0.0    0.0   67.0  456.0 | 1373  584 1440 1040 | com.samsung.android.app.cocktailbars[...]vice.CocktailBarService$_5964#112833
05-18 00:47:11.370  1533  1533 D SurfaceFlinger:      DEVICE | 0xb400006f702301c0 | 0100 | RGBA_8888    |    0.0    0.0 1440.0  168.0 |    0 2920 1440 3088 | NavigationBar0$_3085#80
05-18 00:47:11.370  1533  1533 D SurfaceFlinger:
05-18 00:47:11.371  2315  2481 D AnalyticsContainerHandler: handleMessage : { when=0 what=1 target=com.android.server.knox.KnoxAnalyticsContainer$AnalyticsHandler }
05-18 00:47:11.372 19748 19748 I ViewRootImpl@16cbc2f[GridListActivity]: performTraversals params={(0,0)(fillxfill) sim={adjust=resize forwardNavigation} ty=BASE_APPLICATION wanim=0x1030309
05-18 00:47:11.372 19748 19748 I ViewRootImpl@16cbc2f[GridListActivity]:   fl=81810100
05-18 00:47:11.372 19748 19748 I ViewRootImpl@16cbc2f[GridListActivity]:   pfl=12020040
05-18 00:47:11.372 19748 19748 I ViewRootImpl@16cbc2f[GridListActivity]:   bhv=DEFAULT
05-18 00:47:11.372 19748 19748 I ViewRootImpl@16cbc2f[GridListActivity]:   fitSides= naviIconColor=0}
05-18 00:47:11.372 19748 19748 I ViewRootImpl@16cbc2f[GridListActivity]: performTraversals mFirst=true windowShouldResize=true viewVisibilityChanged=false mForceNextWindowRelayout=false params={(0,0)(fillxfill) sim={adjust=resize forwardNavigation} ty=BASE_APPLICATION wanim=0x1030309
05-18 00:47:11.372 19748 19748 I ViewRootImpl@16cbc2f[GridListActivity]:   fl=81810100
05-18 00:47:11.372 19748 19748 I ViewRootImpl@16cbc2f[GridListActivity]:   pfl=12020040
05-18 00:47:11.372 19748 19748 I ViewRootImpl@16cbc2f[GridListActivity]:   bhv=DEFAULT
05-18 00:47:11.372 19748 19748 I ViewRootImpl@16cbc2f[GridListActivity]:   fitSides= naviIconColor=0}
05-18 00:47:11.372  2315  6291 V WindowManager: Relayout Window{68ea90b u0 com.example.dogglers/com.example.dogglers.GridListActivity}: viewVisibility=0 req=1440x3088 d0
05-18 00:47:11.373  1533  1680 I SurfaceFlinger: id=113218 createSurf, flag=40004, com.example.dogglers/com.example.dogglers.GridListActivity$_19748#113218
05-18 00:47:11.375  1533  2344 I SurfaceFlinger: id=113219 createSurf, flag=24000, Surface(name=a5e6516 StatusBar)/@0x266f9f6 - animation-leash of insets_animation#113219
05-18 00:47:11.375  1533  2344 I SurfaceFlinger: id=113220 createSurf, flag=24000, Surface(name=b1c69c9 NavigationBar0)/@0x6818acd - animation-leash of insets_animation#113220
05-18 00:47:11.376  2315  6291 V WindowManager: Relayout hash=68ea90b, pid=19748, syncId=-1: mAttrs={(0,0)(fillxfill) sim={adjust=resize forwardNavigation} ty=BASE_APPLICATION wanim=0x1030309
05-18 00:47:11.376  2315  6291 V WindowManager:   fl=81810100
05-18 00:47:11.376  2315  6291 V WindowManager:   pfl=12020040
05-18 00:47:11.376  2315  6291 V WindowManager:   bhv=DEFAULT
05-18 00:47:11.376  2315  6291 V WindowManager:   fitSides= naviIconColor=0}
05-18 00:47:11.376  3588 26523 I TouchInteractionService: onSystemUiStateChanged, stateFlags : 131072 |allow_gesture|
05-18 00:47:11.377 19748 19748 I ViewRootImpl@16cbc2f[GridListActivity]: updateBlastSurfaceIfNeeded mBlastBufferQueue=null isSameSurfaceControl=false
05-18 00:47:11.377 19748 19748 I BLASTBufferQueue: new BLASTBufferQueue, mName= ViewRootImpl@16cbc2f[GridListActivity] mNativeObject= 0xb4000073b725b050 sc.mNativeObject= 0xb40000734727d5a0 caller= android.view.ViewRootImpl.updateBlastSurfaceIfNeeded:2909 android.view.ViewRootImpl.relayoutWindow:9847 android.view.ViewRootImpl.performTraversals:3884 android.view.ViewRootImpl.doTraversal:3116 android.view.ViewRootImpl$TraversalRunnable.run:10885 android.view.Choreographer$CallbackRecord.run:1301 android.view.Choreographer$CallbackRecord.run:1309 android.view.Choreographer.doCallbacks:923 android.view.Choreographer.doFrame:852 android.view.Choreographer$FrameDisplayEventReceiver.run:1283
05-18 00:47:11.378 19748 19748 I BLASTBufferQueue: update, w= 1440 h= 3088 mName = ViewRootImpl@16cbc2f[GridListActivity] mNativeObject= 0xb4000073b725b050 sc.mNativeObject= 0xb40000734727d5a0 format= -1 caller= android.graphics.BLASTBufferQueue.<init>:84 android.view.ViewRootImpl.updateBlastSurfaceIfNeeded:2909 android.view.ViewRootImpl.relayoutWindow:9847 android.view.ViewRootImpl.performTraversals:3884 android.view.ViewRootImpl.doTraversal:3116 android.view.ViewRootImpl$TraversalRunnable.run:10885
05-18 00:47:11.378 19748 19748 I ViewRootImpl@16cbc2f[GridListActivity]: Relayout returned: old=(0,0,1440,3088) new=(0,0,1440,3088) req=(1440,3088)0 dur=5 res=0x3 s={true 0xb400007447253c70} ch=true seqId=0
05-18 00:47:11.378  3588  3588 I RecentsAnimationDeviceState: setSystemUiFlags, stateFlags : 131072
05-18 00:47:11.378  3588  3588 I TouchInteractionService: onSystemUiFlagsChanged, lastSysUIFlags : 0
05-18 00:47:11.378 19748 19748 I ViewRootImpl@16cbc2f[GridListActivity]: mThreadedRenderer.initialize() mSurface={isValid=true 0xb400007447253c70} hwInitialized=true
05-18 00:47:11.379 19748 19789 D OpenGLRenderer: eglCreateWindowSurface
05-18 00:47:11.385  1533  1533 I Layer   : id=113201 removedFromDrawingState Surface(name=b1c69c9 NavigationBar0)/@0x6818acd - animation-leash of insets_animation#113201 (124)
05-18 00:47:11.385  1533  1533 I Layer   : id=68 removedFromDrawingState b1c69c9 NavigationBar0#68 (124)
05-18 00:47:11.385  1533  1533 I Layer   : id=80 removedFromDrawingState NavigationBar0$_3085#80 (124)
05-18 00:47:11.385  1533  1533 I Layer   : id=113200 removedFromDrawingState Surface(name=a5e6516 StatusBar)/@0x266f9f6 - animation-leash of insets_animation#113200 (124)
05-18 00:47:11.385  1533  1533 I Layer   : id=68 addToCurrentState b1c69c9 NavigationBar0#68 (124)
05-18 00:47:11.385  1533  1533 I Layer   : id=80 addToCurrentState NavigationBar0$_3085#80 (124)
05-18 00:47:11.385  1533  1533 I SurfaceFlinger: [68ea90b com.example.dogglers/com.example.dogglers.GridListActivity#113217] FrameRatePriority: 1
05-18 00:47:11.385  1533  1533 I SurfaceFlinger: id=113201 Removed Surface(name=b1c69c9 NavigationBar0)/@0x6818acd - animation-leash of insets_animation#113201 (124)
05-18 00:47:11.385  1533  1533 I SurfaceFlinger: id=113200 Removed Surface(name=a5e6516 StatusBar)/@0x266f9f6 - animation-leash of insets_animation#113200 (124)
05-18 00:47:11.385  1533  1533 I Layer   : id=113200 Destroyed Surface(name=a5e6516 StatusBar)/@0x266f9f6 - animation-leash of insets_animation#113200
05-18 00:47:11.386  1533  1533 I Layer   : id=113201 Destroyed Surface(name=b1c69c9 NavigationBar0)/@0x6818acd - animation-leash of insets_animation#113201
05-18 00:47:11.386  2315  6291 D InputDispatcher: Focus request (0): 68ea90b com.example.dogglers/com.example.dogglers.GridListActivity but waiting because NO_WINDOW
05-18 00:47:11.406 19748 19748 I ViewRootImpl@16cbc2f[GridListActivity]: reportNextDraw android.view.ViewRootImpl.performTraversals:4438 android.view.ViewRootImpl.doTraversal:3116 android.view.ViewRootImpl$TraversalRunnable.run:10885 android.view.Choreographer$CallbackRecord.run:1301 android.view.Choreographer$CallbackRecord.run:1309
05-18 00:47:11.406 19748 19748 I ViewRootImpl@16cbc2f[GridListActivity]: Setup new sync id=0
05-18 00:47:11.406 19748 19748 I ViewRootImpl@16cbc2f[GridListActivity]: Setting syncFrameCallback
05-18 00:47:11.406 19748 19748 I ViewRootImpl@16cbc2f[GridListActivity]: registerCallbacksForSync syncBuffer=false
05-18 00:47:11.412 19748 19808 I ViewRootImpl@16cbc2f[GridListActivity]: Received frameDrawingCallback syncResult=0 frameNum=1.
05-18 00:47:11.412 19748 19808 I ViewRootImpl@16cbc2f[GridListActivity]: Setting up sync and frameCommitCallback
05-18 00:47:11.414 19748 19789 I BLASTBufferQueue: [ViewRootImpl@16cbc2f[GridListActivity]#3](f:0,a:0) onFrameAvailable the first frame is available
05-18 00:47:11.414 19748 19789 I ViewRootImpl@16cbc2f[GridListActivity]: Received frameCommittedCallback lastAttemptedDrawFrameNum=1 didProduceBuffer=true
05-18 00:47:11.415 19748 19789 D OpenGLRenderer: CFMS:: SetUp Pid : 19748    Tid : 19789
05-18 00:47:11.415 19748 19789 W Parcel  : Expecting binder but got null!
05-18 00:47:11.415 19748 19748 I ViewRootImpl@16cbc2f[GridListActivity]: onSyncComplete
05-18 00:47:11.415 19748 19748 I ViewRootImpl@16cbc2f[GridListActivity]: setupSync seqId=0 mSyncId=0 fn=1 caller=android.view.ViewRootImpl$$ExternalSyntheticLambda11.accept:6 android.window.SurfaceSyncer.lambda$setupSync$1$android-window-SurfaceSyncer:128 android.window.SurfaceSyncer$$ExternalSyntheticLambda1.accept:8 android.window.SurfaceSyncer$SyncSet.checkIfSyncIsComplete:382 android.window.SurfaceSyncer$SyncSet.markSyncReady:359 android.window.SurfaceSyncer.markSyncReady:151 android.view.ViewRootImpl.performTraversals:4503
05-18 00:47:11.416 19748 19748 I ViewRootImpl@16cbc2f[GridListActivity]: reportDrawFinished seqId=0 mSyncId=-1 fn=1 mSurfaceChangedTransaction=0xb40000737726d370
05-18 00:47:11.418  2315  2432 W ziparchive: Unable to open '/data/app/~~t9JysnoALMJ2Y7O2VE-h-A==/com.example.dogglers-EZBbwEDSOuTOhfn12RJ3nw==/base.dm': No such file or directory
05-18 00:47:11.419 19748 19748 D RootViewPicker: Root not ready - waiting: 10ms for one to appear.
05-18 00:47:11.419  2315  2432 I PkgPredictorService-SecIpmManagerServiceImpl: reportToNAP uid:10725 com.example.dogglers/com.example.dogglers.GridListActivity thisTime:137
05-18 00:47:11.421  1533  1533 D SurfaceFlinger: Display 4630947232161729154 HWC layers:
05-18 00:47:11.421  1533  1533 D SurfaceFlinger:      DEVICE | 0xb400006f7023ac30 | 0100 | RGBx_8888    |  670.0    0.0 2110.0 3088.0 |    0    0 1440 3088 | Wallpaper BBQ wrapper#79
05-18 00:47:11.421  1533  1533 D SurfaceFlinger:      DEVICE | 0xb400006f70241440 | 0100 | RGBA_8888    |    0.0    0.0 1440.0 3088.0 |    0    0 1440 3088 | com.sec.android.app.launcher/com.sec[...]vities.LauncherActivity$_3588#113156
05-18 00:47:11.421  1533  1533 D SurfaceFlinger:      DEVICE | 0xb400006f702429a0 | 0102 | RGBA_8888    |    0.0    0.0 1440.0 3088.0 |   69  148 1371 2940 | com.example.dogglers/com.example.dogglers.GridListActivity$_19748#113218
05-18 00:47:11.421  1533  1533 D SurfaceFlinger:      DEVICE | 0xb400006f7023b140 | 0100 | RGBA_8888    |    0.0    0.0 1440.0 3088.0 |   69  148 1371 2940 | Splash Screen com.example.dogglers$_3085#113211
05-18 00:47:11.421  1533  1533 D SurfaceFlinger:      DEVICE | 0xb400006f70233df0 | 0100 | RGBA_8888    |    0.0    0.0 1440.0  100.0 |    0    0 1440  100 | StatusBar$_3085#85
05-18 00:47:11.421  1533  1533 D SurfaceFlinger:      CLIENT | 0xb400006f7022a220 | 0100 | RGBA_8888    |    0.0    0.0   67.0  456.0 | 1373  584 1440 1040 | com.samsung.android.app.cocktailbars[...]vice.CocktailBarService$_5964#112833
05-18 00:47:11.421  1533  1533 D SurfaceFlinger:      CLI
05-18 00:47:11.421  1533  1533 D SurfaceFlinger: ENT | 0xb400006f702301c0 | 0100 | RGBA_8888    |    0.0    0.0 1440.0  168.0 |    0 2920 1440 3088 | NavigationBar0$_3085#80
05-18 00:47:11.421  1533  1533 D SurfaceFlinger:
05-18 00:47:11.422  2315  3567 D InputDispatcher: Focus entered window (0): 68ea90b com.example.dogglers/com.example.dogglers.GridListActivity
05-18 00:47:11.422  1533  1680 I SurfaceFlinger: id=113221 createSurf, flag=24000, Surface(name=68ea90b com.example.dogglers/com.example.dogglers.GridListActivity)/@0xa3ee800 - animation-leash of starting_reveal#113221
05-18 00:47:11.423  2315  2432 I ActivityTaskManager: Displayed com.example.dogglers/.GridListActivity: +137ms
05-18 00:47:11.423  4633  4633 E pageboostd: Received HALT command code 2
05-18 00:47:11.423 19748 19748 I ViewRootImpl@16cbc2f[GridListActivity]: MSG_WINDOW_FOCUS_CHANGED 1 0
05-18 00:47:11.423  2315  6291 I SemDvfsHyPerManager: acquire hyper - AMS_RESUME_TAIL/2315@23, type = -999
05-18 00:47:11.423 19748 19748 I ViewRootImpl@16cbc2f[GridListActivity]: mThreadedRenderer.initializeIfNeeded()#2 mSurface={isValid=true 0xb400007447253c70}
05-18 00:47:11.423  2315  6291 I SemDvfsHyPerManager: acquire hyper - AMS_ACT_LAZY/2315@24, type = -999
05-18 00:47:11.424  1412  1438 I HYPER-HAL: [RequestManager.cpp]acquire(): Acquired ID : 2734314  [2315 / 23]    HINT : AMS_RESUME_TAIL    list :
05-18 00:47:11.424 19748 19748 D InputMethodManager: startInputInner - Id : 0
05-18 00:47:11.424 19748 19748 I InputMethodManager: startInputInner - mService.startInputOrWindowGainedFocus
05-18 00:47:11.425  2315  3567 D InputMethodManagerService: DESKTOP MODE! : 2
05-18 00:47:11.425  2315  3567 D InputMethodManagerService: NOT IN KNOX DESKTOP MODE!
05-18 00:47:11.425  2315  3567 V InputMethodManagerService: getDisplayIdOfInputMethodWindowToBeAdded: displayId=0
05-18 00:47:11.425  2315  3567 D InputMethodManagerService: isImeSwitcherDisabledPackage : false
05-18 00:47:11.426  2315  3567 D InputMethodManagerService: checkDisplayOfStartInputAndUpdateKeyboard: displayId=0, mFocusedDisplayId=0
05-18 00:47:11.426  2315  3567 D InputTransport: Input channel constructed: 'ClientS', fd=945
05-18 00:47:11.426  2315  3567 D InputTransport: Input channel destroyed: 'ClientS', fd=945
05-18 00:47:11.426  5591  5591 I HBD     : HoneyBoardService onFinishInput
05-18 00:47:11.426  1412  1438 I HYPER-HAL: [RequestManager.cpp]acquire(): Acquired ID : 2736654  [2315 / 24]    HINT : AMS_ACT_LAZY    list :
05-18 00:47:11.428  5591  5591 I HBD     : a IC have been unbinding,  RemoteInputConnection{idHash=#2f19d21}
05-18 00:47:11.428  5591  5591 I HBD     : HoneyBoardService [PF_CL][onFinishInput]  2 ms
05-18 00:47:11.428  5591  5591 I HBD     : HoneyBoardService [IMI] onStartInput - caller pid : 19748 , caller uid : 10725
05-18 00:47:11.428  5591  5591 I HBD     : j updateConfigs
05-18 00:47:11.428  5591  5591 I HBD     : j isEnabledNightMode : true
05-18 00:47:11.428  5591  5591 I HBD     : a IC have been binding, RemoteInputConnection{idHash=#7462546}
05-18 00:47:11.428  5591  5591 I HBD     : h [EditorInputType]setPrivateImeOptionsToTable privateImeOptions ( null )
05-18 00:47:11.428  5591  5591 I HBD     : b incognitoMode : false
05-18 00:47:11.428  5591  5591 I HBD     : a needOff = true , isForceOff = false, isNullInputClass : true
05-18 00:47:11.429  5591  5591 I HBD     : h getDefaultInputRange : UNKNOWN
05-18 00:47:11.429  5591  5591 I HBD     : h getDefaultInputRange : UNKNOWN
05-18 00:47:11.429  5591  5591 I HBD     : h getDefaultInputRange : UNKNOWN
05-18 00:47:11.429  3085  3258 I ViewRootImpl@edfedf0[dogglers]: mWNT: t=0xb40000737753d7f0 mBlastBufferQueue=0xb4000073b740dfb0 fn= 2 caller= android.view.SyncRtSurfaceTransactionApplier.applyTransaction:96 android.view.SyncRtSurfaceTransactionApplier.lambda$scheduleApply$0$android-view-SyncRtSurfaceTransactionApplier:69 android.view.SyncRtSurfaceTransactionApplier$$ExternalSyntheticLambda0.onFrameDraw:4
05-18 00:47:11.429  3085  3258 I ViewRootImpl@edfedf0[dogglers]: mWNT: t=0xb400007377737770 mBlastBufferQueue=0xb4000073b740dfb0 fn= 2 caller= android.view.SyncRtSurfaceTransactionApplier.applyTransaction:96 android.view.SyncRtSurfaceTransactionApplier.lambda$scheduleApply$0$android-view-SyncRtSurfaceTransactionApplier:69 android.view.SyncRtSurfaceTransactionApplier$$ExternalSyntheticLambda0.onFrameDraw:4
05-18 00:47:11.430  1412  1438 I HYPER-HAL: [RequestManager.cpp]releaseLocked(): Released ID : 2738995
05-18 00:47:11.430  5591  5591 I HBD     : a needOff = true , isForceOff = false, isNullInputClass : true
05-18 00:47:11.430  5591  5591 I HBD     : a update cached prediction status : false
05-18 00:47:11.430  5591  5591 I HBD     : h getDefaultInputRange : UNKNOWN
05-18 00:47:11.430 19748 19748 I ViewInteraction: Checking 'MatchesViewAssertion{viewMatcher=(view has effective visibility <VISIBLE> and view.getGlobalVisibleRect() to return non-empty rectangle)}' assertion on view an instance of android.widget.TextView and view.getText() with or without transformation to match: is "Nox"
05-18 00:47:11.430  5591  5591 I HBD     : a currentState : 0
05-18 00:47:11.431  5591  5591 I HBD     : a [UpdatePolicy] [post] a: 0 cl: 65537 kit: [0/0] vt: 0 ir: 1
05-18 00:47:11.431  5591  5591 I HBD     : a [NRIC] resetNoResponseState
05-18 00:47:11.431  5591  5591 I HBD     : a needOff = true , isForceOff = false, isNullInputClass : true
05-18 00:47:11.431  5591  5591 I HBD     : a update cached prediction status : false
05-18 00:47:11.431  1533  2344 I SurfaceFlinger: id=113222 createSurf, flag=24004, Surface(name=daea37f InputMethod)/@0x913f89b - animation-leash of insets_animation#113222
05-18 00:47:11.432  5591  5591 I HBD     : HoneyBoardService [PF_OP][onStartInput]  4 ms
05-18 00:47:11.434  2315  2435 I ChimeraSystemEventListener: appLaunchIntent package name is: com.example.dogglers
05-18 00:47:11.434  2315  3567 D InputMethodManagerService: isImeSwitcherDisabledPackage : false
05-18 00:47:11.435  5591  5591 I InputMethodService: removeImeSurface
05-18 00:47:11.435  5591  5591 I MSHandlerLifeCycle: check: return. pkg=com.samsung.android.honeyboard isActivity=false callers=com.android.internal.policy.DecorView.setVisibility:4416 android.app.Dialog.hide:767 android.inputmethodservice.InputMethodService.removeImeSurface:1290 android.inputmethodservice.InputMethodService.scheduleImeSurfaceRemoval:1279 android.inputmethodservice.InputMethodService.-$$Nest$mscheduleImeSurfaceRemoval:0
