05-18 00:47:11.435  5591  5591 I MSHandlerLifeCycle: removeMultiSplitHandler: no exist. decor=DecorView@9a0695a[InputMethod]
05-18 00:47:11.435  1533  1533 I Layer   : id=113206 removedFromDrawingState Surface(name=daea37f InputMethod)/@0x913f89b - animation-leash of insets_animation#113206 (124)
05-18 00:47:11.435  1533  1533 I SurfaceFlinger: id=113206 Removed Surface(name=daea37f InputMethod)/@0x913f89b - animation-leash of insets_animation#113206 (124)
05-18 00:47:11.435  2315  2926 I SemDvfsHyPerManager: acquire hyper - AMS_ACT_START/2315@21, type = -999
05-18 00:47:11.435  1533  1533 I Layer   : id=113206 Destroyed Surface(name=daea37f InputMethod)/@0x913f89b - animation-leash of insets_animation#113206
05-18 00:47:11.436  1412  1438 I HYPER-HAL: [RequestManager.cpp]acquire(): Acquired ID : 2729637  [2315 / 21]    HINT : AMS_ACT_START    list :
05-18 00:47:11.436  1533  3008 I SurfaceFlinger: id=113223 createSurf, flag=80004, ActivityRecord{8f83bd7 u0 com.example.dogglers/androidx.test.core.app.InstrumentationActivityInvoker$EmptyActivity} t1007}#113223
05-18 00:47:11.438  3085  3257 I ViewRootImpl@edfedf0[dogglers]: mWNT: t=0xb4000073773150d0 mBlastBufferQueue=0xb4000073b740dfb0 fn= 3 caller= android.view.SyncRtSurfaceTransactionApplier.applyTransaction:96 android.view.SyncRtSurfaceTransactionApplier.lambda$scheduleApply$0$android-view-SyncRtSurfaceTransactionApplier:69 android.view.SyncRtSurfaceTransactionApplier$$ExternalSyntheticLambda0.onFrameDraw:4
05-18 00:47:11.441  1533  2344 I SurfaceFlinger: id=113224 createSurf, flag=80000, 5b49f56 ActivityRecordInputSink com.example.dogglers/androidx.test.core.app.InstrumentationActivityInvoker$EmptyActivity#113224
05-18 00:47:11.442  4633  4633 E pageboostd: Received HALT command code 2
05-18 00:47:11.442  2315  2435 D PersonaActivityHelper: Activity not in resumed state, do not run immediate lock
05-18 00:47:11.442  3588 25335 I RecentModel: onTaskStackChangedBackground
05-18 00:47:11.443 19748 19748 D LifecycleMonitor: Lifecycle status change: com.example.dogglers.GridListActivity@606dc6b in: PAUSED
05-18 00:47:11.443 19748 19748 V ActivityScenario: Update currentActivityStage to PAUSED, currentActivity=com.example.dogglers.GridListActivity@606dc6b
05-18 00:47:11.443  5668 20666 I [AirCmd]_ActivitySwitchDetector: onTaskStackChanged : componentName - ComponentInfo{com.example.dogglers/com.example.dogglers.GridListActivity}
05-18 00:47:11.443  5668 20666 I [AirCmd]_ActivitySwitchDetector: onTaskStackChanged : mTopMostActivity - ComponentInfo{com.example.dogglers/androidx.test.core.app.InstrumentationActivityInvoker$BootstrapActivity}
05-18 00:47:11.444  5894  6582 I SemDvfsHyPerManager: acquire hyper - BaseTABoost/5894@20, type = 1090523139
05-18 00:47:11.444  1412  1438 I HYPER-HAL: [RequestManager.cpp]acquire(): Acquired ID : 17490675  [5894 / 20]    HINT :      list : [TABoost / 1]
05-18 00:47:11.444  5668 20666 I [AirCmd]_CallbackRepeater: stopRepeat : isWorking=false
05-18 00:47:11.444  5668 20666 I [AirCmd]_MediaControlStateMonitor: isForegroundAppSupportsMediaButton : mediaSession is empty
05-18 00:47:11.445  5668 20666 I [AirCmd]_MediaControlStateMonitor: active Notification List is null
05-18 00:47:11.445  5668 20666 I [AirCmd]_RemoteSpenMainController: hasGeneralAction : packageName is com.example.dogglers, activityName is com.example.dogglers.GridListActivity, hasActions is false
05-18 00:47:11.445  5668 20666 I [AirCmd]_CameraAvailabilityMonitor: isCameraPreviewOn : mIsCameraPreviewOn is false
05-18 00:47:11.445  2315  6291 D InputDispatcher: Focused application(0): ActivityRecord{8f83bd7 u0 com.example.dogglers/androidx.test.core.app.InstrumentationActivityInvoker$EmptyActivity} t1007}
05-18 00:47:11.446  3085  3258 I ViewRootImpl@edfedf0[dogglers]: mWNT: t=0xb40000737740a170 mBlastBufferQueue=0xb4000073b740dfb0 fn= 4 caller= android.view.SyncRtSurfaceTransactionApplier.applyTransaction:96 android.view.SyncRtSurfaceTransactionApplier.lambda$scheduleApply$0$android-view-SyncRtSurfaceTransactionApplier:69 android.view.SyncRtSurfaceTransactionApplier$$ExternalSyntheticLambda0.onFrameDraw:4
05-18 00:47:11.447  5668 20666 I [AirCmd]_CameraAvailabilityMonitor: isCameraPreviewOn : mIsCameraPreviewOn is false
05-18 00:47:11.448  5668 20666 I [AirCmd]_MediaControlStateMonitor: isForegroundAppSupportsMediaButton : mediaSession is empty
05-18 00:47:11.448  5668 20666 I [AirCmd]_MediaControlStateMonitor: active Notification List is null
05-18 00:47:11.448  5668 20666 I [AirCmd]_PenActionRule: getAction : get default action data from remote action because pen action data is null.
05-18 00:47:11.448  5668 20666 I [AirCmd]_ButtonActionDetector: enableDoubleClickDetection: enabled=true, doubleClickWaitInterval=300
05-18 00:47:11.448  5668 20666 I [AirCmd]_RemoteSpenMainController: onSwitch : package is com.example.dogglers   and activity is com.example.dogglers.GridListActivity and isBleConnected is false and hasActions is false
05-18 00:47:11.449  2315  2435 I SemPersonaManager: SecureFolder personaId = 150
05-18 00:47:11.449  3588  3982 I RecentTasksList: loadTasksInBackground : groupTask = GroupTask{task1=[id=1007 windowingMode=1 user=0 lastActiveTime=1776551351] null, task2=null, task3=null, mStagedSplitBounds=null}
05-18 00:47:11.449 19748 19748 D LifecycleMonitor: Lifecycle status change: androidx.test.core.app.InstrumentationActivityInvoker$EmptyActivity@49ed0f9 in: PRE_ON_CREATE
05-18 00:47:11.449 19748 19748 V ActivityScenario: Activity lifecycle changed event received but ignored because the intent does not match. startActivityIntent=Intent { act=android.intent.action.MAIN cat=[android.intent.category.LAUNCHER] cmp=com.example.dogglers/.GridListActivity }, activity.getIntent()=Intent { act=android.intent.action.MAIN cat=[android.intent.category.LAUNCHER] flg=0x10000000 cmp=com.example.dogglers/androidx.test.core.app.InstrumentationActivityInvoker$EmptyActivity }, activity=androidx.test.core.app.InstrumentationActivityInvoker$EmptyActivity@49ed0f9
05-18 00:47:11.452  1533  1533 I SurfaceFlinger: [68ea90b com.example.dogglers/com.example.dogglers.GridListActivity#113217] FrameRatePriority: -1
05-18 00:47:11.452 19748 19748 I DecorView: [INFO] isPopOver=false config=true
05-18 00:47:11.452 19748 19748 I DecorView: updateCaptionType: isFloating=false isApplication=true hasWindowDecorCaption=false this=DecorView@659c3ec[]
05-18 00:47:11.452 19748 19748 D DecorView: setCaptionType = 0, this = DecorView@659c3ec[]
05-18 00:47:11.452  3085  3257 I ViewRootImpl@edfedf0[dogglers]: mWNT: t=0xb40000737759c590 mBlastBufferQueue=0xb4000073b740dfb0 fn= 5 caller= android.view.SyncRtSurfaceTransactionApplier.applyTransaction:96 android.view.SyncRtSurfaceTransactionApplier.lambda$scheduleApply$0$android-view-SyncRtSurfaceTransactionApplier:69 android.view.SyncRtSurfaceTransactionApplier$$ExternalSyntheticLambda0.onFrameDraw:4
05-18 00:47:11.453 19748 19748 I DecorView: getCurrentDensityDpi: from real metrics. densityDpi=560 msg=resources_loaded
05-18 00:47:11.453 19748 19748 I DecorView: setWindowBackground: isPopOver=false color=ff010101 d=android.graphics.drawable.StateListDrawable@27283b5
05-18 00:47:11.453 19748 19748 D LifecycleMonitor: Lifecycle status change: androidx.test.core.app.InstrumentationActivityInvoker$EmptyActivity@49ed0f9 in: CREATED
05-18 00:47:11.453 19748 19748 V ActivityScenario: Activity lifecycle changed event received but ignored because the intent does not match. startActivityIntent=Intent { act=android.intent.action.MAIN cat=[android.intent.category.LAUNCHER] cmp=com.example.dogglers/.GridListActivity }, activity.getIntent()=Intent { act=android.intent.action.MAIN cat=[android.intent.category.LAUNCHER] flg=0x10000000 cmp=com.example.dogglers/androidx.test.core.app.InstrumentationActivityInvoker$EmptyActivity }, activity=androidx.test.core.app.InstrumentationActivityInvoker$EmptyActivity@49ed0f9
05-18 00:47:11.454 19748 19748 D LifecycleMonitor: Lifecycle status change: androidx.test.core.app.InstrumentationActivityInvoker$EmptyActivity@49ed0f9 in: STARTED
05-18 00:47:11.454 19748 19748 V ActivityScenario: Activity lifecycle changed event received but ignored because the intent does not match. startActivityIntent=Intent { act=android.intent.action.MAIN cat=[android.intent.category.LAUNCHER] cmp=com.example.dogglers/.GridListActivity }, activity.getIntent()=Intent { act=android.intent.action.MAIN cat=[android.intent.category.LAUNCHER] flg=0x10000000 cmp=com.example.dogglers/androidx.test.core.app.InstrumentationActivityInvoker$EmptyActivity }, activity=androidx.test.core.app.InstrumentationActivityInvoker$EmptyActivity@49ed0f9
05-18 00:47:11.455 19748 19748 D LifecycleMonitor: Lifecycle status change: androidx.test.core.app.InstrumentationActivityInvoker$EmptyActivity@49ed0f9 in: RESUMED
05-18 00:47:11.455 19748 19748 V ActivityScenario: Activity lifecycle changed event received but ignored because the intent does not match. startActivityIntent=Intent { act=android.intent.action.MAIN cat=[android.intent.category.LAUNCHER] cmp=com.example.dogglers/.GridListActivity }, activity.getIntent()=Intent { act=android.intent.action.MAIN cat=[android.intent.category.LAUNCHER] flg=0x10000000 cmp=com.example.dogglers/androidx.test.core.app.InstrumentationActivityInvoker$EmptyActivity }, activity=androidx.test.core.app.InstrumentationActivityInvoker$EmptyActivity@49ed0f9
05-18 00:47:11.455 19748 19748 I MSHandlerLifeCycle: check: return. pkg=com.example.dogglers parent=null callers=com.android.internal.policy.DecorView.setVisibility:4416 android.app.ActivityThread.handleResumeActivity:5476 android.app.servertransaction.ResumeActivityItem.execute:54 android.app.servertransaction.ActivityTransactionItem.execute:45 android.app.servertransaction.TransactionExecutor.executeLifecycleState:176
05-18 00:47:11.455 19748 19748 I MSHandlerLifeCycle: removeMultiSplitHandler: no exist. decor=DecorView@659c3ec[]
05-18 00:47:11.456  2315  2980 W SemWifiTransportLayerUtils: getApplicationCategory - IOException com.example.dogglers
05-18 00:47:11.456  2315  2980 W System.err: java.io.FileNotFoundException: https://play.google.com/store/apps/details?id=com.example.dogglers&hl=en
05-18 00:47:11.456  2315  2980 W System.err: 	at com.android.okhttp.internal.huc.HttpURLConnectionImpl.getInputStream(HttpURLConnectionImpl.java:255)
05-18 00:47:11.456  2315  2980 W System.err: 	at com.android.okhttp.internal.huc.DelegatingHttpsURLConnection.getInputStream(DelegatingHttpsURLConnection.java:211)
05-18 00:47:11.456  2315  2980 W System.err: 	at com.android.okhttp.internal.huc.HttpsURLConnectionImpl.getInputStream(HttpsURLConnectionImpl.java:30)
05-18 00:47:11.456  2315  2980 W System.err: 	at com.samsung.android.server.wifi.tcp.SemWifiTransportLayerUtils.getApplicationCategory(SemWifiTransportLayerUtils.java:104)
05-18 00:47:11.456  2315  2980 W System.err: 	at com.samsung.android.server.wifi.tcp.SemWifiTransportLayerMonitor$TcpMonitorHandler.handleMessage(SemWifiTransportLayerMonitor.java:244)
05-18 00:47:11.456  2315  2980 W System.err: 	at android.os.Handler.dispatchMessage(Handler.java:106)
05-18 00:47:11.456  2315  2980 W System.err: 	at android.os.Looper.loopOnce(Looper.java:226)
05-18 00:47:11.456  2315  2980 W System.err: 	at android.os.Looper.loop(Looper.java:313)
05-18 00:47:11.456  2315  2980 W System.err: 	at android.os.HandlerThread.run(HandlerThread.java:67)
05-18 00:47:11.457  2315  2980 D SemWifiTransportLayerMonitor.TcpMonitorHandler: MSG_SAVE_PACKAGE_INFO
05-18 00:47:11.457  2315  2980 D SemWifiTransportLayerFileManager: saveWifiPackageInfoToFile
05-18 00:47:11.457  2315  2980 D SemWifiTransportLayerFileManager: writeWifiPackageInfoList
05-18 00:47:11.457 19748 19789 D NativeCustomFrequencyManager: [NativeCFMS] BpCustomFrequencyManager::BpCustomFrequencyManager()
05-18 00:47:11.458  2315  2435 D EnterpriseDeviceManagerService: isMdmAdminPresentInternal() : MDM Admin Found - com.samsung.knox.securefolder
05-18 00:47:11.458  2315  4570 I MediaSessionMonitor: Media session stopped : controllerList empty
05-18 00:47:11.459  2315  6291 D InputTransport: Input channel constructed: '7fe6660', fd=1022
05-18 00:47:11.459  2315  6291 D InputTransport: Input channel constructed: '7fe6660', fd=1029
05-18 00:47:11.459  2315  6291 D InputTransport: Input channel constructed: '7fe6660', fd=1040
05-18 00:47:11.459  1533  1680 I SurfaceFlinger: id=113225 createSurf, flag=80004, 7fe6660 com.example.dogglers/androidx.test.core.app.InstrumentationActivityInvoker$EmptyActivity#113225
05-18 00:47:11.460  2315  6291 D InputTransport: Input channel destroyed: '7fe6660', fd=1040
05-18 00:47:11.460 19748 19748 D InsetsController: onStateChanged: InsetsState: {mDisplayFrame=Rect(0, 0 - 1440, 3088), mDisplayCutout=DisplayCutout{insets=Rect(0, 100 - 0, 0) waterfall=Insets{left=0, top=0, right=0, bottom=0} boundingRect={Bounds=[Rect(0, 0 - 0, 0), Rect(683, 0 - 758, 100), Rect(0, 0 - 0, 0), Rect(0, 0 - 0, 0)]} cutoutPathParserInfo={CutoutPathParserInfo{displayWidth=1440 displayHeight=3088 physicalDisplayWidth=1440 physicalDisplayHeight=3088 density={3.75} cutoutSpec={M 0,0 H -10 V 26.66666666666667 H 10 V 0 H 0 Z @dp} rotation={0} scale={1.0} physicalPixelDisplaySizeRatio={1.0}}}}, mRoundedCorners=RoundedCorners{[RoundedCorner{position=TopLeft, radius=14, center=Point(14, 14)}, RoundedCorner{position=TopRight, radius=14, center=Point(1426, 14)}, RoundedCorner{position=BottomRight, radius=14, center=Point(1426, 3074)}, RoundedCorner{position=BottomLeft, radius=14, center=Point(14, 3074)}]}  mRoundedCornerFrame=Rect(0, 0 - 1440, 3088), mPrivacyIndicatorBounds=PrivacyIndicatorBounds {static bounds=Rect(1286, 0 - 1440, 100) rotation=0}, mSources= { InsetsSource: {mType=ITYPE_STATUS_BAR, mFrame=[0,0][1440,100], mVisible=true, mInsetsRoundedCornerFrame=false}, InsetsSource: {mType=ITYPE_NAVIGATION_BAR, mFrame=[0,2920][1440,3088], mVisible=true, mInsetsRoundedCornerFrame=false}, InsetsSource: {mType=ITYPE_LEFT_GESTURES, mFrame=[0,0][0,3088], mVisible=true, mInsetsRoundedCornerFrame=false}, InsetsSource: {mType=ITYPE_RIGHT_GESTURES, mFrame=[1440,0][1440,3088], mVisible=true, mInsetsRoundedCornerFrame=false}, InsetsSource: {mType=ITYPE_TOP_MANDATORY_GESTURES, mFrame=[0,0][1440,142], mVisible=true, mInsetsRoundedCornerFrame=false}, InsetsSource: {mType=ITYPE_BOTTOM_MANDATORY_GESTURES, mFrame=[0,2920][1440,3088], mVisible=true, mInsetsRoundedCornerFrame=false}, InsetsSource: {mType=ITYPE_LEFT_DISPLAY_CUTOUT, mFrame=[0,0][-100000,3088], mVisible=true, mInsetsRoundedCornerFrame=false}, InsetsSource: {mType=ITYPE_TOP_DISPLAY_CUTOUT, mFrame=[0,0][1440,100], mVisible=true, mInsetsRoundedCornerFrame=false}, InsetsSource: {mType=ITYPE_RIGHT_DISPLAY_CUTOUT, mFrame=[100000,0][1440,3088], mVisible=true, mInsetsRoundedCornerFrame=false}, InsetsSource: {mType=ITYPE_BOTTOM_DISPLAY_CUTOUT, mFrame=[0,100000][1440,3088], mVisible=true, mInsetsRoundedCornerFrame=false}, InsetsSource: {mType=ITYPE_TOP_TAPPABLE_ELEMENT, mFrame=[0,0][1440,100], mVisible=true, mInsetsRoundedCornerFrame=false}, InsetsSource: {mType=ITYPE_BOTTOM_TAPPABLE_ELEMENT, mFrame=[0,2920][1440,3088], mVisible=true, mInsetsRoundedCornerFrame=false} } host=com.example.dogglers/androidx.test.core.app.InstrumentationActivityInvoker$EmptyActivity from=android.view.ViewRootImpl.setView:1732
05-18 00:47:11.461  2315  2926 D InputDispatcher: Focus left window (0): 68ea90b com.example.dogglers/com.example.dogglers.GridListActivity
05-18 00:47:11.461  5964  5964 I ActivityUtils: HomePackage : com.sec.android.app.launcher, resumePackageName : com.example.dogglers
05-18 00:47:11.462 19748 19748 I ViewRootImpl@a98fdbb[InstrumentationActivityInvoker$EmptyActivity]: setView = com.android.internal.policy.DecorView@659c3ec TM=true
05-18 00:47:11.463  3085  3258 I ViewRootImpl@edfedf0[dogglers]: mWNT: t=0xb4000073772b3630 mBlastBufferQueue=0xb4000073b740dfb0 fn= 6 caller= android.view.SyncRtSurfaceTransactionApplier.applyTransaction:96 android.view.SyncRtSurfaceTransactionApplier.lambda$scheduleApply$0$android-view-SyncRtSurfaceTransactionApplier:69 android.view.SyncRtSurfaceTransactionApplier$$ExternalSyntheticLambda0.onFrameDraw:4
05-18 00:47:11.463 19748 19748 I MSHandlerLifeCycle: removeMultiSplitHandler: no exist. decor=DecorView@659c3ec[InstrumentationActivityInvoker$EmptyActivity]
05-18 00:47:11.464  2315  2481 D AnalyticsContainerHandler: handleMessage : { when=0 what=1 target=com.android.server.knox.KnoxAnalyticsContainer$AnalyticsHandler }
05-18 00:47:11.466 19748 19748 I ViewRootImpl@a98fdbb[InstrumentationActivityInvoker$EmptyActivity]: performTraversals params={(0,0)(fillxfill) sim={adjust=pan forwardNavigation} ty=BASE_APPLICATION wanim=0x1030001
05-18 00:47:11.466 19748 19748 I ViewRootImpl@a98fdbb[InstrumentationActivityInvoker$EmptyActivity]:   fl=1810100
05-18 00:47:11.466 19748 19748 I ViewRootImpl@a98fdbb[InstrumentationActivityInvoker$EmptyActivity]:   pfl=12020040
05-18 00:47:11.466 19748 19748 I ViewRootImpl@a98fdbb[InstrumentationActivityInvoker$EmptyActivity]:   bhv=DEFAULT
05-18 00:47:11.466 19748 19748 I ViewRootImpl@a98fdbb[InstrumentationActivityInvoker$EmptyActivity]:   fitSides= naviIconColor=0}
05-18 00:47:11.467 19748 19748 I ViewRootImpl@a98fdbb[InstrumentationActivityInvoker$EmptyActivity]: performTraversals mFirst=true windowShouldResize=true viewVisibilityChanged=false mForceNextWindowRelayout=false params={(0,0)(fillxfill) sim={adjust=pan forwardNavigation} ty=BASE_APPLICATION wanim=0x1030001
05-18 00:47:11.467 19748 19748 I ViewRootImpl@a98fdbb[InstrumentationActivityInvoker$EmptyActivity]:   fl=1810100
05-18 00:47:11.467 19748 19748 I ViewRootImpl@a98fdbb[InstrumentationActivityInvoker$EmptyActivity]:   pfl=12020040
05-18 00:47:11.467 19748 19748 I ViewRootImpl@a98fdbb[InstrumentationActivityInvoker$EmptyActivity]:   bhv=DEFAULT
05-18 00:47:11.467 19748 19748 I ViewRootImpl@a98fdbb[InstrumentationActivityInvoker$EmptyActivity]:   fitSides= naviIconColor=0}
05-18 00:47:11.467  2315  6291 V WindowManager: Relayout Window{7fe6660 u0 com.example.dogglers/androidx.test.core.app.InstrumentationActivityInvoker$EmptyActivity}: viewVisibility=0 req=1440x3088 d0
05-18 00:47:11.467  1533  1680 I SurfaceFlinger: id=113226 createSurf, flag=40004, com.example.dogglers/androidx.test.core.app.InstrumentationActivityInvoker$EmptyActivity$_19748#113226
05-18 00:47:11.470  1533  3178 I SurfaceFlinger: id=113227 createSurf, flag=24000, Surface(name=a5e6516 StatusBar)/@0x266f9f6 - animation-leash of insets_animation#113227
05-18 00:47:11.471  1533  1681 I SurfaceFlinger: id=113228 createSurf, flag=24000, Surface(name=b1c69c9 NavigationBar0)/@0x6818acd - animation-leash of insets_animation#113228
05-18 00:47:11.472  3085  3257 I ViewRootImpl@edfedf0[dogglers]: mWNT: t=0xb400007377390850 mBlastBufferQueue=0xb4000073b740dfb0 fn= 7 caller= android.view.SyncRtSurfaceTransactionApplier.applyTransaction:96 android.view.SyncRtSurfaceTransactionApplier.lambda$scheduleApply$0$android-view-SyncRtSurfaceTransactionApplier:69 android.view.SyncRtSurfaceTransactionApplier$$ExternalSyntheticLambda0.onFrameDraw:4
05-18 00:47:11.472  2315  6291 V WindowManager: Relayout hash=7fe6660, pid=19748, syncId=-1: mAttrs={(0,0)(fillxfill) sim={adjust=pan forwardNavigation} ty=BASE_APPLICATION wanim=0x1030001
05-18 00:47:11.472  2315  6291 V WindowManager:   fl=1810100
05-18 00:47:11.472  2315  6291 V WindowManager:   pfl=12020040
05-18 00:47:11.472  2315  6291 V WindowManager:   bhv=DEFAULT
05-18 00:47:11.472  2315  6291 V WindowManager:   fitSides= naviIconColor=0}
05-18 00:47:11.473 19748 19748 D InsetsController: onStateChanged: InsetsState: {mDisplayFrame=Rect(0, 0 - 1440, 3088), mDisplayCutout=DisplayCutout{insets=Rect(0, 100 - 0, 0) waterfall=Insets{left=0, top=0, right=0, bottom=0} boundingRect={Bounds=[Rect(0, 0 - 0, 0), Rect(683, 0 - 758, 100), Rect(0, 0 - 0, 0), Rect(0, 0 - 0, 0)]} cutoutPathParserInfo={CutoutPathParserInfo{displayWidth=1440 displayHeight=3088 physicalDisplayWidth=1440 physicalDisplayHeight=3088 density={3.75} cutoutSpec={M 0,0 H -10 V 26.66666666666667 H 10 V 0 H 0 Z @dp} rotation={0} scale={1.0} physicalPixelDisplaySizeRatio={1.0}}}}, mRoundedCorners=RoundedCorners{[RoundedCorner{position=TopLeft, radius=14, center=Point(14, 14)}, RoundedCorner{position=TopRight, radius=14, center=Point(1426, 14)}, RoundedCorner{position=BottomRight, radius=14, center=Point(1426, 3074)}, RoundedCorner{position=BottomLeft, radius=14, center=Point(14, 3074)}]}  mRoundedCornerFrame=Rect(0, 0 - 1440, 3088), mPrivacyIndicatorBounds=PrivacyIndicatorBounds {static bounds=Rect(1286, 0 - 1440, 100) rotation=0}, mSources= { InsetsSource: {mType=ITYPE_STATUS_BAR, mFrame=[0,0][1440,100], mVisible=true, mInsetsRoundedCornerFrame=false}, InsetsSource: {mType=ITYPE_NAVIGATION_BAR, mFrame=[0,2920][1440,3088], mVisible=true, mInsetsRoundedCornerFrame=false}, InsetsSource: {mType=ITYPE_LEFT_GESTURES, mFrame=[0,0][0,3088], mVisible=true, mInsetsRoundedCornerFrame=false}, InsetsSource: {mType=ITYPE_RIGHT_GESTURES, mFrame=[1440,0][1440,3088], mVisible=true, mInsetsRoundedCornerFrame=false}, InsetsSource: {mType=ITYPE_TOP_MANDATORY_GESTURES, mFrame=[0,0][1440,142], mVisible=true, mInsetsRoundedCornerFrame=false}, InsetsSource: {mType=ITYPE_BOTTOM_MANDATORY_GESTURES, mFrame=[0,2920][1440,3088], mVisible=true, mInsetsRoundedCornerFrame=false}, InsetsSource: {mType=ITYPE_LEFT_DISPLAY_CUTOUT, mFrame=[0,0][-100000,3088], mVisible=true, mInsetsRoundedCornerFrame=false}, InsetsSource: {mType=ITYPE_TOP_DISPLAY_CUTOUT, mFrame=[0,0][1440,100], mVisible=true, mInsetsRoundedCornerFrame=false}, InsetsSource: {mType=ITYPE_RIGHT_DISPLAY_CUTOUT, mFrame=[100000,0][1440,3088], mVisible=true, mInsetsRoundedCornerFrame=false}, InsetsSource: {mType=ITYPE_BOTTOM_DISPLAY_CUTOUT, mFrame=[0,100000][1440,3088], mVisible=true, mInsetsRoundedCornerFrame=false}, InsetsSource: {mType=ITYPE_TOP_TAPPABLE_ELEMENT, mFrame=[0,0][1440,100], mVisible=true, mInsetsRoundedCornerFrame=false}, InsetsSource: {mType=ITYPE_BOTTOM_TAPPABLE_ELEMENT, mFrame=[0,2920][1440,3088], mVisible=true, mInsetsRoundedCornerFrame=false}, InsetsSource: {mType=ITYPE_IME, mFrame=[0,0][0,0], mVisibleFrame=[0,1766][1440,3088], mVisible=false, mInsetsRoundedCornerFrame=false} } host=com.example.dogglers/androidx.test.core.app.InstrumentationActivityInvoker$EmptyActivity from=android.view.ViewRootImpl.relayoutWindow:9802
05-18 00:47:11.474 19748 19748 I ViewRootImpl@a98fdbb[InstrumentationActivityInvoker$EmptyActivity]: updateBlastSurfaceIfNeeded mBlastBufferQueue=null isSameSurfaceControl=false
05-18 00:47:11.474 19748 19748 I BLASTBufferQueue: new BLASTBufferQueue, mName= ViewRootImpl@a98fdbb[InstrumentationActivityInvoker$EmptyActivity] mNativeObject= 0xb4000073b7263390 sc.mNativeObject= 0xb4000073472a26f0 caller= android.view.ViewRootImpl.updateBlastSurfaceIfNeeded:2909 android.view.ViewRootImpl.relayoutWindow:9847 android.view.ViewRootImpl.performTraversals:3884 android.view.ViewRootImpl.doTraversal:3116 android.view.ViewRootImpl$TraversalRunnable.run:10885 android.view.Choreographer$CallbackRecord.run:1301 android.view.Choreographer$CallbackRecord.run:1309 android.view.Choreographer.doCallbacks:923 android.view.Choreographer.doFrame:852 android.view.Choreographer$FrameDisplayEventReceiver.run:1283
05-18 00:47:11.474 19748 19748 I BLASTBufferQueue: update, w= 1440 h= 3088 mName = ViewRootImpl@a98fdbb[InstrumentationActivityInvoker$EmptyActivity] mNativeObject= 0xb4000073b7263390 sc.mNativeObject= 0xb4000073472a26f0 format= -1 caller= android.graphics.BLASTBufferQueue.<init>:84 android.view.ViewRootImpl.updateBlastSurfaceIfNeeded:2909 android.view.ViewRootImpl.relayoutWindow:9847 android.view.ViewRootImpl.performTraversals:3884 android.view.ViewRootImpl.doTraversal:3116 android.view.ViewRootImpl$TraversalRunnable.run:10885
05-18 00:47:11.474 19748 19748 I ViewRootImpl@a98fdbb[InstrumentationActivityInvoker$EmptyActivity]: Relayout returned: old=(0,0,1440,3088) new=(0,0,1440,3088) req=(1440,3088)0 dur=7 res=0x3 s={true 0xb4000074472829d0} ch=true seqId=0
05-18 00:47:11.475 19748 19748 I ViewRootImpl@a98fdbb[InstrumentationActivityInvoker$EmptyActivity]: mThreadedRenderer.initialize() mSurface={isValid=true 0xb4000074472829d0} hwInitialized=true
05-18 00:47:11.475 19748 19789 D OpenGLRenderer: eglCreateWindowSurface
05-18 00:47:11.475 19748 19748 I ViewRootImpl@a98fdbb[InstrumentationActivityInvoker$EmptyActivity]: reportNextDraw android.view.ViewRootImpl.performTraversals:4438 android.view.ViewRootImpl.doTraversal:3116 android.view.ViewRootImpl$TraversalRunnable.run:10885 android.view.Choreographer$CallbackRecord.run:1301 android.view.Choreographer$CallbackRecord.run:1309
05-18 00:47:11.475 19748 19748 I ViewRootImpl@a98fdbb[InstrumentationActivityInvoker$EmptyActivity]: Setup new sync id=0
05-18 00:47:11.475 19748 19748 I ViewRootImpl@a98fdbb[InstrumentationActivityInvoker$EmptyActivity]: Setting syncFrameCallback
05-18 00:47:11.475 19748 19748 I ViewRootImpl@a98fdbb[InstrumentationActivityInvoker$EmptyActivity]: registerCallbacksForSync syncBuffer=false
05-18 00:47:11.477  1533  1533 I SurfaceFlinger: [7fe6660 com.example.dogglers/androidx.test.core.app.InstrumentationActivityInvoker$EmptyActivity#113225] FrameRatePriority: 1
05-18 00:47:11.477  1533  1533 I Layer   : id=113219 removedFromDrawingState Surface(name=a5e6516 StatusBar)/@0x266f9f6 - animation-leash of insets_animation#113219 (129)
05-18 00:47:11.477  1533  1533 I Layer   : id=113220 removedFromDrawingState Surface(name=b1c69c9 NavigationBar0)/@0x6818acd - animation-leash of insets_animation#113220 (129)
05-18 00:47:11.479 19748 19806 I ViewRootImpl@a98fdbb[InstrumentationActivityInvoker$EmptyActivity]: Received frameDrawingCallback syncResult=0 frameNum=1.
05-18 00:47:11.479 19748 19806 I ViewRootImpl@a98fdbb[InstrumentationActivityInvoker$EmptyActivity]: Setting up sync and frameCommitCallback
05-18 00:47:11.479  3085  3222 D OpenGLRenderer: setSurface called with nullptr
05-18 00:47:11.479  3085  3222 D OpenGLRenderer: setSurface() destroyed EGLSurface
05-18 00:47:11.479 19748 19789 I BLASTBufferQueue: [ViewRootImpl@a98fdbb[InstrumentationActivityInvoker$EmptyActivity]#4](f:0,a:0) onFrameAvailable the first frame is available
05-18 00:47:11.480  3085  3222 D OpenGLRenderer: destroyEglSurface
05-18 00:47:11.480 19748 19789 I ViewRootImpl@a98fdbb[InstrumentationActivityInvoker$EmptyActivity]: Received frameCommittedCallback lastAttemptedDrawFrameNum=1 didProduceBuffer=true
05-18 00:47:11.481  3085  3207 I ViewRootImpl@edfedf0[dogglers]: performTraversals params={(0,0)(fillxfill) sim={adjust=pan} ty=APPLICATION_STARTING fmt=TRANSLUCENT wanim=0x1030001 alpha=0.0
05-18 00:47:11.481  3085  3207 I ViewRootImpl@edfedf0[dogglers]:   fl=81030118
05-18 00:47:11.481  3085  3207 I ViewRootImpl@edfedf0[dogglers]:   pfl=16000010
05-18 00:47:11.481  3085  3207 I ViewRootImpl@edfedf0[dogglers]:   bhv=DEFAULT
05-18 00:47:11.481  3085  3207 I ViewRootImpl@edfedf0[dogglers]:   fitSides= naviIconColor=0}
05-18 00:47:11.481 19748 19789 D OpenGLRenderer: CFMS:: SetUp Pid : 19748    Tid : 19789
05-18 00:47:11.481  3085  3207 I ViewRootImpl@edfedf0[dogglers]: performTraversals mFirst=false windowShouldResize=false viewVisibilityChanged=true mForceNextWindowRelayout=false params={(0,0)(fillxfill) sim={adjust=pan} ty=APPLICATION_STARTING fmt=TRANSLUCENT wanim=0x1030001 alpha=0.0
05-18 00:47:11.481  3085  3207 I ViewRootImpl@edfedf0[dogglers]:   fl=81030118
05-18 00:47:11.481  3085  3207 I ViewRootImpl@edfedf0[dogglers]:   pfl=16000010
05-18 00:47:11.481  3085  3207 I ViewRootImpl@edfedf0[dogglers]:   bhv=DEFAULT
05-18 00:47:11.481  3085  3207 I ViewRootImpl@edfedf0[dogglers]:   fitSides= naviIconColor=0}
05-18 00:47:11.481 19748 19789 W Parcel  : Expecting binder but got null!
05-18 00:47:11.482 19748 19748 I ViewRootImpl@a98fdbb[InstrumentationActivityInvoker$EmptyActivity]: onSyncComplete
05-18 00:47:11.482 19748 19748 I ViewRootImpl@a98fdbb[InstrumentationActivityInvoker$EmptyActivity]: setupSync seqId=0 mSyncId=0 fn=1 caller=android.view.ViewRootImpl$$ExternalSyntheticLambda11.accept:6 android.window.SurfaceSyncer.lambda$setupSync$1$android-window-SurfaceSyncer:128 android.window.SurfaceSyncer$$ExternalSyntheticLambda1.accept:8 android.window.SurfaceSyncer$SyncSet.checkIfSyncIsComplete:382 android.window.SurfaceSyncer$SyncSet.markSyncReady:359 android.window.SurfaceSyncer.markSyncReady:151 android.view.ViewRootImpl.performTraversals:4503
05-18 00:47:11.482 19748 19748 I ViewRootImpl@a98fdbb[InstrumentationActivityInvoker$EmptyActivity]: reportDrawFinished seqId=0 mSyncId=-1 fn=1 mSurfaceChangedTransaction=0xb40000737726a0d0
05-18 00:47:11.482  2315  2848 V WindowManager: Relayout Window{ef56c96 u0 Splash Screen com.example.dogglers}: viewVisibility=8 req=1440x3088 d0
05-18 00:47:11.482 19748 19748 I ViewRootImpl@16cbc2f[GridListActivity]: MSG_WINDOW_FOCUS_CHANGED 0 0
05-18 00:47:11.483  1791  5574 I CameraService: onUidStateChanged: uid=10038, procState is changed. (1 -> 0)
05-18 00:47:11.484  1533  3008 I SurfaceFlinger: id=113220 Removed Surface(name=b1c69c9 NavigationBar0)/@0x6818acd - animation-leash of insets_animation#113220 (129)
05-18 00:47:11.484  1533  3008 I SurfaceFlinger: id=113219 Removed Surface(name=a5e6516 StatusBar)/@0x266f9f6 - animation-leash of insets_animation#113219 (129)
05-18 00:47:11.485  1533  1533 I Layer   : id=113220 Destroyed Surface(name=b1c69c9 NavigationBar0)/@0x6818acd - animation-leash of insets_animation#113220
05-18 00:47:11.485  1533  1533 I Layer   : id=113219 Destroyed Surface(name=a5e6516 StatusBar)/@0x266f9f6 - animation-leash of insets_animation#113219
05-18 00:47:11.486  2315  3073 D InputDispatcher: Focus request (0): 7fe6660 com.example.dogglers/androidx.test.core.app.InstrumentationActivityInvoker$EmptyActivity but waiting because NO_WINDOW
05-18 00:47:11.487  2315  5947 I SemDvfsHyPerManager: acquire hyper - AMS_RESUME_TAIL/2315@23, type = -999
05-18 00:47:11.487  2315  5947 I SemDvfsHyPerManager: acquire hyper - AMS_ACT_LAZY/2315@24, type = -999
05-18 00:47:11.487  1412  1438 I HYPER-HAL: [RequestManager.cpp]acquire(): Acquired ID : 2734314  [2315 / 23]    HINT : AMS_RESUME_TAIL    list :
05-18 00:47:11.487  1412  1438 I HYPER-HAL: [RequestManager.cpp]acquire(): Acquired ID : 2736654  [2315 / 24]    HINT : AMS_ACT_LAZY    list :
05-18 00:47:11.488  2315  2848 V WindowManager: Relayout hash=ef56c96, pid=3085, syncId=-1: mAttrs={(0,0)(fillxfill) sim={adjust=pan} ty=APPLICATION_STARTING fmt=TRANSLUCENT wanim=0x1030001 alpha=0.0
05-18 00:47:11.488  2315  2848 V WindowManager:   fl=81030118
05-18 00:47:11.488  2315  2848 V WindowManager:   pfl=16000010
05-18 00:47:11.488  2315  2848 V WindowManager:   bhv=DEFAULT
05-18 00:47:11.488  2315  2848 V WindowManager:   fitSides= naviIconColor=0}
05-18 00:47:11.489  3085  3207 I ViewRootImpl@edfedf0[dogglers]: Relayout returned: old=(0,0,1440,3088) new=(0,0,1440,3088) req=(1440,3088)8 dur=8 res=0x2 s={false 0x0} ch=true seqId=0
05-18 00:47:11.490  2315  2432 I ActivityTaskManager: Displayed com.example.dogglers/androidx.test.core.app.InstrumentationActivityInvoker$EmptyActivity: +55ms
05-18 00:47:11.491  1412  1438 I HYPER-HAL: [RequestManager.cpp]releaseLocked(): Released ID : 2729637
05-18 00:47:11.491  4633  4633 E pageboostd: Received HALT command code 2
05-18 00:47:11.492  3085  3207 I ViewRootImpl@edfedf0[dogglers]: dispatchDetachedFromWindow
05-18 00:47:11.492  2315  2848 D InputTransport: Input channel destroyed: 'ef56c96', fd=879
05-18 00:47:11.492  2315  2848 W InputManager-JNI: Input channel object 'ef56c96 Splash Screen com.example.dogglers (client)' was disposed without first being removed with the input manager!
05-18 00:47:11.492  2315  2848 D InputTransport: Input channel destroyed: 'ef56c96', fd=884
05-18 00:47:11.493  3085  3207 D InputTransport: Input channel destroyed: 'ef56c96', fd=195
05-18 00:47:11.493  1533  1533 I Layer   : Layer [com.example.dogglers/androidx.test.core.app.InstrumentationActivityInvoker$EmptyActivity$_19748#113226] hidden!! flag(0)
05-18 00:47:11.494  1533  1533 I Layer   : id=113221 removedFromDrawingState Surface(name=68ea90b com.example.dogglers/com.example.dogglers.GridListActivity)/@0xa3ee800 - animation-leash of starting_reveal#113221 (127)
05-18 00:47:11.495  2315  2926 D InputDispatcher: Focus entered window (0): 7fe6660 com.example.dogglers/androidx.test.core.app.InstrumentationActivityInvoker$EmptyActivity
05-18 00:47:11.495 19748 19748 I ViewRootImpl@a98fdbb[InstrumentationActivityInvoker$EmptyActivity]: MSG_WINDOW_FOCUS_CHANGED 1 0
05-18 00:47:11.495 19748 19748 I ViewRootImpl@a98fdbb[InstrumentationActivityInvoker$EmptyActivity]: mThreadedRenderer.initializeIfNeeded()#2 mSurface={isValid=true 0xb4000074472829d0}
05-18 00:47:11.496 19748 19748 D InputMethodManager: startInputInner - Id : 0
05-18 00:47:11.496 19748 19748 I InputMethodManager: startInputInner - mService.startInputOrWindowGainedFocus
05-18 00:47:11.496  1533  1533 D SurfaceFlinger: Display 4630947232161729154 HWC layers:
05-18 00:47:11.496  1533  1533 D SurfaceFlinger:      DEVICE | 0xb400006f7023ac30 | 0100 | RGBx_8888    |  670.0    0.0 2110.0 3088.0 |    0    0 1440 3088 | Wallpaper BBQ wrapper#79
05-18 00:47:11.496  1533  1533 D SurfaceFlinger:      DEVICE | 0xb400006f7023e1a0 | 0100 | RGBA_8888    |    0.0    0.0 1440.0 3088.0 |    0    0 1440 3088 | com.sec.android.app.launcher/com.sec[...]vities.LauncherActivity$_3588#113156
05-18 00:47:11.496  1533  1533 D SurfaceFlinger:      DEVICE | 0xb400006f7023ce80 | 0102 | RGBA_8888    |    0.0    0.0 1440.0 3088.0 |   29   61 1411 3027 | com.example.dogglers/androidx.test.c[...]yInvoker$EmptyActivity$_19748#113226
05-18 00:47:11.496  1533  1533 D SurfaceFlinger:      DEVICE | 0xb400006f70233df0 | 0100 | RGBA_8888    |    0.0    0.0 1440.0  100.0 |    0    0 1440  100 | StatusBar$_3085#85
05-18 00:47:11.496  1533  1533 D SurfaceFlinger:      DEVICE | 0xb400006f7022a220 | 0100 | RGBA_8888    |    0.0    0.0   67.0  456.0 | 1373  584 1440 1040 | com.samsung.android.app.cocktailbars[...]vice.CocktailBarService$_5964#112833
05-18 00:47:11.496  1533  1533 D SurfaceFlinger:      DEVICE | 0xb400006f702301c0 | 0100 | RGBA_8888    |    0.0    0.0 1440.0  168.0 |    0 2920 1440 3088 | NavigationBar0$_3085#80
05-18 00:47:11.496  1533  1533 D SurfaceFlinger:
05-18 00:47:11.496  2315  6291 D InputMethodManagerService: DESKTOP MODE! : 2
05-18 00:47:11.496  2315  6291 D InputMethodManagerService: NOT IN KNOX DESKTOP MODE!
05-18 00:47:11.496  2315  6291 V InputMethodManagerService: getDisplayIdOfInputMethodWindowToBeAdded: displayId=0
05-18 00:47:11.496  2315  6291 D InputMethodManagerService: isImeSwitcherDisabledPackage : false
05-18 00:47:11.497  2315  6291 D InputMethodManagerService: checkDisplayOfStartInputAndUpdateKeyboard: displayId=0, mFocusedDisplayId=0
05-18 00:47:11.497  2315  6291 D InputTransport: Input channel constructed: 'ClientS', fd=879
05-18 00:47:11.497  2315  6291 D InputTransport: Input channel destroyed: 'ClientS', fd=879
05-18 00:47:11.497  2315  2435 I ChimeraSystemEventListener: appLaunchIntent package name is: com.example.dogglers
05-18 00:47:11.497  5591  5591 I HBD     : HoneyBoardService onFinishInput
05-18 00:47:11.498  5591  5591 I HBD     : a IC have been unbinding,  RemoteInputConnection{idHash=#7462546}
05-18 00:47:11.498  5591  5591 I HBD     : HoneyBoardService [PF_CL][onFinishInput]  1 ms
05-18 00:47:11.498  5591  5591 I HBD     : HoneyBoardService [IMI] onStartInput - caller pid : 19748 , caller uid : 10725
05-18 00:47:11.498  5591  5591 I HBD     : j updateConfigs
05-18 00:47:11.498  5591  5591 I HBD     : j isEnabledNightMode : true
05-18 00:47:11.498  5591  5591 I HBD     : a IC have been binding, RemoteInputConnection{idHash=#7462546}
05-18 00:47:11.499  5591  5591 I HBD     : h [EditorInputType]setPrivateImeOptionsToTable privateImeOptions ( null )
05-18 00:47:11.499  5591  5591 I HBD     : b incognitoMode : false
05-18 00:47:11.499  5591  5591 I HBD     : a needOff = true , isForceOff = false, isNullInputClass : true
05-18 00:47:11.499  5591  5591 I HBD     : h getDefaultInputRange : UNKNOWN
05-18 00:47:11.499  5591  5591 I HBD     : h getDefaultInputRange : UNKNOWN
05-18 00:47:11.499  5591  5591 I HBD     : h getDefaultInputRange : UNKNOWN
05-18 00:47:11.499  2315  3567 I SemDvfsHyPerManager: acquire hyper - AMS_ACT_START/2315@21, type = -999
05-18 00:47:11.499  1412  1438 I HYPER-HAL: [RequestManager.cpp]acquire(): Acquired ID : 2729637  [2315 / 21]    HINT : AMS_ACT_START    list :
05-18 00:47:11.500  5591  5591 I HBD     : a needOff = true , isForceOff = false, isNullInputClass : true
05-18 00:47:11.500  1533  3178 I SurfaceFlinger: id=113229 createSurf, flag=80004, ActivityRecord{e01f242 u0 com.example.dogglers/androidx.test.core.app.InstrumentationActivityInvoker$EmptyActivity} t1007}#113229
05-18 00:47:11.500  5591  5591 I HBD     : a update cached prediction status : false
05-18 00:47:11.500  5591  5591 I HBD     : h getDefaultInputRange : UNKNOWN
05-18 00:47:11.500  5591  5591 I HBD     : a currentState : 0
05-18 00:47:11.501  5591  5591 I HBD     : a [UpdatePolicy] [post] a: 0 cl: 65537 kit: [0/0] vt: 0 ir: 1
05-18 00:47:11.501  5591  5591 I HBD     : a [NRIC] resetNoResponseState
05-18 00:47:11.501  5591  5591 I HBD     : a needOff = true , isForceOff = false, isNullInputClass : true
05-18 00:47:11.501  5591  5591 I HBD     : a update cached prediction status : false
05-18 00:47:11.502  5591  5591 I HBD     : HoneyBoardService [PF_OP][onStartInput]  4 ms
05-18 00:47:11.506  1533  1680 I SurfaceFlinger: id=113230 createSurf, flag=80000, a50d08d ActivityRecordInputSink com.example.dogglers/androidx.test.core.app.InstrumentationActivityInvoker$EmptyActivity#113230
05-18 00:47:11.507  4633  4633 E pageboostd: Received HALT command code 2
05-18 00:47:11.508  1533  1680 I SurfaceFlinger: id=113231 createSurf, flag=24004, Surface(name=daea37f InputMethod)/@0x913f89b - animation-leash of insets_animation#113231
05-18 00:47:11.508  2315  2435 D PersonaActivityHelper: Activity not in resumed state, do not run immediate lock
05-18 00:47:11.509 19748 19748 D LifecycleMonitor: Lifecycle status change: androidx.test.core.app.InstrumentationActivityInvoker$EmptyActivity@49ed0f9 in: PAUSED
05-18 00:47:11.509 19748 19748 V ActivityScenario: Activity lifecycle changed event received but ignored because the intent does not match. startActivityIntent=Intent { act=android.intent.action.MAIN cat=[android.intent.category.LAUNCHER] cmp=com.example.dogglers/.GridListActivity }, activity.getIntent()=Intent { act=android.intent.action.MAIN cat=[android.intent.category.LAUNCHER] flg=0x10000000 cmp=com.example.dogglers/androidx.test.core.app.InstrumentationActivityInvoker$EmptyActivity }, activity=androidx.test.core.app.InstrumentationActivityInvoker$EmptyActivity@49ed0f9
05-18 00:47:11.510  1533  1533 I Layer   : id=113222 removedFromDrawingState Surface(name=daea37f InputMethod)/@0x913f89b - animation-leash of insets_animation#113222 (130)
05-18 00:47:11.511  2315  6291 D InputDispatcher: Focused application(0): ActivityRecord{e01f242 u0 com.example.dogglers/androidx.test.core.app.InstrumentationActivityInvoker$EmptyActivity} t1007}
05-18 00:47:11.513  1533  3008 I SurfaceFlinger: id=113222 Removed Surface(name=daea37f InputMethod)/@0x913f89b - animation-leash of insets_animation#113222 (130)
05-18 00:47:11.514  2315  6291 D InputMethodManagerService: isImeSwitcherDisabledPackage : false
05-18 00:47:11.515  5591  5591 I InputMethodService: removeImeSurface
05-18 00:47:11.515  2315  2435 I SemPersonaManager: SecureFolder personaId = 150
05-18 00:47:11.515  5591  5591 I MSHandlerLifeCycle: check: return. pkg=com.samsung.android.honeyboard isActivity=false callers=com.android.internal.policy.DecorView.setVisibility:4416 android.app.Dialog.hide:767 android.inputmethodservice.InputMethodService.removeImeSurface:1290 android.inputmethodservice.InputMethodService.scheduleImeSurfaceRemoval:1279 android.inputmethodservice.InputMethodService.-$$Nest$mscheduleImeSurfaceRemoval:0
05-18 00:47:11.515  5591  5591 I MSHandlerLifeCycle: removeMultiSplitHandler: no exist. decor=DecorView@9a0695a[InputMethod]
05-18 00:47:11.516 19748 19748 D LifecycleMonitor: Lifecycle status change: androidx.test.core.app.InstrumentationActivityInvoker$EmptyActivity@f58ea69 in: PRE_ON_CREATE
05-18 00:47:11.516 19748 19748 V ActivityScenario: Activity lifecycle changed event received but ignored because the intent does not match. startActivityIntent=Intent { act=android.intent.action.MAIN cat=[android.intent.category.LAUNCHER] cmp=com.example.dogglers/.GridListActivity }, activity.getIntent()=Intent { act=android.intent.action.MAIN cat=[android.intent.category.LAUNCHER] flg=0x10000000 cmp=com.example.dogglers/androidx.test.core.app.InstrumentationActivityInvoker$EmptyActivity }, activity=androidx.test.core.app.InstrumentationActivityInvoker$EmptyActivity@f58ea69
05-18 00:47:11.518 19748 19748 I DecorView: [INFO] isPopOver=false config=true
05-18 00:47:11.518  1533  1533 I SurfaceFlinger: [7fe6660 com.example.dogglers/androidx.test.core.app.InstrumentationActivityInvoker$EmptyActivity#113225] FrameRatePriority: -1
05-18 00:47:11.518 19748 19748 I DecorView: updateCaptionType: isFloating=false isApplication=true hasWindowDecorCaption=false this=DecorView@24c001c[]
05-18 00:47:11.518 19748 19748 D DecorView: setCaptionType = 0, this = DecorView@24c001c[]
05-18 00:47:11.519  1533  1533 I Layer   : id=113222 Destroyed Surface(name=daea37f InputMethod)/@0x913f89b - animation-leash of insets_animation#113222
05-18 00:47:11.520 19748 19748 I DecorView: getCurrentDensityDpi: from real metrics. densityDpi=560 msg=resources_loaded
05-18 00:47:11.520 19748 19748 I DecorView: setWindowBackground: isPopOver=false color=ff010101 d=android.graphics.drawable.StateListDrawable@40cc425
05-18 00:47:11.520 19748 19748 D LifecycleMonitor: Lifecycle status change: androidx.test.core.app.InstrumentationActivityInvoker$EmptyActivity@f58ea69 in: CREATED
05-18 00:47:11.520 19748 19748 V ActivityScenario: Activity lifecycle changed event received but ignored because the intent does not match. startActivityIntent=Intent { act=android.intent.action.MAIN cat=[android.intent.category.LAUNCHER] cmp=com.example.dogglers/.GridListActivity }, activity.getIntent()=Intent { act=android.intent.action.MAIN cat=[android.intent.category.LAUNCHER] flg=0x10000000 cmp=com.example.dogglers/androidx.test.core.app.InstrumentationActivityInvoker$EmptyActivity }, activity=androidx.test.core.app.InstrumentationActivityInvoker$EmptyActivity@f58ea69
05-18 00:47:11.520 19748 19748 D LifecycleMonitor: Lifecycle status change: androidx.test.core.app.InstrumentationActivityInvoker$EmptyActivity@f58ea69 in: STARTED
05-18 00:47:11.521 19748 19748 V ActivityScenario: Activity lifecycle changed event received but ignored because the intent does not match. startActivityIntent=Intent { act=android.intent.action.MAIN cat=[android.intent.category.LAUNCHER] cmp=com.example.dogglers/.GridListActivity }, activity.getIntent()=Intent { act=android.intent.action.MAIN cat=[android.intent.category.LAUNCHER] flg=0x10000000 cmp=com.example.dogglers/androidx.test.core.app.InstrumentationActivityInvoker$EmptyActivity }, activity=androidx.test.core.app.InstrumentationActivityInvoker$EmptyActivity@f58ea69
05-18 00:47:11.521 19748 19748 D LifecycleMonitor: Lifecycle status change: androidx.test.core.app.InstrumentationActivityInvoker$EmptyActivity@f58ea69 in: RESUMED
05-18 00:47:11.521 19748 19748 V ActivityScenario: Activity lifecycle changed event received but ignored because the intent does not match. startActivityIntent=Intent { act=android.intent.action.MAIN cat=[android.intent.category.LAUNCHER] cmp=com.example.dogglers/.GridListActivity }, activity.getIntent()=Intent { act=android.intent.action.MAIN cat=[android.intent.category.LAUNCHER] flg=0x10000000 cmp=com.example.dogglers/androidx.test.core.app.InstrumentationActivityInvoker$EmptyActivity }, activity=androidx.test.core.app.InstrumentationActivityInvoker$EmptyActivity@f58ea69
05-18 00:47:11.522 19748 19748 I MSHandlerLifeCycle: check: return. pkg=com.example.dogglers parent=null callers=com.android.internal.policy.DecorView.setVisibility:4416 android.app.ActivityThread.handleResumeActivity:5476 android.app.servertransaction.ResumeActivityItem.execute:54 android.app.servertransaction.ActivityTransactionItem.execute:45 android.app.servertransaction.TransactionExecutor.executeLifecycleState:176
05-18 00:47:11.522 19748 19748 I MSHandlerLifeCycle: removeMultiSplitHandler: no exist. decor=DecorView@24c001c[]
05-18 00:47:11.523  2315  2435 D EnterpriseDeviceManagerService: isMdmAdminPresentInternal() : MDM Admin Found - com.samsung.knox.securefolder
05-18 00:47:11.523  2315  4570 I MediaSessionMonitor: Media session stopped : controllerList empty
05-18 00:47:11.523 19748 19789 D NativeCustomFrequencyManager: [NativeCFMS] BpCustomFrequencyManager::BpCustomFrequencyManager()
05-18 00:47:11.525  5964  5964 I ActivityUtils: HomePackage : com.sec.android.app.launcher, resumePackageName : com.example.dogglers
05-18 00:47:11.525  2315  5947 D InputTransport: Input channel constructed: '4b6539f', fd=901
05-18 00:47:11.525  2315  5947 D InputTransport: Input channel constructed: '4b6539f', fd=1040
05-18 00:47:11.525  2315  5947 D InputTransport: Input channel constructed: '4b6539f', fd=1045
05-18 00:47:11.525  1533  3178 I SurfaceFlinger: id=113232 createSurf, flag=80004, 4b6539f com.example.dogglers/androidx.test.core.app.InstrumentationActivityInvoker$EmptyActivity#113232
05-18 00:47:11.526  2315  5947 D InputTransport: Input channel destroyed: '4b6539f', fd=1045
05-18 00:47:11.526 19748 19748 D InsetsController: onStateChanged: InsetsState: {mDisplayFrame=Rect(0, 0 - 1440, 3088), mDisplayCutout=DisplayCutout{insets=Rect(0, 100 - 0, 0) waterfall=Insets{left=0, top=0, right=0, bottom=0} boundingRect={Bounds=[Rect(0, 0 - 0, 0), Rect(683, 0 - 758, 100), Rect(0, 0 - 0, 0), Rect(0, 0 - 0, 0)]} cutoutPathParserInfo={CutoutPathParserInfo{displayWidth=1440 displayHeight=3088 physicalDisplayWidth=1440 physicalDisplayHeight=3088 density={3.75} cutoutSpec={M 0,0 H -10 V 26.66666666666667 H 10 V 0 H 0 Z @dp} rotation={0} scale={1.0} physicalPixelDisplaySizeRatio={1.0}}}}, mRoundedCorners=RoundedCorners{[RoundedCorner{position=TopLeft, radius=14, center=Point(14, 14)}, RoundedCorner{position=TopRight, radius=14, center=Point(1426, 14)}, RoundedCorner{position=BottomRight, radius=14, center=Point(1426, 3074)}, RoundedCorner{position=BottomLeft, radius=14, center=Point(14, 3074)}]}  mRoundedCornerFrame=Rect(0, 0 - 1440, 3088), mPrivacyIndicatorBounds=PrivacyIndicatorBounds {static bounds=Rect(1286, 0 - 1440, 100) rotation=0}, mSources= { InsetsSource: {mType=ITYPE_STATUS_BAR, mFrame=[0,0][1440,100], mVisible=true, mInsetsRoundedCornerFrame=false}, InsetsSource: {mType=ITYPE_NAVIGATION_BAR, mFrame=[0,2920][1440,3088], mVisible=true, mInsetsRoundedCornerFrame=false}, InsetsSource: {mType=ITYPE_LEFT_GESTURES, mFrame=[0,0][0,3088], mVisible=true, mInsetsRoundedCornerFrame=false}, InsetsSource: {mType=ITYPE_RIGHT_GESTURES, mFrame=[1440,0][1440,3088], mVisible=true, mInsetsRoundedCornerFrame=false}, InsetsSource: {mType=ITYPE_TOP_MANDATORY_GESTURES, mFrame=[0,0][1440,142], mVisible=true, mInsetsRoundedCornerFrame=false}, InsetsSource: {mType=ITYPE_BOTTOM_MANDATORY_GESTURES, mFrame=[0,2920][1440,3088], mVisible=true, mInsetsRoundedCornerFrame=false}, InsetsSource: {mType=ITYPE_LEFT_DISPLAY_CUTOUT, mFrame=[0,0][-100000,3088], mVisible=true, mInsetsRoundedCornerFrame=false}, InsetsSource: {mType=ITYPE_TOP_DISPLAY_CUTOUT, mFrame=[0,0][1440,100], mVisible=true, mInsetsRoundedCornerFrame=false}, InsetsSource: {mType=ITYPE_RIGHT_DISPLAY_CUTOUT, mFrame=[100000,0][1440,3088], mVisible=true, mInsetsRoundedCornerFrame=false}, InsetsSource: {mType=ITYPE_BOTTOM_DISPLAY_CUTOUT, mFrame=[0,100000][1440,3088], mVisible=true, mInsetsRoundedCornerFrame=false}, InsetsSource: {mType=ITYPE_TOP_TAPPABLE_ELEMENT, mFrame=[0,0][1440,100], mVisible=true, mInsetsRoundedCornerFrame=false}, InsetsSource: {mType=ITYPE_BOTTOM_TAPPABLE_ELEMENT, mFrame=[0,2920][1440,3088], mVisible=true, mInsetsRoundedCornerFrame=false} } host=com.example.dogglers/androidx.test.core.app.InstrumentationActivityInvoker$EmptyActivity from=android.view.ViewRootImpl.setView:1732
05-18 00:47:11.527 19748 19748 I ViewRootImpl@480cbab[InstrumentationActivityInvoker$EmptyActivity]: setView = com.android.internal.policy.DecorView@24c001c TM=true
05-18 00:47:11.528  2315  2926 D InputDispatcher: Focus left window (0): 7fe6660 com.example.dogglers/androidx.test.core.app.InstrumentationActivityInvoker$EmptyActivity
05-18 00:47:11.528 19748 19748 I MSHandlerLifeCycle: removeMultiSplitHandler: no exist. decor=DecorView@24c001c[InstrumentationActivityInvoker$EmptyActivity]
05-18 00:47:11.528  2315  2481 D AnalyticsContainerHandler: handleMessage : { when=0 what=1 target=com.android.server.knox.KnoxAnalyticsContainer$AnalyticsHandler }
05-18 00:47:11.530 19748 19748 I ViewRootImpl@480cbab[InstrumentationActivityInvoker$EmptyActivity]: performTraversals params={(0,0)(fillxfill) sim={adjust=pan forwardNavigation} ty=BASE_APPLICATION wanim=0x1030001
05-18 00:47:11.530 19748 19748 I ViewRootImpl@480cbab[InstrumentationActivityInvoker$EmptyActivity]:   fl=1810100
05-18 00:47:11.530 19748 19748 I ViewRootImpl@480cbab[InstrumentationActivityInvoker$EmptyActivity]:   pfl=12020040
05-18 00:47:11.530 19748 19748 I ViewRootImpl@480cbab[InstrumentationActivityInvoker$EmptyActivity]:   bhv=DEFAULT
05-18 00:47:11.530 19748 19748 I ViewRootImpl@480cbab[InstrumentationActivityInvoker$EmptyActivity]:   fitSides= naviIconColor=0}
