05-18 00:47:13.420  3588  6252 I ViewRootImpl@c60680d[LauncherActivity]: mWNT: t=0xb400007377399df0 mBlastBufferQueue=0xb4000073b72df710 fn= 57 caller= com.android.systemui.shared.launcher.ViewRootImplCompat.mergeWithNextTransaction:2 com.android.quickstep.util.SurfaceTransactionApplier.lambda$scheduleApply$0:2 com.android.quickstep.util.SurfaceTransactionApplier.b:0
05-18 00:47:13.427  3588  3588 I ScrimView: setCurrentFlatColor mProgress = 0.7789915, mCurrentFlatColor = 38000000
05-18 00:47:13.428  3588  6253 I ViewRootImpl@c60680d[LauncherActivity]: mWNT: t=0xb4000073774267f0 mBlastBufferQueue=0xb4000073b72df710 fn= 58 caller= com.android.systemui.shared.launcher.ViewRootImplCompat.mergeWithNextTransaction:2 com.android.quickstep.util.SurfaceTransactionApplier.lambda$scheduleApply$0:2 com.android.quickstep.util.SurfaceTransactionApplier.b:0
05-18 00:47:13.432  2315 10916 D SemWifiUsabilityStatsMonitor: onWifiUsabilityStats - seqNum 131754, isSameBssidAndFreq true
05-18 00:47:13.433  2315  2966 I SemWifiLinkQualityMonitor: Link Qos Query: 0.043 ms / 188.206 Mbps (432 / 0.003 / 2.000)
05-18 00:47:13.436  3588  3588 I ScrimView: setCurrentFlatColor mProgress = 0.7826661, mCurrentFlatColor = 37000000
05-18 00:47:13.437  3588  6252 I ViewRootImpl@c60680d[LauncherActivity]: mWNT: t=0xb4000073774481b0 mBlastBufferQueue=0xb4000073b72df710 fn= 59 caller= com.android.systemui.shared.launcher.ViewRootImplCompat.mergeWithNextTransaction:2 com.android.quickstep.util.SurfaceTransactionApplier.lambda$scheduleApply$0:2 com.android.quickstep.util.SurfaceTransactionApplier.b:0
05-18 00:47:13.444  3588  3588 I ScrimView: setCurrentFlatColor mProgress = 0.7873213, mCurrentFlatColor = 36000000
05-18 00:47:13.445  3588  6253 I ViewRootImpl@c60680d[LauncherActivity]: mWNT: t=0xb400007377338a10 mBlastBufferQueue=0xb4000073b72df710 fn= 60 caller= com.android.systemui.shared.launcher.ViewRootImplCompat.mergeWithNextTransaction:2 com.android.quickstep.util.SurfaceTransactionApplier.lambda$scheduleApply$0:2 com.android.quickstep.util.SurfaceTransactionApplier.b:0
05-18 00:47:13.452  3588  3588 I ScrimView: setCurrentFlatColor mProgress = 0.7927008, mCurrentFlatColor = 35000000
05-18 00:47:13.454  3588  6252 I ViewRootImpl@c60680d[LauncherActivity]: mWNT: t=0xb4000073772fef90 mBlastBufferQueue=0xb4000073b72df710 fn= 61 caller= com.android.systemui.shared.launcher.ViewRootImplCompat.mergeWithNextTransaction:2 com.android.quickstep.util.SurfaceTransactionApplier.lambda$scheduleApply$0:2 com.android.quickstep.util.SurfaceTransactionApplier.b:0
05-18 00:47:13.461  3588  3588 I ScrimView: setCurrentFlatColor mProgress = 0.7974826, mCurrentFlatColor = 34000000
05-18 00:47:13.462  3588  6253 I ViewRootImpl@c60680d[LauncherActivity]: mWNT: t=0xb400007377459550 mBlastBufferQueue=0xb4000073b72df710 fn= 62 caller= com.android.systemui.shared.launcher.ViewRootImplCompat.mergeWithNextTransaction:2 com.android.quickstep.util.SurfaceTransactionApplier.lambda$scheduleApply$0:2 com.android.quickstep.util.SurfaceTransactionApplier.b:0
05-18 00:47:13.469  3588  3588 I ScrimView: setCurrentFlatColor mProgress = 0.8029225, mCurrentFlatColor = 32000000
05-18 00:47:13.470  3588  6252 I ViewRootImpl@c60680d[LauncherActivity]: mWNT: t=0xb40000737726f890 mBlastBufferQueue=0xb4000073b72df710 fn= 63 caller= com.android.systemui.shared.launcher.ViewRootImplCompat.mergeWithNextTransaction:2 com.android.quickstep.util.SurfaceTransactionApplier.lambda$scheduleApply$0:2 com.android.quickstep.util.SurfaceTransactionApplier.b:0
05-18 00:47:13.477  3588  3588 I ScrimView: setCurrentFlatColor mProgress = 0.8095481, mCurrentFlatColor = 31000000
05-18 00:47:13.478  3588  6253 I ViewRootImpl@c60680d[LauncherActivity]: mWNT: t=0xb4000073773e8f90 mBlastBufferQueue=0xb4000073b72df710 fn= 64 caller= com.android.systemui.shared.launcher.ViewRootImplCompat.mergeWithNextTransaction:2 com.android.quickstep.util.SurfaceTransactionApplier.lambda$scheduleApply$0:2 com.android.quickstep.util.SurfaceTransactionApplier.b:0
05-18 00:47:13.486  3588  3588 I ScrimView: setCurrentFlatColor mProgress = 0.8154375, mCurrentFlatColor = 2f000000
05-18 00:47:13.487  3588  6252 I ViewRootImpl@c60680d[LauncherActivity]: mWNT: t=0xb40000737740e2b0 mBlastBufferQueue=0xb4000073b72df710 fn= 65 caller= com.android.systemui.shared.launcher.ViewRootImplCompat.mergeWithNextTransaction:2 com.android.quickstep.util.SurfaceTransactionApplier.lambda$scheduleApply$0:2 com.android.quickstep.util.SurfaceTransactionApplier.b:0
05-18 00:47:13.494  3588  3588 I ScrimView: setCurrentFlatColor mProgress = 0.82195926, mCurrentFlatColor = 2d000000
05-18 00:47:13.495  3588  6253 I ViewRootImpl@c60680d[LauncherActivity]: mWNT: t=0xb4000073773ae790 mBlastBufferQueue=0xb4000073b72df710 fn= 66 caller= com.android.systemui.shared.launcher.ViewRootImplCompat.mergeWithNextTransaction:2 com.android.quickstep.util.SurfaceTransactionApplier.lambda$scheduleApply$0:2 com.android.quickstep.util.SurfaceTransactionApplier.b:0
05-18 00:47:13.502  3588  3588 I ScrimView: setCurrentFlatColor mProgress = 0.82980585, mCurrentFlatColor = 2b000000
05-18 00:47:13.503  3588  6252 I ViewRootImpl@c60680d[LauncherActivity]: mWNT: t=0xb40000737731ef70 mBlastBufferQueue=0xb4000073b72df710 fn= 67 caller= com.android.systemui.shared.launcher.ViewRootImplCompat.mergeWithNextTransaction:2 com.android.quickstep.util.SurfaceTransactionApplier.lambda$scheduleApply$0:2 com.android.quickstep.util.SurfaceTransactionApplier.b:0
05-18 00:47:13.511  3588  3588 I ScrimView: setCurrentFlatColor mProgress = 0.8367806, mCurrentFlatColor = 2a000000
05-18 00:47:13.511  3588  6253 I ViewRootImpl@c60680d[LauncherActivity]: mWNT: t=0xb40000737737dad0 mBlastBufferQueue=0xb4000073b72df710 fn= 68 caller= com.android.systemui.shared.launcher.ViewRootImplCompat.mergeWithNextTransaction:2 com.android.quickstep.util.SurfaceTransactionApplier.lambda$scheduleApply$0:2 com.android.quickstep.util.SurfaceTransactionApplier.b:0
05-18 00:47:13.519  3588  3588 I ScrimView: setCurrentFlatColor mProgress = 0.84461313, mCurrentFlatColor = 28000000
05-18 00:47:13.520  3588  6252 I ViewRootImpl@c60680d[LauncherActivity]: mWNT: t=0xb40000737742d990 mBlastBufferQueue=0xb4000073b72df710 fn= 69 caller= com.android.systemui.shared.launcher.ViewRootImplCompat.mergeWithNextTransaction:2 com.android.quickstep.util.SurfaceTransactionApplier.lambda$scheduleApply$0:2 com.android.quickstep.util.SurfaceTransactionApplier.b:0
05-18 00:47:13.527  3588  3588 I ScrimView: setCurrentFlatColor mProgress = 0.8536205, mCurrentFlatColor = 25000000
05-18 00:47:13.528  3588  6253 I ViewRootImpl@c60680d[LauncherActivity]: mWNT: t=0xb4000073773cd450 mBlastBufferQueue=0xb4000073b72df710 fn= 70 caller= com.android.systemui.shared.launcher.ViewRootImplCompat.mergeWithNextTransaction:2 com.android.quickstep.util.SurfaceTransactionApplier.lambda$scheduleApply$0:2 com.android.quickstep.util.SurfaceTransactionApplier.b:0
05-18 00:47:13.536  3588  3588 I ScrimView: setCurrentFlatColor mProgress = 0.8619272, mCurrentFlatColor = 23000000
05-18 00:47:13.537  3588  6252 I ViewRootImpl@c60680d[LauncherActivity]: mWNT: t=0xb40000737742a5d0 mBlastBufferQueue=0xb4000073b72df710 fn= 71 caller= com.android.systemui.shared.launcher.ViewRootImplCompat.mergeWithNextTransaction:2 com.android.quickstep.util.SurfaceTransactionApplier.lambda$scheduleApply$0:2 com.android.quickstep.util.SurfaceTransactionApplier.b:0
05-18 00:47:13.544  3588  3588 I ScrimView: setCurrentFlatColor mProgress = 0.8708707, mCurrentFlatColor = 21000000
05-18 00:47:13.545  3588  6253 I ViewRootImpl@c60680d[LauncherActivity]: mWNT: t=0xb40000737741c830 mBlastBufferQueue=0xb4000073b72df710 fn= 72 caller= com.android.systemui.shared.launcher.ViewRootImplCompat.mergeWithNextTransaction:2 com.android.quickstep.util.SurfaceTransactionApplier.lambda$scheduleApply$0:2 com.android.quickstep.util.SurfaceTransactionApplier.b:0
05-18 00:47:13.552  3588  3588 I ScrimView: setCurrentFlatColor mProgress = 0.88095564, mCurrentFlatColor = 1e000000
05-18 00:47:13.553  3588  6252 I ViewRootImpl@c60680d[LauncherActivity]: mWNT: t=0xb400007377419d70 mBlastBufferQueue=0xb4000073b72df710 fn= 73 caller= com.android.systemui.shared.launcher.ViewRootImplCompat.mergeWithNextTransaction:2 com.android.quickstep.util.SurfaceTransactionApplier.lambda$scheduleApply$0:2 com.android.quickstep.util.SurfaceTransactionApplier.b:0
05-18 00:47:13.561  3588  3588 I ScrimView: setCurrentFlatColor mProgress = 0.8906876, mCurrentFlatColor = 1c000000
05-18 00:47:13.562  3588  6253 I ViewRootImpl@c60680d[LauncherActivity]: mWNT: t=0xb40000737744bd50 mBlastBufferQueue=0xb4000073b72df710 fn= 74 caller= com.android.systemui.shared.launcher.ViewRootImplCompat.mergeWithNextTransaction:2 com.android.quickstep.util.SurfaceTransactionApplier.lambda$scheduleApply$0:2 com.android.quickstep.util.SurfaceTransactionApplier.b:0
05-18 00:47:13.562  1533  1533 D SurfaceFlinger: Display 4630947232161729154 HWC layers:
05-18 00:47:13.562  1533  1533 D SurfaceFlinger:      DEVICE | 0xb400006f7023ac30 | 0100 | RGBx_8888    |  673.0    6.0 2107.0 3082.0 |    0    0 1440 3088 | Wallpaper BBQ wrapper#79
05-18 00:47:13.562  1533  1533 D SurfaceFlinger:      DEVICE | 0xb400006f70237d80 | 0100 | RGBA_8888    |    0.0    0.0 1440.0 3088.0 |    0    0 1440 3088 | com.sec.android.app.launcher/com.sec[...]vities.LauncherActivity$_3588#113275
05-18 00:47:13.562  1533  1533 D SurfaceFlinger:      DEVICE | 0xb400006f70233df0 | 0100 | RGBA_8888    |    0.0    0.0 1440.0  100.0 |    0    0 1440  100 | StatusBar$_3085#85
05-18 00:47:13.562  1533  1533 D SurfaceFlinger:      DEVICE | 0xb400006f7022a220 | 0100 | RGBA_8888    |    0.0    0.0   67.0  456.0 | 1373  584 1440 1040 | com.samsung.android.app.cocktailbars[...]vice.CocktailBarService$_5964#112833
05-18 00:47:13.562  1533  1533 D SurfaceFlinger:      DEVICE | 0xb400006f70241ef0 | 0100 | RGBA_8888    |    0.0    0.0 1440.0  168.0 |    0 2920 1440 3088 | NavigationBar0$_3085#80
05-18 00:47:13.562  1533  1533 D SurfaceFlinger:
05-18 00:47:13.564  1407 10110 I sensors-hal: handle_sns_client_event:550, [0][381582] accel_sample [-0.117,  0.086, 10.039] 1776553455677401
05-18 00:47:13.568  5964  5964 I Utils   : isCurrentUser current = 0, ownerId = 0
05-18 00:47:13.569  5964  5964 I TrayVisibilityController: getComputedTrayVisible : keyguardState = 1
05-18 00:47:13.569  5964  5964 I TrayVisibilityController: updateTrayVisible: State=1 visible=1 mCurrentVisible=1 specificMode=0
05-18 00:47:13.569  3588  3588 I ScrimView: setCurrentFlatColor mProgress = 0.9004195, mCurrentFlatColor = 19000000
05-18 00:47:13.569  5964  5964 I TrayStateController: onNotifyUpdateTray: state=0
05-18 00:47:13.570  3588  6252 I ViewRootImpl@c60680d[LauncherActivity]: mWNT: t=0xb40000737740e190 mBlastBufferQueue=0xb4000073b72df710 fn= 75 caller= com.android.systemui.shared.launcher.ViewRootImplCompat.mergeWithNextTransaction:2 com.android.quickstep.util.SurfaceTransactionApplier.lambda$scheduleApply$0:2 com.android.quickstep.util.SurfaceTransactionApplier.b:0
05-18 00:47:13.577  3588  3588 I ScrimView: setCurrentFlatColor mProgress = 0.9119064, mCurrentFlatColor = 16000000
05-18 00:47:13.578  3588  6253 I ViewRootImpl@c60680d[LauncherActivity]: mWNT: t=0xb40000737742fc70 mBlastBufferQueue=0xb4000073b72df710 fn= 76 caller= com.android.systemui.shared.launcher.ViewRootImplCompat.mergeWithNextTransaction:2 com.android.quickstep.util.SurfaceTransactionApplier.lambda$scheduleApply$0:2 com.android.quickstep.util.SurfaceTransactionApplier.b:0
05-18 00:47:13.586  3588  3588 I ScrimView: setCurrentFlatColor mProgress = 0.92221135, mCurrentFlatColor = 14000000
05-18 00:47:13.587  3588  6252 I ViewRootImpl@c60680d[LauncherActivity]: mWNT: t=0xb40000737742d510 mBlastBufferQueue=0xb4000073b72df710 fn= 77 caller= com.android.systemui.shared.launcher.ViewRootImplCompat.mergeWithNextTransaction:2 com.android.quickstep.util.SurfaceTransactionApplier.lambda$scheduleApply$0:2 com.android.quickstep.util.SurfaceTransactionApplier.b:0
05-18 00:47:13.591  1412 20000 I HYPER-HAL: [RequestManager.cpp]releaseLocked(): Released ID : 2734314
05-18 00:47:13.594  3588  3588 I ScrimView: setCurrentFlatColor mProgress = 0.93276703, mCurrentFlatColor = 11000000
05-18 00:47:13.595  3588  6253 I ViewRootImpl@c60680d[LauncherActivity]: mWNT: t=0xb4000073772887f0 mBlastBufferQueue=0xb4000073b72df710 fn= 78 caller= com.android.systemui.shared.launcher.ViewRootImplCompat.mergeWithNextTransaction:2 com.android.quickstep.util.SurfaceTransactionApplier.lambda$scheduleApply$0:2 com.android.quickstep.util.SurfaceTransactionApplier.b:0
05-18 00:47:13.603  3588  3588 I ScrimView: setCurrentFlatColor mProgress = 0.9446541, mCurrentFlatColor = e000000
05-18 00:47:13.604  3588  6252 I ViewRootImpl@c60680d[LauncherActivity]: mWNT: t=0xb40000737736f0d0 mBlastBufferQueue=0xb4000073b72df710 fn= 79 caller= com.android.systemui.shared.launcher.ViewRootImplCompat.mergeWithNextTransaction:2 com.android.quickstep.util.SurfaceTransactionApplier.lambda$scheduleApply$0:2 com.android.quickstep.util.SurfaceTransactionApplier.b:0
05-18 00:47:13.611  3588  3588 I ScrimView: setCurrentFlatColor mProgress = 0.95512474, mCurrentFlatColor = b000000
05-18 00:47:13.611  3588  6253 I ViewRootImpl@c60680d[LauncherActivity]: mWNT: t=0xb40000737744ec90 mBlastBufferQueue=0xb4000073b72df710 fn= 80 caller= com.android.systemui.shared.launcher.ViewRootImplCompat.mergeWithNextTransaction:2 com.android.quickstep.util.SurfaceTransactionApplier.lambda$scheduleApply$0:2 com.android.quickstep.util.SurfaceTransactionApplier.b:0
05-18 00:47:13.619  3588  3588 I ScrimView: setCurrentFlatColor mProgress = 0.9653417, mCurrentFlatColor = 9000000
05-18 00:47:13.620  3588  6252 I ViewRootImpl@c60680d[LauncherActivity]: mWNT: t=0xb400007377445810 mBlastBufferQueue=0xb4000073b72df710 fn= 81 caller= com.android.systemui.shared.launcher.ViewRootImplCompat.mergeWithNextTransaction:2 com.android.quickstep.util.SurfaceTransactionApplier.lambda$scheduleApply$0:2 com.android.quickstep.util.SurfaceTransactionApplier.b:0
05-18 00:47:13.627  3588  3588 I ScrimView: setCurrentFlatColor mProgress = 0.97644943, mCurrentFlatColor = 6000000
05-18 00:47:13.628  3588  6253 I ViewRootImpl@c60680d[LauncherActivity]: mWNT: t=0xb40000737734bd30 mBlastBufferQueue=0xb4000073b72df710 fn= 82 caller= com.android.systemui.shared.launcher.ViewRootImplCompat.mergeWithNextTransaction:2 com.android.quickstep.util.SurfaceTransactionApplier.lambda$scheduleApply$0:2 com.android.quickstep.util.SurfaceTransactionApplier.b:0
05-18 00:47:13.636  3588  3588 I ScrimView: setCurrentFlatColor mProgress = 0.985219, mCurrentFlatColor = 4000000
05-18 00:47:13.637  3588  6252 I ViewRootImpl@c60680d[LauncherActivity]: mWNT: t=0xb4000073773808f0 mBlastBufferQueue=0xb4000073b72df710 fn= 83 caller= com.android.systemui.shared.launcher.ViewRootImplCompat.mergeWithNextTransaction:2 com.android.quickstep.util.SurfaceTransactionApplier.lambda$scheduleApply$0:2 com.android.quickstep.util.SurfaceTransactionApplier.b:0
05-18 00:47:13.644  3588  3588 I ScrimView: setCurrentFlatColor mProgress = 0.9931322, mCurrentFlatColor = 2000000
05-18 00:47:13.645  3588  6253 I ViewRootImpl@c60680d[LauncherActivity]: mWNT: t=0xb4000073773b5150 mBlastBufferQueue=0xb4000073b72df710 fn= 84 caller= com.android.systemui.shared.launcher.ViewRootImplCompat.mergeWithNextTransaction:2 com.android.quickstep.util.SurfaceTransactionApplier.lambda$scheduleApply$0:2 com.android.quickstep.util.SurfaceTransactionApplier.b:0
05-18 00:47:13.652  3943  3943 W SAPackageEventReceiver: [com.example.dogglers] removed. Stop sending intent
05-18 00:47:13.652  3588  3588 W AppTransitionAnimatorImpl: onAnimationEnd - APP OUT, Execution time for each frame : Start-(0)-0-(0)-0-(0)-0-(2)-0-(8)-1-(8)-0-(8)-0-(8)-1-(8)-0-(8)-0-(8)-1-(8)-0-(8)-0-(8)-1-(8)-0-(8)-0-(8)-1-(8)-0-(8)-0-(8)-1-(8)-0-(8)-0-(8)-1-(8)-0-(8)-0-(8)-1-(8)-0-(8)-0-(8)-1-(8)-0-(8)-0-(8)-1-(8)-0-(8)-0-(8)-1-(8)-0-(8)-0-(8)-1-(8)-0-(8)-0-(8)-1-(8)-0-(8)-0-End
05-18 00:47:13.652  3588  3588 I ScrimView: setCurrentFlatColor mProgress = 1.0, mCurrentFlatColor = 0
05-18 00:47:13.653  3588  3588 I AppTransitionAnimatorImpl: resetContentView
05-18 00:47:13.653  3588  3588 I AnimationResult: AnimationResult finish : onAnimationEnd
05-18 00:47:13.653  3588  3588 I AnimationResult: finish : false, null
05-18 00:47:13.654  3588  3982 I AnimationResult: finish callback : null
05-18 00:47:13.654  3588  6252 I ViewRootImpl@c60680d[LauncherActivity]: mWNT: t=0xb40000737745f4f0 mBlastBufferQueue=0xb4000073b72df710 fn= 85 caller= com.android.systemui.shared.launcher.ViewRootImplCompat.mergeWithNextTransaction:2 com.android.quickstep.util.SurfaceTransactionApplier.lambda$scheduleApply$0:2 com.android.quickstep.util.SurfaceTransactionApplier.b:0
05-18 00:47:13.654  3588  3588 W Launcher: onEnterAnimationComplete
05-18 00:47:13.659 19748 19748 I ViewRootImpl@621c5da[InstrumentationActivityInvoker$EmptyActivity]: handleAppVisibility mAppVisible = true visible = false
05-18 00:47:13.660  1533  1533 I Layer   : id=113288 removedFromDrawingState Splash Screen com.example.dogglers$_3085#113288 (125)
05-18 00:47:13.660  1533  1533 I SurfaceFlinger: [41ea68a com.sec.android.app.launcher/com.sec.android.app.launcher.activities.LauncherActivity#104] FrameRatePriority: 1
05-18 00:47:13.660  1533  1533 I Layer   : id=113314 removedFromDrawingState Surface(name=Task=1)/@0x889ba84 - animation-leash of app_transition#113314 (125)
05-18 00:47:13.661  1533  1533 I Layer   : id=113287 removedFromDrawingState d44d669 Splash Screen com.example.dogglers#113287 (125)
05-18 00:47:13.661  1533  1533 I Layer   : id=113313 removedFromDrawingState Surface(name=Task=1009)/@0xddb9c7f - animation-leash of app_transition#113313 (125)
05-18 00:47:13.661  1533  1533 I Layer   : Layer [Splash Screen com.example.dogglers$_3085#113288] hidden!! flag(1)
05-18 00:47:13.661  1533  1533 I Layer   : Layer [com.example.dogglers/com.example.dogglers.GridListActivity$_19748#113295] hidden!! flag(1)
05-18 00:47:13.661  1533  1533 I Layer   : Layer [com.example.dogglers/androidx.test.core.app.InstrumentationActivityInvoker$EmptyActivity$_19748#113303] hidden!! flag(1)
05-18 00:47:13.661  1533  1533 I Layer   : Layer [com.example.dogglers/androidx.test.core.app.InstrumentationActivityInvoker$EmptyActivity$_19748#113310] hidden!! flag(1)
05-18 00:47:13.661  1533  1533 I Layer   : id=113315 removedFromDrawingState Surface(name=WallpaperWindowToken{e4c3164 token=android.os.Binder@b21eef7})/@0x229faf0 - animation-leash of window_animation#113315 (125)
05-18 00:47:13.661  1533  1533 I SurfaceFlinger: id=113287 Removed d44d669 Splash Screen com.example.dogglers#113287 (125)
05-18 00:47:13.661  1533  1533 I SurfaceFlinger: id=113288 Removed Splash Screen com.example.dogglers$_3085#113288 (125)
05-18 00:47:13.661  1533  1533 I Layer   : id=113287 Destroyed d44d669 Splash Screen com.example.dogglers#113287
05-18 00:47:13.661  1533  1533 I Layer   : id=113288 Destroyed Splash Screen com.example.dogglers$_3085#113288
05-18 00:47:13.661 19748 19789 D OpenGLRenderer: setSurface called with nullptr
05-18 00:47:13.661 19748 19789 D OpenGLRenderer: setSurface() destroyed EGLSurface
05-18 00:47:13.661 19748 19789 D OpenGLRenderer: destroyEglSurface
05-18 00:47:13.662 19748 19748 I ViewRootImpl@621c5da[InstrumentationActivityInvoker$EmptyActivity]: performTraversals mFirst=false windowShouldResize=false viewVisibilityChanged=true mForceNextWindowRelayout=false params=null
05-18 00:47:13.662  2315  6291 V WindowManager: Relayout Window{3e380db u0 com.example.dogglers/androidx.test.core.app.InstrumentationActivityInvoker$EmptyActivity}: viewVisibility=8 req=1440x3088 d0
05-18 00:47:13.664  2315  6291 V WindowManager: Relayout hash=3e380db, pid=19748, syncId=-1: mAttrs={(0,0)(fillxfill) sim={adjust=pan forwardNavigation} ty=BASE_APPLICATION wanim=0x1030001
05-18 00:47:13.664  2315  6291 V WindowManager:   fl=1810100
05-18 00:47:13.664  2315  6291 V WindowManager:   pfl=12020040
05-18 00:47:13.664  2315  6291 V WindowManager:   bhv=DEFAULT
05-18 00:47:13.664  2315  6291 V WindowManager:   fitSides= naviIconColor=0}
05-18 00:47:13.666 19748 19748 I ViewRootImpl@621c5da[InstrumentationActivityInvoker$EmptyActivity]: Relayout returned: old=(0,0,1440,3088) new=(0,0,1440,3088) req=(1440,3088)8 dur=3 res=0x2 s={false 0x0} ch=true seqId=0
05-18 00:47:13.668 19748 19748 I ViewRootImpl@621c5da[InstrumentationActivityInvoker$EmptyActivity]: stopped(true) old = false
05-18 00:47:13.668 19748 19748 I ViewRootImpl@621c5da[InstrumentationActivityInvoker$EmptyActivity]: WindowStopped on com.example.dogglers/androidx.test.core.app.InstrumentationActivityInvoker$EmptyActivity set to true
05-18 00:47:13.668 19748 19748 D LifecycleMonitor: Lifecycle status change: androidx.test.core.app.InstrumentationActivityInvoker$EmptyActivity@7c667d0 in: STOPPED
05-18 00:47:13.669 19748 19748 V ActivityScenario: Activity lifecycle changed event received but ignored because the intent does not match. startActivityIntent=Intent { act=android.intent.action.MAIN cat=[android.intent.category.LAUNCHER] cmp=com.example.dogglers/.GridListActivity }, activity.getIntent()=Intent { act=android.intent.action.MAIN cat=[android.intent.category.LAUNCHER] flg=0x10000000 cmp=com.example.dogglers/androidx.test.core.app.InstrumentationActivityInvoker$EmptyActivity }, activity=androidx.test.core.app.InstrumentationActivityInvoker$EmptyActivity@7c667d0
05-18 00:47:13.669 19748 19748 I MSHandlerLifeCycle: removeMultiSplitHandler: no exist. decor=DecorView@b184def[InstrumentationActivityInvoker$EmptyActivity]
05-18 00:47:13.670  2315  6291 D InputDispatcher: Focus entered window (0): 41ea68a com.sec.android.app.launcher/com.sec.android.app.launcher.activities.LauncherActivity
05-18 00:47:13.670 19748 19748 D LifecycleMonitor: Lifecycle status change: androidx.test.core.app.InstrumentationActivityInvoker$EmptyActivity@7c667d0 in: DESTROYED
05-18 00:47:13.670 19748 19748 V ActivityScenario: Activity lifecycle changed event received but ignored because the intent does not match. startActivityIntent=Intent { act=android.intent.action.MAIN cat=[android.intent.category.LAUNCHER] cmp=com.example.dogglers/.GridListActivity }, activity.getIntent()=Intent { act=android.intent.action.MAIN cat=[android.intent.category.LAUNCHER] flg=0x10000000 cmp=com.example.dogglers/androidx.test.core.app.InstrumentationActivityInvoker$EmptyActivity }, activity=androidx.test.core.app.InstrumentationActivityInvoker$EmptyActivity@7c667d0
05-18 00:47:13.670  3588  3588 I ViewRootImpl@c60680d[LauncherActivity]: MSG_WINDOW_FOCUS_CHANGED 1 0
05-18 00:47:13.671  3588  3588 I ViewRootImpl@c60680d[LauncherActivity]: mThreadedRenderer.initializeIfNeeded()#2 mSurface={isValid=true 0xb4000074473fb6e0}
05-18 00:47:13.671  3588  3588 I BaseActivity: addActivityFlags, flags : 8
05-18 00:47:13.671 19748 19748 I MSHandlerLifeCycle: removeMultiSplitHandler: no exist. decor=DecorView@b184def[InstrumentationActivityInvoker$EmptyActivity]
05-18 00:47:13.673 19748 19789 D OpenGLRenderer: setSurface called with nullptr
05-18 00:47:13.673  3588  3588 I InputMethodManager: startInputInner - mService.startInputOrWindowGainedFocus
05-18 00:47:13.673 19748 19748 I ViewRootImpl@621c5da[InstrumentationActivityInvoker$EmptyActivity]: dispatchDetachedFromWindow
05-18 00:47:13.674  2315  3663 D InputTransport: Input channel destroyed: '3e380db', fd=850
05-18 00:47:13.674  2315  3663 W InputManager-JNI: Input channel object '3e380db com.example.dogglers/androidx.test.core.app.InstrumentationActivityInvoker$EmptyActivity (client)' was disposed without first being removed with the input manager!
05-18 00:47:13.674  2315  3663 D InputTransport: Input channel destroyed: '3e380db', fd=879
05-18 00:47:13.676 19748 19748 D InputTransport: Input channel destroyed: '3e380db', fd=147
05-18 00:47:13.676  2315  3073 D InputMethodManagerService: DESKTOP MODE! : 2
05-18 00:47:13.676  2315  3073 D InputMethodManagerService: NOT IN KNOX DESKTOP MODE!
05-18 00:47:13.676  2315  3073 V InputMethodManagerService: getDisplayIdOfInputMethodWindowToBeAdded: displayId=0
05-18 00:47:13.677 19748 19748 I ViewRootImpl@957e2a[InstrumentationActivityInvoker$EmptyActivity]: stopped(true) old = false
05-18 00:47:13.677 19748 19748 I ViewRootImpl@957e2a[InstrumentationActivityInvoker$EmptyActivity]: WindowStopped on com.example.dogglers/androidx.test.core.app.InstrumentationActivityInvoker$EmptyActivity set to true
05-18 00:47:13.677  1533  1533 I Layer   : id=113310 removedFromDrawingState com.example.dogglers/androidx.test.core.app.InstrumentationActivityInvoker$EmptyActivity$_19748#113310 (123)
05-18 00:47:13.677  1533  1533 I Layer   : id=113309 removedFromDrawingState 3e380db com.example.dogglers/androidx.test.core.app.InstrumentationActivityInvoker$EmptyActivity#113309 (123)
05-18 00:47:13.677  1533  1533 I SurfaceFlinger: id=113310 Removed com.example.dogglers/androidx.test.core.app.InstrumentationActivityInvoker$EmptyActivity$_19748#113310 (123)
05-18 00:47:13.677  1533  1533 I SurfaceFlinger: id=113309 Removed 3e380db com.example.dogglers/androidx.test.core.app.InstrumentationActivityInvoker$EmptyActivity#113309 (123)
05-18 00:47:13.677  1533  1533 I Layer   : id=113309 Destroyed 3e380db com.example.dogglers/androidx.test.core.app.InstrumentationActivityInvoker$EmptyActivity#113309
05-18 00:47:13.677  1533  1533 I Layer   : id=113310 Destroyed com.example.dogglers/androidx.test.core.app.InstrumentationActivityInvoker$EmptyActivity$_19748#113310
05-18 00:47:13.677 19748 19748 D LifecycleMonitor: Lifecycle status change: androidx.test.core.app.InstrumentationActivityInvoker$EmptyActivity@ab016a0 in: STOPPED
05-18 00:47:13.677  2315  3073 D InputMethodManagerService: isImeSwitcherDisabledPackage : false
05-18 00:47:13.678 19748 19748 V ActivityScenario: Activity lifecycle changed event received but ignored because the intent does not match. startActivityIntent=Intent { act=android.intent.action.MAIN cat=[android.intent.category.LAUNCHER] cmp=com.example.dogglers/.GridListActivity }, activity.getIntent()=Intent { act=android.intent.action.MAIN cat=[android.intent.category.LAUNCHER] flg=0x10000000 cmp=com.example.dogglers/androidx.test.core.app.InstrumentationActivityInvoker$EmptyActivity }, activity=androidx.test.core.app.InstrumentationActivityInvoker$EmptyActivity@ab016a0
05-18 00:47:13.679  1533  2344 I SurfaceFlinger: id=113308 Removed 8c3b10e ActivityRecordInputSink com.example.dogglers/androidx.test.core.app.InstrumentationActivityInvoker$EmptyActivity#113308 (121)
05-18 00:47:13.680 19748 19748 I MSHandlerLifeCycle: removeMultiSplitHandler: no exist. decor=DecorView@241a6ff[InstrumentationActivityInvoker$EmptyActivity]
05-18 00:47:13.680  2315  3073 D InputMethodManagerService: checkDisplayOfStartInputAndUpdateKeyboard: displayId=0, mFocusedDisplayId=0
05-18 00:47:13.680  2315  3073 D InputTransport: Input channel constructed: 'ClientS', fd=726
05-18 00:47:13.680  2315  3073 D InputTransport: Input channel destroyed: 'ClientS', fd=726
05-18 00:47:13.680 19748 19748 D LifecycleMonitor: Lifecycle status change: androidx.test.core.app.InstrumentationActivityInvoker$EmptyActivity@ab016a0 in: DESTROYED
05-18 00:47:13.681 19748 19748 V ActivityScenario: Activity lifecycle changed event received but ignored because the intent does not match. startActivityIntent=Intent { act=android.intent.action.MAIN cat=[android.intent.category.LAUNCHER] cmp=com.example.dogglers/.GridListActivity }, activity.getIntent()=Intent { act=android.intent.action.MAIN cat=[android.intent.category.LAUNCHER] flg=0x10000000 cmp=com.example.dogglers/androidx.test.core.app.InstrumentationActivityInvoker$EmptyActivity }, activity=androidx.test.core.app.InstrumentationActivityInvoker$EmptyActivity@ab016a0
05-18 00:47:13.681  5591  5591 I HBD     : HoneyBoardService onFinishInput
05-18 00:47:13.681  3588  3588 I BadgeRenderer: Invalid count : 0
05-18 00:47:13.681  3588  3588 I BadgeRenderer: Invalid count : 0
05-18 00:47:13.681  5591  5591 I HBD     : a IC have been unbinding,  RemoteInputConnection{idHash=#22f4fd2}
05-18 00:47:13.681  5591  5591 I HBD     : HoneyBoardService [PF_CL][onFinishInput]  0 ms
05-18 00:47:13.681  3588  3588 I BadgeRenderer: Invalid count : 0
05-18 00:47:13.681  1533  2344 I SurfaceFlinger: id=113319 createSurf, flag=24004, Surface(name=daea37f InputMethod)/@0x913f89b - animation-leash of insets_animation#113319
05-18 00:47:13.681 19748 19748 I MSHandlerLifeCycle: removeMultiSplitHandler: no exist. decor=DecorView@241a6ff[InstrumentationActivityInvoker$EmptyActivity]
05-18 00:47:13.681  5591  5591 I HBD     : HoneyBoardService [IMI] onStartInput - caller pid : 3588 , caller uid : 10143
05-18 00:47:13.681  5591  5591 I HBD     : j updateConfigs
05-18 00:47:13.682  5591  5591 I HBD     : j isEnabledNightMode : true
05-18 00:47:13.682  5591  5591 I HBD     : a IC have been binding, RemoteInputConnection{idHash=#6e328a3}
05-18 00:47:13.682  5591  5591 I HBD     : h [EditorInputType]setPrivateImeOptionsToTable privateImeOptions ( null )
05-18 00:47:13.682  5591  5591 I HBD     : b incognitoMode : false
05-18 00:47:13.682 19748 19789 D OpenGLRenderer: setSurface called with nullptr
05-18 00:47:13.682 19748 19789 D OpenGLRenderer: setSurface() destroyed EGLSurface
05-18 00:47:13.682 19748 19789 D OpenGLRenderer: destroyEglSurface
05-18 00:47:13.682  5591  5591 I HBD     : a needOff = true , isForceOff = false, isNullInputClass : true
05-18 00:47:13.682  5591  5591 I HBD     : h getDefaultInputRange : UNKNOWN
05-18 00:47:13.682  5591  5591 I HBD     : h getDefaultInputRange : UNKNOWN
05-18 00:47:13.682  5591  5591 I HBD     : h getDefaultInputRange : UNKNOWN
05-18 00:47:13.684 19748 19748 I ViewRootImpl@957e2a[InstrumentationActivityInvoker$EmptyActivity]: dispatchDetachedFromWindow
05-18 00:47:13.685  2315  3073 D InputTransport: Input channel destroyed: '441603f', fd=1125
05-18 00:47:13.685  2315  3073 W InputManager-JNI: Input channel object '441603f com.example.dogglers/androidx.test.core.app.InstrumentationActivityInvoker$EmptyActivity (client)' was disposed without first being removed with the input manager!
05-18 00:47:13.685  2315  3073 D InputTransport: Input channel destroyed: '441603f', fd=1130
05-18 00:47:13.685  1533  1533 I Layer   : id=113307 removedFromDrawingState ActivityRecord{a18d72f u0 com.example.dogglers/androidx.test.core.app.InstrumentationActivityInvoker$EmptyActivity} t1009}#113307 (122)
05-18 00:47:13.685  1533  1533 I Layer   : id=113308 removedFromDrawingState 8c3b10e ActivityRecordInputSink com.example.dogglers/androidx.test.core.app.InstrumentationActivityInvoker$EmptyActivity#113308 (122)
05-18 00:47:13.685  1533  1533 I Layer   : id=113306 removedFromDrawingState Surface(name=daea37f InputMethod)/@0x913f89b - animation-leash of insets_animation#113306 (122)
05-18 00:47:13.686  1533  1533 I SurfaceFlinger: id=113307 Removed ActivityRecord{a18d72f u0 com.example.dogglers/androidx.test.core.app.InstrumentationActivityInvoker$EmptyActivity} t1009}#113307 (122)
05-18 00:47:13.686  1533  1533 I Layer   : id=113307 Destroyed ActivityRecord{a18d72f u0 com.example.dogglers/androidx.test.core.app.InstrumentationActivityInvoker$EmptyActivity} t1009}#113307
05-18 00:47:13.686  1533  1533 I Layer   : id=113308 Destroyed 8c3b10e ActivityRecordInputSink com.example.dogglers/androidx.test.core.app.InstrumentationActivityInvoker$EmptyActivity#113308
05-18 00:47:13.686  5591  5591 I HBD     : a needOff = true , isForceOff = false, isNullInputClass : true
05-18 00:47:13.686  5591  5591 I HBD     : a update cached prediction status : false
05-18 00:47:13.686  5591  5591 I HBD     : h getDefaultInputRange : UNKNOWN
05-18 00:47:13.686  5591  5591 I HBD     : a currentState : 0
05-18 00:47:13.687 19748 19748 D InputTransport: Input channel destroyed: '441603f', fd=130
05-18 00:47:13.687  5591  5591 I HBD     : a [UpdatePolicy] [post] a: 0 cl: 65537 kit: [0/0] vt: 0 ir: 1
05-18 00:47:13.687  5591  5591 I HBD     : a [NRIC] resetNoResponseState
05-18 00:47:13.687  5591  5591 I HBD     : a needOff = true , isForceOff = false, isNullInputClass : true
05-18 00:47:13.687  5591  5591 I HBD     : a update cached prediction status : false
05-18 00:47:13.688  2315  6291 D InputMethodManagerService: isImeSwitcherDisabledPackage : false
05-18 00:47:13.687  1533  3008 I SurfaceFlinger: id=113306 Removed Surface(name=daea37f InputMethod)/@0x913f89b - animation-leash of insets_animation#113306 (120)
05-18 00:47:13.688  5591  5591 I HBD     : HoneyBoardService [PF_OP][onStartInput]  7 ms
05-18 00:47:13.688 19748 19748 I ViewRootImpl@c17a423[GridListActivity]: stopped(true) old = false
05-18 00:47:13.689 19748 19748 I ViewRootImpl@c17a423[GridListActivity]: WindowStopped on com.example.dogglers/com.example.dogglers.GridListActivity set to true
05-18 00:47:13.689  1533  3008 I SurfaceFlinger: id=113301 Removed 9ea0cf3 ActivityRecordInputSink com.example.dogglers/androidx.test.core.app.InstrumentationActivityInvoker$EmptyActivity#113301 (120)
05-18 00:47:13.690 19748 19748 D LifecycleMonitor: Lifecycle status change: com.example.dogglers.GridListActivity@2c826ec in: STOPPED
05-18 00:47:13.690  5591  5591 I InputMethodService: removeImeSurface
05-18 00:47:13.690 19748 19748 V ActivityScenario: Update currentActivityStage to STOPPED, currentActivity=com.example.dogglers.GridListActivity@2c826ec
05-18 00:47:13.690  5591  5591 I MSHandlerLifeCycle: check: return. pkg=com.samsung.android.honeyboard isActivity=false callers=com.android.internal.policy.DecorView.setVisibility:4416 android.app.Dialog.hide:767 android.inputmethodservice.InputMethodService.removeImeSurface:1290 android.inputmethodservice.InputMethodService.scheduleImeSurfaceRemoval:1279 android.inputmethodservice.InputMethodService.-$$Nest$mscheduleImeSurfaceRemoval:0
05-18 00:47:13.690  5591  5591 I MSHandlerLifeCycle: removeMultiSplitHandler: no exist. decor=DecorView@9a0695a[InputMethod]
05-18 00:47:13.691 19748 19748 I MSHandlerLifeCycle: removeMultiSplitHandler: no exist. decor=DecorView@211f3a2[GridListActivity]
05-18 00:47:13.692 19748 19748 D LifecycleMonitor: Lifecycle status change: com.example.dogglers.GridListActivity@2c826ec in: DESTROYED
05-18 00:47:13.692 19748 19748 V ActivityScenario: Update currentActivityStage to DESTROYED, currentActivity=null
05-18 00:47:13.692 19748 19773 I TestRunner: finished: grid_list_content_at_last_position(com.example.dogglers.GridListTests)
