05-18 00:47:11.531 19748 19748 I ViewRootImpl@480cbab[InstrumentationActivityInvoker$EmptyActivity]: performTraversals mFirst=true windowShouldResize=true viewVisibilityChanged=false mForceNextWindowRelayout=false params={(0,0)(fillxfill) sim={adjust=pan forwardNavigation} ty=BASE_APPLICATION wanim=0x1030001
05-18 00:47:11.531 19748 19748 I ViewRootImpl@480cbab[InstrumentationActivityInvoker$EmptyActivity]:   fl=1810100
05-18 00:47:11.531 19748 19748 I ViewRootImpl@480cbab[InstrumentationActivityInvoker$EmptyActivity]:   pfl=12020040
05-18 00:47:11.531 19748 19748 I ViewRootImpl@480cbab[InstrumentationActivityInvoker$EmptyActivity]:   bhv=DEFAULT
05-18 00:47:11.531 19748 19748 I ViewRootImpl@480cbab[InstrumentationActivityInvoker$EmptyActivity]:   fitSides= naviIconColor=0}
05-18 00:47:11.531  2315  2926 V WindowManager: Relayout Window{4b6539f u0 com.example.dogglers/androidx.test.core.app.InstrumentationActivityInvoker$EmptyActivity}: viewVisibility=0 req=1440x3088 d0
05-18 00:47:11.531  1533  1680 I SurfaceFlinger: id=113233 createSurf, flag=40004, com.example.dogglers/androidx.test.core.app.InstrumentationActivityInvoker$EmptyActivity$_19748#113233
05-18 00:47:11.533  1533  1680 I SurfaceFlinger: id=113234 createSurf, flag=24000, Surface(name=a5e6516 StatusBar)/@0x266f9f6 - animation-leash of insets_animation#113234
05-18 00:47:11.534  1533  1680 I SurfaceFlinger: id=113235 createSurf, flag=24000, Surface(name=b1c69c9 NavigationBar0)/@0x6818acd - animation-leash of insets_animation#113235
05-18 00:47:11.534  2315  2926 V WindowManager: Relayout hash=4b6539f, pid=19748, syncId=-1: mAttrs={(0,0)(fillxfill) sim={adjust=pan forwardNavigation} ty=BASE_APPLICATION wanim=0x1030001
05-18 00:47:11.534  2315  2926 V WindowManager:   fl=1810100
05-18 00:47:11.534  2315  2926 V WindowManager:   pfl=12020040
05-18 00:47:11.534  2315  2926 V WindowManager:   bhv=DEFAULT
05-18 00:47:11.534  2315  2926 V WindowManager:   fitSides= naviIconColor=0}
05-18 00:47:11.535 19748 19748 D InsetsController: onStateChanged: InsetsState: {mDisplayFrame=Rect(0, 0 - 1440, 3088), mDisplayCutout=DisplayCutout{insets=Rect(0, 100 - 0, 0) waterfall=Insets{left=0, top=0, right=0, bottom=0} boundingRect={Bounds=[Rect(0, 0 - 0, 0), Rect(683, 0 - 758, 100), Rect(0, 0 - 0, 0), Rect(0, 0 - 0, 0)]} cutoutPathParserInfo={CutoutPathParserInfo{displayWidth=1440 displayHeight=3088 physicalDisplayWidth=1440 physicalDisplayHeight=3088 density={3.75} cutoutSpec={M 0,0 H -10 V 26.66666666666667 H 10 V 0 H 0 Z @dp} rotation={0} scale={1.0} physicalPixelDisplaySizeRatio={1.0}}}}, mRoundedCorners=RoundedCorners{[RoundedCorner{position=TopLeft, radius=14, center=Point(14, 14)}, RoundedCorner{position=TopRight, radius=14, center=Point(1426, 14)}, RoundedCorner{position=BottomRight, radius=14, center=Point(1426, 3074)}, RoundedCorner{position=BottomLeft, radius=14, center=Point(14, 3074)}]}  mRoundedCornerFrame=Rect(0, 0 - 1440, 3088), mPrivacyIndicatorBounds=PrivacyIndicatorBounds {static bounds=Rect(1286, 0 - 1440, 100) rotation=0}, mSources= { InsetsSource: {mType=ITYPE_STATUS_BAR, mFrame=[0,0][1440,100], mVisible=true, mInsetsRoundedCornerFrame=false}, InsetsSource: {mType=ITYPE_NAVIGATION_BAR, mFrame=[0,2920][1440,3088], mVisible=true, mInsetsRoundedCornerFrame=false}, InsetsSource: {mType=ITYPE_LEFT_GESTURES, mFrame=[0,0][0,3088], mVisible=true, mInsetsRoundedCornerFrame=false}, InsetsSource: {mType=ITYPE_RIGHT_GESTURES, mFrame=[1440,0][1440,3088], mVisible=true, mInsetsRoundedCornerFrame=false}, InsetsSource: {mType=ITYPE_TOP_MANDATORY_GESTURES, mFrame=[0,0][1440,142], mVisible=true, mInsetsRoundedCornerFrame=false}, InsetsSource: {mType=ITYPE_BOTTOM_MANDATORY_GESTURES, mFrame=[0,2920][1440,3088], mVisible=true, mInsetsRoundedCornerFrame=false}, InsetsSource: {mType=ITYPE_LEFT_DISPLAY_CUTOUT, mFrame=[0,0][-100000,3088], mVisible=true, mInsetsRoundedCornerFrame=false}, InsetsSource: {mType=ITYPE_TOP_DISPLAY_CUTOUT, mFrame=[0,0][1440,100], mVisible=true, mInsetsRoundedCornerFrame=false}, InsetsSource: {mType=ITYPE_RIGHT_DISPLAY_CUTOUT, mFrame=[100000,0][1440,3088], mVisible=true, mInsetsRoundedCornerFrame=false}, InsetsSource: {mType=ITYPE_BOTTOM_DISPLAY_CUTOUT, mFrame=[0,100000][1440,3088], mVisible=true, mInsetsRoundedCornerFrame=false}, InsetsSource: {mType=ITYPE_TOP_TAPPABLE_ELEMENT, mFrame=[0,0][1440,100], mVisible=true, mInsetsRoundedCornerFrame=false}, InsetsSource: {mType=ITYPE_BOTTOM_TAPPABLE_ELEMENT, mFrame=[0,2920][1440,3088], mVisible=true, mInsetsRoundedCornerFrame=false}, InsetsSource: {mType=ITYPE_IME, mFrame=[0,0][0,0], mVisibleFrame=[0,1766][1440,3088], mVisible=false, mInsetsRoundedCornerFrame=false} } host=com.example.dogglers/androidx.test.core.app.InstrumentationActivityInvoker$EmptyActivity from=android.view.ViewRootImpl.relayoutWindow:9802
05-18 00:47:11.537 19748 19748 I ViewRootImpl@480cbab[InstrumentationActivityInvoker$EmptyActivity]: updateBlastSurfaceIfNeeded mBlastBufferQueue=null isSameSurfaceControl=false
05-18 00:47:11.537 19748 19748 I BLASTBufferQueue: new BLASTBufferQueue, mName= ViewRootImpl@480cbab[InstrumentationActivityInvoker$EmptyActivity] mNativeObject= 0xb4000073b7274690 sc.mNativeObject= 0xb4000073472a9bd0 caller= android.view.ViewRootImpl.updateBlastSurfaceIfNeeded:2909 android.view.ViewRootImpl.relayoutWindow:9847 android.view.ViewRootImpl.performTraversals:3884 android.view.ViewRootImpl.doTraversal:3116 android.view.ViewRootImpl$TraversalRunnable.run:10885 android.view.Choreographer$CallbackRecord.run:1301 android.view.Choreographer$CallbackRecord.run:1309 android.view.Choreographer.doCallbacks:923 android.view.Choreographer.doFrame:852 android.view.Choreographer$FrameDisplayEventReceiver.run:1283
05-18 00:47:11.537 19748 19748 I BLASTBufferQueue: update, w= 1440 h= 3088 mName = ViewRootImpl@480cbab[InstrumentationActivityInvoker$EmptyActivity] mNativeObject= 0xb4000073b7274690 sc.mNativeObject= 0xb4000073472a9bd0 format= -1 caller= android.graphics.BLASTBufferQueue.<init>:84 android.view.ViewRootImpl.updateBlastSurfaceIfNeeded:2909 android.view.ViewRootImpl.relayoutWindow:9847 android.view.ViewRootImpl.performTraversals:3884 android.view.ViewRootImpl.doTraversal:3116 android.view.ViewRootImpl$TraversalRunnable.run:10885
05-18 00:47:11.537 19748 19748 I ViewRootImpl@480cbab[InstrumentationActivityInvoker$EmptyActivity]: Relayout returned: old=(0,0,1440,3088) new=(0,0,1440,3088) req=(1440,3088)0 dur=6 res=0x3 s={true 0xb40000744728b210} ch=true seqId=0
05-18 00:47:11.538 19748 19748 I ViewRootImpl@480cbab[InstrumentationActivityInvoker$EmptyActivity]: mThreadedRenderer.initialize() mSurface={isValid=true 0xb40000744728b210} hwInitialized=true
05-18 00:47:11.538 19748 19789 D OpenGLRenderer: eglCreateWindowSurface
05-18 00:47:11.539 19748 19748 I ViewRootImpl@480cbab[InstrumentationActivityInvoker$EmptyActivity]: reportNextDraw android.view.ViewRootImpl.performTraversals:4438 android.view.ViewRootImpl.doTraversal:3116 android.view.ViewRootImpl$TraversalRunnable.run:10885 android.view.Choreographer$CallbackRecord.run:1301 android.view.Choreographer$CallbackRecord.run:1309
05-18 00:47:11.539 19748 19748 I ViewRootImpl@480cbab[InstrumentationActivityInvoker$EmptyActivity]: Setup new sync id=0
05-18 00:47:11.539 19748 19748 I ViewRootImpl@480cbab[InstrumentationActivityInvoker$EmptyActivity]: Setting syncFrameCallback
05-18 00:47:11.539 19748 19748 I ViewRootImpl@480cbab[InstrumentationActivityInvoker$EmptyActivity]: registerCallbacksForSync syncBuffer=false
05-18 00:47:11.540 19748 19808 I ViewRootImpl@480cbab[InstrumentationActivityInvoker$EmptyActivity]: Received frameDrawingCallback syncResult=0 frameNum=1.
05-18 00:47:11.540 19748 19808 I ViewRootImpl@480cbab[InstrumentationActivityInvoker$EmptyActivity]: Setting up sync and frameCommitCallback
05-18 00:47:11.541 19748 19789 I BLASTBufferQueue: [ViewRootImpl@480cbab[InstrumentationActivityInvoker$EmptyActivity]#5](f:0,a:0) onFrameAvailable the first frame is available
05-18 00:47:11.541 19748 19789 I ViewRootImpl@480cbab[InstrumentationActivityInvoker$EmptyActivity]: Received frameCommittedCallback lastAttemptedDrawFrameNum=1 didProduceBuffer=true
05-18 00:47:11.542 19748 19789 D OpenGLRenderer: CFMS:: SetUp Pid : 19748    Tid : 19789
05-18 00:47:11.542 19748 19789 W Parcel  : Expecting binder but got null!
05-18 00:47:11.542 19748 19748 I ViewRootImpl@480cbab[InstrumentationActivityInvoker$EmptyActivity]: onSyncComplete
05-18 00:47:11.542 19748 19748 I ViewRootImpl@480cbab[InstrumentationActivityInvoker$EmptyActivity]: setupSync seqId=0 mSyncId=0 fn=1 caller=android.view.ViewRootImpl$$ExternalSyntheticLambda11.accept:6 android.window.SurfaceSyncer.lambda$setupSync$1$android-window-SurfaceSyncer:128 android.window.SurfaceSyncer$$ExternalSyntheticLambda1.accept:8 android.window.SurfaceSyncer$SyncSet.checkIfSyncIsComplete:382 android.window.SurfaceSyncer$SyncSet.markSyncReady:359 android.window.SurfaceSyncer.markSyncReady:151 android.view.ViewRootImpl.performTraversals:4503
05-18 00:47:11.543 19748 19748 I ViewRootImpl@480cbab[InstrumentationActivityInvoker$EmptyActivity]: reportDrawFinished seqId=0 mSyncId=-1 fn=1 mSurfaceChangedTransaction=0xb400007377263a70
05-18 00:47:11.544  1533  1533 I Layer   : id=113227 removedFromDrawingState Surface(name=a5e6516 StatusBar)/@0x266f9f6 - animation-leash of insets_animation#113227 (133)
05-18 00:47:11.544  1533  1533 I Layer   : id=113228 removedFromDrawingState Surface(name=b1c69c9 NavigationBar0)/@0x6818acd - animation-leash of insets_animation#113228 (133)
05-18 00:47:11.544  1533  1533 I Layer   : id=68 removedFromDrawingState b1c69c9 NavigationBar0#68 (133)
05-18 00:47:11.544  1533  1533 I Layer   : id=80 removedFromDrawingState NavigationBar0$_3085#80 (133)
05-18 00:47:11.544  1533  1533 I Layer   : id=68 addToCurrentState b1c69c9 NavigationBar0#68 (133)
05-18 00:47:11.544  1533  1533 I Layer   : id=80 addToCurrentState NavigationBar0$_3085#80 (133)
05-18 00:47:11.544  1533  1533 I SurfaceFlinger: [4b6539f com.example.dogglers/androidx.test.core.app.InstrumentationActivityInvoker$EmptyActivity#113232] FrameRatePriority: 1
05-18 00:47:11.544  1533  1533 I SurfaceFlinger: id=113227 Removed Surface(name=a5e6516 StatusBar)/@0x266f9f6 - animation-leash of insets_animation#113227 (133)
05-18 00:47:11.544  1533  1533 I SurfaceFlinger: id=113228 Removed Surface(name=b1c69c9 NavigationBar0)/@0x6818acd - animation-leash of insets_animation#113228 (133)
05-18 00:47:11.544  1533  1533 I Layer   : id=113227 Destroyed Surface(name=a5e6516 StatusBar)/@0x266f9f6 - animation-leash of insets_animation#113227
05-18 00:47:11.544  1533  1533 I Layer   : id=113228 Destroyed Surface(name=b1c69c9 NavigationBar0)/@0x6818acd - animation-leash of insets_animation#113228
05-18 00:47:11.544 19748 19748 I ViewRootImpl@a98fdbb[InstrumentationActivityInvoker$EmptyActivity]: MSG_WINDOW_FOCUS_CHANGED 0 0
05-18 00:47:11.545  2315  6291 D InputDispatcher: Focus request (0): 4b6539f com.example.dogglers/androidx.test.core.app.InstrumentationActivityInvoker$EmptyActivity but waiting because NO_WINDOW
05-18 00:47:11.548  2315  2432 I ActivityTaskManager: Displayed com.example.dogglers/androidx.test.core.app.InstrumentationActivityInvoker$EmptyActivity: +49ms
05-18 00:47:11.548  4633  4633 E pageboostd: Received HALT command code 2
05-18 00:47:11.549  2315  2848 I SemDvfsHyPerManager: acquire hyper - AMS_RESUME_TAIL/2315@23, type = -999
05-18 00:47:11.549  2315  2848 I SemDvfsHyPerManager: acquire hyper - AMS_ACT_LAZY/2315@24, type = -999
05-18 00:47:11.550  1412  1438 I HYPER-HAL: [RequestManager.cpp]acquire(): Acquired ID : 2734314  [2315 / 23]    HINT : AMS_RESUME_TAIL    list :
05-18 00:47:11.550  1412  1438 I HYPER-HAL: [RequestManager.cpp]acquire(): Acquired ID : 2736654  [2315 / 24]    HINT : AMS_ACT_LAZY    list :
05-18 00:47:11.552  1533  1533 I Layer   : Layer [com.example.dogglers/androidx.test.core.app.InstrumentationActivityInvoker$EmptyActivity$_19748#113233] hidden!! flag(0)
05-18 00:47:11.552  1412  1438 I HYPER-HAL: [RequestManager.cpp]releaseLocked(): Released ID : 2729637
05-18 00:47:11.553  2315  2926 D InputDispatcher: Focus entered window (0): 4b6539f com.example.dogglers/androidx.test.core.app.InstrumentationActivityInvoker$EmptyActivity
05-18 00:47:11.553 19748 19748 I ViewRootImpl@480cbab[InstrumentationActivityInvoker$EmptyActivity]: MSG_WINDOW_FOCUS_CHANGED 1 0
05-18 00:47:11.553 19748 19748 I ViewRootImpl@480cbab[InstrumentationActivityInvoker$EmptyActivity]: mThreadedRenderer.initializeIfNeeded()#2 mSurface={isValid=true 0xb40000744728b210}
05-18 00:47:11.553 19748 19748 D InputMethodManager: startInputInner - Id : 0
05-18 00:47:11.554 19748 19748 I InputMethodManager: startInputInner - mService.startInputOrWindowGainedFocus
05-18 00:47:11.554  1533  1533 D SurfaceFlinger: Display 4630947232161729154 HWC layers:
05-18 00:47:11.554  1533  1533 D SurfaceFlinger:      DEVICE | 0xb400006f7023ac30 | 0100 | RGBx_8888    |  670.0    0.0 2110.0 3088.0 |    0    0 1440 3088 | Wallpaper BBQ wrapper#79
05-18 00:47:11.554  1533  1533 D SurfaceFlinger:      DEVICE | 0xb400006f70241440 | 0100 | RGBA_8888    |    0.0    0.0 1440.0 3088.0 |    0    0 1440 3088 | com.sec.android.app.launcher/com.sec[...]vities.LauncherActivity$_3588#113156
05-18 00:47:11.554  1533  1533 D SurfaceFlinger:      DEVICE | 0xb400006f70246270 | 0102 | RGBA_8888    |    0.0    0.0 1440.0 3088.0 |   13   28 1427 3060 | com.example.dogglers/androidx.test.c[...]yInvoker$EmptyActivity$_19748#113233
05-18 00:47:11.554  1533  1533 D SurfaceFlinger:      DEVICE | 0xb400006f70233df0 | 0100 | RGBA_8888    |    0.0    0.0 1440.0  100.0 |    0    0 1440  100 | StatusBar$_3085#85
05-18 00:47:11.554  1533  1533 D SurfaceFlinger:      DEVICE | 0xb400006f7022a220 | 0100 | RGBA_8888    |    0.0    0.0   67.0  456.0 | 1373  584 1440 1040 | com.samsung.android.app.cocktailbars[...]vice.CocktailBarService$_5964#112833
05-18 00:47:11.554  1533  1533 D SurfaceFlinger:      DEVICE | 0xb400006f702301c0 | 0100 | RGBA_8888    |    0.0    0.0 1440.0  168.0 |    0 2920 1440 3088 | NavigationBar0$_3085#80
05-18 00:47:11.554  1533  1533 D SurfaceFlinger:
05-18 00:47:11.554  2315  2926 D InputMethodManagerService: DESKTOP MODE! : 2
05-18 00:47:11.554  2315  2926 D InputMethodManagerService: NOT IN KNOX DESKTOP MODE!
05-18 00:47:11.554  2315  2926 V InputMethodManagerService: getDisplayIdOfInputMethodWindowToBeAdded: displayId=0
05-18 00:47:11.554  2315  2926 D InputMethodManagerService: isImeSwitcherDisabledPackage : false
05-18 00:47:11.554  2315  2926 D InputMethodManagerService: checkDisplayOfStartInputAndUpdateKeyboard: displayId=0, mFocusedDisplayId=0
05-18 00:47:11.554  2315  2926 D InputTransport: Input channel constructed: 'ClientS', fd=1045
05-18 00:47:11.554  2315  2926 D InputTransport: Input channel destroyed: 'ClientS', fd=1045
05-18 00:47:11.555  5591  5591 I HBD     : HoneyBoardService onFinishInput
05-18 00:47:11.555  5591  5591 I HBD     : a IC have been unbinding,  RemoteInputConnection{idHash=#7462546}
05-18 00:47:11.555  5591  5591 I HBD     : HoneyBoardService [PF_CL][onFinishInput]  0 ms
05-18 00:47:11.556  5591  5591 I HBD     : HoneyBoardService [IMI] onStartInput - caller pid : 19748 , caller uid : 10725
05-18 00:47:11.556  5591  5591 I HBD     : j updateConfigs
05-18 00:47:11.556  5591  5591 I HBD     : j isEnabledNightMode : true
05-18 00:47:11.556  5591  5591 I HBD     : a IC have been binding, RemoteInputConnection{idHash=#7462546}
05-18 00:47:11.556  5591  5591 I HBD     : h [EditorInputType]setPrivateImeOptionsToTable privateImeOptions ( null )
05-18 00:47:11.556  5591  5591 I HBD     : b incognitoMode : false
05-18 00:47:11.556  5591  5591 I HBD     : a needOff = true , isForceOff = false, isNullInputClass : true
05-18 00:47:11.556  1533  3178 I SurfaceFlinger: id=113236 createSurf, flag=24004, Surface(name=daea37f InputMethod)/@0x913f89b - animation-leash of insets_animation#113236
05-18 00:47:11.556  5591  5591 I HBD     : h getDefaultInputRange : UNKNOWN
05-18 00:47:11.556  5591  5591 I HBD     : h getDefaultInputRange : UNKNOWN
05-18 00:47:11.556  5591  5591 I HBD     : h getDefaultInputRange : UNKNOWN
05-18 00:47:11.557  5591  5591 I HBD     : a needOff = true , isForceOff = false, isNullInputClass : true
05-18 00:47:11.557  5591  5591 I HBD     : a update cached prediction status : false
05-18 00:47:11.557  5591  5591 I HBD     : h getDefaultInputRange : UNKNOWN
05-18 00:47:11.557  5591  5591 I HBD     : a currentState : 0
05-18 00:47:11.558  5591  5591 I HBD     : a [UpdatePolicy] [post] a: 0 cl: 65537 kit: [0/0] vt: 0 ir: 1
05-18 00:47:11.558  5591  5591 I HBD     : a [NRIC] resetNoResponseState
05-18 00:47:11.558  5591  5591 I HBD     : a needOff = true , isForceOff = false, isNullInputClass : true
05-18 00:47:11.558  5591  5591 I HBD     : a update cached prediction status : false
05-18 00:47:11.558  2315  2926 D InputDispatcher: Focused application(0): ActivityRecord{6dc7053 u0 com.sec.android.app.launcher/.activities.LauncherActivity} t7}
05-18 00:47:11.558  5591  5591 I HBD     : HoneyBoardService [PF_OP][onStartInput]  2 ms
05-18 00:47:11.562  1407 10110 I sensors-hal: handle_sns_client_event:550, [0][381476] accel_sample [-0.117,  0.093, 10.032] 1776551454387193
05-18 00:47:11.562 19748 19748 D LifecycleMonitor: Lifecycle status change: androidx.test.core.app.InstrumentationActivityInvoker$EmptyActivity@f58ea69 in: PAUSED
05-18 00:47:11.562 19748 19748 V ActivityScenario: Activity lifecycle changed event received but ignored because the intent does not match. startActivityIntent=Intent { act=android.intent.action.MAIN cat=[android.intent.category.LAUNCHER] cmp=com.example.dogglers/.GridListActivity }, activity.getIntent()=Intent { act=android.intent.action.MAIN cat=[android.intent.category.LAUNCHER] flg=0x10000000 cmp=com.example.dogglers/androidx.test.core.app.InstrumentationActivityInvoker$EmptyActivity }, activity=androidx.test.core.app.InstrumentationActivityInvoker$EmptyActivity@f58ea69
05-18 00:47:11.562  2315  2926 I SemDvfsHyPerManager: acquire hyper - AMS_APP_HOME/2315@35, type = -999
05-18 00:47:11.563  1412  1438 I HYPER-HAL: [RequestManager.cpp]acquire(): Acquired ID : 2762460  [2315 / 35]    HINT : AMS_APP_HOME    list :
05-18 00:47:11.563  5894  5894 I SemDvfsHyPerManager: acquire hyper - APP_START_HOME/5894@17, type = -999
05-18 00:47:11.564  1412  1438 I HYPER-HAL: [RequestManager.cpp]acquire(): Acquired ID : 17472933  [5894 / 17]    HINT : APP_START    list : [KERNEL_APP_START_NOTIFY / 0] [TIMEOUT / 1500]
05-18 00:47:11.565  3588  3588 I ViewRootImpl@c60680d[LauncherActivity]: stopped(false) old = false
05-18 00:47:11.565  3588  3588 I Launcher: !@Boot_DEBUG: Launcher.onResume()
05-18 00:47:11.565  3588  3588 I Launcher: !@Boot_EBS_D: Launcher.onResume()
05-18 00:47:11.565  3588  3588 I BaseActivity: addActivityFlags, flags : 18
05-18 00:47:11.565  3588  3588 I BaseActivity: removeActivityFlags, flags : 32
05-18 00:47:11.565  3588  3588 I AppsSearchBar: restoreCurrentCellLayoutAlpha: null
05-18 00:47:11.565  3588  3588 W SearchLauncherServiceMover: isMoving : false
05-18 00:47:11.565  3588  3982 I IMM_LC  : hsifw() - flag : 0
05-18 00:47:11.565  3588  3982 I IMM_LC  : hsifw() - mService.hideSoftInput
05-18 00:47:11.566  3588  3588 I DecorView: notifyKeepScreenOnChanged: keepScreenOn=false
05-18 00:47:11.566  1533  3178 I SurfaceFlinger: id=113237 createSurf, flag=24000, Surface(name=Task=1007)/@0x167d959 - animation-leash of app_transition#113237
05-18 00:47:11.566  3588 16891 I Launcher: DisplayMetrics from Resources : DisplayMetrics{density=3.5, width=1440, height=2820, scaledDensity=2.8, xdpi=501.041, ydpi=502.789}
05-18 00:47:11.566  3588 16891 I Launcher: realMetrics from Wm : DisplayMetrics{density=3.5, width=1440, height=3088, scaledDensity=3.5, xdpi=501.041, ydpi=502.789}
05-18 00:47:11.566  3588 16891 I Launcher: Launcher DeviceProfile onResume availSize: 1440x2920 windowSize: 1440x3088 isLandscape: false
05-18 00:47:11.567  3588  3588 I Launcher: setWallpaperOffsets
05-18 00:47:11.567  1533  3008 I SurfaceFlinger: id=113238 createSurf, flag=24004, Surface(name=Task=1)/@0x889ba84 - animation-leash of app_transition#113238
05-18 00:47:11.568  3588  3984 I SPayUpdater: updateSpayHandler, show = true, defaultPage = true
05-18 00:47:11.568  3588  6899 I WidgetRotationImpl: subscribeWidgetFocus 85
05-18 00:47:11.568  1533  1680 I SurfaceFlinger: id=113239 createSurf, flag=24000, Surface(name=WallpaperWindowToken{e4c3164 token=android.os.Binder@b21eef7})/@0x229faf0 - animation-leash of window_animation#113239
05-18 00:47:11.568  4633  4633 E pageboostd: Received HALT command code 2
05-18 00:47:11.568  1533  1533 I Layer   : id=113231 removedFromDrawingState Surface(name=daea37f InputMethod)/@0x913f89b - animation-leash of insets_animation#113231 (135)
05-18 00:47:11.568  1533  1533 I SurfaceFlinger: [4b6539f com.example.dogglers/androidx.test.core.app.InstrumentationActivityInvoker$EmptyActivity#113232] FrameRatePriority: -1
05-18 00:47:11.572  1533  1533 I Layer   : id=113240 Destroyed Screenshot Parent#113240
05-18 00:47:11.576  1533  1680 I SurfaceFlinger: id=113241 createSurf, flag=24000, Surface(name=a5e6516 StatusBar)/@0x266f9f6 - animation-leash of insets_animation#113241
05-18 00:47:11.577  1533  1680 I SurfaceFlinger: id=113242 createSurf, flag=24000, Surface(name=b1c69c9 NavigationBar0)/@0x6818acd - animation-leash of insets_animation#113242
05-18 00:47:11.578  3588 20498 I TouchInteractionService: onSystemUiStateChanged, stateFlags : 0 |
05-18 00:47:11.579  3085  3163 D Bubbles : onLocusVisibilityChanged: LocusId[17_chars] visible=true
05-18 00:47:11.580  3588 20498 I LauncherAnimationRunner: onAnimationStart, appTargets : [Lcom.android.systemui.shared.system.RemoteAnimationTargetCompat;@edb92fd mStartAtFrontOfQueue : false
05-18 00:47:11.580  1533  1680 I SurfaceFlinger: id=113231 Removed Surface(name=daea37f InputMethod)/@0x913f89b - animation-leash of insets_animation#113231 (137)
05-18 00:47:11.582  3588  3588 I MSHandlerLifeCycle: removeMultiSplitHandler: no exist. decor=DecorView@b45e177[LauncherActivity]
05-18 00:47:11.582  2315  2926 D InputMethodManagerService: isImeSwitcherDisabledPackage : false
05-18 00:47:11.582  3588  3588 I BaseActivity: addActivityFlags, flags : 4
05-18 00:47:11.582  3588  3588 I Launcher: onDeferredResumed
05-18 00:47:11.582  3588  3588 I InstallShortcutReceiver: flushInstallQueue 0
05-18 00:47:11.582  3588  3588 I Launcher.NotificationListener: onNotificationFullRefresh
05-18 00:47:11.582  3588  3588 I BadgeCountUpdaterImpl: onNotificationsChangedConnected
05-18 00:47:11.582  3588  3588 W LauncherAppWidgetHost: setShouldListenFlag, mFlags:7 flag:resume on:true isFront:false
05-18 00:47:11.582  3588  3983 I InstallShortcutReceiver: flushQueueInBackground 0
05-18 00:47:11.583  3588  3588 I ViewRootImpl@c60680d[LauncherActivity]: performTraversals params={(0,0)(fillxfill) sim={adjust=nothing} layoutInDisplayCutoutMode=shortEdges ty=BASE_APPLICATION fmt=TRANSPARENT wanim=0x10302f4
05-18 00:47:11.583  3588  3588 I ViewRootImpl@c60680d[LauncherActivity]:   fl=81910100
05-18 00:47:11.583  3588  3588 I ViewRootImpl@c60680d[LauncherActivity]:   pfl=1e020040
05-18 00:47:11.583  3588  3588 I ViewRootImpl@c60680d[LauncherActivity]:   vsysui=1700
05-18 00:47:11.583  3588  3588 I ViewRootImpl@c60680d[LauncherActivity]:   bhv=SHOW_TRANSIENT_BARS_BY_SWIPE
05-18 00:47:11.583  3588  3588 I ViewRootImpl@c60680d[LauncherActivity]:   fitSides= screenDimDuration=100000 naviIconColor=0}
05-18 00:47:11.583  3588  3588 I ViewRootImpl@c60680d[LauncherActivity]: performTraversals mFirst=false windowShouldResize=false viewVisibilityChanged=false mForceNextWindowRelayout=false params={(0,0)(fillxfill) sim={adjust=nothing} layoutInDisplayCutoutMode=shortEdges ty=BASE_APPLICATION fmt=TRANSPARENT wanim=0x10302f4
05-18 00:47:11.583  3588  3588 I ViewRootImpl@c60680d[LauncherActivity]:   fl=81910100
05-18 00:47:11.583  3588  3588 I ViewRootImpl@c60680d[LauncherActivity]:   pfl=1e020040
05-18 00:47:11.583  3588  3588 I ViewRootImpl@c60680d[LauncherActivity]:   vsysui=1700
05-18 00:47:11.583  3588  3588 I ViewRootImpl@c60680d[LauncherActivity]:   bhv=SHOW_TRANSIENT_BARS_BY_SWIPE
05-18 00:47:11.583  3588  3588 I ViewRootImpl@c60680d[LauncherActivity]:   fitSides= screenDimDuration=100000 naviIconColor=0}
05-18 00:47:11.583  2315  2848 V WindowManager: Relayout Window{41ea68a u0 com.sec.android.app.launcher/com.sec.android.app.launcher.activities.LauncherActivity}: viewVisibility=0 req=1440x3088 d0
05-18 00:47:11.584  3588  6899 I IntelligentPlatformManagerImpl: subscribeWidgetFocus() id : 85
05-18 00:47:11.584  5668 20688 I [AirCmd]_ActivitySwitchDetector: onTaskFocusChanged : taskId 7
05-18 00:47:11.584  5591  5591 I InputMethodService: removeImeSurface
05-18 00:47:11.584  5591  5591 I MSHandlerLifeCycle: check: return. pkg=com.samsung.android.honeyboard isActivity=false callers=com.android.internal.policy.DecorView.setVisibility:4416 android.app.Dialog.hide:767 android.inputmethodservice.InputMethodService.removeImeSurface:1290 android.inputmethodservice.InputMethodService.scheduleImeSurfaceRemoval:1279 android.inputmethodservice.InputMethodService.-$$Nest$mscheduleImeSurfaceRemoval:0
05-18 00:47:11.584  5591  5591 I MSHandlerLifeCycle: removeMultiSplitHandler: no exist. decor=DecorView@9a0695a[InputMethod]
05-18 00:47:11.584  3588  3983 I Launcher.NotificationListener: Full refresh isConnected : true active size : 0
05-18 00:47:11.584  2315  2481 D AnalyticsContainerHandler: handleMessage : { when=0 what=1 target=com.android.server.knox.KnoxAnalyticsContainer$AnalyticsHandler }
05-18 00:47:11.585  1533  1533 I Layer   : id=113213 removedFromDrawingState Surface(name=Task=1)/@0x889ba84 - animation-leash of app_transition#113213 (137)
05-18 00:47:11.585  1533  1533 I Layer   : id=49 removedFromDrawingState Task=1#49 (137)
05-18 00:47:11.585  1533  1533 I Layer   : id=101 removedFromDrawingState Task=7#101 (137)
05-18 00:47:11.585  1533  1533 I Layer   : id=102 removedFromDrawingState ActivityRecord{6dc7053 u0 com.sec.android.app.launcher/.activities.LauncherActivity} t7}#102 (137)
05-18 00:47:11.585  1533  1533 I Layer   : id=110 removedFromDrawingState 1711e8d ActivityRecordInputSink com.sec.android.app.launcher/com.android.launcher3.uioverrides.QuickstepLauncher#110 (137)
05-18 00:47:11.585  1533  1533 I Layer   : id=104 removedFromDrawingState 41ea68a com.sec.android.app.launcher/com.sec.android.app.launcher.activities.LauncherActivity#104 (137)
05-18 00:47:11.585  1533  1533 I Layer   : id=113156 removedFromDrawingState com.sec.android.app.launcher/com.sec.android.app.launcher.activities.LauncherActivity$_3588#113156 (137)
05-18 00:47:11.585  1533  1533 I Layer   : id=111479 removedFromDrawingState f654c03 com.sec.android.app.launcher/com.sec.android.app.launcher.activities.LauncherActivity#111479 (137)
05-18 00:47:11.585  1533  1533 I Layer   : id=113155 removedFromDrawingState com.sec.android.app.launcher/com.sec.android.app.launcher.activities.LauncherActivity$_23650#113155 (137)
05-18 00:47:11.585  1533  1533 I Layer   : id=113214 removedFromDrawingState Surface(name=Task=1007)/@0x167d959 - animation-leash of app_transition#113214 (137)
05-18 00:47:11.585  1533  1533 I Layer   : id=49 addToCurrentState Task=1#49 (137)
05-18 00:47:11.585  1533  1533 I Layer   : id=101 addToCurrentState Task=7#101 (137)
05-18 00:47:11.585  1533  1533 I Layer   : id=102 addToCurrentState ActivityRecord{6dc7053 u0 com.sec.android.app.launcher/.activities.LauncherActivity} t7}#102 (137)
05-18 00:47:11.585  1533  1533 I Layer   : id=110 addToCurrentState 1711e8d ActivityRecordInputSink com.sec.android.app.launcher/com.android.launcher3.uioverrides.QuickstepLauncher#110 (137)
05-18 00:47:11.585  1533  1533 I Layer   : id=104 addToCurrentState 41ea68a com.sec.android.app.launcher/com.sec.android.app.launcher.activities.LauncherActivity#104 (137)
05-18 00:47:11.585  1533  1533 I Layer   : id=113156 addToCurrentState com.sec.android.app.launcher/com.sec.android.app.launcher.activities.LauncherActivity$_3588#113156 (137)
05-18 00:47:11.585  1533  1533 I Layer   : id=111479 addToCurrentState f654c03 com.sec.android.app.launcher/com.sec.android.app.launcher.activities.LauncherActivity#111479 (137)
05-18 00:47:11.585  1533  1533 I Layer   : id=113155 addToCurrentState com.sec.android.app.launcher/com.sec.android.app.launcher.activities.LauncherActivity$_23650#113155 (137)
05-18 00:47:11.585  1533  1533 I Layer   : id=113234 removedFromDrawingState Surface(name=a5e6516 StatusBar)/@0x266f9f6 - animation-leash of insets_animation#113234 (137)
05-18 00:47:11.585  1533  1533 I Layer   : id=113235 removedFromDrawingState Surface(name=b1c69c9 NavigationBar0)/@0x6818acd - animation-leash of insets_animation#113235 (137)
05-18 00:47:11.585  1533  1533 I SurfaceFlinger: id=113213 Removed Surface(name=Task=1)/@0x889ba84 - animation-leash of app_transition#113213 (137)
05-18 00:47:11.585  1533  1533 I SurfaceFlinger: id=113214 Removed Surface(name=Task=1007)/@0x167d959 - animation-leash of app_transition#113214 (137)
05-18 00:47:11.585  1533  1533 I SurfaceFlinger: id=113234 Removed Surface(name=a5e6516 StatusBar)/@0x266f9f6 - animation-leash of insets_animation#113234 (137)
05-18 00:47:11.585  1533  1533 I SurfaceFlinger: id=113235 Removed Surface(name=b1c69c9 NavigationBar0)/@0x6818acd - animation-leash of insets_animation#113235 (137)
05-18 00:47:11.586  1533  1533 I Layer   : id=113231 Destroyed Surface(name=daea37f InputMethod)/@0x913f89b - animation-leash of insets_animation#113231
05-18 00:47:11.586  1533  1533 I Layer   : id=113213 Destroyed Surface(name=Task=1)/@0x889ba84 - animation-leash of app_transition#113213
05-18 00:47:11.586  1533  1533 I Layer   : id=113214 Destroyed Surface(name=Task=1007)/@0x167d959 - animation-leash of app_transition#113214
05-18 00:47:11.586  1533  1533 I Layer   : id=113234 Destroyed Surface(name=a5e6516 StatusBar)/@0x266f9f6 - animation-leash of insets_animation#113234
05-18 00:47:11.586  1533  1533 I Layer   : id=113235 Destroyed Surface(name=b1c69c9 NavigationBar0)/@0x6818acd - animation-leash of insets_animation#113235
05-18 00:47:11.586  5668 20688 I [AirCmd]_ActivitySwitchDetector: onTaskFocusChanged : componentName - ComponentInfo{com.sec.android.app.launcher/com.android.launcher3.uioverrides.QuickstepLauncher}
05-18 00:47:11.586  5668 20688 I [AirCmd]_ActivitySwitchDetector: onTaskFocusChanged : mTopMostActivity - ComponentInfo{com.example.dogglers/com.example.dogglers.GridListActivity}
05-18 00:47:11.586  2315  5947 D InputDispatcher: Focus request (0): <null> but waiting because NOT_FOCUSABLE
05-18 00:47:11.586  2315  5947 D InputDispatcher: Focus left window (0): 4b6539f com.example.dogglers/androidx.test.core.app.InstrumentationActivityInvoker$EmptyActivity
05-18 00:47:11.587 19748 19748 I ViewRootImpl@480cbab[InstrumentationActivityInvoker$EmptyActivity]: MSG_WINDOW_FOCUS_CHANGED 0 0
05-18 00:47:11.587  1533  1533 D SurfaceFlinger: Display 4630947232161729154 HWC layers:
05-18 00:47:11.587  1533  1533 D SurfaceFlinger:      DEVICE | 0xb400006f70246270 | 0102 | RGBA_8888    |    0.0    0.0 1440.0 3088.0 |    0    0 1440 3088 | com.example.dogglers/androidx.test.c[...]yInvoker$EmptyActivity$_19748#113233
05-18 00:47:11.587  1533  1533 D SurfaceFlinger:      DEVICE | 0xb400006f70233df0 | 0100 | RGBA_8888    |    0.0    0.0 1440.0  100.0 |    0    0 1440  100 | StatusBar$_3085#85
05-18 00:47:11.587  1533  1533 D SurfaceFlinger:      DEVICE | 0xb400006f7022a220 | 0100 | RGBA_8888    |    0.0    0.0   67.0  456.0 | 1373  584 1440 1040 | com.samsung.android.app.cocktailbars[...]vice.CocktailBarService$_5964#112833
05-18 00:47:11.587  1533  1533 D SurfaceFlinger:      DEVICE | 0xb400006f702301c0 | 0100 | RGBA_8888    |    0.0    0.0 1440.0  168.0 |    0 2920 1440 3088 | NavigationBar0$_3085#80
05-18 00:47:11.587  1533  1533 D SurfaceFlinger:
05-18 00:47:11.588  5668 20688 I [AirCmd]_CallbackRepeater: stopRepeat : isWorking=false
05-18 00:47:11.589  5668 20688 I [AirCmd]_MediaControlStateMonitor: isForegroundAppSupportsMediaButton : mediaSession is empty
05-18 00:47:11.589  2315  2435 I SemPersonaManager: SecureFolder personaId = 150
05-18 00:47:11.589  2315  2848 V WindowManager: Relayout hash=41ea68a, pid=3588, syncId=-1: mAttrs={(0,0)(fillxfill) sim={adjust=nothing} layoutInDisplayCutoutMode=shortEdges ty=BASE_APPLICATION fmt=TRANSPARENT wanim=0x10302f4
05-18 00:47:11.589  2315  2848 V WindowManager:   fl=81910100
05-18 00:47:11.589  2315  2848 V WindowManager:   pfl=1e020040
05-18 00:47:11.589  2315  2848 V WindowManager:   vsysui=1700
05-18 00:47:11.589  2315  2848 V WindowManager:   bhv=SHOW_TRANSIENT_BARS_BY_SWIPE
05-18 00:47:11.589  2315  2848 V WindowManager:   fitSides= screenDimDuration=100000 naviIconColor=0}
05-18 00:47:11.590  5668 20688 I [AirCmd]_MediaControlStateMonitor: active Notification List is null
05-18 00:47:11.590  5668 20688 I [AirCmd]_RemoteSpenMainController: hasGeneralAction : packageName is com.sec.android.app.launcher, activityName is com.android.launcher3.uioverrides.QuickstepLauncher, hasActions is false
05-18 00:47:11.590  3588  3588 I ViewRootImpl@c60680d[LauncherActivity]: updateBlastSurfaceIfNeeded mBlastBufferQueue=0xb4000073b72df710 isSameSurfaceControl=true
05-18 00:47:11.590  5639  6321 D KnoxHelper: getActivityList callingUserId: 0, target user: 0
05-18 00:47:11.590  3588  3588 I BLASTBufferQueue: update, w= 1440 h= 3088 mName = ViewRootImpl@c60680d[LauncherActivity] mNativeObject= 0xb4000073b72df710 sc.mNativeObject= 0xb400007347381710 format= -2 caller= android.view.ViewRootImpl.updateBlastSurfaceIfNeeded:2898 android.view.ViewRootImpl.relayoutWindow:9847 android.view.ViewRootImpl.performTraversals:3884 android.view.ViewRootImpl.doTraversal:3116 android.view.ViewRootImpl$TraversalRunnable.run:10885 android.view.Choreographer$CallbackRecord.run:1301
05-18 00:47:11.590  5668 20688 I [AirCmd]_CameraAvailabilityMonitor: isCameraPreviewOn : mIsCameraPreviewOn is false
05-18 00:47:11.590  3588  3588 I ViewRootImpl@c60680d[LauncherActivity]: Relayout returned: old=(0,0,1440,3088) new=(0,0,1440,3088) req=(1440,3088)0 dur=7 res=0x0 s={true 0xb4000074473fb6e0} ch=false seqId=0
05-18 00:47:11.591  3588  3588 I RecentsAnimationDeviceState: setSystemUiFlags, stateFlags : 0
05-18 00:47:11.591  3588  3588 I TouchInteractionService: onSystemUiFlagsChanged, lastSysUIFlags : 131072
05-18 00:47:11.591  3588  3588 I Launcher: getFirstMatch : no matching view
05-18 00:47:11.591  5668 20688 I [AirCmd]_CameraAvailabilityMonitor: isCameraPreviewOn : mIsCameraPreviewOn is false
05-18 00:47:11.591  3588  3588 W AppTransitionAnimatorImpl: closing animation without floating view
05-18 00:47:11.592  3588  3588 I AppTransitionAnimatorImpl: window bounds: Rect(0, 0 - 1440, 3088), target bounds: RectF(0.0, 0.0, 1440.0, 3088.0)
05-18 00:47:11.592  5668 20688 I [AirCmd]_MediaControlStateMonitor: isForegroundAppSupportsMediaButton : mediaSession is empty
05-18 00:47:11.592  3588  3588 I ScrimView: setCurrentFlatColor mProgress = 0.75, mCurrentFlatColor = 40000000
05-18 00:47:11.592  3588  3588 I AnimationResult: setAnimation : null
05-18 00:47:11.592  3588  3588 W AppTransitionAnimatorImpl: onAnimationStart - APP OUT
05-18 00:47:11.592  5668 20688 I [AirCmd]_MediaControlStateMonitor: active Notification List is null
05-18 00:47:11.592  5668 20688 I [AirCmd]_PenActionRule: getAction : get default action data from remote action because pen action data is null.
05-18 00:47:11.592  5668 20688 I [AirCmd]_ButtonActionDetector: enableDoubleClickDetection: enabled=true, doubleClickWaitInterval=300
05-18 00:47:11.592  5668 20688 I [AirCmd]_RemoteSpenMainController: onSwitch : package is com.sec.android.app.launcher   and activity is com.android.launcher3.uioverrides.QuickstepLauncher and isBleConnected is false and hasActions is false
05-18 00:47:11.592  3588  3588 I TopTaskTracker: onTaskMovedToFront : taskId = 7
05-18 00:47:11.592  3588  3588 I PopupDataProvider: onNotificationFullRefresh prev dotInfoSize : 0
05-18 00:47:11.593  3588  3588 I ScrimView: setCurrentFlatColor mProgress = 0.7503707, mCurrentFlatColor = 40000000
05-18 00:47:11.594  3588  3588 I ScrimView: setCurrentFlatColor mProgress = 0.7506612, mCurrentFlatColor = 40000000
05-18 00:47:11.594  3588  6253 I ViewRootImpl@c60680d[LauncherActivity]: mWNT: t=0xb40000737743b610 mBlastBufferQueue=0xb4000073b72df710 fn= 76 caller= com.android.systemui.shared.launcher.ViewRootImplCompat.mergeWithNextTransaction:2 com.android.quickstep.util.SurfaceTransactionApplier.lambda$scheduleApply$0:2 com.android.quickstep.util.SurfaceTransactionApplier.b:0
05-18 00:47:11.594  3588  6253 I ViewRootImpl@c60680d[LauncherActivity]: mWNT: t=0xb4000073773e9ad0 mBlastBufferQueue=0xb4000073b72df710 fn= 76 caller= com.android.systemui.shared.launcher.ViewRootImplCompat.mergeWithNextTransaction:2 com.android.quickstep.util.SurfaceTransactionApplier.lambda$scheduleApply$0:2 com.android.quickstep.util.SurfaceTransactionApplier.b:0
05-18 00:47:11.594  3588  6253 I ViewRootImpl@c60680d[LauncherActivity]: mWNT: t=0xb4000073774162f0 mBlastBufferQueue=0xb4000073b72df710 fn= 76 caller= com.android.systemui.shared.launcher.ViewRootImplCompat.mergeWithNextTransaction:2 com.android.quickstep.util.SurfaceTransactionApplier.lambda$scheduleApply$0:2 com.android.quickstep.util.SurfaceTransactionApplier.b:0
05-18 00:47:11.594  3588  6253 I ViewRootImpl@c60680d[LauncherActivity]: mWNT: t=0xb40000737737a170 mBlastBufferQueue=0xb4000073b72df710 fn= 76 caller= com.android.systemui.shared.launcher.ViewRootImplCompat.mergeWithNextTransaction:2 com.android.quickstep.util.SurfaceTransactionApplier.lambda$scheduleApply$0:2 com.android.quickstep.util.SurfaceTransactionApplier.b:0
05-18 00:47:11.595  5639  6321 D KnoxHelper: getActivityList callingUserId: 0, target user: 0
05-18 00:47:11.596  5639  6321 D KnoxHelper: getActivityList callingUserId: 0, target user: 0
05-18 00:47:11.597  5639  6321 D KnoxHelper: getActivityList callingUserId: 0, target user: 0
05-18 00:47:11.597  3588  6252 I ViewRootImpl@c60680d[LauncherActivity]: mWNT: t=0xb400007377301030 mBlastBufferQueue=0xb4000073b72df710 fn= 77 caller= com.android.systemui.shared.launcher.ViewRootImplCompat.mergeWithNextTransaction:2 com.android.quickstep.util.SurfaceTransactionApplier.lambda$scheduleApply$0:2 com.android.quickstep.util.SurfaceTransactionApplier.b:0
05-18 00:47:11.597  2315  2435 D EnterpriseDeviceManagerService: isMdmAdminPresentInternal() : MDM Admin Found - com.samsung.knox.securefolder
05-18 00:47:11.598  5639  6321 D KnoxHelper: getActivityList callingUserId: 0, target user: 0
05-18 00:47:11.599  5639  6321 D KnoxHelper: getActivityList callingUserId: 0, target user: 0
05-18 00:47:11.600  2315  4570 I MediaSessionMonitor: Media session stopped : controllerList empty
05-18 00:47:11.600  5639  6321 D KnoxHelper: getActivityList callingUserId: 0, target user: 0
05-18 00:47:11.603  3588  3588 I ScrimView: setCurrentFlatColor mProgress = 0.7514125, mCurrentFlatColor = 3f000000
05-18 00:47:11.604  3588  6253 I ViewRootImpl@c60680d[LauncherActivity]: mWNT: t=0xb4000073774500d0 mBlastBufferQueue=0xb4000073b72df710 fn= 78 caller= com.android.systemui.shared.launcher.ViewRootImplCompat.mergeWithNextTransaction:2 com.android.quickstep.util.SurfaceTransactionApplier.lambda$scheduleApply$0:2 com.android.quickstep.util.SurfaceTransactionApplier.b:0
05-18 00:47:11.605  5964  5964 I ActivityUtils: HomePackage : com.sec.android.app.launcher, resumePackageName : com.sec.android.app.launcher
05-18 00:47:11.605  1533  1533 D SurfaceFlinger: Display 4630947232161729154 HWC layers:
05-18 00:47:11.605  1533  1533 D SurfaceFlinger:      DEVICE | 0xb400006f7023ac30 | 0100 | RGBx_8888    |  735.0  140.0 2045.0 2948.0 |    0    0 1440 3088 | Wallpaper BBQ wrapper#79
05-18 00:47:11.605  1533  1533 D SurfaceFlinger:      DEVICE | 0xb400006f70241440 | 0100 | RGBA_8888    |    0.0    0.0 1440.0 3088.0 |    0    0 1440 3088 | com.sec.android.app.launcher/com.sec[...]vities.LauncherActivity$_3588#113156
05-18 00:47:11.605  1533  1533 D SurfaceFlinger:      CLIENT | 0xb400006f70245460 | 0102 | RGBA_8888    |    0.0    0.0 1440.0 3088.0 |   25   54 1415 3034 | com.example.dogglers/com.example.dogglers.GridListActivity$_19748#113218
05-18 00:47:11.605  1533  1533 D SurfaceFlinger:      CLIENT | 0xb400006f7023ce80 | 0102 | RGBA_8888    |    0.0    0.0 1440.0 3088.0 |   25   54 1415 3034 | com.example.dogglers/androidx.test.c[...]yInvoker$EmptyActivity$_19748#113226
05-18 00:47:11.605  1533  1533 D SurfaceFlinger:      CLIENT | 0xb400006f70246270 | 0102 | RGBA_8888    |    0.0    0.0 1440.0 3088.0 |   25   54 1415 3034 | com.example.dogglers/androidx.test.c[...]yInvoker$EmptyActivity$_19748#113233
05-18 00:47:11.605  1533  1533 D SurfaceFlinger:      DEVICE | 0xb400006f70233df0 | 0100 | RGBA_8888    |    0.0    0.0 1440.0  100.0 |    0    0 1440  100
05-18 00:47:11.605  1533  1533 D SurfaceFlinger:  | StatusBar$_3085#85
05-18 00:47:11.605  1533  1533 D SurfaceFlinger:      DEVICE | 0xb400006f7022a220 | 0100 | RGBA_8888    |    0.0    0.0   67.0  456.0 | 1373  584 1440 1040 | com.samsung.android.app.cocktailbars[...]vice.CocktailBarService$_5964#112833
05-18 00:47:11.605  1533  1533 D SurfaceFlinger:      DEVICE | 0xb400006f702301c0 | 0100 | RGBA_8888    |    0.0    0.0 1440.0  168.0 |    0 2920 1440 3088 | NavigationBar0$_3085#80
05-18 00:47:11.605  1533  1533 D SurfaceFlinger:
05-18 00:47:11.605  5639  6321 D KnoxHelper: getActivityList callingUserId: 0, target user: 0
05-18 00:47:11.608  5639  6321 D KnoxHelper: getActivityList callingUserId: 0, target user: 0
05-18 00:47:11.609  5639  6321 D KnoxHelper: getActivityList callingUserId: 0, target user: 0
05-18 00:47:11.609  5639  6321 D KnoxHelper: getActivityList callingUserId: 0, target user: 0
05-18 00:47:11.611  3588  3588 I ScrimView: setCurrentFlatColor mProgress = 0.7522577, mCurrentFlatColor = 3f000000
05-18 00:47:11.613  3588  6252 I ViewRootImpl@c60680d[LauncherActivity]: mWNT: t=0xb4000073772a5e30 mBlastBufferQueue=0xb4000073b72df710 fn= 79 caller= com.android.systemui.shared.launcher.ViewRootImplCompat.mergeWithNextTransaction:2 com.android.quickstep.util.SurfaceTransactionApplier.lambda$scheduleApply$0:2 com.android.quickstep.util.SurfaceTransactionApplier.b:0
05-18 00:47:11.613  5639  6321 D KnoxHelper: getActivityList callingUserId: 0, target user: 0
05-18 00:47:11.615  5639  6321 D KnoxHelper: getActivityList callingUserId: 0, target user: 0
05-18 00:47:11.616  5639  6321 D KnoxHelper: getActivityList callingUserId: 0, target user: 0
05-18 00:47:11.617  5639  6321 D KnoxHelper: getActivityList callingUserId: 0, target user: 0
05-18 00:47:11.618  5639  6321 D KnoxHelper: getActivityList callingUserId: 0, target user: 0
05-18 00:47:11.620  3588  3588 I ScrimView: setCurrentFlatColor mProgress = 0.7534661, mCurrentFlatColor = 3f000000
05-18 00:47:11.621  3588  6253 I ViewRootImpl@c60680d[LauncherActivity]: mWNT: t=0xb400007377337a50 mBlastBufferQueue=0xb4000073b72df710 fn= 80 caller= com.android.systemui.shared.launcher.ViewRootImplCompat.mergeWithNextTransaction:2 com.android.quickstep.util.SurfaceTransactionApplier.lambda$scheduleApply$0:2 com.android.quickstep.util.SurfaceTransactionApplier.b:0
05-18 00:47:11.623  5639  6321 D KnoxHelper: getActivityList callingUserId: 0, target user: 0
05-18 00:47:11.624  5639  6321 D KnoxHelper: getActivityList callingUserId: 0, target user: 0
05-18 00:47:11.625  5639  6321 D KnoxHelper: getActivityList callingUserId: 0, target user: 0
05-18 00:47:11.626  5639  6321 D KnoxHelper: getActivityList callingUserId: 0, target user: 0
05-18 00:47:11.627  5639  6321 D KnoxHelper: getActivityList callingUserId: 0, target user: 0
05-18 00:47:11.630  3588  3588 I ScrimView: setCurrentFlatColor mProgress = 0.75473136, mCurrentFlatColor = 3f000000
05-18 00:47:11.631  3588  6252 I ViewRootImpl@c60680d[LauncherActivity]: mWNT: t=0xb400007377369a30 mBlastBufferQueue=0xb4000073b72df710 fn= 81 caller= com.android.systemui.shared.launcher.ViewRootImplCompat.mergeWithNextTransaction:2 com.android.quickstep.util.SurfaceTransactionApplier.lambda$scheduleApply$0:2 com.android.quickstep.util.SurfaceTransactionApplier.b:0
05-18 00:47:11.632  5639  6321 D KnoxHelper: getActivityList callingUserId: 0, target user: 0
05-18 00:47:11.635  5639  6321 D KnoxHelper: getActivityList callingUserId: 0, target user: 0
05-18 00:47:11.635  3588  3588 I ScrimView: setCurrentFlatColor mProgress = 0.75656426, mCurrentFlatColor = 3e000000
05-18 00:47:11.636  3588  6253 I ViewRootImpl@c60680d[LauncherActivity]: mWNT: t=0xb400007377440830 mBlastBufferQueue=0xb4000073b72df710 fn= 82 caller= com.android.systemui.shared.launcher.ViewRootImplCompat.mergeWithNextTransaction:2 com.android.quickstep.util.SurfaceTransactionApplier.lambda$scheduleApply$0:2 com.android.quickstep.util.SurfaceTransactionApplier.b:0
05-18 00:47:11.636  3588  3612 W System  : A resource failed to call ContentProviderClient.close.
05-18 00:47:11.636  3588  3612 W System  : A resource failed to call ContentProviderClient.close.
05-18 00:47:11.636  3588  3612 W System  : A resource failed to call release.
05-18 00:47:11.636  1533  3178 I SurfaceFlinger: id=113204 Removed Surface(name=WallpaperWindowToken{e4c3164 token=android.os.Binder@b21eef7})/@0x229faf0 - animation-leash of window_animation#113204 (132)
05-18 00:47:11.637  3588  3612 W System  : A resource failed to call release.
05-18 00:47:11.637  1533  3178 I SurfaceFlinger: id=113202 Removed Surface(name=Task=1006)/@0x4ab7c85 - animation-leash of app_transition#113202 (132)
05-18 00:47:11.637  5639  6321 D KnoxHelper: getActivityList callingUserId: 0, target user: 0
05-18 00:47:11.638  3588  3612 W System  : A resource failed to call release.
05-18 00:47:11.638  1533  3178 I SurfaceFlinger: id=113203 Removed Surface(name=Task=1)/@0x889ba84 - animation-leash of app_transition#113203 (132)
05-18 00:47:11.638  3588  3612 W System  : A resource failed to call ContentProviderClient.close.
05-18 00:47:11.638  3588  3612 W System  : A resource failed to call ContentProviderClient.close.
05-18 00:47:11.639  5639  6321 D KnoxHelper: getActivityList callingUserId: 0, target user: 0
05-18 00:47:11.644  1533  1533 I Layer   : id=113204 Destroyed Surface(name=WallpaperWindowToken{e4c3164 token=android.os.Binder@b21eef7})/@0x229faf0 - animation-leash of window_animation#113204
05-18 00:47:11.644  1533  1533 I Layer   : id=113203 Destroyed Surface(name=Task=1)/@0x889ba84 - animation-leash of app_transition#113203
05-18 00:47:11.644  1533  1533 I Layer   : id=113202 Destroyed Surface(name=Task=1006)/@0x4ab7c85 - animation-leash of app_transition#113202
05-18 00:47:11.644  3588  3588 I ScrimView: setCurrentFlatColor mProgress = 0.75835264, mCurrentFlatColor = 3e000000
05-18 00:47:11.646  3588  6252 I ViewRootImpl@c60680d[LauncherActivity]: mWNT: t=0xb400007377309850 mBlastBufferQueue=0xb4000073b72df710 fn= 83 caller= com.android.systemui.shared.launcher.ViewRootImplCompat.mergeWithNextTransaction:2 com.android.quickstep.util.SurfaceTransactionApplier.lambda$scheduleApply$0:2 com.android.quickstep.util.SurfaceTransactionApplier.b:0
05-18 00:47:11.646  5639  6321 D KnoxHelper: getActivityList callingUserId: 0, target user: 0
05-18 00:47:11.647  5639  6321 D KnoxHelper: getActivityList callingUserId: 0, target user: 0
05-18 00:47:11.648  5639  6321 D KnoxHelper: getActivityList callingUserId: 0, target user: 0
05-18 00:47:11.649  5639  6321 D KnoxHelper: getActivityList callingUserId: 0, target user: 0
05-18 00:47:11.650  5639  6321 D KnoxHelper: getActivityList callingUserId: 0, target user: 0
05-18 00:47:11.650  5639  6321 D KnoxHelper: getActivityList callingUserId: 0, target user: 0
05-18 00:47:11.652  5639  6321 D KnoxHelper: getActivityList callingUserId: 0, target user: 0
05-18 00:47:11.652  1533  1533 D SurfaceFlinger: GPIS:: requestGPIS
05-18 00:47:11.654  3588  3588 I ScrimView: setCurrentFlatColor mProgress = 0.7606491, mCurrentFlatColor = 3d000000
05-18 00:47:11.655  3588  6253 I ViewRootImpl@c60680d[LauncherActivity]: mWNT: t=0xb40000737742d090 mBlastBufferQueue=0xb4000073b72df710 fn= 84 caller= com.android.systemui.shared.launcher.ViewRootImplCompat.mergeWithNextTransaction:2 com.android.quickstep.util.SurfaceTransactionApplier.lambda$scheduleApply$0:2 com.android.quickstep.util.SurfaceTransactionApplier.b:0
05-18 00:47:11.657  5639  6321 D KnoxHelper: getActivityList callingUserId: 0, target user: 0
05-18 00:47:11.657  5639  6321 D KnoxHelper: getActivityList callingUserId: 0, target user: 0
05-18 00:47:11.662  3588  3588 I ScrimView: setCurrentFlatColor mProgress = 0.76355624, mCurrentFlatColor = 3c000000
05-18 00:47:11.664  3588  6252 I ViewRootImpl@c60680d[LauncherActivity]: mWNT: t=0xb400007377345b50 mBlastBufferQueue=0xb4000073b72df710 fn= 85 caller= com.android.systemui.shared.launcher.ViewRootImplCompat.mergeWithNextTransaction:2 com.android.quickstep.util.SurfaceTransactionApplier.lambda$scheduleApply$0:2 com.android.quickstep.util.SurfaceTransactionApplier.b:0
05-18 00:47:11.666  3588 20498 I RecentModel: onTaskStackChangedBackground
05-18 00:47:11.667  5668 20666 I [AirCmd]_ActivitySwitchDetector: onTaskStackChanged : componentName - ComponentInfo{com.sec.android.app.launcher/com.android.launcher3.uioverrides.QuickstepLauncher}
05-18 00:47:11.667  5668 20666 I [AirCmd]_ActivitySwitchDetector: onTaskStackChanged : mTopMostActivity - ComponentInfo{com.sec.android.app.launcher/com.android.launcher3.uioverrides.QuickstepLauncher}
05-18 00:47:11.668  5894  6582 I SemDvfsHyPerManager: acquire hyper - BaseTABoost/5894@20, type = 1090523139
05-18 00:47:11.668  1412  1438 I HYPER-HAL: [RequestManager.cpp]acquire(): Acquired ID : 17490675  [5894 / 20]    HINT :      list : [TABoost / 1]
