05-18 00:47:12.531  2315  3567 I SemDvfsHyPerManager: acquire hyper - AMS_APP_HOME/2315@35, type = -999
05-18 00:47:12.532  1412  1438 I HYPER-HAL: [RequestManager.cpp]acquire(): Acquired ID : 2762460  [2315 / 35]    HINT : AMS_APP_HOME    list :
05-18 00:47:12.532  5894  5894 I SemDvfsHyPerManager: acquire hyper - APP_START_HOME/5894@17, type = -999
05-18 00:47:12.535 23650 23650 I ViewRootImpl@d37bbeb[LauncherActivity]: handleAppVisibility mAppVisible = false visible = true
05-18 00:47:12.535  3588  3588 I ViewRootImpl@c60680d[LauncherActivity]: handleAppVisibility mAppVisible = false visible = true
05-18 00:47:12.535  3588  3588 I ViewRootImpl@c60680d[LauncherActivity]: stopped(false) old = true
05-18 00:47:12.535  3588  3588 I ViewRootImpl@c60680d[LauncherActivity]: WindowStopped on com.sec.android.app.launcher/com.sec.android.app.launcher.activities.LauncherActivity set to false
05-18 00:47:12.536  3588  3588 I Launcher: !@Boot_DEBUG: Launcher.onStart()
05-18 00:47:12.536  3588  3588 I Launcher: !@Boot_EBS_D: Launcher.onStart()
05-18 00:47:12.536  3588  3588 I BaseActivity: addActivityFlags, flags : 1
05-18 00:47:12.536  3588  3588 I WallpaperBlurController: dispatchTransactionSurface: mCurrentBlur = 0
05-18 00:47:12.536  3588  3588 W LauncherAppWidgetHost: setShouldListenFlag, mFlags:2 flag:start on:true isFront:false
05-18 00:47:12.536  3588  3588 W Launcher: onStart isListening : false isLoading false
05-18 00:47:12.537  3588  3984 I LiveIconUpdateEventHandler: cancelMinuteChangeAlarm
05-18 00:47:12.537  1412  1438 I HYPER-HAL: [RequestManager.cpp]acquire(): Acquired ID : 17472933  [5894 / 17]    HINT : APP_START    list : [KERNEL_APP_START_NOTIFY / 0] [TIMEOUT / 1500]
05-18 00:47:12.537  3588  3984 I LiveIconUpdateEventHandler: setMinuteChangeAlarm Thu May 18 00:48:00 CDT 2023
05-18 00:47:12.537  3588  3588 I MSHandlerLifeCycle: removeMultiSplitHandler: no exist. decor=DecorView@b45e177[LauncherActivity]
05-18 00:47:12.537  3588  3588 I ViewRootImpl@c60680d[LauncherActivity]: stopped(false) old = false
05-18 00:47:12.537  3588  3588 I Launcher: !@Boot_DEBUG: Launcher.onResume()
05-18 00:47:12.537  3588  3588 I Launcher: !@Boot_EBS_D: Launcher.onResume()
05-18 00:47:12.537  3588  3588 I BaseActivity: addActivityFlags, flags : 18
05-18 00:47:12.537  3588  3588 I BaseActivity: removeActivityFlags, flags : 32
05-18 00:47:12.537  3588  3588 I AppsSearchBar: restoreCurrentCellLayoutAlpha: null
05-18 00:47:12.537  3588  3588 W SearchLauncherServiceMover: isMoving : false
05-18 00:47:12.537  3588  3588 I DecorView: notifyKeepScreenOnChanged: keepScreenOn=false
05-18 00:47:12.538 19748 19748 I ViewRootImpl@3703b7[InstrumentationActivityInvoker$EmptyActivity]: MSG_WINDOW_FOCUS_CHANGED 0 0
05-18 00:47:12.538  3588  3588 I Launcher: setWallpaperOffsets
05-18 00:47:12.538  3588  9147 I Launcher: DisplayMetrics from Resources : DisplayMetrics{density=3.5, width=1440, height=2820, scaledDensity=2.8, xdpi=501.041, ydpi=502.789}
05-18 00:47:12.538  3588  9147 I Launcher: realMetrics from Wm : DisplayMetrics{density=3.5, width=1440, height=3088, scaledDensity=3.5, xdpi=501.041, ydpi=502.789}
05-18 00:47:12.538  3588  9147 I Launcher: Launcher DeviceProfile onResume availSize: 1440x2920 windowSize: 1440x3088 isLandscape: false
05-18 00:47:12.538  3588  3984 I LiveIconViewUpdater: onUpdateLiveIcon - id : 69, itemType : 0
05-18 00:47:12.539  3588  3984 I LiveIconUpdateEventHandler: cancelDateChangeAlarm
05-18 00:47:12.539 19748 19773 E TestRunner: failed: vertical_scrolling(com.example.dogglers.GridListTests)
05-18 00:47:12.539 19748 19773 E TestRunner: ----- begin exception -----
05-18 00:47:12.540  3588  3984 I LiveIconUpdateEventHandler: setDateChangeAlarm Fri May 19 00:00:00 CDT 2023
05-18 00:47:12.540  3588  3588 I MSHandlerLifeCycle: removeMultiSplitHandler: no exist. decor=DecorView@b45e177[LauncherActivity]
05-18 00:47:12.540  3588  3588 I BaseActivity: addActivityFlags, flags : 4
05-18 00:47:12.540  3588  3588 I Launcher: onDeferredResumed
05-18 00:47:12.540  3588  3588 I InstallShortcutReceiver: flushInstallQueue 0
05-18 00:47:12.540  3588  3588 I Launcher.NotificationListener: registerObserver this is not notificationService!!
05-18 00:47:12.541  3588  3588 I Launcher.NotificationListener: onNotificationFullRefresh
05-18 00:47:12.541  3588  3982 I IMM_LC  : hsifw() - flag : 0
05-18 00:47:12.541 19748 19773 E TestRunner: androidx.test.espresso.base.DefaultFailureHandler$AssertionFailedWithCauseError: '(view has effective visibility <VISIBLE> and view.getGlobalVisibleRect() to return non-empty rectangle)' doesn't match the selected view.
05-18 00:47:12.541 19748 19773 E TestRunner: Expected: (view has effective visibility <VISIBLE> and view.getGlobalVisibleRect() to return non-empty rectangle)
05-18 00:47:12.541 19748 19773 E TestRunner:      Got: view.getGlobalVisibleRect() returned empty rectangle
05-18 00:47:12.541 19748 19773 E TestRunner: View Details: MaterialTextView{id=2131230886, res-name=dog_name_textview, visibility=VISIBLE, width=183, height=132, has-focus=false, has-focusable=false, has-window-focus=true, is-clickable=false, is-enabled=true, is-focused=false, is-focusable=false, is-layout-requested=false, is-selected=false, layout-params=androidx.constraintlayout.widget.ConstraintLayout$LayoutParams@9c256c4, tag=null, root-is-layout-requested=false, has-input-connection=false, x=0.0, y=679.0, text=Bella, input-type=0, ime-target=false, has-links=false}
05-18 00:47:12.541 19748 19773 E TestRunner:
05-18 00:47:12.541 19748 19773 E TestRunner: 	at dalvik.system.VMStack.getThreadStackTrace(Native Method)
05-18 00:47:12.541 19748 19773 E TestRunner: 	at java.lang.Thread.getStackTrace(Thread.java:1841)
05-18 00:47:12.541 19748 19773 E TestRunner: 	at androidx.test.espresso.base.DefaultFailureHandler.getUserFriendlyError(DefaultFailureHandler.java:12)
05-18 00:47:12.541 19748 19773 E TestRunner: 	at androidx.test.espresso.base.DefaultFailureHandler.handle(DefaultFailureHandler.java:7)
05-18 00:47:12.541 19748 19773 E TestRunner: 	at androidx.test.espresso.ViewInteraction.waitForAndHandleInteractionResults(ViewInteraction.java:5)
05-18 00:47:12.541 19748 19773 E TestRunner: 	at androidx.test.espresso.ViewInteraction.check(ViewInteraction.java:12)
05-18 00:47:12.541 19748 19773 E TestRunner: 	at com.example.dogglers.GridListTests.vertical_scrolling(GridListTests.kt:61)
05-18 00:47:12.541 19748 19773 E TestRunner: 	at java.lang.reflect.Method.invoke(Native Method)
05-18 00:47:12.541 19748 19773 E TestRunner: 	at org.junit.runners.model.FrameworkMethod$1.runReflectiveCall(FrameworkMethod.java:50)
05-18 00:47:12.541 19748 19773 E TestRunner: 	at org.junit.internal.runners.model.ReflectiveCallable.run(ReflectiveCallable.java:12)
05-18 00:47:12.541 19748 19773 E TestRunner: 	at org.junit.runners.model.FrameworkMethod.invokeExplosively(FrameworkMethod.java:47)
05-18 00:47:12.541 19748 19773 E TestRunner: 	at org.junit.internal.runners.statements.InvokeMethod.evaluate(InvokeMethod.java:17)
05-18 00:47:12.541 19748 19773 E TestRunner: 	at org.junit.rules.ExternalResource$1.evaluate(ExternalResource.java:48)
05-18 00:47:12.541 19748 19773 E TestRunner: 	at org.junit.rules.RunRules.evaluate(RunRules.java:20)
05-18 00:47:12.541 19748 19773 E TestRunner: 	at org.junit.runners.ParentRunner.runLeaf(ParentRunner.java:325)
05-18 00:47:12.541 19748 19773 E TestRunner: 	at org.junit.runners.BlockJUnit4ClassRunner.runChild(BlockJUnit4ClassRunner.java:78)
05-18 00:47:12.541 19748 19773 E TestRunner: 	at org.junit.runners.BlockJUnit4ClassRunner.runChild(BlockJUnit4ClassRunner.java:57)
05-18 00:47:12.541 19748 19773 E TestRunner: 	at org.junit.runners.ParentRunner$3.run(ParentRunner.java:290)
05-18 00:47:12.541 19748 19773 E TestRunner: 	at org.junit.runners.ParentRunner$1.schedule(ParentRunner.java:71)
05-18 00:47:12.541 19748 19773 E TestRunner: 	at org.junit.runners.ParentRunner.runChildren(ParentRunner.java:288)
05-18 00:47:12.541 19748 19773 E TestRunner: 	at org.junit.runners.ParentRunner.access$000(ParentRunner.java:58)
05-18 00:47:12.541 19748 19773 E TestRunner: 	at org.junit.runners.ParentRunner$2.evaluate(ParentRunner.java:268)
05-18 00:47:12.541 19748 19773 E TestRunner: 	at org.junit.runners.ParentRunner.run(ParentRunner.java:363)
05-18 00:47:12.541 19748 19773 E TestRunner: 	at androidx.test.ext.junit.runners.AndroidJUnit4.run(AndroidJUnit4.java:162)
05-18 00:47:12.541 19748 19773 E TestRunner: 	at org.junit.runners.Suite.runChild(Suite.java:128)
05-18 00:47:12.541 19748 19773 E TestRunner: 	at org.junit.runners.Suite.runChild(Suite.java:27)
05-18 00:47:12.541 19748 19773 E TestRunner: 	at org.junit.runners.ParentRunner$3.run(ParentRunner.java:290)
05-18 00:47:12.541 19748 19773 E TestRunner: 	at org.junit.runners.ParentRunner$1.schedule(ParentRunner.java:71)
05-18 00:47:12.541 19748 19773 E TestRunner: 	at org.junit.runners.ParentRunner.runChildren(ParentRunner.java:288)
05-18 00:47:12.541 19748 19773 E TestRunner: 	at org.junit.runners.ParentRunner.access$000(ParentRunner.java:58)
05-18 00:47:12.541 19748 19773 E TestRunner: 	at org.junit.runners.ParentRunner$2.evaluate(ParentRunner.java:268)
05-18 00:47:12.541 19748 19773 E TestRunner: 	at org.junit.runners.ParentRunner.run(ParentRunner.java:363)
05-18 00:47:12.541 19748 19773 E TestRunner: 	at org.junit.runner.JUnitCore.run(JUnitCore.java:137)
05-18 00:47:12.541 19748 19773 E TestRunner: 	at org.junit.runner.JUnitCore.run(JUnitCore.java:115)
05-18 00:47:12.541 19748 19773 E TestRunner: 	at androidx.test.internal.runner.TestExecutor.execute(TestExecutor.java:56)
05-18 00:47:12.541 19748 19773 E TestRunner: 	at androidx.test.runner.AndroidJUnitRunner.onStart(AndroidJUnitRunner.java:444)
05-18 00:47:12.541 19748 19773 E TestRunner: 	at android.app.Instrumentation$InstrumentationThread.run(Instrumentation.java:2335)
05-18 00:47:12.541 19748 19773 E TestRunner: Caused by: junit.framework.AssertionFailedError: '(view has effective visibility <VISIBLE> and view.getGlobalVisibleRect() to return non-empty rectangle)' doesn't match the selected view.
05-18 00:47:12.541 19748 19773 E TestRunner: Expected: (view has effective visibility <VISIBLE> and view.getGlobalVisibleRect() to return non-empty rectangle)
05-18 00:47:12.541 19748 19773 E TestRunner:      Got: view.getGlobalVisibleRect() returned empty rectangle
05-18 00:47:12.541 19748 19773 E TestRunner: View Details: MaterialTextView{id=2131230886, res-name=dog_name_textview, visibility=VISIBLE, width=183, height=132, has-focus=false, has-focusable=false, has-window-focus=true, is-clickable=false, is-enabled=true, is-focused=false, is-focusable=false, is-layout-requested=false, is-selected=false, layout-params=androidx.constraintlayout.widget.ConstraintLayout$LayoutParams@9c256c4, tag=null, root-is-layout-requested=false, has-input-connection=false, x=0.0, y=679.0, text=Bella, input-type=0, ime-target=false, has-links=false}
05-18 00:47:12.541 19748 19773 E TestRunner:
05-18 00:47:12.541 19748 19773 E TestRunner: 	at androidx.test.espresso.matcher.ViewMatchers.assertThat(ViewMatchers.java:16)
05-18 00:47:12.541 19748 19773 E TestRunner: 	at androidx.test.espresso.assertion.ViewAssertions$MatchesViewAssertion.check(ViewAssertions.java:11)
05-18 00:47:12.541 19748 19773 E TestRunner: 	at androidx.test.espresso.ViewInteraction$SingleExecutionViewAssertion.check(ViewInteraction.java:2)
05-18 00:47:12.541 19748 19773 E TestRunner: 	at androidx.test.espresso.ViewInteraction$2.call(ViewInteraction.java:12)
05-18 00:47:12.541 19748 19773 E TestRunner: 	at androidx.test.espresso.ViewInteraction$2.call(ViewInteraction.java:1)
05-18 00:47:12.541 19748 19773 E TestRunner: 	at java.util.concurrent.FutureTask.run(FutureTask.java:264)
05-18 00:47:12.541 19748 19773 E TestRunner: 	at android.os.Handler.handleCallback(Handler.java:942)
05-18 00:47:12.541 19748 19773 E TestRunner: 	at android.os.Handler.dispatchMessage(Handler.java:99)
05-18 00:47:12.541 19748 19773 E TestRunner: 	at android.os.Looper.loopOnce(Looper.java:226)
05-18 00:47:12.541 19748 19773 E TestRunner: 	at android.os.Looper.loop(Looper.java:313)
05-18 00:47:12.541 19748 19773 E TestRunner: 	at android.app.ActivityThread.main(ActivityThread.java:8757)
05-18 00:47:12.541 19748 19773 E TestRunner: 	at java.lang.reflect.Method.invoke(Native Method)
05-18 00:47:12.541 19748 19773 E TestRunner: 	at com.android.internal.os.RuntimeInit$MethodAndArgsCaller.run(RuntimeInit.java:571)
05-18 00:47:12.541 19748 19773 E TestRunner: 	at com.android.internal.os.ZygoteInit.main(ZygoteInit.java:1067)
05-18 00:47:12.541 19748 19773 E TestRunner: ----- end exception -----
05-18 00:47:12.541  3588  3588 I BadgeCountUpdaterImpl: onNotificationsChangedConnected
05-18 00:47:12.541  3588  3982 I IMM_LC  : hsifw() - mService.hideSoftInput
05-18 00:47:12.541  3588  3588 W LauncherAppWidgetHost: setShouldListenFlag, mFlags:6 flag:resume on:true isFront:false
05-18 00:47:12.541  2315  6128 I AppWidgetServiceImpl: startListening callbacks : com.android.internal.appwidget.IAppWidgetHost$Stub$Proxy@923c963
05-18 00:47:12.542  3588  3588 W LauncherAppWidgetHost: startListening, mFlags:15 isFront:false
05-18 00:47:12.542  2315  2926 D InputMethodManagerService: isImeSwitcherDisabledPackage : false
05-18 00:47:12.543  3588  3984 I LiveIconViewUpdater: onUpdateLiveIcon - id : 67, itemType : 0
05-18 00:47:12.543  3588  3984 I LiveIconViewUpdater: onUpdateLiveIcon - id : 69, itemType : 0
05-18 00:47:12.543  3588  3984 I LiveIconViewUpdater: onUpdateLiveIcon - id : -1, itemType : 0
05-18 00:47:12.543  3588  3984 I LiveIconViewUpdater: onUpdateLiveIcon - id : -1, itemType : 0
05-18 00:47:12.543  5668  5704 I [AirCmd]_CameraAvailabilityMonitor: isCameraPreviewOn : mIsCameraPreviewOn is false
05-18 00:47:12.543  3588  3984 I SPayUpdater: updateSpayHandler, show = true, defaultPage = true
05-18 00:47:12.544  1533  1533 I Layer   : id=113260 removedFromDrawingState ActivityRecord{a600f17 u0 com.example.dogglers/androidx.test.core.app.InstrumentationActivityInvoker$EmptyActivity} t1008}#113260 (112)
05-18 00:47:12.544  5591  5591 I InputMethodService: removeImeSurface
05-18 00:47:12.544  1533  1533 I Layer   : id=113261 removedFromDrawingState bd6b796 ActivityRecordInputSink com.example.dogglers/androidx.test.core.app.InstrumentationActivityInvoker$EmptyActivity#113261 (112)
05-18 00:47:12.544  1533  1533 I SurfaceFlinger: id=113260 Removed ActivityRecord{a600f17 u0 com.example.dogglers/androidx.test.core.app.InstrumentationActivityInvoker$EmptyActivity} t1008}#113260 (112)
05-18 00:47:12.544  1533  1533 I Layer   : id=113260 Destroyed ActivityRecord{a600f17 u0 com.example.dogglers/androidx.test.core.app.InstrumentationActivityInvoker$EmptyActivity} t1008}#113260
05-18 00:47:12.544  1533  1533 I Layer   : id=113261 Destroyed bd6b796 ActivityRecordInputSink com.example.dogglers/androidx.test.core.app.InstrumentationActivityInvoker$EmptyActivity#113261
05-18 00:47:12.544  2315  2435 I SemPersonaManager: SecureFolder personaId = 150
05-18 00:47:12.544  5591  5591 I MSHandlerLifeCycle: check: return. pkg=com.samsung.android.honeyboard isActivity=false callers=com.android.internal.policy.DecorView.setVisibility:4416 android.app.Dialog.hide:767 android.inputmethodservice.InputMethodService.removeImeSurface:1290 android.inputmethodservice.InputMethodService.scheduleImeSurfaceRemoval:1279 android.inputmethodservice.InputMethodService.-$$Nest$mscheduleImeSurfaceRemoval:0
05-18 00:47:12.544  3588  3588 I ViewRootImpl@c60680d[LauncherActivity]: performTraversals params={(0,0)(fillxfill) sim={adjust=nothing} layoutInDisplayCutoutMode=shortEdges ty=BASE_APPLICATION fmt=TRANSPARENT wanim=0x10302f4
05-18 00:47:12.544  3588  3588 I ViewRootImpl@c60680d[LauncherActivity]:   fl=81910100
05-18 00:47:12.544  3588  3588 I ViewRootImpl@c60680d[LauncherActivity]:   pfl=1e020040
05-18 00:47:12.544  3588  3588 I ViewRootImpl@c60680d[LauncherActivity]:   vsysui=1700
05-18 00:47:12.544  3588  3588 I ViewRootImpl@c60680d[LauncherActivity]:   bhv=SHOW_TRANSIENT_BARS_BY_SWIPE
05-18 00:47:12.544  3588  3588 I ViewRootImpl@c60680d[LauncherActivity]:   fitSides= screenDimDuration=100000 naviIconColor=0}
05-18 00:47:12.544  5591  5591 I MSHandlerLifeCycle: removeMultiSplitHandler: no exist. decor=DecorView@9a0695a[InputMethod]
05-18 00:47:12.544  3588  3588 I ViewRootImpl@c60680d[LauncherActivity]: performTraversals mFirst=false windowShouldResize=false viewVisibilityChanged=true mForceNextWindowRelayout=false params={(0,0)(fillxfill) sim={adjust=nothing} layoutInDisplayCutoutMode=shortEdges ty=BASE_APPLICATION fmt=TRANSPARENT wanim=0x10302f4
05-18 00:47:12.544  3588  3588 I ViewRootImpl@c60680d[LauncherActivity]:   fl=81910100
05-18 00:47:12.544  3588  3588 I ViewRootImpl@c60680d[LauncherActivity]:   pfl=1e020040
05-18 00:47:12.544  3588  3588 I ViewRootImpl@c60680d[LauncherActivity]:   vsysui=1700
05-18 00:47:12.544  3588  3588 I ViewRootImpl@c60680d[LauncherActivity]:   bhv=SHOW_TRANSIENT_BARS_BY_SWIPE
05-18 00:47:12.544  3588  3588 I ViewRootImpl@c60680d[LauncherActivity]:   fitSides= screenDimDuration=100000 naviIconColor=0}
05-18 00:47:12.544  5668  5704 I [AirCmd]_MediaControlStateMonitor: isForegroundAppSupportsMediaButton : mediaSession is empty
05-18 00:47:12.545 23650 23650 I ViewRootImpl@d37bbeb[LauncherActivity]: performTraversals mFirst=false windowShouldResize=false viewVisibilityChanged=true mForceNextWindowRelayout=false params=null
05-18 00:47:12.545  2315  5728 V WindowManager: Relayout Window{41ea68a u0 com.sec.android.app.launcher/com.sec.android.app.launcher.activities.LauncherActivity}: viewVisibility=0 req=1440x3088 d0
05-18 00:47:12.545  1533  1680 I SurfaceFlinger: id=113275 createSurf, flag=40004, com.sec.android.app.launcher/com.sec.android.app.launcher.activities.LauncherActivity$_3588#113275
05-18 00:47:12.546 19748 19773 I TestRunner: finished: vertical_scrolling(com.example.dogglers.GridListTests)
