05-18 00:47:10.734  1412  1438 I HYPER-HAL: [RequestManager.cpp]acquire(): Acquired ID : 2729637  [2315 / 21]    HINT : AMS_ACT_START    list :
05-18 00:47:10.734  1533  3178 I SurfaceFlinger: id=113189 createSurf, flag=80004, ActivityRecord{2177338 u0 com.example.dogglers/androidx.test.core.app.InstrumentationActivityInvoker$EmptyActivity} t1006}#113189
05-18 00:47:10.735  5591  5591 I HBD     : a [UpdatePolicy] [post] a: 0 cl: 65537 kit: [0/0] vt: 0 ir: 1
05-18 00:47:10.736  5591  5591 I HBD     : a [NRIC] resetNoResponseState
05-18 00:47:10.736  5591  5591 I HBD     : a needOff = true , isForceOff = false, isNullInputClass : true
05-18 00:47:10.736  5591  5591 I HBD     : a update cached prediction status : false
05-18 00:47:10.738  5591  5591 I HBD     : HoneyBoardService [PF_OP][onStartInput]  6 ms
05-18 00:47:10.738  1533  3178 I SurfaceFlinger: id=113190 createSurf, flag=80000, 9f4839b ActivityRecordInputSink com.example.dogglers/androidx.test.core.app.InstrumentationActivityInvoker$EmptyActivity#113190
05-18 00:47:10.740  4633  4633 E pageboostd: Received HALT command code 2
05-18 00:47:10.741  2315  2435 D PersonaActivityHelper: Activity not in resumed state, do not run immediate lock
05-18 00:47:10.741 19748 19748 D LifecycleMonitor: Lifecycle status change: androidx.test.core.app.InstrumentationActivityInvoker$EmptyActivity@ae3129e in: PAUSED
05-18 00:47:10.741 19748 19748 V ActivityScenario: Activity lifecycle changed event received but ignored because the intent does not match. startActivityIntent=Intent { act=android.intent.action.MAIN cat=[android.intent.category.LAUNCHER] cmp=com.example.dogglers/.GridListActivity }, activity.getIntent()=Intent { act=android.intent.action.MAIN cat=[android.intent.category.LAUNCHER] flg=0x10000000 cmp=com.example.dogglers/androidx.test.core.app.InstrumentationActivityInvoker$EmptyActivity }, activity=androidx.test.core.app.InstrumentationActivityInvoker$EmptyActivity@ae3129e
05-18 00:47:10.743  2315  2848 D InputDispatcher: Focused application(0): ActivityRecord{2177338 u0 com.example.dogglers/androidx.test.core.app.InstrumentationActivityInvoker$EmptyActivity} t1006}
05-18 00:47:10.743  1533  1533 I Layer   : id=113168 removedFromDrawingState ActivityRecord{543c79 u0 com.example.dogglers/androidx.test.core.app.InstrumentationActivityInvoker$BootstrapActivity} t1006}#113168 (125)
05-18 00:47:10.743  1533  1533 I Layer   : id=113174 removedFromDrawingState 2a79540 ActivityRecordInputSink com.example.dogglers/androidx.test.core.app.InstrumentationActivityInvoker$BootstrapActivity#113174 (125)
05-18 00:47:10.743  1533  1533 I Layer   : id=113181 removedFromDrawingState Surface(name=daea37f InputMethod)/@0x913f89b - animation-leash of insets_animation#113181 (125)
05-18 00:47:10.743  1533  1533 I Layer   : id=146 removedFromDrawingState daea37f InputMethod#146 (125)
05-18 00:47:10.743  1533  1533 I Layer   : id=146 addToCurrentState daea37f InputMethod#146 (125)
05-18 00:47:10.743  1533  1533 I SurfaceFlinger: id=113168 Removed ActivityRecord{543c79 u0 com.example.dogglers/androidx.test.core.app.InstrumentationActivityInvoker$BootstrapActivity} t1006}#113168 (125)
05-18 00:47:10.744  1533  1533 I Layer   : id=113168 Destroyed ActivityRecord{543c79 u0 com.example.dogglers/androidx.test.core.app.InstrumentationActivityInvoker$BootstrapActivity} t1006}#113168
05-18 00:47:10.744  1533  1533 I Layer   : id=113174 Destroyed 2a79540 ActivityRecordInputSink com.example.dogglers/androidx.test.core.app.InstrumentationActivityInvoker$BootstrapActivity#113174
05-18 00:47:10.744  1533  3178 I SurfaceFlinger: id=113181 Removed Surface(name=daea37f InputMethod)/@0x913f89b - animation-leash of insets_animation#113181 (123)
05-18 00:47:10.746  2315  2848 D InputMethodManagerService: isImeSwitcherDisabledPackage : false
05-18 00:47:10.746  2315  2435 I SemPersonaManager: SecureFolder personaId = 150
05-18 00:47:10.746  5591  5591 I InputMethodService: removeImeSurface
05-18 00:47:10.747  5591  5591 I MSHandlerLifeCycle: check: return. pkg=com.samsung.android.honeyboard isActivity=false callers=com.android.internal.policy.DecorView.setVisibility:4416 android.app.Dialog.hide:767 android.inputmethodservice.InputMethodService.removeImeSurface:1290 android.inputmethodservice.InputMethodService.scheduleImeSurfaceRemoval:1279 android.inputmethodservice.InputMethodService.-$$Nest$mscheduleImeSurfaceRemoval:0
05-18 00:47:10.747  5591  5591 I MSHandlerLifeCycle: removeMultiSplitHandler: no exist. decor=DecorView@9a0695a[InputMethod]
05-18 00:47:10.747 19748 19748 D LifecycleMonitor: Lifecycle status change: androidx.test.core.app.InstrumentationActivityInvoker$EmptyActivity@9c75f4e in: PRE_ON_CREATE
05-18 00:47:10.748 19748 19748 V ActivityScenario: Activity lifecycle changed event received but ignored because the intent does not match. startActivityIntent=Intent { act=android.intent.action.MAIN cat=[android.intent.category.LAUNCHER] cmp=com.example.dogglers/.GridListActivity }, activity.getIntent()=Intent { act=android.intent.action.MAIN cat=[android.intent.category.LAUNCHER] flg=0x10000000 cmp=com.example.dogglers/androidx.test.core.app.InstrumentationActivityInvoker$EmptyActivity }, activity=androidx.test.core.app.InstrumentationActivityInvoker$EmptyActivity@9c75f4e
05-18 00:47:10.750 19748 19748 I DecorView: [INFO] isPopOver=false config=true
05-18 00:47:10.750 19748 19748 I DecorView: updateCaptionType: isFloating=false isApplication=true hasWindowDecorCaption=false this=DecorView@40dd205[]
05-18 00:47:10.750 19748 19748 D DecorView: setCaptionType = 0, this = DecorView@40dd205[]
05-18 00:47:10.750  2315  2435 D EnterpriseDeviceManagerService: isMdmAdminPresentInternal() : MDM Admin Found - com.samsung.knox.securefolder
05-18 00:47:10.751  2315  4570 I MediaSessionMonitor: Media session stopped : controllerList empty
05-18 00:47:10.751 19748 19748 I DecorView: getCurrentDensityDpi: from real metrics. densityDpi=560 msg=resources_loaded
05-18 00:47:10.751 19748 19748 I DecorView: setWindowBackground: isPopOver=false color=ff010101 d=android.graphics.drawable.StateListDrawable@4be225a
05-18 00:47:10.751 19748 19748 D LifecycleMonitor: Lifecycle status change: androidx.test.core.app.InstrumentationActivityInvoker$EmptyActivity@9c75f4e in: CREATED
05-18 00:47:10.752 19748 19748 V ActivityScenario: Activity lifecycle changed event received but ignored because the intent does not match. startActivityIntent=Intent { act=android.intent.action.MAIN cat=[android.intent.category.LAUNCHER] cmp=com.example.dogglers/.GridListActivity }, activity.getIntent()=Intent { act=android.intent.action.MAIN cat=[android.intent.category.LAUNCHER] flg=0x10000000 cmp=com.example.dogglers/androidx.test.core.app.InstrumentationActivityInvoker$EmptyActivity }, activity=androidx.test.core.app.InstrumentationActivityInvoker$EmptyActivity@9c75f4e
05-18 00:47:10.752  1533  1533 I SurfaceFlinger: [733961c com.example.dogglers/androidx.test.core.app.InstrumentationActivityInvoker$EmptyActivity#113184] FrameRatePriority: -1
05-18 00:47:10.752  1533  1533 I Layer   : id=113181 Destroyed Surface(name=daea37f InputMethod)/@0x913f89b - animation-leash of insets_animation#113181
05-18 00:47:10.752  5964  5964 I ActivityUtils: HomePackage : com.sec.android.app.launcher, resumePackageName : com.example.dogglers
05-18 00:47:10.752 19748 19748 D LifecycleMonitor: Lifecycle status change: androidx.test.core.app.InstrumentationActivityInvoker$EmptyActivity@9c75f4e in: STARTED
05-18 00:47:10.752 19748 19748 V ActivityScenario: Activity lifecycle changed event received but ignored because the intent does not match. startActivityIntent=Intent { act=android.intent.action.MAIN cat=[android.intent.category.LAUNCHER] cmp=com.example.dogglers/.GridListActivity }, activity.getIntent()=Intent { act=android.intent.action.MAIN cat=[android.intent.category.LAUNCHER] flg=0x10000000 cmp=com.example.dogglers/androidx.test.core.app.InstrumentationActivityInvoker$EmptyActivity }, activity=androidx.test.core.app.InstrumentationActivityInvoker$EmptyActivity@9c75f4e
05-18 00:47:10.753  2315  2356 D InputDispatcher: Focus left window (0): 733961c com.example.dogglers/androidx.test.core.app.InstrumentationActivityInvoker$EmptyActivity
05-18 00:47:10.753 19748 19748 D LifecycleMonitor: Lifecycle status change: androidx.test.core.app.InstrumentationActivityInvoker$EmptyActivity@9c75f4e in: RESUMED
05-18 00:47:10.753 19748 19748 V ActivityScenario: Activity lifecycle changed event received but ignored because the intent does not match. startActivityIntent=Intent { act=android.intent.action.MAIN cat=[android.intent.category.LAUNCHER] cmp=com.example.dogglers/.GridListActivity }, activity.getIntent()=Intent { act=android.intent.action.MAIN cat=[android.intent.category.LAUNCHER] flg=0x10000000 cmp=com.example.dogglers/androidx.test.core.app.InstrumentationActivityInvoker$EmptyActivity }, activity=androidx.test.core.app.InstrumentationActivityInvoker$EmptyActivity@9c75f4e
05-18 00:47:10.753 19748 19748 I MSHandlerLifeCycle: check: return. pkg=com.example.dogglers parent=null callers=com.android.internal.policy.DecorView.setVisibility:4416 android.app.ActivityThread.handleResumeActivity:5476 android.app.servertransaction.ResumeActivityItem.execute:54 android.app.servertransaction.ActivityTransactionItem.execute:45 android.app.servertransaction.TransactionExecutor.executeLifecycleState:176
05-18 00:47:10.753 19748 19748 I MSHandlerLifeCycle: removeMultiSplitHandler: no exist. decor=DecorView@40dd205[]
05-18 00:47:10.755 19748 19789 D NativeCustomFrequencyManager: [NativeCFMS] BpCustomFrequencyManager::BpCustomFrequencyManager()
05-18 00:47:10.756  2315  2356 D InputTransport: Input channel constructed: '6b53367', fd=884
05-18 00:47:10.756  2315  2356 D InputTransport: Input channel constructed: '6b53367', fd=901
05-18 00:47:10.756  2315  2356 D InputTransport: Input channel constructed: '6b53367', fd=909
05-18 00:47:10.756  1533  3178 I SurfaceFlinger: id=113191 createSurf, flag=80004, 6b53367 com.example.dogglers/androidx.test.core.app.InstrumentationActivityInvoker$EmptyActivity#113191
05-18 00:47:10.757  2315  2356 D InputTransport: Input channel destroyed: '6b53367', fd=909
05-18 00:47:10.757 19748 19748 D InsetsController: onStateChanged: InsetsState: {mDisplayFrame=Rect(0, 0 - 1440, 3088), mDisplayCutout=DisplayCutout{insets=Rect(0, 100 - 0, 0) waterfall=Insets{left=0, top=0, right=0, bottom=0} boundingRect={Bounds=[Rect(0, 0 - 0, 0), Rect(683, 0 - 758, 100), Rect(0, 0 - 0, 0), Rect(0, 0 - 0, 0)]} cutoutPathParserInfo={CutoutPathParserInfo{displayWidth=1440 displayHeight=3088 physicalDisplayWidth=1440 physicalDisplayHeight=3088 density={3.75} cutoutSpec={M 0,0 H -10 V 26.66666666666667 H 10 V 0 H 0 Z @dp} rotation={0} scale={1.0} physicalPixelDisplaySizeRatio={1.0}}}}, mRoundedCorners=RoundedCorners{[RoundedCorner{position=TopLeft, radius=14, center=Point(14, 14)}, RoundedCorner{position=TopRight, radius=14, center=Point(1426, 14)}, RoundedCorner{position=BottomRight, radius=14, center=Point(1426, 3074)}, RoundedCorner{position=BottomLeft, radius=14, center=Point(14, 3074)}]}  mRoundedCornerFrame=Rect(0, 0 - 1440, 3088), mPrivacyIndicatorBounds=PrivacyIndicatorBounds {static bounds=Rect(1286, 0 - 1440, 100) rotation=0}, mSources= { InsetsSource: {mType=ITYPE_STATUS_BAR, mFrame=[0,0][1440,100], mVisible=true, mInsetsRoundedCornerFrame=false}, InsetsSource: {mType=ITYPE_NAVIGATION_BAR, mFrame=[0,2920][1440,3088], mVisible=true, mInsetsRoundedCornerFrame=false}, InsetsSource: {mType=ITYPE_LEFT_GESTURES, mFrame=[0,0][0,3088], mVisible=true, mInsetsRoundedCornerFrame=false}, InsetsSource: {mType=ITYPE_RIGHT_GESTURES, mFrame=[1440,0][1440,3088], mVisible=true, mInsetsRoundedCornerFrame=false}, InsetsSource: {mType=ITYPE_TOP_MANDATORY_GESTURES, mFrame=[0,0][1440,142], mVisible=true, mInsetsRoundedCornerFrame=false}, InsetsSource: {mType=ITYPE_BOTTOM_MANDATORY_GESTURES, mFrame=[0,2920][1440,3088], mVisible=true, mInsetsRoundedCornerFrame=false}, InsetsSource: {mType=ITYPE_LEFT_DISPLAY_CUTOUT, mFrame=[0,0][-100000,3088], mVisible=true, mInsetsRoundedCornerFrame=false}, InsetsSource: {mType=ITYPE_TOP_DISPLAY_CUTOUT, mFrame=[0,0][1440,100], mVisible=true, mInsetsRoundedCornerFrame=false}, InsetsSource: {mType=ITYPE_RIGHT_DISPLAY_CUTOUT, mFrame=[100000,0][1440,3088], mVisible=true, mInsetsRoundedCornerFrame=false}, InsetsSource: {mType=ITYPE_BOTTOM_DISPLAY_CUTOUT, mFrame=[0,100000][1440,3088], mVisible=true, mInsetsRoundedCornerFrame=false}, InsetsSource: {mType=ITYPE_TOP_TAPPABLE_ELEMENT, mFrame=[0,0][1440,100], mVisible=true, mInsetsRoundedCornerFrame=false}, InsetsSource: {mType=ITYPE_BOTTOM_TAPPABLE_ELEMENT, mFrame=[0,2920][1440,3088], mVisible=true, mInsetsRoundedCornerFrame=false} } host=com.example.dogglers/androidx.test.core.app.InstrumentationActivityInvoker$EmptyActivity from=android.view.ViewRootImpl.setView:1732
05-18 00:47:10.758 19748 19748 I ViewRootImpl@7765168[InstrumentationActivityInvoker$EmptyActivity]: setView = com.android.internal.policy.DecorView@40dd205 TM=true
05-18 00:47:10.758 19748 19748 I MSHandlerLifeCycle: removeMultiSplitHandler: no exist. decor=DecorView@40dd205[InstrumentationActivityInvoker$EmptyActivity]
05-18 00:47:10.759  2315  2481 D AnalyticsContainerHandler: handleMessage : { when=0 what=1 target=com.android.server.knox.KnoxAnalyticsContainer$AnalyticsHandler }
05-18 00:47:10.761 19748 19748 I ViewRootImpl@7765168[InstrumentationActivityInvoker$EmptyActivity]: performTraversals params={(0,0)(fillxfill) sim={adjust=pan forwardNavigation} ty=BASE_APPLICATION wanim=0x1030001
05-18 00:47:10.761 19748 19748 I ViewRootImpl@7765168[InstrumentationActivityInvoker$EmptyActivity]:   fl=1810100
05-18 00:47:10.761 19748 19748 I ViewRootImpl@7765168[InstrumentationActivityInvoker$EmptyActivity]:   pfl=12020040
05-18 00:47:10.761 19748 19748 I ViewRootImpl@7765168[InstrumentationActivityInvoker$EmptyActivity]:   bhv=DEFAULT
05-18 00:47:10.761 19748 19748 I ViewRootImpl@7765168[InstrumentationActivityInvoker$EmptyActivity]:   fitSides= naviIconColor=0}
05-18 00:47:10.761 19748 19748 I ViewRootImpl@7765168[InstrumentationActivityInvoker$EmptyActivity]: performTraversals mFirst=true windowShouldResize=true viewVisibilityChanged=false mForceNextWindowRelayout=false params={(0,0)(fillxfill) sim={adjust=pan forwardNavigation} ty=BASE_APPLICATION wanim=0x1030001
05-18 00:47:10.761 19748 19748 I ViewRootImpl@7765168[InstrumentationActivityInvoker$EmptyActivity]:   fl=1810100
05-18 00:47:10.761 19748 19748 I ViewRootImpl@7765168[InstrumentationActivityInvoker$EmptyActivity]:   pfl=12020040
05-18 00:47:10.761 19748 19748 I ViewRootImpl@7765168[InstrumentationActivityInvoker$EmptyActivity]:   bhv=DEFAULT
05-18 00:47:10.761 19748 19748 I ViewRootImpl@7765168[InstrumentationActivityInvoker$EmptyActivity]:   fitSides= naviIconColor=0}
05-18 00:47:10.761  2315  2848 V WindowManager: Relayout Window{6b53367 u0 com.example.dogglers/androidx.test.core.app.InstrumentationActivityInvoker$EmptyActivity}: viewVisibility=0 req=1440x3088 d0
05-18 00:47:10.761  1533  3008 I SurfaceFlinger: id=113192 createSurf, flag=40004, com.example.dogglers/androidx.test.core.app.InstrumentationActivityInvoker$EmptyActivity$_19748#113192
05-18 00:47:10.763  1533  3008 I SurfaceFlinger: id=113193 createSurf, flag=24000, Surface(name=a5e6516 StatusBar)/@0x266f9f6 - animation-leash of insets_animation#113193
05-18 00:47:10.763  1533  3008 I SurfaceFlinger: id=113194 createSurf, flag=24000, Surface(name=b1c69c9 NavigationBar0)/@0x6818acd - animation-leash of insets_animation#113194
05-18 00:47:10.764  2315  2848 V WindowManager: Relayout hash=6b53367, pid=19748, syncId=-1: mAttrs={(0,0)(fillxfill) sim={adjust=pan forwardNavigation} ty=BASE_APPLICATION wanim=0x1030001
05-18 00:47:10.764  2315  2848 V WindowManager:   fl=1810100
05-18 00:47:10.764  2315  2848 V WindowManager:   pfl=12020040
05-18 00:47:10.764  2315  2848 V WindowManager:   bhv=DEFAULT
05-18 00:47:10.764  2315  2848 V WindowManager:   fitSides= naviIconColor=0}
05-18 00:47:10.764  2315  2982 D SemWifiSwitchForIndividualAppsService: isPackageException - result:3, com.example.dogglers
05-18 00:47:10.765 19748 19748 D InsetsController: onStateChanged: InsetsState: {mDisplayFrame=Rect(0, 0 - 1440, 3088), mDisplayCutout=DisplayCutout{insets=Rect(0, 100 - 0, 0) waterfall=Insets{left=0, top=0, right=0, bottom=0} boundingRect={Bounds=[Rect(0, 0 - 0, 0), Rect(683, 0 - 758, 100), Rect(0, 0 - 0, 0), Rect(0, 0 - 0, 0)]} cutoutPathParserInfo={CutoutPathParserInfo{displayWidth=1440 displayHeight=3088 physicalDisplayWidth=1440 physicalDisplayHeight=3088 density={3.75} cutoutSpec={M 0,0 H -10 V 26.66666666666667 H 10 V 0 H 0 Z @dp} rotation={0} scale={1.0} physicalPixelDisplaySizeRatio={1.0}}}}, mRoundedCorners=RoundedCorners{[RoundedCorner{position=TopLeft, radius=14, center=Point(14, 14)}, RoundedCorner{position=TopRight, radius=14, center=Point(1426, 14)}, RoundedCorner{position=BottomRight, radius=14, center=Point(1426, 3074)}, RoundedCorner{position=BottomLeft, radius=14, center=Point(14, 3074)}]}  mRoundedCornerFrame=Rect(0, 0 - 1440, 3088), mPrivacyIndicatorBounds=PrivacyIndicatorBounds {static bounds=Rect(1286, 0 - 1440, 100) rotation=0}, mSources= { InsetsSource: {mType=ITYPE_STATUS_BAR, mFrame=[0,0][1440,100], mVisible=true, mInsetsRoundedCornerFrame=false}, InsetsSource: {mType=ITYPE_NAVIGATION_BAR, mFrame=[0,2920][1440,3088], mVisible=true, mInsetsRoundedCornerFrame=false}, InsetsSource: {mType=ITYPE_LEFT_GESTURES, mFrame=[0,0][0,3088], mVisible=true, mInsetsRoundedCornerFrame=false}, InsetsSource: {mType=ITYPE_RIGHT_GESTURES, mFrame=[1440,0][1440,3088], mVisible=true, mInsetsRoundedCornerFrame=false}, InsetsSource: {mType=ITYPE_TOP_MANDATORY_GESTURES, mFrame=[0,0][1440,142], mVisible=true, mInsetsRoundedCornerFrame=false}, InsetsSource: {mType=ITYPE_BOTTOM_MANDATORY_GESTURES, mFrame=[0,2920][1440,3088], mVisible=true, mInsetsRoundedCornerFrame=false}, InsetsSource: {mType=ITYPE_LEFT_DISPLAY_CUTOUT, mFrame=[0,0][-100000,3088], mVisible=true, mInsetsRoundedCornerFrame=false}, InsetsSource: {mType=ITYPE_TOP_DISPLAY_CUTOUT, mFrame=[0,0][1440,100], mVisible=true, mInsetsRoundedCornerFrame=false}, InsetsSource: {mType=ITYPE_RIGHT_DISPLAY_CUTOUT, mFrame=[100000,0][1440,3088], mVisible=true, mInsetsRoundedCornerFrame=false}, InsetsSource: {mType=ITYPE_BOTTOM_DISPLAY_CUTOUT, mFrame=[0,100000][1440,3088], mVisible=true, mInsetsRoundedCornerFrame=false}, InsetsSource: {mType=ITYPE_TOP_TAPPABLE_ELEMENT, mFrame=[0,0][1440,100], mVisible=true, mInsetsRoundedCornerFrame=false}, InsetsSource: {mType=ITYPE_BOTTOM_TAPPABLE_ELEMENT, mFrame=[0,2920][1440,3088], mVisible=true, mInsetsRoundedCornerFrame=false}, InsetsSource: {mType=ITYPE_IME, mFrame=[0,0][0,0], mVisibleFrame=[0,1766][1440,3088], mVisible=false, mInsetsRoundedCornerFrame=false} } host=com.example.dogglers/androidx.test.core.app.InstrumentationActivityInvoker$EmptyActivity from=android.view.ViewRootImpl.relayoutWindow:9802
05-18 00:47:10.765 19748 19748 I ViewRootImpl@7765168[InstrumentationActivityInvoker$EmptyActivity]: updateBlastSurfaceIfNeeded mBlastBufferQueue=null isSameSurfaceControl=false
05-18 00:47:10.765 19748 19748 I BLASTBufferQueue: new BLASTBufferQueue, mName= ViewRootImpl@7765168[InstrumentationActivityInvoker$EmptyActivity] mNativeObject= 0xb4000073b726f870 sc.mNativeObject= 0xb400007347275a90 caller= android.view.ViewRootImpl.updateBlastSurfaceIfNeeded:2909 android.view.ViewRootImpl.relayoutWindow:9847 android.view.ViewRootImpl.performTraversals:3884 android.view.ViewRootImpl.doTraversal:3116 android.view.ViewRootImpl$TraversalRunnable.run:10885 android.view.Choreographer$CallbackRecord.run:1301 android.view.Choreographer$CallbackRecord.run:1309 android.view.Choreographer.doCallbacks:923 android.view.Choreographer.doFrame:852 android.view.Choreographer$FrameDisplayEventReceiver.run:1283
05-18 00:47:10.766 19748 19748 I BLASTBufferQueue: update, w= 1440 h= 3088 mName = ViewRootImpl@7765168[InstrumentationActivityInvoker$EmptyActivity] mNativeObject= 0xb4000073b726f870 sc.mNativeObject= 0xb400007347275a90 format= -1 caller= android.graphics.BLASTBufferQueue.<init>:84 android.view.ViewRootImpl.updateBlastSurfaceIfNeeded:2909 android.view.ViewRootImpl.relayoutWindow:9847 android.view.ViewRootImpl.performTraversals:3884 android.view.ViewRootImpl.doTraversal:3116 android.view.ViewRootImpl$TraversalRunnable.run:10885
05-18 00:47:10.766 19748 19748 I ViewRootImpl@7765168[InstrumentationActivityInvoker$EmptyActivity]: Relayout returned: old=(0,0,1440,3088) new=(0,0,1440,3088) req=(1440,3088)0 dur=4 res=0x3 s={true 0xb4000074472807c0} ch=true seqId=0
05-18 00:47:10.766 19748 19748 I ViewRootImpl@7765168[InstrumentationActivityInvoker$EmptyActivity]: mThreadedRenderer.initialize() mSurface={isValid=true 0xb4000074472807c0} hwInitialized=true
05-18 00:47:10.766 19748 19789 D OpenGLRenderer: eglCreateWindowSurface
05-18 00:47:10.767 19748 19748 I ViewRootImpl@7765168[InstrumentationActivityInvoker$EmptyActivity]: reportNextDraw android.view.ViewRootImpl.performTraversals:4438 android.view.ViewRootImpl.doTraversal:3116 android.view.ViewRootImpl$TraversalRunnable.run:10885 android.view.Choreographer$CallbackRecord.run:1301 android.view.Choreographer$CallbackRecord.run:1309
05-18 00:47:10.767 19748 19748 I ViewRootImpl@7765168[InstrumentationActivityInvoker$EmptyActivity]: Setup new sync id=0
05-18 00:47:10.767 19748 19748 I ViewRootImpl@7765168[InstrumentationActivityInvoker$EmptyActivity]: Setting syncFrameCallback
05-18 00:47:10.767 19748 19748 I ViewRootImpl@7765168[InstrumentationActivityInvoker$EmptyActivity]: registerCallbacksForSync syncBuffer=false
05-18 00:47:10.768 19748 19806 I ViewRootImpl@7765168[InstrumentationActivityInvoker$EmptyActivity]: Received frameDrawingCallback syncResult=0 frameNum=1.
05-18 00:47:10.768 19748 19806 I ViewRootImpl@7765168[InstrumentationActivityInvoker$EmptyActivity]: Setting up sync and frameCommitCallback
05-18 00:47:10.771 19748 19789 I BLASTBufferQueue: [ViewRootImpl@7765168[InstrumentationActivityInvoker$EmptyActivity]#2](f:0,a:0) onFrameAvailable the first frame is available
05-18 00:47:10.772 19748 19789 I ViewRootImpl@7765168[InstrumentationActivityInvoker$EmptyActivity]: Received frameCommittedCallback lastAttemptedDrawFrameNum=1 didProduceBuffer=true
05-18 00:47:10.772 19748 19789 D OpenGLRenderer: CFMS:: SetUp Pid : 19748    Tid : 19789
05-18 00:47:10.772 19748 19789 W Parcel  : Expecting binder but got null!
05-18 00:47:10.772 19748 19748 I ViewRootImpl@7765168[InstrumentationActivityInvoker$EmptyActivity]: onSyncComplete
05-18 00:47:10.772 19748 19748 I ViewRootImpl@7765168[InstrumentationActivityInvoker$EmptyActivity]: setupSync seqId=0 mSyncId=0 fn=1 caller=android.view.ViewRootImpl$$ExternalSyntheticLambda11.accept:6 android.window.SurfaceSyncer.lambda$setupSync$1$android-window-SurfaceSyncer:128 android.window.SurfaceSyncer$$ExternalSyntheticLambda1.accept:8 android.window.SurfaceSyncer$SyncSet.checkIfSyncIsComplete:382 android.window.SurfaceSyncer$SyncSet.markSyncReady:359 android.window.SurfaceSyncer.markSyncReady:151 android.view.ViewRootImpl.performTraversals:4503
05-18 00:47:10.773 19748 19748 I ViewRootImpl@7765168[InstrumentationActivityInvoker$EmptyActivity]: reportDrawFinished seqId=0 mSyncId=-1 fn=1 mSurfaceChangedTransaction=0xb400007377268150
05-18 00:47:10.773 19748 19748 I ViewRootImpl@e17ea38[InstrumentationActivityInvoker$EmptyActivity]: MSG_WINDOW_FOCUS_CHANGED 0 0
05-18 00:47:10.775  2315  2432 I ActivityTaskManager: Displayed com.example.dogglers/androidx.test.core.app.InstrumentationActivityInvoker$EmptyActivity: +43ms
05-18 00:47:10.776  4633  4633 E pageboostd: Received HALT command code 2
05-18 00:47:10.777  1533  1533 I Layer   : id=113186 removedFromDrawingState Surface(name=a5e6516 StatusBar)/@0x266f9f6 - animation-leash of insets_animation#113186 (126)
05-18 00:47:10.777  1533  1533 I Layer   : id=113187 removedFromDrawingState Surface(name=b1c69c9 NavigationBar0)/@0x6818acd - animation-leash of insets_animation#113187 (126)
05-18 00:47:10.777  1533  1533 I SurfaceFlinger: [6b53367 com.example.dogglers/androidx.test.core.app.InstrumentationActivityInvoker$EmptyActivity#113191] FrameRatePriority: 1
05-18 00:47:10.777  1533  1533 I SurfaceFlinger: id=113186 Removed Surface(name=a5e6516 StatusBar)/@0x266f9f6 - animation-leash of insets_animation#113186 (126)
05-18 00:47:10.777  1533  1533 I SurfaceFlinger: id=113187 Removed Surface(name=b1c69c9 NavigationBar0)/@0x6818acd - animation-leash of insets_animation#113187 (126)
05-18 00:47:10.777  1533  1533 I Layer   : id=113186 Destroyed Surface(name=a5e6516 StatusBar)/@0x266f9f6 - animation-leash of insets_animation#113186
05-18 00:47:10.777  1533  1533 I Layer   : id=113187 Destroyed Surface(name=b1c69c9 NavigationBar0)/@0x6818acd - animation-leash of insets_animation#113187
05-18 00:47:10.779  2315  3567 D InputDispatcher: Focus entered window (0): 6b53367 com.example.dogglers/androidx.test.core.app.InstrumentationActivityInvoker$EmptyActivity
05-18 00:47:10.779  1533  1533 D SurfaceFlinger: Display 4630947232161729154 HWC layers:
05-18 00:47:10.779  1533  1533 D SurfaceFlinger:      DEVICE | 0xb400006f7021b430 | 0102 | RGBA_8888    |    0.0    0.0 1440.0 3088.0 |    0    0 1440 3088 | com.example.dogglers/androidx.test.c[...]yInvoker$EmptyActivity$_19748#113192
05-18 00:47:10.779  1533  1533 D SurfaceFlinger:      DEVICE | 0xb400006f70233df0 | 0100 | RGBA_8888    |    0.0    0.0 1440.0  100.0 |    0    0 1440  100 | StatusBar$_3085#85
05-18 00:47:10.779  1533  1533 D SurfaceFlinger:      DEVICE | 0xb400006f7022a220 | 0100 | RGBA_8888    |    0.0    0.0   67.0  456.0 | 1373  584 1440 1040 | com.samsung.android.app.cocktailbars[...]vice.CocktailBarService$_5964#112833
05-18 00:47:10.779  1533  1533 D SurfaceFlinger:      DEVICE | 0xb400006f7022d5e0 | 0100 | RGBA_8888    |    0.0    0.0 1440.0  168.0 |    0 2920 1440 3088 | NavigationBar0$_3085#80
05-18 00:47:10.779  1533  1533 D SurfaceFlinger:
05-18 00:47:10.780  2315  5947 I SemDvfsHyPerManager: acquire hyper - AMS_RESUME_TAIL/2315@23, type = -999
05-18 00:47:10.780  2315  5947 I SemDvfsHyPerManager: acquire hyper - AMS_ACT_LAZY/2315@24, type = -999
05-18 00:47:10.780  1412  1438 I HYPER-HAL: [RequestManager.cpp]acquire(): Acquired ID : 2734314  [2315 / 23]    HINT : AMS_RESUME_TAIL    list :
05-18 00:47:10.780  1412  1438 I HYPER-HAL: [RequestManager.cpp]acquire(): Acquired ID : 2736654  [2315 / 24]    HINT : AMS_ACT_LAZY    list :
05-18 00:47:10.782  1412  1438 I HYPER-HAL: [RequestManager.cpp]releaseLocked(): Released ID : 2729637
05-18 00:47:10.783  2315  6291 D InputDispatcher: Focused application(0): ActivityRecord{6dc7053 u0 com.sec.android.app.launcher/.activities.LauncherActivity} t7}
05-18 00:47:10.786  3588  3588 I ViewRootImpl@c60680d[LauncherActivity]: handleAppVisibility mAppVisible = true visible = false
05-18 00:47:10.786 23650 23650 I ViewRootImpl@d37bbeb[LauncherActivity]: handleAppVisibility mAppVisible = true visible = false
05-18 00:47:10.787 19748 19748 I ViewRootImpl@7765168[InstrumentationActivityInvoker$EmptyActivity]: MSG_WINDOW_FOCUS_CHANGED 1 0
05-18 00:47:10.787 19748 19748 I ViewRootImpl@7765168[InstrumentationActivityInvoker$EmptyActivity]: mThreadedRenderer.initializeIfNeeded()#2 mSurface={isValid=true 0xb4000074472807c0}
05-18 00:47:10.787 19748 19748 D InputMethodManager: startInputInner - Id : 0
05-18 00:47:10.787 19748 19748 I InputMethodManager: startInputInner - mService.startInputOrWindowGainedFocus
05-18 00:47:10.788  3085  3214 D WallpaperService: dispatchAppVisibility onVisibilityChanged(): false
05-18 00:47:10.788  5668 20666 I [AirCmd]_ActivitySwitchDetector: onTaskFocusChanged : taskId 7
05-18 00:47:10.788  3085  3085 D WallpaperService: reportVisibility onVisibilityChanged visible: false
05-18 00:47:10.788  3085  3389 I ImageWallpaper[GLEngine]:  onVisibilityChanged false , 0
05-18 00:47:10.789  2315  2435 D PersonaActivityHelper: Activity not in resumed state, do not run immediate lock
05-18 00:47:10.790  2315  5947 D InputMethodManagerService: DESKTOP MODE! : 2
05-18 00:47:10.790  2315  5947 D InputMethodManagerService: NOT IN KNOX DESKTOP MODE!
05-18 00:47:10.790  2315  5947 V InputMethodManagerService: getDisplayIdOfInputMethodWindowToBeAdded: displayId=0
05-18 00:47:10.790  5668 20666 I [AirCmd]_ActivitySwitchDetector: onTaskFocusChanged : componentName - ComponentInfo{com.sec.android.app.launcher/com.android.launcher3.uioverrides.QuickstepLauncher}
05-18 00:47:10.790  5668 20666 I [AirCmd]_ActivitySwitchDetector: onTaskFocusChanged : mTopMostActivity - ComponentInfo{com.example.dogglers/com.example.dogglers.GridListActivity}
05-18 00:47:10.790  2315  5947 D InputMethodManagerService: isImeSwitcherDisabledPackage : false
05-18 00:47:10.790  5668 20666 I [AirCmd]_CallbackRepeater: stopRepeat : isWorking=false
05-18 00:47:10.790  5668 20666 I [AirCmd]_MediaControlStateMonitor: isForegroundAppSupportsMediaButton : mediaSession is empty
05-18 00:47:10.791  2315  5947 D InputMethodManagerService: checkDisplayOfStartInputAndUpdateKeyboard: displayId=0, mFocusedDisplayId=0
05-18 00:47:10.791  5668 20666 I [AirCmd]_MediaControlStateMonitor: active Notification List is null
05-18 00:47:10.791  2315  5947 D InputTransport: Input channel constructed: 'ClientS', fd=909
05-18 00:47:10.791  5668 20666 I [AirCmd]_RemoteSpenMainController: hasGeneralAction : packageName is com.sec.android.app.launcher, activityName is com.android.launcher3.uioverrides.QuickstepLauncher, hasActions is false
05-18 00:47:10.791  5668 20666 I [AirCmd]_CameraAvailabilityMonitor: isCameraPreviewOn : mIsCameraPreviewOn is false
05-18 00:47:10.791  2315  5947 D InputTransport: Input channel destroyed: 'ClientS', fd=909
05-18 00:47:10.791  5668 20666 I [AirCmd]_CameraAvailabilityMonitor: isCameraPreviewOn : mIsCameraPreviewOn is false
05-18 00:47:10.791  5591  5591 I HBD     : HoneyBoardService onFinishInput
05-18 00:47:10.792 19748 19748 D LifecycleMonitor: Lifecycle status change: androidx.test.core.app.InstrumentationActivityInvoker$EmptyActivity@9c75f4e in: PAUSED
05-18 00:47:10.792  5591  5591 I HBD     : a IC have been unbinding,  RemoteInputConnection{idHash=#be0ef88}
05-18 00:47:10.792  5591  5591 I HBD     : HoneyBoardService [PF_CL][onFinishInput]  1 ms
05-18 00:47:10.792 19748 19748 V ActivityScenario: Activity lifecycle changed event received but ignored because the intent does not match. startActivityIntent=Intent { act=android.intent.action.MAIN cat=[android.intent.category.LAUNCHER] cmp=com.example.dogglers/.GridListActivity }, activity.getIntent()=Intent { act=android.intent.action.MAIN cat=[android.intent.category.LAUNCHER] flg=0x10000000 cmp=com.example.dogglers/androidx.test.core.app.InstrumentationActivityInvoker$EmptyActivity }, activity=androidx.test.core.app.InstrumentationActivityInvoker$EmptyActivity@9c75f4e
05-18 00:47:10.792  5591  5591 I HBD     : HoneyBoardService [IMI] onStartInput - caller pid : 19748 , caller uid : 10725
05-18 00:47:10.792  1533  1680 I SurfaceFlinger: id=113195 createSurf, flag=24004, Surface(name=daea37f InputMethod)/@0x913f89b - animation-leash of insets_animation#113195
05-18 00:47:10.792  5591  5591 I HBD     : j updateConfigs
05-18 00:47:10.792  5591  5591 I HBD     : j isEnabledNightMode : true
05-18 00:47:10.792  5591  5591 I HBD     : a IC have been binding, RemoteInputConnection{idHash=#be0ef88}
05-18 00:47:10.792  5591  5591 I HBD     : h [EditorInputType]setPrivateImeOptionsToTable privateImeOptions ( null )
05-18 00:47:10.792  5591  5591 I HBD     : b incognitoMode : false
05-18 00:47:10.792  5591  5591 I HBD     : a needOff = true , isForceOff = false, isNullInputClass : true
05-18 00:47:10.792  5591  5591 I HBD     : h getDefaultInputRange : UNKNOWN
05-18 00:47:10.792  5591  5591 I HBD     : h getDefaultInputRange : UNKNOWN
05-18 00:47:10.793  5591  5591 I HBD     : h getDefaultInputRange : UNKNOWN
05-18 00:47:10.793  5591  5591 I HBD     : a needOff = true , isForceOff = false, isNullInputClass : true
05-18 00:47:10.793  1533  1533 I SurfaceFlinger: [6b53367 com.example.dogglers/androidx.test.core.app.InstrumentationActivityInvoker$EmptyActivity#113191] FrameRatePriority: -1
05-18 00:47:10.793  5591  5591 I HBD     : a update cached prediction status : false
05-18 00:47:10.793  1533  1533 I Layer   : id=113171 removedFromDrawingState Splash Screen com.example.dogglers$_3085#113171 (125)
05-18 00:47:10.793  1533  1533 I Layer   : id=113169 removedFromDrawingState 37c5604 Splash Screen com.example.dogglers#113169 (125)
05-18 00:47:10.793  5591  5591 I HBD     : h getDefaultInputRange : UNKNOWN
05-18 00:47:10.793  1533  1533 I Layer   : Layer [com.example.dogglers/com.example.dogglers.GridListActivity$_19748#113177] hidden!! flag(1)
05-18 00:47:10.793  1533  1533 I Layer   : id=113172 removedFromDrawingState Surface(name=Task=1)/@0x889ba84 - animation-leash of app_transition#113172 (125)
05-18 00:47:10.793  5591  5591 I HBD     : a currentState : 0
05-18 00:47:10.794  1533  1533 I Layer   : id=113173 removedFromDrawingState Surface(name=Task=1006)/@0x4ab7c85 - animation-leash of app_transition#113173 (125)
05-18 00:47:10.794  1533  1533 I Layer   : Layer [Splash Screen com.example.dogglers$_3085#113171] hidden!! flag(1)
05-18 00:47:10.794  1533  1533 I Layer   : Layer [com.sec.android.app.launcher/com.sec.android.app.launcher.activities.LauncherActivity$_23650#113155] hidden!! flag(1)
05-18 00:47:10.794  1533  1533 I Layer   : Layer [com.example.dogglers/androidx.test.core.app.InstrumentationActivityInvoker$EmptyActivity$_19748#113185] hidden!! flag(1)
05-18 00:47:10.794  1533  1533 I Layer   : Layer [com.sec.android.app.launcher/com.sec.android.app.launcher.activities.LauncherActivity$_3588#113156] hidden!! flag(1)
05-18 00:47:10.794  1533  1533 I SurfaceFlinger: id=113171 Removed Splash Screen com.example.dogglers$_3085#113171 (125)
05-18 00:47:10.794  1533  1533 I SurfaceFlinger: id=113173 Removed Surface(name=Task=1006)/@0x4ab7c85 - animation-leash of app_transition#113173 (125)
05-18 00:47:10.794  1533  1533 I SurfaceFlinger: id=113172 Removed Surface(name=Task=1)/@0x889ba84 - animation-leash of app_transition#113172 (125)
05-18 00:47:10.794  1533  1533 I SurfaceFlinger: id=113169 Removed 37c5604 Splash Screen com.example.dogglers#113169 (125)
05-18 00:47:10.794  1533  1533 I Layer   : id=113169 Destroyed 37c5604 Splash Screen com.example.dogglers#113169
05-18 00:47:10.794  1533  1533 I Layer   : id=113171 Destroyed Splash Screen com.example.dogglers$_3085#113171
05-18 00:47:10.794  5591  5591 I HBD     : a [UpdatePolicy] [post] a: 0 cl: 65537 kit: [0/0] vt: 0 ir: 1
05-18 00:47:10.794  5591  5591 I HBD     : a [NRIC] resetNoResponseState
05-18 00:47:10.794  1533  1533 I Layer   : id=113172 Destroyed Surface(name=Task=1)/@0x889ba84 - animation-leash of app_transition#113172
05-18 00:47:10.794  1533  1533 I Layer   : id=113173 Destroyed Surface(name=Task=1006)/@0x4ab7c85 - animation-leash of app_transition#113173
05-18 00:47:10.794  5591  5591 I HBD     : a needOff = true , isForceOff = false, isNullInputClass : true
05-18 00:47:10.794  5591  5591 I HBD     : a update cached prediction status : false
05-18 00:47:10.794 23650 23746 D OpenGLRenderer: setSurface called with nullptr
05-18 00:47:10.794  5591  5591 I HBD     : HoneyBoardService [PF_OP][onStartInput]  2 ms
05-18 00:47:10.794 23650 23746 D OpenGLRenderer: setSurface() destroyed EGLSurface
05-18 00:47:10.795 23650 23746 D OpenGLRenderer: destroyEglSurface
05-18 00:47:10.795  2315  6291 D InputDispatcher: Focus request (0): <null> but waiting because NOT_FOCUSABLE
05-18 00:47:10.795  2315  6291 D InputDispatcher: Focus left window (0): 6b53367 com.example.dogglers/androidx.test.core.app.InstrumentationActivityInvoker$EmptyActivity
05-18 00:47:10.795 23650 23650 I ViewRootImpl@d37bbeb[LauncherActivity]: performTraversals mFirst=false windowShouldResize=false viewVisibilityChanged=true mForceNextWindowRelayout=false params=null
05-18 00:47:10.796  3588  3588 I ViewRootImpl@c60680d[LauncherActivity]: performTraversals mFirst=false windowShouldResize=false viewVisibilityChanged=true mForceNextWindowRelayout=false params=null
05-18 00:47:10.797  2315  3567 I SemDvfsHyPerManager: acquire hyper - AMS_APP_HOME/2315@35, type = -999
05-18 00:47:10.797  1412  1438 I HYPER-HAL: [RequestManager.cpp]acquire(): Acquired ID : 2762460  [2315 / 35]    HINT : AMS_APP_HOME    list :
05-18 00:47:10.797  5894  5894 I SemDvfsHyPerManager: acquire hyper - APP_START_HOME/5894@17, type = -999
05-18 00:47:10.799  1412  1438 I HYPER-HAL: [RequestManager.cpp]acquire(): Acquired ID : 17472933  [5894 / 17]    HINT : APP_START    list : [KERNEL_APP_START_NOTIFY / 0] [TIMEOUT / 1500]
05-18 00:47:10.802  1533  1533 I Layer   : id=113188 removedFromDrawingState Surface(name=daea37f InputMethod)/@0x913f89b - animation-leash of insets_animation#113188 (121)
05-18 00:47:10.802  3588 24468 I ViewRootImpl@c60680d[LauncherActivity]: Resizing android.view.ViewRootImpl@60ab91a: frame = [0,0][1440,3088] reportDraw = true forceLayout = false syncSeqId = 0
05-18 00:47:10.802 23650 23807 I ViewRootImpl@d37bbeb[LauncherActivity]: Resizing android.view.ViewRootImpl@89775f4: frame = [0,0][1440,3088] reportDraw = true forceLayout = false syncSeqId = 0
05-18 00:47:10.802  2315  6291 V WindowManager: Relayout Window{f654c03 u0 com.sec.android.app.launcher/com.sec.android.app.launcher.activities.LauncherActivity}: viewVisibility=8 req=1440x3088 d0
05-18 00:47:10.802 19748 19748 I ViewRootImpl@ea4ef44[GridListActivity]: handleAppVisibility mAppVisible = true visible = false
05-18 00:47:10.803  1533  1681 I SurfaceFlinger: id=113188 Removed Surface(name=daea37f InputMethod)/@0x913f89b - animation-leash of insets_animation#113188 (121)
05-18 00:47:10.803 19748 19748 I ViewRootImpl@7765168[InstrumentationActivityInvoker$EmptyActivity]: MSG_WINDOW_FOCUS_CHANGED 0 0
05-18 00:47:10.807  1533  1680 I SurfaceFlinger: id=113196 createSurf, flag=24000, Surface(name=a5e6516 StatusBar)/@0x266f9f6 - animation-leash of insets_animation#113196
05-18 00:47:10.808  1533  1680 I SurfaceFlinger: id=113197 createSurf, flag=24000, Surface(name=b1c69c9 NavigationBar0)/@0x6818acd - animation-leash of insets_animation#113197
05-18 00:47:10.809  3588 24468 I TouchInteractionService: onSystemUiStateChanged, stateFlags : 0 |
05-18 00:47:10.809  2315  6291 V WindowManager: Relayout hash=f654c03, pid=23650, syncId=-1: mAttrs={(0,0)(fillxfill) gr=LEFT CENTER_HORIZONTAL sim={adjust=resize} layoutInDisplayCutoutMode=shortEdges ty=DRAWN_APPLICATION fmt=TRANSPARENT wanim=0x10302f4 alpha=0.0
05-18 00:47:10.809  2315  6291 V WindowManager:   fl=81850118
05-18 00:47:10.809  2315  6291 V WindowManager:   pfl=16020040
05-18 00:47:10.809  2315  6291 V WindowManager:   bhv=DEFAULT
05-18 00:47:10.809  2315  6291 V WindowManager:   fitSides=
05-18 00:47:10.809  2315  6291 V WindowManager:  dimAmount=0.0 naviIconColor=0}
05-18 00:47:10.809  2315  2356 V WindowManager: Relayout Window{41ea68a u0 com.sec.android.app.launcher/com.sec.android.app.launcher.activities.LauncherActivity}: viewVisibility=8 req=1440x3088 d0
05-18 00:47:10.810 23650 23650 D InsetsController: onStateChanged: InsetsState: {mDisplayFrame=Rect(0, 0 - 1440, 3088), mDisplayCutout=DisplayCutout{insets=Rect(0, 100 - 0, 0) waterfall=Insets{left=0, top=0, right=0, bottom=0} boundingRect={Bounds=[Rect(0, 0 - 0, 0), Rect(683, 0 - 758, 100), Rect(0, 0 - 0, 0), Rect(0, 0 - 0, 0)]} cutoutPathParserInfo={CutoutPathParserInfo{displayWidth=1440 displayHeight=3088 physicalDisplayWidth=1440 physicalDisplayHeight=3088 density={3.75} cutoutSpec={M 0,0 H -10 V 26.66666666666667 H 10 V 0 H 0 Z @dp} rotation={0} scale={1.0} physicalPixelDisplaySizeRatio={1.0}}}}, mRoundedCorners=RoundedCorners{[RoundedCorner{position=TopLeft, radius=14, center=Point(14, 14)}, RoundedCorner{position=TopRight, radius=14, center=Point(1426, 14)}, RoundedCorner{position=BottomRight, radius=14, center=Point(1426, 3074)}, RoundedCorner{position=BottomLeft, radius=14, center=Point(14, 3074)}]}  mRoundedCornerFrame=Rect(0, 0 - 1440, 3088), mPrivacyIndicatorBounds=PrivacyIndicatorBounds {static bounds=Rect(1286, 0 - 1440, 100) rotation=0}, mSources= { InsetsSource: {mType=ITYPE_STATUS_BAR, mFrame=[0,0][1440,100], mVisible=true, mInsetsRoundedCornerFrame=false}, InsetsSource: {mType=ITYPE_NAVIGATION_BAR, mFrame=[0,2920][1440,3088], mVisible=true, mInsetsRoundedCornerFrame=false}, InsetsSource: {mType=ITYPE_LEFT_GESTURES, mFrame=[0,0][0,3088], mVisible=true, mInsetsRoundedCornerFrame=false}, InsetsSource: {mType=ITYPE_RIGHT_GESTURES, mFrame=[1440,0][1440,3088], mVisible=true, mInsetsRoundedCornerFrame=false}, InsetsSource: {mType=ITYPE_TOP_MANDATORY_GESTURES, mFrame=[0,0][1440,142], mVisible=true, mInsetsRoundedCornerFrame=false}, InsetsSource: {mType=ITYPE_BOTTOM_MANDATORY_GESTURES, mFrame=[0,2920][1440,3088], mVisible=true, mInsetsRoundedCornerFrame=false}, InsetsSource: {mType=ITYPE_LEFT_DISPLAY_CUTOUT, mFrame=[0,0][-100000,3088], mVisible=true, mInsetsRoundedCornerFrame=false}, InsetsSource: {mType=ITYPE_TOP_DISPLAY_CUTOUT, mFrame=[0,0][1440,100], mVisible=true, mInsetsRoundedCornerFrame=false}, InsetsSource: {mType=ITYPE_RIGHT_DISPLAY_CUTOUT, mFrame=[100000,0][1440,3088], mVisible=true, mInsetsRoundedCornerFrame=false}, InsetsSource: {mType=ITYPE_BOTTOM_DISPLAY_CUTOUT, mFrame=[0,100000][1440,3088], mVisible=true, mInsetsRoundedCornerFrame=false}, InsetsSource: {mType=ITYPE_TOP_TAPPABLE_ELEMENT, mFrame=[0,0][1440,100], mVisible=true, mInsetsRoundedCornerFrame=false}, InsetsSource: {mType=ITYPE_BOTTOM_TAPPABLE_ELEMENT, mFrame=[0,2920][1440,3088], mVisible=true, mInsetsRoundedCornerFrame=false} } host=com.sec.android.app.launcher/com.sec.android.app.launcher.activities.LauncherActivity from=android.view.ViewRootImpl.relayoutWindow:9802
05-18 00:47:10.810  1533  1533 I Layer   : id=113188 Destroyed Surface(name=daea37f InputMethod)/@0x913f89b - animation-leash of insets_animation#113188
05-18 00:47:10.811 23650 23650 I ViewRootImpl@d37bbeb[LauncherActivity]: Relayout returned: old=(0,0,1440,3088) new=(0,0,1440,3088) req=(1440,3088)8 dur=15 res=0x2 s={false 0x0} ch=true seqId=0
05-18 00:47:10.812 19748 19789 D OpenGLRenderer: setSurface called with nullptr
05-18 00:47:10.812 19748 19789 D OpenGLRenderer: setSurface() destroyed EGLSurface
05-18 00:47:10.812 19748 19789 D OpenGLRenderer: destroyEglSurface
05-18 00:47:10.812  1533  1680 I SurfaceFlinger: id=113198 createSurf, flag=24000, Surface(name=a5e6516 StatusBar)/@0x266f9f6 - animation-leash of insets_animation#113198
05-18 00:47:10.813 19748 19748 I ViewRootImpl@ea4ef44[GridListActivity]: performTraversals mFirst=false windowShouldResize=false viewVisibilityChanged=true mForceNextWindowRelayout=false params=null
05-18 00:47:10.814  1533  1680 I SurfaceFlinger: id=113199 createSurf, flag=24000, Surface(name=b1c69c9 NavigationBar0)/@0x6818acd - animation-leash of insets_animation#113199
05-18 00:47:10.815  3588 24468 I TouchInteractionService: onSystemUiStateChanged, stateFlags : 131072 |allow_gesture|
05-18 00:47:10.816  2315  2356 V WindowManager: Relayout hash=41ea68a, pid=3588, syncId=-1: mAttrs={(0,0)(fillxfill) sim={adjust=nothing} layoutInDisplayCutoutMode=shortEdges ty=BASE_APPLICATION fmt=TRANSPARENT wanim=0x10302f4
05-18 00:47:10.816  2315  2356 V WindowManager:   fl=81910100
05-18 00:47:10.816  2315  2356 V WindowManager:   pfl=1e020040
05-18 00:47:10.816  2315  2356 V WindowManager:   vsysui=1700
05-18 00:47:10.816  2315  2356 V WindowManager:   bhv=SHOW_TRANSIENT_BARS_BY_SWIPE
05-18 00:47:10.816  2315  2356 V WindowManager:   fitSides= screenDimDuration=100000 naviIconColor=0}
05-18 00:47:10.816  5668 20666 I [AirCmd]_MediaControlStateMonitor: isForegroundAppSupportsMediaButton : mediaSession is empty
05-18 00:47:10.816  5668 20666 I [AirCmd]_MediaControlStateMonitor: active Notification List is null
05-18 00:47:10.817  5668 20666 I [AirCmd]_PenActionRule: getAction : get default action data from remote action because pen action data is null.
05-18 00:47:10.817  5668 20666 I [AirCmd]_ButtonActionDetector: enableDoubleClickDetection: enabled=true, doubleClickWaitInterval=300
05-18 00:47:10.817  5668 20666 I [AirCmd]_RemoteSpenMainController: onSwitch : package is com.sec.android.app.launcher   and activity is com.android.launcher3.uioverrides.QuickstepLauncher and isBleConnected is false and hasActions is false
05-18 00:47:10.817  3588  3588 I ViewRootImpl@c60680d[LauncherActivity]: Relayout returned: old=(0,0,1440,3088) new=(0,0,1440,3088) req=(1440,3088)8 dur=21 res=0x2 s={false 0x0} ch=true seqId=0
05-18 00:47:10.818  2315  3567 D InputMethodManagerService: isImeSwitcherDisabledPackage : false
05-18 00:47:10.818  5591  5591 I InputMethodService: removeImeSurface
05-18 00:47:10.818  1533  1533 I Layer   : id=113193 removedFromDrawingState Surface(name=a5e6516 StatusBar)/@0x266f9f6 - animation-leash of insets_animation#113193 (124)
05-18 00:47:10.818  5591  5591 I MSHandlerLifeCycle: check: return. pkg=com.samsung.android.honeyboard isActivity=false callers=com.android.internal.policy.DecorView.setVisibility:4416 android.app.Dialog.hide:767 android.inputmethodservice.InputMethodService.removeImeSurface:1290 android.inputmethodservice.InputMethodService.scheduleImeSurfaceRemoval:1279 android.inputmethodservice.InputMethodService.-$$Nest$mscheduleImeSurfaceRemoval:0
05-18 00:47:10.818  1533  1533 I Layer   : id=113194 removedFromDrawingState Surface(name=b1c69c9 NavigationBar0)/@0x6818acd - animation-leash of insets_animation#113194 (124)
05-18 00:47:10.818  5591  5591 I MSHandlerLifeCycle: removeMultiSplitHandler: no exist. decor=DecorView@9a0695a[InputMethod]
05-18 00:47:10.818  1533  1533 I SurfaceFlinger: [41ea68a com.sec.android.app.launcher/com.sec.android.app.launcher.activities.LauncherActivity#104] FrameRatePriority: 1
05-18 00:47:10.820  2315  2848 V WindowManager: Relayout Window{5886ce7 u0 com.example.dogglers/com.example.dogglers.GridListActivity}: viewVisibility=8 req=1440x3088 d0
05-18 00:47:10.820  2315  3567 D InputDispatcher: Focus request (0): 41ea68a com.sec.android.app.launcher/com.sec.android.app.launcher.activities.LauncherActivity but waiting because NO_WINDOW
05-18 00:47:10.821  2315  2848 V WindowManager: Relayout hash=5886ce7, pid=19748, syncId=-1: mAttrs={(0,0)(fillxfill) sim={adjust=resize forwardNavigation} ty=BASE_APPLICATION wanim=0x1030309
05-18 00:47:10.821  2315  2848 V WindowManager:   fl=81810100
05-18 00:47:10.821  2315  2848 V WindowManager:   pfl=12020040
05-18 00:47:10.821  2315  2848 V WindowManager:   bhv=DEFAULT
05-18 00:47:10.821  2315  2848 V WindowManager:   fitSides= naviIconColor=0}
05-18 00:47:10.821  3588  3588 I LauncherRootView: handleSystemWindowInsets Rect(0, 100 - 0, 168)
05-18 00:47:10.822  3588  3588 I TopTaskTracker: onTaskMovedToFront : taskId = 7
05-18 00:47:10.822  3588  3588 I ViewRootImpl@c60680d[LauncherActivity]: handleAppVisibility mAppVisible = false visible = true
05-18 00:47:10.822  3588  3588 I ViewRootImpl@c60680d[LauncherActivity]: stopped(false) old = false
05-18 00:47:10.822  3588  3588 I Launcher: !@Boot_DEBUG: Launcher.onResume()
05-18 00:47:10.822  3588  3588 I Launcher: !@Boot_EBS_D: Launcher.onResume()
05-18 00:47:10.822  3588  3588 I BaseActivity: addActivityFlags, flags : 18
05-18 00:47:10.822  3588  3588 I BaseActivity: removeActivityFlags, flags : 32
05-18 00:47:10.822  3588  3588 I AppsSearchBar: restoreCurrentCellLayoutAlpha: null
05-18 00:47:10.822  3588  3588 W SearchLauncherServiceMover: isMoving : false
05-18 00:47:10.822  3588  3982 I IMM_LC  : hsifw() - flag : 0
05-18 00:47:10.822  2315  2435 I SemPersonaManager: SecureFolder personaId = 150
05-18 00:47:10.822  3588  3982 I IMM_LC  : hsifw() - mService.hideSoftInput
05-18 00:47:10.822  3588  3588 I DecorView: notifyKeepScreenOnChanged: keepScreenOn=false
05-18 00:47:10.822 23650 23650 I A       : (REDACTED) onApplyWindowInsets: systemWindowInsets=%s
05-18 00:47:10.822 23650 23650 I A       : (REDACTED) onApplyWindowInsets: systemWindowInsets=%s
05-18 00:47:10.823  3588  3588 I Launcher: setWallpaperOffsets
05-18 00:47:10.823  3588 16890 I Launcher: DisplayMetrics from Resources : DisplayMetrics{density=3.5, width=1440, height=2820, scaledDensity=2.8, xdpi=501.041, ydpi=502.789}
05-18 00:47:10.823  3588 16890 I Launcher: realMetrics from Wm : DisplayMetrics{density=3.5, width=1440, height=3088, scaledDensity=3.5, xdpi=501.041, ydpi=502.789}
05-18 00:47:10.823  3588 16890 I Launcher: Launcher DeviceProfile onResume availSize: 1440x2920 windowSize: 1440x3088 isLandscape: false
05-18 00:47:10.823  3588  3588 I MSHandlerLifeCycle: removeMultiSplitHandler: no exist. decor=DecorView@b45e177[LauncherActivity]
05-18 00:47:10.823  3588  3588 I ViewRootImpl@c60680d[LauncherActivity]: handleResized, msg = 5 frames=ClientWindowFrames{frame=[0,0][1440,3088] display=[0,0][1440,3088] parentFrame=[0,0][0,0] parentClippedByDisplayCutout=false} forceNextWindowRelayout=false displayId=0 resizeMode=-1 frameChanged=false displayFrameChanged=false configChanged=false displayChanged=false
05-18 00:47:10.823  3588  3588 I ViewRootImpl@c60680d[LauncherActivity]: handleResized mSyncSeqId = 0
05-18 00:47:10.823  3588  6899 I WidgetRotationImpl: subscribeWidgetFocus 85
05-18 00:47:10.823 19748 19748 I ViewRootImpl@ea4ef44[GridListActivity]: Relayout returned: old=(0,0,1440,3088) new=(0,0,1440,3088) req=(1440,3088)8 dur=9 res=0x2 s={false 0x0} ch=true seqId=0
05-18 00:47:10.823  3588  3588 I ViewRootImpl@c60680d[LauncherActivity]: reportNextDraw android.view.ViewRootImpl.handleResized:2450 android.view.ViewRootImpl.-$$Nest$mhandleResized:0 android.view.ViewRootImpl$ViewRootHandler.handleMessageImpl:6728 android.view.ViewRootImpl$ViewRootHandler.handleMessage:6697 android.os.Handler.dispatchMessage:106
