05-18 00:47:10.250 19748 19773 I TestRunner: started: recycler_view_item_count(com.example.dogglers.GridListTests)
05-18 00:47:10.259 19748 19773 W Settings: Setting always_finish_activities has moved from android.provider.Settings.System to android.provider.Settings.Global, returning read-only value.
05-18 00:47:10.269 19748 19773 D CompatibilityChangeReporter: Compat change id reported: 160794467; UID 10725; state: ENABLED
05-18 00:47:10.271  2315  2435 I ChimeraSystemEventListener: appLaunchIntent package name is: com.example.dogglers
05-18 00:47:10.278  2315  3755 I SemDvfsHyPerManager: acquire hyper - AMS_APP_SWITCH/2315@25, type = -999
05-18 00:47:10.281  1533  1680 I SurfaceFlinger: id=113167 createSurf, flag=24004, Task=1006#113167
05-18 00:47:10.281  1412  1438 I HYPER-HAL: [RequestManager.cpp]acquire(): Acquired ID : 2738995  [2315 / 25]    HINT : AMS_APP_SWITCH    list :
05-18 00:47:10.285  5894  5894 I SemDvfsHyPerManager: acquire hyper - APP_START_SHORT/5894@16, type = -999
05-18 00:47:10.285  1533  1680 I SurfaceFlinger: id=113168 createSurf, flag=80004, ActivityRecord{543c79 u0 com.example.dogglers/androidx.test.core.app.InstrumentationActivityInvoker$BootstrapActivity} t1006}#113168
05-18 00:47:10.286  1412  1438 I HYPER-HAL: [RequestManager.cpp]acquire(): Acquired ID : 17467021  [5894 / 16]    HINT : APP_START    list : [TIMEOUT / 1500]
05-18 00:47:10.291  2315  5947 I SemDvfsHyPerManager: acquire hyper - AMS_APP_LAUNCH/2315@22, type = -999
05-18 00:47:10.292  1412  1438 I HYPER-HAL: [RequestManager.cpp]acquire(): Acquired ID : 2731975  [2315 / 22]    HINT : AMS_APP_LAUNCH    list :
05-18 00:47:10.293  5894  5894 I SemDvfsHyPerManager: acquire hyper - APP_START/5894@18, type = -999
05-18 00:47:10.293  1412  1438 I HYPER-HAL: [RequestManager.cpp]acquire(): Acquired ID : 17478846  [5894 / 18]    HINT : APP_START    list :
05-18 00:47:10.293  4633  4633 E pageboostd: Received HALT command code 2
05-18 00:47:10.301  3588  3588 I BaseActivity: removeActivityFlags, flags : 16
05-18 00:47:10.302  3588  3588 I BaseActivity: removeActivityFlags, flags : 6
05-18 00:47:10.302  3588  3588 I DragController: endDrag
05-18 00:47:10.302  3588  3588 W LauncherAppWidgetHost: setShouldListenFlag, mFlags:15 flag:resume on:false isFront:false
05-18 00:47:10.302  3588  3588 I SPayUpdater: updateSpayHandler launcher activity is paused false
05-18 00:47:10.302  3588  6899 I WidgetRotationImpl: unsubscribeWidgetFocus 85
05-18 00:47:10.304  1791  3145 I CameraService: onUidStateChanged: uid=10038, procState is changed. (0 -> 1)
05-18 00:47:10.311  1533  1533 I SurfaceFlinger: SFWD update time=870950866298798
05-18 00:47:10.313  3085  3222 D NativeCustomFrequencyManager: [NativeCFMS] BpCustomFrequencyManager::BpCustomFrequencyManager()
05-18 00:47:10.318  4492  4492 W DeviceManager_FLP: onTrimMemory : 15
05-18 00:47:10.318  5856  5856 W DMASA[U]: [AppLogData]onTrimMemory(15):1684388830318
05-18 00:47:10.321  4492  4593 I GpsSessionManager_FLP: arrangeInvalidSessions
05-18 00:47:10.324  2195  2195 I NeoBean_Application: onTrimMemory() : level=15
05-18 00:47:10.324  2195  2195 I NeoBean_Application: onTrimMemory() : System.gc()
05-18 00:47:10.326  2315  2964 D SemNscXgbMsL1: Probability - Cloud gaming: [0.18429752]
05-18 00:47:10.327  2315  2964 D SemNscXgbMsL1: Probability - Real time: [0.14055885]
05-18 00:47:10.327  2315  2964 D SemNscXgbMsL1: Probability - Non real time: [0.84229493]
05-18 00:47:10.327  2315  2964 D SemNscXgbMsL1: 1 sample inference time: 2.763542 msecs
05-18 00:47:10.328  5668  5668 I [AirCmd]_BleSpenDeviceMainController: onTrimMemory : 15
05-18 00:47:10.328  5668  5668 I [AirCmd]_BleSpenDeviceMainController: onTrimMemory : 15 is skipped
05-18 00:47:10.329  2315  2964 D SemNscXgbL2Rt: L2 RT 1 sample inference time: 1.00099 msecs
05-18 00:47:10.330  2315  2964 D SemNscXgbL2Nrt: L2 NRT 1 sample inference time: 0.786094 msecs
05-18 00:47:10.331  2315  2357 D InputDispatcher: Focused application(0): ActivityRecord{543c79 u0 com.example.dogglers/androidx.test.core.app.InstrumentationActivityInvoker$BootstrapActivity} t1006}
05-18 00:47:10.331  3784  3784 E HostManager: onTrimMemory [15]
05-18 00:47:10.332  3943  3943 I SAFrameworkService: onTrimMemory(15): clearing caches...
05-18 00:47:10.332  3943  3943 I SaBufferPool: ClearCache[15] : Cache Size BEFORE = 70533
05-18 00:47:10.332  3943  3943 I SaBufferPool: ClearCache : Cache Size AFTER = 0
05-18 00:47:10.332  7064  7064 I GOS:App : onTrimMemory 15
05-18 00:47:10.332 19807 19807 I CMHApplication: [#CMH#] Block to verify, Change Trim Memory Level: 80
05-18 00:47:10.333 24254 24254 I ContactsProvider: onTrimMemory-success
05-18 00:47:10.335  3907  3907 I Finsky:background: [2] tfv.onTrimMemory(1): Memory trim requested to level 80
05-18 00:47:10.335  2426  2426 I SCS@AiSearch user 0: (SearchProvider) onTrimMemory(): 80
05-18 00:47:10.335 22994 22994 I AiAi    : onTrimMemory() with level 15
05-18 00:47:10.336 31603 31603 I DWBTrimMemDispatcher: onTrimMemory(80)
05-18 00:47:10.338  5856  5856 I id.diagmonagent: Explicit concurrent copying GC freed 589(63KB) AllocSpace objects, 0(0B) LOS objects, 69% free, 2673KB/8817KB, paused 24us,14us total 19.474ms
05-18 00:47:10.339 31603 31603 E DWBUsageDataManager: UsageDataManager MemoryTrimmable
05-18 00:47:10.340 31603 31603 I DWBUsageDataManager: Retrieve CLEAR_CACHED_DATA
05-18 00:47:10.340  5639  5639 I AiAi    : onTrimMemory() with level 15
05-18 00:47:10.343  2315  2356 D InputTransport: Input channel constructed: '37c5604', fd=849
05-18 00:47:10.343  2315  2356 D InputTransport: Input channel constructed: '37c5604', fd=901
05-18 00:47:10.343  2315  2356 D InputTransport: Input channel constructed: '37c5604', fd=1201
05-18 00:47:10.343  3588  3588 I TopTaskTracker: onTaskMovedToFront : taskId = 1006
05-18 00:47:10.344 31603 31603 I DWBUsageDataManager: No Request Data
05-18 00:47:10.344 31603 31603 E DWBLocalPackageManager: LocalPackageManager MemoryTrimmable
05-18 00:47:10.345  1533  1680 I SurfaceFlinger: id=113169 createSurf, flag=80004, 37c5604 Splash Screen com.example.dogglers#113169
05-18 00:47:10.345 11510 11546 W Bugle   : TextClassifierLibManagerImpl: Reclaiming memory at level: 80
05-18 00:47:10.345  5856  5856 W DMASA[C]: [DiagMonAgentApplication]onTrimMemory (15)
05-18 00:47:10.346 19748 19789 D OpenGLRenderer: RenderThread::requireGlContext()
05-18 00:47:10.347 19748 19789 I AdrenoGLES-0: QUALCOMM build                   : 5a00bbd4b7, I0f5aa60515
05-18 00:47:10.347 19748 19789 I AdrenoGLES-0: Build Date                       : 01/16/23
05-18 00:47:10.347 19748 19789 I AdrenoGLES-0: OpenGL ES Shader Compiler Version: EV031.36.08.13
05-18 00:47:10.347 19748 19789 I AdrenoGLES-0: Local Branch                     :
05-18 00:47:10.347 19748 19789 I AdrenoGLES-0: Remote Branch                    :
05-18 00:47:10.347 19748 19789 I AdrenoGLES-0: Remote Branch                    :
05-18 00:47:10.347 19748 19789 I AdrenoGLES-0: Reconstruct Branch               :
05-18 00:47:10.347 19748 19789 I AdrenoGLES-0: Build Config                     : S P 12.1.1 AArch64
05-18 00:47:10.347 19748 19789 I AdrenoGLES-0: Driver Path                      : /vendor/lib64/egl/libGLESv2_adreno.so
05-18 00:47:10.347 19748 19789 I AdrenoGLES-0: Driver Version                   : 0615.0
05-18 00:47:10.347  2315  2356 D InputTransport: Input channel destroyed: '37c5604', fd=1201
05-18 00:47:10.349  3085  3207 D InsetsController: onStateChanged: InsetsState: {mDisplayFrame=Rect(0, 0 - 1440, 3088), mDisplayCutout=DisplayCutout{insets=Rect(0, 100 - 0, 0) waterfall=Insets{left=0, top=0, right=0, bottom=0} boundingRect={Bounds=[Rect(0, 0 - 0, 0), Rect(683, 0 - 758, 100), Rect(0, 0 - 0, 0), Rect(0, 0 - 0, 0)]} cutoutPathParserInfo={CutoutPathParserInfo{displayWidth=1440 displayHeight=3088 physicalDisplayWidth=1440 physicalDisplayHeight=3088 density={3.75} cutoutSpec={M 0,0 H -10 V 26.66666666666667 H 10 V 0 H 0 Z @dp} rotation={0} scale={1.0} physicalPixelDisplaySizeRatio={1.0}}}}, mRoundedCorners=RoundedCorners{[RoundedCorner{position=TopLeft, radius=14, center=Point(14, 14)}, RoundedCorner{position=TopRight, radius=14, center=Point(1426, 14)}, RoundedCorner{position=BottomRight, radius=14, center=Point(1426, 3074)}, RoundedCorner{position=BottomLeft, radius=14, center=Point(14, 3074)}]}  mRoundedCornerFrame=Rect(0, 0 - 1440, 3088), mPrivacyIndicatorBounds=PrivacyIndicatorBounds {static bounds=Rect(1286, 0 - 1440, 100) rotation=0}, mSources= { InsetsSource: {mType=ITYPE_STATUS_BAR, mFrame=[0,0][1440,100], mVisible=true, mInsetsRoundedCornerFrame=false}, InsetsSource: {mType=ITYPE_NAVIGATION_BAR, mFrame=[0,2920][1440,3088], mVisible=true, mInsetsRoundedCornerFrame=false}, InsetsSource: {mType=ITYPE_LEFT_GESTURES, mFrame=[0,0][0,3088], mVisible=true, mInsetsRoundedCornerFrame=false}, InsetsSource: {mType=ITYPE_RIGHT_GESTURES, mFrame=[1440,0][1440,3088], mVisible=true, mInsetsRoundedCornerFrame=false}, InsetsSource: {mType=ITYPE_TOP_MANDATORY_GESTURES, mFrame=[0,0][1440,142], mVisible=true, mInsetsRoundedCornerFrame=false}, InsetsSource: {mType=ITYPE_BOTTOM_MANDATORY_GESTURES, mFrame=[0,2920][1440,3088], mVisible=true, mInsetsRoundedCornerFrame=false}, InsetsSource: {mType=ITYPE_LEFT_DISPLAY_CUTOUT, mFrame=[0,0][-100000,3088], mVisible=true, mInsetsRoundedCornerFrame=false}, InsetsSource: {mType=ITYPE_TOP_DISPLAY_CUTOUT, mFrame=[0,0][1440,100], mVisible=true, mInsetsRoundedCornerFrame=false}, InsetsSource: {mType=ITYPE_RIGHT_DISPLAY_CUTOUT, mFrame=[100000,0][1440,3088], mVisible=true, mInsetsRoundedCornerFrame=false}, InsetsSource: {mType=ITYPE_BOTTOM_DISPLAY_CUTOUT, mFrame=[0,100000][1440,3088], mVisible=true, mInsetsRoundedCornerFrame=false}, InsetsSource: {mType=ITYPE_TOP_TAPPABLE_ELEMENT, mFrame=[0,0][1440,100], mVisible=true, mInsetsRoundedCornerFrame=false}, InsetsSource: {mType=ITYPE_BOTTOM_TAPPABLE_ELEMENT, mFrame=[0,2920][1440,3088], mVisible=true, mInsetsRoundedCornerFrame=false}, InsetsSource: {mType=ITYPE_IME, mFrame=[0,0][0,0], mVisibleFrame=[0,1766][1440,3088], mVisible=false, mInsetsRoundedCornerFrame=false} } host=Splash Screen com.example.dogglers from=android.view.ViewRootImpl.setView:1732
05-18 00:47:10.352  1533  1533 I SurfaceFlinger: [41ea68a com.sec.android.app.launcher/com.sec.android.app.launcher.activities.LauncherActivity#104] FrameRatePriority: -1
05-18 00:47:10.352  3085  3085 D SystemUIService: SYSUI_RAM_OPTIMIZATION onTrimMemory=15
05-18 00:47:10.353  5964  5964 I CocktailBarUiController: onTrimMemory is ignored
05-18 00:47:10.353 19748 19748 D LifecycleMonitor: Lifecycle status change: androidx.test.core.app.InstrumentationActivityInvoker$BootstrapActivity@3fcf625 in: PRE_ON_CREATE
05-18 00:47:10.354 19748 19748 V ActivityScenario: Activity lifecycle changed event received but ignored because the intent does not match. startActivityIntent=Intent { act=android.intent.action.MAIN cat=[android.intent.category.LAUNCHER] cmp=com.example.dogglers/.GridListActivity }, activity.getIntent()=Intent { act=android.intent.action.MAIN cat=[android.intent.category.LAUNCHER] flg=0x10008000 cmp=com.example.dogglers/androidx.test.core.app.InstrumentationActivityInvoker$BootstrapActivity (has extras) }, activity=androidx.test.core.app.InstrumentationActivityInvoker$BootstrapActivity@3fcf625
05-18 00:47:10.355  3085  3207 I ViewRootImpl@508939f[dogglers]: setView = android.widget.FrameLayout@4eccabb TM=true
05-18 00:47:10.357  5591  5591 I HBD     : HoneyBoardService onTrimMemory 15
05-18 00:47:10.359  5591  5591 I HBD     : HoneyBoardService honeyBoardComponentManager.onTrimMemory()
05-18 00:47:10.360  5591  5591 I HBD     : e viewLayoutSizeUpdateManager trimMemory
05-18 00:47:10.364  2315 10916 D SemWifiUsabilityStatsMonitor: onWifiUsabilityStats - seqNum 131753, isSameBssidAndFreq true
05-18 00:47:10.364  5591  5591 I HBD     : b ignore trim memory, cause by, cached size is 0 (min: 2)
05-18 00:47:10.365 19748 19748 I DecorView: [INFO] isPopOver=false config=true
05-18 00:47:10.365 19748 19748 I DecorView: updateCaptionType: isFloating=false isApplication=true hasWindowDecorCaption=false this=DecorView@19d1987[]
05-18 00:47:10.365 19748 19748 D DecorView: setCaptionType = 0, this = DecorView@19d1987[]
05-18 00:47:10.366 19748 19789 I AdrenoGLES-0: PFP: 0x01730155, ME: 0x00000000
05-18 00:47:10.367  5668 20666 I [AirCmd]_ActivitySwitchDetector: onTaskFocusChanged : taskId 1006
05-18 00:47:10.367  2315  2435 I SemPersonaManager: SecureFolder personaId = 150
05-18 00:47:10.370 19748 19748 D CompatibilityChangeReporter: Compat change id reported: 210923482; UID 10725; state: DISABLED
05-18 00:47:10.370 19748 19748 D CompatibilityChangeReporter: Compat change id reported: 37756858; UID 10725; state: ENABLED
05-18 00:47:10.371  2315  2966 I SemWifiLinkQualityMonitor: Link Qos Query: 0.029 ms / 279.668 Mbps (408 / 0.002 / 1.318)
05-18 00:47:10.371  3588  6899 I IntelligentPlatformManagerImpl: unsubscribeWidgetFocus() id : 85
05-18 00:47:10.373  2315  2980 D TrafficStats: tagSocket(832) with statsTag=0xffffffff, statsUid=-1
05-18 00:47:10.373 19748 19748 I DecorView: getCurrentDensityDpi: from real metrics. densityDpi=560 msg=resources_loaded
05-18 00:47:10.374  2315  3012 D NetdEventListenerService: DNS Requested by : 400, 1000
05-18 00:47:10.374 19748 19748 I DecorView: setWindowBackground: isPopOver=false color=ff010101 d=android.graphics.drawable.StateListDrawable@ca7c723
05-18 00:47:10.374 19748 19748 D LifecycleMonitor: Lifecycle status change: androidx.test.core.app.InstrumentationActivityInvoker$BootstrapActivity@3fcf625 in: CREATED
05-18 00:47:10.374 19748 19748 V ActivityScenario: Activity lifecycle changed event received but ignored because the intent does not match. startActivityIntent=Intent { act=android.intent.action.MAIN cat=[android.intent.category.LAUNCHER] cmp=com.example.dogglers/.GridListActivity }, activity.getIntent()=Intent { act=android.intent.action.MAIN cat=[android.intent.category.LAUNCHER] flg=0x10008000 cmp=com.example.dogglers/androidx.test.core.app.InstrumentationActivityInvoker$BootstrapActivity (has extras) }, activity=androidx.test.core.app.InstrumentationActivityInvoker$BootstrapActivity@3fcf625
05-18 00:47:10.374 21274 21363 I Rubin   : [5971] t9.a.c(SourceFile:1) : Notify com.samsung.android.rubin.inferenceengine.contextanalytics.engine.loggers.d's database is updated.
05-18 00:47:10.375 19748 19748 D LifecycleMonitor: Lifecycle status change: androidx.test.core.app.InstrumentationActivityInvoker$BootstrapActivity@3fcf625 in: STARTED
05-18 00:47:10.375 19748 19748 V ActivityScenario: Activity lifecycle changed event received but ignored because the intent does not match. startActivityIntent=Intent { act=android.intent.action.MAIN cat=[android.intent.category.LAUNCHER] cmp=com.example.dogglers/.GridListActivity }, activity.getIntent()=Intent { act=android.intent.action.MAIN cat=[android.intent.category.LAUNCHER] flg=0x10008000 cmp=com.example.dogglers/androidx.test.core.app.InstrumentationActivityInvoker$BootstrapActivity (has extras) }, activity=androidx.test.core.app.InstrumentationActivityInvoker$BootstrapActivity@3fcf625
05-18 00:47:10.376   908   908 I hwservicemanager: getTransport: Cannot find entry vendor.qti.qspmhal@1.0::IQspmhal/default in either framework or device VINTF manifest.
05-18 00:47:10.376 19748 19789 W Adreno-AppProfiles: Could not find QSPM HAL service. Skipping adreno profile processing.
05-18 00:47:10.378  5668 20666 I [AirCmd]_ActivitySwitchDetector: onTaskFocusChanged : componentName - ComponentInfo{com.example.dogglers/androidx.test.core.app.InstrumentationActivityInvoker$BootstrapActivity}
05-18 00:47:10.378  5668 20666 I [AirCmd]_ActivitySwitchDetector: onTaskFocusChanged : mTopMostActivity - ComponentInfo{com.sec.android.app.launcher/com.android.launcher3.uioverrides.QuickstepLauncher}
05-18 00:47:10.379  5668 20666 I [AirCmd]_CallbackRepeater: stopRepeat : isWorking=false
05-18 00:47:10.379  5668 20666 I [AirCmd]_MediaControlStateMonitor: isForegroundAppSupportsMediaButton : mediaSession is empty
05-18 00:47:10.379  1533  1680 I SurfaceFlinger: id=113170 createSurf, flag=80004, ActivityRecord{f6064a3 u0 com.example.dogglers/.GridListActivity} t1006}#113170
05-18 00:47:10.379  5668 20666 I [AirCmd]_MediaControlStateMonitor: active Notification List is null
05-18 00:47:10.379  5668 20666 I [AirCmd]_RemoteSpenMainController: hasGeneralAction : packageName is com.example.dogglers, activityName is androidx.test.core.app.InstrumentationActivityInvoker$BootstrapActivity, hasActions is false
05-18 00:47:10.379  5668 20666 I [AirCmd]_CameraAvailabilityMonitor: isCameraPreviewOn : mIsCameraPreviewOn is false
05-18 00:47:10.383  2315  2435 D EnterpriseDeviceManagerService: isMdmAdminPresentInternal() : MDM Admin Found - com.samsung.knox.securefolder
05-18 00:47:10.384 19748 19748 D LifecycleMonitor: Lifecycle status change: androidx.test.core.app.InstrumentationActivityInvoker$BootstrapActivity@3fcf625 in: RESUMED
05-18 00:47:10.384  4633  4633 E pageboostd: Received HALT command code 2
05-18 00:47:10.384 19748 19748 V ActivityScenario: Activity lifecycle changed event received but ignored because the intent does not match. startActivityIntent=Intent { act=android.intent.action.MAIN cat=[android.intent.category.LAUNCHER] cmp=com.example.dogglers/.GridListActivity }, activity.getIntent()=Intent { act=android.intent.action.MAIN cat=[android.intent.category.LAUNCHER] flg=0x10008000 cmp=com.example.dogglers/androidx.test.core.app.InstrumentationActivityInvoker$BootstrapActivity (has extras) }, activity=androidx.test.core.app.InstrumentationActivityInvoker$BootstrapActivity@3fcf625
05-18 00:47:10.384  3085  3207 I ViewRootImpl@508939f[dogglers]: performTraversals params={(0,0)(fillxfill) sim={adjust=pan} ty=APPLICATION_STARTING fmt=TRANSLUCENT wanim=0x1030001
05-18 00:47:10.384  3085  3207 I ViewRootImpl@508939f[dogglers]:   fl=81030118
05-18 00:47:10.384  3085  3207 I ViewRootImpl@508939f[dogglers]:   pfl=16000010
05-18 00:47:10.384  3085  3207 I ViewRootImpl@508939f[dogglers]:   bhv=DEFAULT
05-18 00:47:10.384  3085  3207 I ViewRootImpl@508939f[dogglers]:   fitSides= naviIconColor=0}
05-18 00:47:10.384  3085  3207 I ViewRootImpl@508939f[dogglers]: performTraversals mFirst=true windowShouldResize=true viewVisibilityChanged=false mForceNextWindowRelayout=false params={(0,0)(fillxfill) sim={adjust=pan} ty=APPLICATION_STARTING fmt=TRANSLUCENT wanim=0x1030001
05-18 00:47:10.384  3085  3207 I ViewRootImpl@508939f[dogglers]:   fl=81030118
05-18 00:47:10.384  3085  3207 I ViewRootImpl@508939f[dogglers]:   pfl=16000010
05-18 00:47:10.384  3085  3207 I ViewRootImpl@508939f[dogglers]:   bhv=DEFAULT
05-18 00:47:10.384  3085  3207 I ViewRootImpl@508939f[dogglers]:   fitSides= naviIconColor=0}
05-18 00:47:10.385 19748 19789 D OpenGLRenderer: RenderThread::setGrContext()
05-18 00:47:10.388  5668 20666 I [AirCmd]_CameraAvailabilityMonitor: isCameraPreviewOn : mIsCameraPreviewOn is false
05-18 00:47:10.389  2315  6291 V WindowManager: Relayout Window{37c5604 u0 Splash Screen com.example.dogglers}: viewVisibility=0 req=1440x3088 d0
05-18 00:47:10.389  1533  1680 I SurfaceFlinger: id=113171 createSurf, flag=40004, Splash Screen com.example.dogglers$_3085#113171
05-18 00:47:10.392  2315  6291 V WindowManager: Relayout hash=37c5604, pid=3085, syncId=-1: mAttrs={(0,0)(fillxfill) sim={adjust=pan} ty=APPLICATION_STARTING fmt=TRANSLUCENT wanim=0x1030001
05-18 00:47:10.392  2315  6291 V WindowManager:   fl=81030118
05-18 00:47:10.392  2315  6291 V WindowManager:   pfl=16000010
05-18 00:47:10.392  2315  6291 V WindowManager:   bhv=DEFAULT
05-18 00:47:10.392  2315  6291 V WindowManager:   fitSides= naviIconColor=0}
05-18 00:47:10.392 19748 19748 D LifecycleMonitor: Lifecycle status change: androidx.test.core.app.InstrumentationActivityInvoker$BootstrapActivity@3fcf625 in: PAUSED
05-18 00:47:10.392 19748 19748 V ActivityScenario: Activity lifecycle changed event received but ignored because the intent does not match. startActivityIntent=Intent { act=android.intent.action.MAIN cat=[android.intent.category.LAUNCHER] cmp=com.example.dogglers/.GridListActivity }, activity.getIntent()=Intent { act=android.intent.action.MAIN cat=[android.intent.category.LAUNCHER] flg=0x10008000 cmp=com.example.dogglers/androidx.test.core.app.InstrumentationActivityInvoker$BootstrapActivity (has extras) }, activity=androidx.test.core.app.InstrumentationActivityInvoker$BootstrapActivity@3fcf625
05-18 00:47:10.393  5668 20666 I [AirCmd]_MediaControlStateMonitor: isForegroundAppSupportsMediaButton : mediaSession is empty
05-18 00:47:10.394  5668 20666 I [AirCmd]_MediaControlStateMonitor: active Notification List is null
05-18 00:47:10.394  5668 20666 I [AirCmd]_PenActionRule: getAction : get default action data from remote action because pen action data is null.
05-18 00:47:10.394  5668 20666 I [AirCmd]_ButtonActionDetector: enableDoubleClickDetection: enabled=true, doubleClickWaitInterval=300
05-18 00:47:10.394  5668 20666 I [AirCmd]_RemoteSpenMainController: onSwitch : package is com.example.dogglers   and activity is androidx.test.core.app.InstrumentationActivityInvoker$BootstrapActivity and isBleConnected is false and hasActions is false
05-18 00:47:10.395  2315  2926 D InputDispatcher: Focused application(0): ActivityRecord{f6064a3 u0 com.example.dogglers/.GridListActivity} t1006}
05-18 00:47:10.396  2315  2356 D InputDispatcher: Focus left window (0): 41ea68a com.sec.android.app.launcher/com.sec.android.app.launcher.activities.LauncherActivity
05-18 00:47:10.396  3588  3588 I ViewRootImpl@c60680d[LauncherActivity]: MSG_WINDOW_FOCUS_CHANGED 0 0
05-18 00:47:10.397  3588  3588 I BaseActivity: removeActivityFlags, flags : 8
05-18 00:47:10.397  2315  4570 I MediaSessionMonitor: Media session stopped : controllerList empty
05-18 00:47:10.401  5964  5964 I ActivityUtils: HomePackage : com.sec.android.app.launcher, resumePackageName : com.example.dogglers
05-18 00:47:10.403  3085  3207 I ViewRootImpl@508939f[dogglers]: updateBlastSurfaceIfNeeded mBlastBufferQueue=null isSameSurfaceControl=false
05-18 00:47:10.404  3085  3207 I BLASTBufferQueue: new BLASTBufferQueue, mName= ViewRootImpl@508939f[dogglers] mNativeObject= 0xb4000073b728aad0 sc.mNativeObject= 0xb400007347440230 caller= android.view.ViewRootImpl.updateBlastSurfaceIfNeeded:2909 android.view.ViewRootImpl.relayoutWindow:9847 android.view.ViewRootImpl.performTraversals:3884 android.view.ViewRootImpl.doTraversal:3116 android.view.ViewRootImpl$TraversalRunnable.run:10885 android.view.Choreographer$CallbackRecord.run:1301 android.view.Choreographer$CallbackRecord.run:1309 android.view.Choreographer.doCallbacks:923 android.view.Choreographer.doFrame:852 android.view.Choreographer$FrameDisplayEventReceiver.run:1283
05-18 00:47:10.404  3085  3207 I BLASTBufferQueue: update, w= 1440 h= 3088 mName = ViewRootImpl@508939f[dogglers] mNativeObject= 0xb4000073b728aad0 sc.mNativeObject= 0xb400007347440230 format= -3 caller= android.graphics.BLASTBufferQueue.<init>:84 android.view.ViewRootImpl.updateBlastSurfaceIfNeeded:2909 android.view.ViewRootImpl.relayoutWindow:9847 android.view.ViewRootImpl.performTraversals:3884 android.view.ViewRootImpl.doTraversal:3116 android.view.ViewRootImpl$TraversalRunnable.run:10885
05-18 00:47:10.405  3085  3207 I ViewRootImpl@508939f[dogglers]: Relayout returned: old=(0,0,1440,3088) new=(0,0,1440,3088) req=(1440,3088)0 dur=12 res=0x3 s={true 0xb4000074476d7c60} ch=true seqId=0
05-18 00:47:10.406  3085  3222 D OpenGLRenderer: eglCreateWindowSurface
05-18 00:47:10.406  3085  3207 I ViewRootImpl@508939f[dogglers]: mThreadedRenderer.initialize() mSurface={isValid=true 0xb4000074476d7c60} hwInitialized=true
05-18 00:47:10.406  3085  3207 I ViewRootImpl@508939f[dogglers]: reportNextDraw android.view.ViewRootImpl.performTraversals:4438 android.view.ViewRootImpl.doTraversal:3116 android.view.ViewRootImpl$TraversalRunnable.run:10885 android.view.Choreographer$CallbackRecord.run:1301 android.view.Choreographer$CallbackRecord.run:1309
05-18 00:47:10.406  3085  3207 I ViewRootImpl@508939f[dogglers]: Setup new sync id=0
05-18 00:47:10.406  3085  3207 I ViewRootImpl@508939f[dogglers]: Setting syncFrameCallback
05-18 00:47:10.406  3085  3207 I ViewRootImpl@508939f[dogglers]: registerCallbacksForSync syncBuffer=false
05-18 00:47:10.410  3085  3258 I ViewRootImpl@508939f[dogglers]: Received frameDrawingCallback syncResult=0 frameNum=1.
05-18 00:47:10.410  3085  3258 I ViewRootImpl@508939f[dogglers]: Setting up sync and frameCommitCallback
05-18 00:47:10.413 19748 19748 D LifecycleMonitor: Lifecycle status change: com.example.dogglers.GridListActivity@f197277 in: PRE_ON_CREATE
05-18 00:47:10.413  2315  2435 I SemPersonaManager: SecureFolder personaId = 150
05-18 00:47:10.413 19748 19748 V ActivityScenario: Activity lifecycle changed event received but ignored because the reported transition was not ON_CREATE while the last known transition was PRE_ON_CREATE
05-18 00:47:10.414  2315  2984 I SemWifiEleStateTracker: Ele Parameters BD : 10 12 11 10 0 13 MD : -102 -102 -102 -102 -102 -102 WD : -61 -61 -60 -62 -62 -61 GC : false false false false false false SC : false false false false false false SH : false false false false false false TB : false false false false false false
05-18 00:47:10.415  3085  3222 I BLASTBufferQueue: [ViewRootImpl@508939f[dogglers]#4480](f:0,a:0) onFrameAvailable the first frame is available
05-18 00:47:10.418  3085  3222 I ViewRootImpl@508939f[dogglers]: Received frameCommittedCallback lastAttemptedDrawFrameNum=1 didProduceBuffer=true
05-18 00:47:10.419  2315  2435 D EnterpriseDeviceManagerService: isMdmAdminPresentInternal() : MDM Admin Found - com.samsung.knox.securefolder
05-18 00:47:10.419  3085  3222 D OpenGLRenderer: CFMS:: SetUp Pid : 3085    Tid : 3222
05-18 00:47:10.420  2315  4570 I MediaSessionMonitor: Media session stopped : controllerList empty
05-18 00:47:10.421  3085  3222 W Parcel  : Expecting binder but got null!
05-18 00:47:10.421  3085  3207 I ViewRootImpl@508939f[dogglers]: onSyncComplete
05-18 00:47:10.421  3085  3207 I ViewRootImpl@508939f[dogglers]: setupSync seqId=0 mSyncId=0 fn=1 caller=android.view.ViewRootImpl$$ExternalSyntheticLambda11.accept:6 android.window.SurfaceSyncer.lambda$setupSync$1$android-window-SurfaceSyncer:128 android.window.SurfaceSyncer$$ExternalSyntheticLambda1.accept:8 android.window.SurfaceSyncer$SyncSet.checkIfSyncIsComplete:382 android.window.SurfaceSyncer$SyncSet.markSyncReady:359 android.window.SurfaceSyncer.markSyncReady:151 android.view.ViewRootImpl.performTraversals:4503
05-18 00:47:10.421  3085  3207 I ViewRootImpl@508939f[dogglers]: reportDrawFinished seqId=0 mSyncId=-1 fn=1 mSurfaceChangedTransaction=0xb40000737750a4f0
05-18 00:47:10.429  1533  1680 I SurfaceFlinger: id=113172 createSurf, flag=24000, Surface(name=Task=1)/@0x889ba84 - animation-leash of app_transition#113172
05-18 00:47:10.431  1533  1680 I SurfaceFlinger: id=113173 createSurf, flag=24004, Surface(name=Task=1006)/@0x4ab7c85 - animation-leash of app_transition#113173
05-18 00:47:10.433  1533  1680 I SurfaceFlinger: id=113174 createSurf, flag=80000, 2a79540 ActivityRecordInputSink com.example.dogglers/androidx.test.core.app.InstrumentationActivityInvoker$BootstrapActivity#113174
05-18 00:47:10.433 19748 19748 I DecorView: [INFO] isPopOver=false config=true
05-18 00:47:10.433 19748 19748 I DecorView: updateCaptionType: isFloating=false isApplication=true hasWindowDecorCaption=false this=DecorView@adb475a[]
05-18 00:47:10.434 19748 19748 D DecorView: setCaptionType = 0, this = DecorView@adb475a[]
05-18 00:47:10.434 19748 19748 I DecorView: getCurrentDensityDpi: from real metrics. densityDpi=560 msg=resources_loaded
05-18 00:47:10.434 19748 19748 I DecorView: setWindowBackground: isPopOver=false color=ff121212 d=android.graphics.drawable.ColorDrawable@bac7e68
05-18 00:47:10.437  3588  3588 I BadgeRenderer: Invalid count : 0
05-18 00:47:10.437  3588  3588 I BadgeRenderer: Invalid count : 0
05-18 00:47:10.437  3588  3588 I BadgeRenderer: Invalid count : 0
05-18 00:47:10.441  1533  1680 I SurfaceFlinger: id=113175 createSurf, flag=80000, dabfbd2 ActivityRecordInputSink com.example.dogglers/.GridListActivity#113175
05-18 00:47:10.443  5964  5964 I ActivityUtils: HomePackage : com.sec.android.app.launcher, resumePackageName : com.example.dogglers
05-18 00:47:10.444  3085  3163 D Bubbles : onLocusVisibilityChanged: LocusId[17_chars] visible=false
05-18 00:47:10.446 19748 19748 W xample.dogglers: Accessing hidden method Landroid/view/View;->computeFitSystemWindows(Landroid/graphics/Rect;Landroid/graphics/Rect;)Z (unsupported, reflection, allowed)
05-18 00:47:10.446 19748 19748 W xample.dogglers: Accessing hidden method Landroid/view/ViewGroup;->makeOptionalFitsSystemWindows()V (unsupported, reflection, allowed)
05-18 00:47:10.453 19748 19748 D LifecycleMonitor: Lifecycle status change: com.example.dogglers.GridListActivity@f197277 in: CREATED
05-18 00:47:10.453 19748 19748 V ActivityScenario: Update currentActivityStage to CREATED, currentActivity=com.example.dogglers.GridListActivity@f197277
05-18 00:47:10.454 19748 19748 D LifecycleMonitor: Lifecycle status change: com.example.dogglers.GridListActivity@f197277 in: STARTED
05-18 00:47:10.454 19748 19748 V ActivityScenario: Update currentActivityStage to STARTED, currentActivity=com.example.dogglers.GridListActivity@f197277
05-18 00:47:10.455 19748 19748 D LifecycleMonitor: Lifecycle status change: com.example.dogglers.GridListActivity@f197277 in: RESUMED
05-18 00:47:10.455 19748 19748 V ActivityScenario: Update currentActivityStage to RESUMED, currentActivity=com.example.dogglers.GridListActivity@f197277
05-18 00:47:10.455 19748 19748 I MSHandlerLifeCycle: check: return. pkg=com.example.dogglers parent=null callers=com.android.internal.policy.DecorView.setVisibility:4416 android.app.ActivityThread.handleResumeActivity:5476 android.app.servertransaction.ResumeActivityItem.execute:54 android.app.servertransaction.ActivityTransactionItem.execute:45 android.app.servertransaction.TransactionExecutor.executeLifecycleState:176
05-18 00:47:10.455 19748 19748 I MSHandlerLifeCycle: removeMultiSplitHandler: no exist. decor=DecorView@adb475a[]
05-18 00:47:10.461 19748 19789 D NativeCustomFrequencyManager: [NativeCFMS] BpCustomFrequencyManager::BpCustomFrequencyManager()
05-18 00:47:10.464  2315  6291 D InputTransport: Input channel constructed: '5886ce7', fd=1210
05-18 00:47:10.464  2315  6291 D InputTransport: Input channel constructed: '5886ce7', fd=1211
05-18 00:47:10.464  2315  6291 D InputTransport: Input channel constructed: '5886ce7', fd=1213
05-18 00:47:10.464  1533  1680 I SurfaceFlinger: id=113176 createSurf, flag=80004, 5886ce7 com.example.dogglers/com.example.dogglers.GridListActivity#113176
05-18 00:47:10.464 19748 19773 D EventInjectionStrategy: Creating injection strategy with input manager.
05-18 00:47:10.465  2315  6291 D InputTransport: Input channel destroyed: '5886ce7', fd=1213
05-18 00:47:10.466 19748 19748 D InsetsController: onStateChanged: InsetsState: {mDisplayFrame=Rect(0, 0 - 1440, 3088), mDisplayCutout=DisplayCutout{insets=Rect(0, 100 - 0, 0) waterfall=Insets{left=0, top=0, right=0, bottom=0} boundingRect={Bounds=[Rect(0, 0 - 0, 0), Rect(683, 0 - 758, 100), Rect(0, 0 - 0, 0), Rect(0, 0 - 0, 0)]} cutoutPathParserInfo={CutoutPathParserInfo{displayWidth=1440 displayHeight=3088 physicalDisplayWidth=1440 physicalDisplayHeight=3088 density={3.75} cutoutSpec={M 0,0 H -10 V 26.66666666666667 H 10 V 0 H 0 Z @dp} rotation={0} scale={1.0} physicalPixelDisplaySizeRatio={1.0}}}}, mRoundedCorners=RoundedCorners{[RoundedCorner{position=TopLeft, radius=14, center=Point(14, 14)}, RoundedCorner{position=TopRight, radius=14, center=Point(1426, 14)}, RoundedCorner{position=BottomRight, radius=14, center=Point(1426, 3074)}, RoundedCorner{position=BottomLeft, radius=14, center=Point(14, 3074)}]}  mRoundedCornerFrame=Rect(0, 0 - 1440, 3088), mPrivacyIndicatorBounds=PrivacyIndicatorBounds {static bounds=Rect(1286, 0 - 1440, 100) rotation=0}, mSources= { InsetsSource: {mType=ITYPE_STATUS_BAR, mFrame=[0,0][1440,100], mVisible=true, mInsetsRoundedCornerFrame=false}, InsetsSource: {mType=ITYPE_NAVIGATION_BAR, mFrame=[0,2920][1440,3088], mVisible=true, mInsetsRoundedCornerFrame=false}, InsetsSource: {mType=ITYPE_LEFT_GESTURES, mFrame=[0,0][0,3088], mVisible=true, mInsetsRoundedCornerFrame=false}, InsetsSource: {mType=ITYPE_RIGHT_GESTURES, mFrame=[1440,0][1440,3088], mVisible=true, mInsetsRoundedCornerFrame=false}, InsetsSource: {mType=ITYPE_TOP_MANDATORY_GESTURES, mFrame=[0,0][1440,142], mVisible=true, mInsetsRoundedCornerFrame=false}, InsetsSource: {mType=ITYPE_BOTTOM_MANDATORY_GESTURES, mFrame=[0,2920][1440,3088], mVisible=true, mInsetsRoundedCornerFrame=false}, InsetsSource: {mType=ITYPE_LEFT_DISPLAY_CUTOUT, mFrame=[0,0][-100000,3088], mVisible=true, mInsetsRoundedCornerFrame=false}, InsetsSource: {mType=ITYPE_TOP_DISPLAY_CUTOUT, mFrame=[0,0][1440,100], mVisible=true, mInsetsRoundedCornerFrame=false}, InsetsSource: {mType=ITYPE_RIGHT_DISPLAY_CUTOUT, mFrame=[100000,0][1440,3088], mVisible=true, mInsetsRoundedCornerFrame=false}, InsetsSource: {mType=ITYPE_BOTTOM_DISPLAY_CUTOUT, mFrame=[0,100000][1440,3088], mVisible=true, mInsetsRoundedCornerFrame=false}, InsetsSource: {mType=ITYPE_TOP_TAPPABLE_ELEMENT, mFrame=[0,0][1440,100], mVisible=true, mInsetsRoundedCornerFrame=false}, InsetsSource: {mType=ITYPE_BOTTOM_TAPPABLE_ELEMENT, mFrame=[0,2920][1440,3088], mVisible=true, mInsetsRoundedCornerFrame=false}, InsetsSource: {mType=ITYPE_IME, mFrame=[0,0][0,0], mVisibleFrame=[0,1766][1440,3088], mVisible=false, mInsetsRoundedCornerFrame=false} } host=com.example.dogglers/com.example.dogglers.GridListActivity from=android.view.ViewRootImpl.setView:1732
05-18 00:47:10.466 19748 19773 W xample.dogglers: Accessing hidden method Landroid/hardware/input/InputManager;->getInstance()Landroid/hardware/input/InputManager; (unsupported, reflection, allowed)
05-18 00:47:10.466 19748 19773 W xample.dogglers: Accessing hidden method Landroid/hardware/input/InputManager;->injectInputEvent(Landroid/view/InputEvent;I)Z (unsupported, reflection, allowed)
05-18 00:47:10.466 19748 19773 W xample.dogglers: Accessing hidden field Landroid/hardware/input/InputManager;->INJECT_INPUT_EVENT_MODE_WAIT_FOR_FINISH:I (unsupported, reflection, allowed)
05-18 00:47:10.468 19748 19748 I ViewRootImpl@ea4ef44[GridListActivity]: setView = com.android.internal.policy.DecorView@adb475a TM=true
05-18 00:47:10.468 19748 19748 I MSHandlerLifeCycle: removeMultiSplitHandler: no exist. decor=DecorView@adb475a[GridListActivity]
05-18 00:47:10.469 19748 19748 I IDS_TAG : Clearing training data of android.app.Application@4a1dc97
05-18 00:47:10.470 19748 19748 D IDS_TAG : Starting IDS observe window
05-18 00:47:10.470 19748 19748 D IDS_TAG : Getting Shared Preference for android.app.Application@4a1dc97 uid = 10725
05-18 00:47:10.471 19748 19748 D IDS_TAG : App android.app.Application@4a1dc97 has not finished training
05-18 00:47:10.471 19748 19748 D LifecycleMonitor: Lifecycle status change: androidx.test.core.app.InstrumentationActivityInvoker$BootstrapActivity@3fcf625 in: STOPPED
05-18 00:47:10.471  2315  2481 D AnalyticsContainerHandler: handleMessage : { when=0 what=1 target=com.android.server.knox.KnoxAnalyticsContainer$AnalyticsHandler }
05-18 00:47:10.471 19748 19748 V ActivityScenario: Activity lifecycle changed event received but ignored because the intent does not match. startActivityIntent=Intent { act=android.intent.action.MAIN cat=[android.intent.category.LAUNCHER] cmp=com.example.dogglers/.GridListActivity }, activity.getIntent()=Intent { act=android.intent.action.MAIN cat=[android.intent.category.LAUNCHER] flg=0x10008000 cmp=com.example.dogglers/androidx.test.core.app.InstrumentationActivityInvoker$BootstrapActivity (has extras) }, activity=androidx.test.core.app.InstrumentationActivityInvoker$BootstrapActivity@3fcf625
05-18 00:47:10.472 19748 19748 D IDS_TAG : Closing IDS observe window
05-18 00:47:10.472 19748 19748 D IDS_TAG : Getting Shared Preference for android.app.Application@4a1dc97 uid = 10725
05-18 00:47:10.472 19748 19748 D IDS_TAG : IDS count updated to 1 for android.app.Application@4a1dc97
05-18 00:47:10.477  1533  1676 I VSyncReactor: Current= 24, Period= 120, hwcPeriod= 24
05-18 00:47:10.478 19748 19748 I ViewRootImpl@ea4ef44[GridListActivity]: performTraversals params={(0,0)(fillxfill) sim={adjust=resize forwardNavigation} ty=BASE_APPLICATION wanim=0x1030309
05-18 00:47:10.478 19748 19748 I ViewRootImpl@ea4ef44[GridListActivity]:   fl=81810100
05-18 00:47:10.478 19748 19748 I ViewRootImpl@ea4ef44[GridListActivity]:   pfl=12020040
05-18 00:47:10.478 19748 19748 I ViewRootImpl@ea4ef44[GridListActivity]:   bhv=DEFAULT
05-18 00:47:10.478 19748 19748 I ViewRootImpl@ea4ef44[GridListActivity]:   fitSides= naviIconColor=0}
05-18 00:47:10.478 19748 19748 I ViewRootImpl@ea4ef44[GridListActivity]: performTraversals mFirst=true windowShouldResize=true viewVisibilityChanged=false mForceNextWindowRelayout=false params={(0,0)(fillxfill) sim={adjust=resize forwardNavigation} ty=BASE_APPLICATION wanim=0x1030309
05-18 00:47:10.478 19748 19748 I ViewRootImpl@ea4ef44[GridListActivity]:   fl=81810100
05-18 00:47:10.478 19748 19748 I ViewRootImpl@ea4ef44[GridListActivity]:   pfl=12020040
05-18 00:47:10.478 19748 19748 I ViewRootImpl@ea4ef44[GridListActivity]:   bhv=DEFAULT
05-18 00:47:10.478 19748 19748 I ViewRootImpl@ea4ef44[GridListActivity]:   fitSides= naviIconColor=0}
05-18 00:47:10.479  2315  2356 V WindowManager: Relayout Window{5886ce7 u0 com.example.dogglers/com.example.dogglers.GridListActivity}: viewVisibility=0 req=1440x3088 d0
05-18 00:47:10.479  1533  1680 I SurfaceFlinger: id=113177 createSurf, flag=40004, com.example.dogglers/com.example.dogglers.GridListActivity$_19748#113177
05-18 00:47:10.481  1533  1680 I SurfaceFlinger: id=113178 createSurf, flag=24000, Surface(name=a5e6516 StatusBar)/@0x266f9f6 - animation-leash of insets_animation#113178
05-18 00:47:10.481  1533  1680 I SurfaceFlinger: id=113179 createSurf, flag=24000, Surface(name=b1c69c9 NavigationBar0)/@0x6818acd - animation-leash of insets_animation#113179
05-18 00:47:10.482  2315  2356 V WindowManager: Relayout hash=5886ce7, pid=19748, syncId=-1: mAttrs={(0,0)(fillxfill) sim={adjust=resize forwardNavigation} ty=BASE_APPLICATION wanim=0x1030309
05-18 00:47:10.482  2315  2356 V WindowManager:   fl=81810100
05-18 00:47:10.482  2315  2356 V WindowManager:   pfl=12020040
05-18 00:47:10.482  2315  2356 V WindowManager:   bhv=DEFAULT
05-18 00:47:10.482  2315  2356 V WindowManager:   fitSides= naviIconColor=0}
05-18 00:47:10.482  3588 26523 I TouchInteractionService: onSystemUiStateChanged, stateFlags : 131072 |allow_gesture|
05-18 00:47:10.482  3588  3588 I RecentsAnimationDeviceState: setSystemUiFlags, stateFlags : 131072
05-18 00:47:10.482  3588  3588 I TouchInteractionService: onSystemUiFlagsChanged, lastSysUIFlags : 0
05-18 00:47:10.483 19748 19748 I ViewRootImpl@ea4ef44[GridListActivity]: updateBlastSurfaceIfNeeded mBlastBufferQueue=null isSameSurfaceControl=false
05-18 00:47:10.483 19748 19748 E BufferQueueProducer: Unable to open libpenguin.so: dlopen failed: library "libpenguin.so" not found.
05-18 00:47:10.483 19748 19748 I BLASTBufferQueue: new BLASTBufferQueue, mName= ViewRootImpl@ea4ef44[GridListActivity] mNativeObject= 0xb4000073b7267530 sc.mNativeObject= 0xb40000734729d520 caller= android.view.ViewRootImpl.updateBlastSurfaceIfNeeded:2909 android.view.ViewRootImpl.relayoutWindow:9847 android.view.ViewRootImpl.performTraversals:3884 android.view.ViewRootImpl.doTraversal:3116 android.view.ViewRootImpl$TraversalRunnable.run:10885 android.view.Choreographer$CallbackRecord.run:1301 android.view.Choreographer$CallbackRecord.run:1309 android.view.Choreographer.doCallbacks:923 android.view.Choreographer.doFrame:852 android.view.Choreographer$FrameDisplayEventReceiver.run:1283
05-18 00:47:10.483 19748 19748 I BLASTBufferQueue: update, w= 1440 h= 3088 mName = ViewRootImpl@ea4ef44[GridListActivity] mNativeObject= 0xb4000073b7267530 sc.mNativeObject= 0xb40000734729d520 format= -1 caller= android.graphics.BLASTBufferQueue.<init>:84 android.view.ViewRootImpl.updateBlastSurfaceIfNeeded:2909 android.view.ViewRootImpl.relayoutWindow:9847 android.view.ViewRootImpl.performTraversals:3884 android.view.ViewRootImpl.doTraversal:3116 android.view.ViewRootImpl$TraversalRunnable.run:10885
05-18 00:47:10.484 19748 19748 I ViewRootImpl@ea4ef44[GridListActivity]: Relayout returned: old=(0,0,1440,3088) new=(0,0,1440,3088) req=(1440,3088)0 dur=5 res=0x3 s={true 0xb40000744725e6c0} ch=true seqId=0
05-18 00:47:10.484 19748 19748 I ViewRootImpl@ea4ef44[GridListActivity]: mThreadedRenderer.initialize() mSurface={isValid=true 0xb40000744725e6c0} hwInitialized=true
05-18 00:47:10.485  1432  1674 I SDM     : HWCColorModeStc::GetColorModeCount: Supported color mode count = 3
05-18 00:47:10.485  1432  1674 I SDM     : HWCColorModeStc::GetColorModes: Color mode = 0 is supported
05-18 00:47:10.485  1432  1674 I SDM     : HWCColorModeStc::GetColorModes: Color mode = 7 is supported
05-18 00:47:10.485  1432  1674 I SDM     : HWCColorModeStc::GetColorModes: Color mode = 9 is supported
05-18 00:47:10.486 19748 19789 D OpenGLRenderer: eglCreateWindowSurface
05-18 00:47:10.489   907  1142 I servicemanager: Could not find android.hardware.graphics.allocator.IAllocator/default in the VINTF manifest.
05-18 00:47:10.495  3588 26523 I RecentModel: onTaskStackChangedBackground
05-18 00:47:10.496  5668 20666 I [AirCmd]_ActivitySwitchDetector: onTaskStackChanged : componentName - ComponentInfo{com.example.dogglers/com.example.dogglers.GridListActivity}
05-18 00:47:10.496  5668 20666 I [AirCmd]_ActivitySwitchDetector: onTaskStackChanged : mTopMostActivity - ComponentInfo{com.example.dogglers/androidx.test.core.app.InstrumentationActivityInvoker$BootstrapActivity}
05-18 00:47:10.496  5894  6582 I SemDvfsHyPerManager: acquire hyper - BaseTABoost/5894@20, type = 1090523139
05-18 00:47:10.497  5668 20666 I [AirCmd]_CallbackRepeater: stopRepeat : isWorking=false
05-18 00:47:10.497  5668 20666 I [AirCmd]_MediaControlStateMonitor: isForegroundAppSupportsMediaButton : mediaSession is empty
05-18 00:47:10.497  5668 20666 I [AirCmd]_MediaControlStateMonitor: active Notification List is null
05-18 00:47:10.497  5668 20666 I [AirCmd]_RemoteSpenMainController: hasGeneralAction : packageName is com.example.dogglers, activityName is com.example.dogglers.GridListActivity, hasActions is false
05-18 00:47:10.497  5668 20666 I [AirCmd]_CameraAvailabilityMonitor: isCameraPreviewOn : mIsCameraPreviewOn is false
05-18 00:47:10.497  1412  1438 I HYPER-HAL: [RequestManager.cpp]acquire(): Acquired ID : 17490675  [5894 / 20]    HINT :      list : [TABoost / 1]
05-18 00:47:10.497  5668 20666 I [AirCmd]_CameraAvailabilityMonitor: isCameraPreviewOn : mIsCameraPreviewOn is false
05-18 00:47:10.498  5668 20666 I [AirCmd]_MediaControlStateMonitor: isForegroundAppSupportsMediaButton : mediaSession is empty
05-18 00:47:10.498  5668 20666 I [AirCmd]_MediaControlStateMonitor: active Notification List is null
05-18 00:47:10.498  5668 20666 I [AirCmd]_PenActionRule: getAction : get default action data from remote action because pen action data is null.
05-18 00:47:10.498  5668 20666 I [AirCmd]_ButtonActionDetector: enableDoubleClickDetection: enabled=true, doubleClickWaitInterval=300
05-18 00:47:10.498  5668 20666 I [AirCmd]_RemoteSpenMainController: onSwitch : package is com.example.dogglers   and activity is com.example.dogglers.GridListActivity and isBleConnected is false and hasActions is false
05-18 00:47:10.498  3588  3982 I RecentTasksList: loadTasksInBackground : groupTask = GroupTask{task1=[id=1006 windowingMode=1 user=0 lastActiveTime=1776550402] null, task2=null, task3=null, mStagedSplitBounds=null}
05-18 00:47:10.511  1533  1533 I Layer   : Layer [Splash Screen com.example.dogglers$_3085#113171] hidden!! flag(0)
05-18 00:47:10.511  1533  1533 I DisplayDevice: [Display 4630947232161729154 (internal, primary, "")] ActiveConfigToHWC, ID : 0
05-18 00:47:10.512  1533  1533 I LayerHistory: com.sec.android.app.launcher/com.sec.android.app.launcher.activities.LauncherActivity$_3588#113156 is infrequent
05-18 00:47:10.512  1533  1533 I SurfaceFlinger: Touch - choose 120.00 Hz
05-18 00:47:10.514  2315  2980 W SemWifiTransportLayerUtils: getApplicationCategory - IOException com.example.dogglers
05-18 00:47:10.514  2315  2980 W System.err: java.io.FileNotFoundException: https://play.google.com/store/apps/details?id=com.example.dogglers&hl=en
05-18 00:47:10.514  2315  2980 W System.err: 	at com.android.okhttp.internal.huc.HttpURLConnectionImpl.getInputStream(HttpURLConnectionImpl.java:255)
05-18 00:47:10.514  2315  2980 W System.err: 	at com.android.okhttp.internal.huc.DelegatingHttpsURLConnection.getInputStream(DelegatingHttpsURLConnection.java:211)
05-18 00:47:10.514  2315  2980 W System.err: 	at com.android.okhttp.internal.huc.HttpsURLConnectionImpl.getInputStream(HttpsURLConnectionImpl.java:30)
05-18 00:47:10.514  2315  2980 W System.err: 	at com.samsung.android.server.wifi.tcp.SemWifiTransportLayerUtils.getApplicationCategory(SemWifiTransportLayerUtils.java:104)
05-18 00:47:10.514  2315  2980 W System.err: 	at com.samsung.android.server.wifi.tcp.SemWifiTransportLayerMonitor$TcpMonitorHandler.handleMessage(SemWifiTransportLayerMonitor.java:244)
05-18 00:47:10.514  2315  2980 W System.err: 	at android.os.Handler.dispatchMessage(Handler.java:106)
05-18 00:47:10.514  2315  2980 W System.err: 	at android.os.Looper.loopOnce(Looper.java:226)
05-18 00:47:10.514  2315  2980 W System.err: 	at android.os.Looper.loop(Looper.java:313)
05-18 00:47:10.514  2315  2980 W System.err: 	at android.os.HandlerThread.run(HandlerThread.java:67)
05-18 00:47:10.514  2315  2980 D SemWifiTransportLayerMonitor.TcpMonitorHandler: MSG_SAVE_PACKAGE_INFO
05-18 00:47:10.514  2315  2980 D SemWifiTransportLayerFileManager: saveWifiPackageInfoToFile
05-18 00:47:10.514  2315  2980 D SemWifiTransportLayerFileManager: writeWifiPackageInfoList
05-18 00:47:10.525  1533  1676 I VSyncReactor: Current= 24, Period= 120, hwcPeriod= 120
05-18 00:47:10.527  1432  1674 I SDM     : HWCDisplay::SubmitDisplayConfig: [DispConfigs] config 6 => 0, hs_mode 1 => 1
05-18 00:47:10.527  1432  1674 I SDM     : HWDeviceDRM::SetDisplaySwitchMode: [DispConfigs] check hs_mode 1
05-18 00:47:10.527  1432  1674 I SDM     : HWDeviceDRM::SetDisplaySwitchMode: [DispConfigs] Set mode index:0 1440x3088x120xcmdHS, hs_mode(1), found_mode(1)
05-18 00:47:10.527  1432  1674 I SDM     : HWDeviceDRM::UpdateMixerAttributes: Mixer WxH 1440x3088-1 for Peripheral
05-18 00:47:10.527  1432  1674 I SDM     : HWCDisplay::SubmitDisplayConfig: [MultiResolution] Set FrameBuffer to config = 0, wh = (1440, 3088)
05-18 00:47:10.527  1432  1674 I SDM     : DisplayBase::SetFrameBufferConfig: New framebuffer resolution (1440x3088)
05-18 00:47:10.527  1432  1674 I SDM     : HWCDisplay::SetFrameBufferConfig: New framebuffer resolution (1440x3088)
05-18 00:47:10.527  1432  1674 I SDM     : HWCDisplay::SubmitDisplayConfig: Active configuration changed from config 6 to 0
05-18 00:47:10.529  1533  1533 I Scheduler: DisplayModeChanged : 0
05-18 00:47:10.533  3085  3085 D DisplayLifecycle: updateDisplay id = 0
05-18 00:47:10.533  2315  4562 D LiftUpHandler: [LTW] Stopped already.
05-18 00:47:10.534  2315  2315 D AODManagerService: requestReCalToTSP IsSingleTouchMode = false / previousDisplayState = ON
05-18 00:47:10.544  1533  1676 I VSyncReactor: Current= 120, Period= 120, Distance= 15
05-18 00:47:10.552  1533  1676 I VSyncReactor: Current= 120, Period= 120, Distance= 121
05-18 00:47:10.552 19748 19748 I ViewRootImpl@ea4ef44[GridListActivity]: reportNextDraw android.view.ViewRootImpl.performTraversals:4438 android.view.ViewRootImpl.doTraversal:3116 android.view.ViewRootImpl$TraversalRunnable.run:10885 android.view.Choreographer$CallbackRecord.run:1301 android.view.Choreographer$CallbackRecord.run:1309
05-18 00:47:10.552 19748 19748 I ViewRootImpl@ea4ef44[GridListActivity]: Setup new sync id=0
05-18 00:47:10.552 19748 19748 I ViewRootImpl@ea4ef44[GridListActivity]: Setting syncFrameCallback
05-18 00:47:10.552 19748 19748 I ViewRootImpl@ea4ef44[GridListActivity]: registerCallbacksForSync syncBuffer=false
05-18 00:47:10.559 19748 19756 I xample.dogglers: Compiler allocated 4167KB to compile void android.widget.TextView.<init>(android.content.Context, android.util.AttributeSet, int, int)
05-18 00:47:10.560 19748 19806 I ViewRootImpl@ea4ef44[GridListActivity]: Received frameDrawingCallback syncResult=0 frameNum=1.
05-18 00:47:10.560 19748 19806 I ViewRootImpl@ea4ef44[GridListActivity]: Setting up sync and frameCommitCallback
05-18 00:47:10.567  2315  2958 V SemCellularStateManager: notifyCellularStateChanged : sendCommandUpdateCellularCapabilities called
05-18 00:47:10.568  2315  2958 D SemSupplicantStaIfaceHalHidlImpl: updateCellularCapabilities called
05-18 00:47:10.569  1533  1533 I Layer   : id=113157 removedFromDrawingState Surface(name=a5e6516 StatusBar)/@0x266f9f6 - animation-leash of insets_animation#113157 (119)
05-18 00:47:10.569  1533  1533 I Layer   : id=113158 removedFromDrawingState Surface(name=b1c69c9 NavigationBar0)/@0x6818acd - animation-leash of insets_animation#113158 (119)
05-18 00:47:10.569  1533  1533 I SurfaceFlinger: [5886ce7 com.example.dogglers/com.example.dogglers.GridListActivity#113176] FrameRatePriority: 1
05-18 00:47:10.569  1533  1533 I SurfaceFlinger: id=113157 Removed Surface(name=a5e6516 StatusBar)/@0x266f9f6 - animation-leash of insets_animation#113157 (119)
05-18 00:47:10.569  1533  1533 I SurfaceFlinger: id=113158 Removed Surface(name=b1c69c9 NavigationBar0)/@0x6818acd - animation-leash of insets_animation#113158 (119)
