05-18 00:47:13.161  1533  1680 I SurfaceFlinger: id=113283 Removed Surface(name=daea37f InputMethod)/@0x913f89b - animation-leash of insets_animation#113283 (124)
05-18 00:47:13.161  3085  3257 I ViewRootImpl@1100f55[dogglers]: mWNT: t=0xb400007377721e10 mBlastBufferQueue=0xb4000073b7482f90 fn= 3 caller= android.view.SyncRtSurfaceTransactionApplier.applyTransaction:96 android.view.SyncRtSurfaceTransactionApplier.lambda$scheduleApply$0$android-view-SyncRtSurfaceTransactionApplier:69 android.view.SyncRtSurfaceTransactionApplier$$ExternalSyntheticLambda0.onFrameDraw:4
05-18 00:47:13.163  2315  3073 D InputMethodManagerService: isImeSwitcherDisabledPackage : false
05-18 00:47:13.164  5591  5591 I InputMethodService: removeImeSurface
05-18 00:47:13.164 19748 19748 I ViewInteraction: Checking 'MatchesViewAssertion{viewMatcher=(view has effective visibility <VISIBLE> and view.getGlobalVisibleRect() to return non-empty rectangle)}' assertion on view an instance of android.widget.TextView and view.getText() with or without transformation to match: is "Bella"
05-18 00:47:13.165  5591  5591 I MSHandlerLifeCycle: check: return. pkg=com.samsung.android.honeyboard isActivity=false callers=com.android.internal.policy.DecorView.setVisibility:4416 android.app.Dialog.hide:767 android.inputmethodservice.InputMethodService.removeImeSurface:1290 android.inputmethodservice.InputMethodService.scheduleImeSurfaceRemoval:1279 android.inputmethodservice.InputMethodService.-$$Nest$mscheduleImeSurfaceRemoval:0
05-18 00:47:13.165  5591  5591 I MSHandlerLifeCycle: removeMultiSplitHandler: no exist. decor=DecorView@9a0695a[InputMethod]
05-18 00:47:13.167  2315  2435 I ChimeraSystemEventListener: appLaunchIntent package name is: com.example.dogglers
05-18 00:47:13.169  1533  1533 I Layer   : id=113283 Destroyed Surface(name=daea37f InputMethod)/@0x913f89b - animation-leash of insets_animation#113283
05-18 00:47:13.170  2315  3567 I SemDvfsHyPerManager: acquire hyper - AMS_ACT_START/2315@21, type = -999
05-18 00:47:13.171  3085  3258 I ViewRootImpl@1100f55[dogglers]: mWNT: t=0xb4000073773b81b0 mBlastBufferQueue=0xb4000073b7482f90 fn= 4 caller= android.view.SyncRtSurfaceTransactionApplier.applyTransaction:96 android.view.SyncRtSurfaceTransactionApplier.lambda$scheduleApply$0$android-view-SyncRtSurfaceTransactionApplier:69 android.view.SyncRtSurfaceTransactionApplier$$ExternalSyntheticLambda0.onFrameDraw:4
05-18 00:47:13.171  1412  1438 I HYPER-HAL: [RequestManager.cpp]acquire(): Acquired ID : 2729637  [2315 / 21]    HINT : AMS_ACT_START    list :
05-18 00:47:13.172  1533  3008 I SurfaceFlinger: id=113300 createSurf, flag=80004, ActivityRecord{f8bbdb0 u0 com.example.dogglers/androidx.test.core.app.InstrumentationActivityInvoker$EmptyActivity} t1009}#113300
05-18 00:47:13.176  1533  3008 I SurfaceFlinger: id=113301 createSurf, flag=80000, 9ea0cf3 ActivityRecordInputSink com.example.dogglers/androidx.test.core.app.InstrumentationActivityInvoker$EmptyActivity#113301
05-18 00:47:13.177  1533  1533 D SurfaceFlinger: GPIS:: requestGPIS
05-18 00:47:13.177  4633  4633 E pageboostd: Received HALT command code 2
05-18 00:47:13.178  3085  3257 I ViewRootImpl@1100f55[dogglers]: mWNT: t=0xb4000073776da950 mBlastBufferQueue=0xb4000073b7482f90 fn= 5 caller= android.view.SyncRtSurfaceTransactionApplier.applyTransaction:96 android.view.SyncRtSurfaceTransactionApplier.lambda$scheduleApply$0$android-view-SyncRtSurfaceTransactionApplier:69 android.view.SyncRtSurfaceTransactionApplier$$ExternalSyntheticLambda0.onFrameDraw:4
05-18 00:47:13.179  2315  2435 D PersonaActivityHelper: Activity not in resumed state, do not run immediate lock
05-18 00:47:13.180  3588 20259 I RecentModel: onTaskStackChangedBackground
05-18 00:47:13.180 19748 19748 D LifecycleMonitor: Lifecycle status change: com.example.dogglers.GridListActivity@2c826ec in: PAUSED
05-18 00:47:13.180 19748 19748 V ActivityScenario: Update currentActivityStage to PAUSED, currentActivity=com.example.dogglers.GridListActivity@2c826ec
05-18 00:47:13.181  5894  6582 I SemDvfsHyPerManager: acquire hyper - BaseTABoost/5894@20, type = 1090523139
05-18 00:47:13.181  1412  1438 I HYPER-HAL: [RequestManager.cpp]acquire(): Acquired ID : 17490675  [5894 / 20]    HINT :      list : [TABoost / 1]
05-18 00:47:13.183  2315  6291 D InputDispatcher: Focused application(0): ActivityRecord{f8bbdb0 u0 com.example.dogglers/androidx.test.core.app.InstrumentationActivityInvoker$EmptyActivity} t1009}
05-18 00:47:13.185  1533  1533 I SurfaceFlinger: [a6e7b14 com.example.dogglers/com.example.dogglers.GridListActivity#113294] FrameRatePriority: -1
05-18 00:47:13.186  3588  3982 I RecentTasksList: loadTasksInBackground : groupTask = GroupTask{task1=[id=1009 windowingMode=1 user=0 lastActiveTime=1776553088] null, task2=null, task3=null, mStagedSplitBounds=null}
05-18 00:47:13.186  5668  5704 I [AirCmd]_ActivitySwitchDetector: onTaskStackChanged : componentName - ComponentInfo{com.example.dogglers/androidx.test.core.app.InstrumentationActivityInvoker$EmptyActivity}
05-18 00:47:13.186  5668  5704 I [AirCmd]_ActivitySwitchDetector: onTaskStackChanged : mTopMostActivity - ComponentInfo{com.example.dogglers/androidx.test.core.app.InstrumentationActivityInvoker$BootstrapActivity}
05-18 00:47:13.187 19748 19748 D LifecycleMonitor: Lifecycle status change: androidx.test.core.app.InstrumentationActivityInvoker$EmptyActivity@ab016a0 in: PRE_ON_CREATE
05-18 00:47:13.187 19748 19748 V ActivityScenario: Activity lifecycle changed event received but ignored because the intent does not match. startActivityIntent=Intent { act=android.intent.action.MAIN cat=[android.intent.category.LAUNCHER] cmp=com.example.dogglers/.GridListActivity }, activity.getIntent()=Intent { act=android.intent.action.MAIN cat=[android.intent.category.LAUNCHER] flg=0x10000000 cmp=com.example.dogglers/androidx.test.core.app.InstrumentationActivityInvoker$EmptyActivity }, activity=androidx.test.core.app.InstrumentationActivityInvoker$EmptyActivity@ab016a0
05-18 00:47:13.188  3085  3258 I ViewRootImpl@1100f55[dogglers]: mWNT: t=0xb4000073773702d0 mBlastBufferQueue=0xb4000073b7482f90 fn= 6 caller= android.view.SyncRtSurfaceTransactionApplier.applyTransaction:96 android.view.SyncRtSurfaceTransactionApplier.lambda$scheduleApply$0$android-view-SyncRtSurfaceTransactionApplier:69 android.view.SyncRtSurfaceTransactionApplier$$ExternalSyntheticLambda0.onFrameDraw:4
05-18 00:47:13.188  5668  5704 I [AirCmd]_CallbackRepeater: stopRepeat : isWorking=false
05-18 00:47:13.188  5668  5704 I [AirCmd]_MediaControlStateMonitor: isForegroundAppSupportsMediaButton : mediaSession is empty
05-18 00:47:13.188  5668  5704 I [AirCmd]_MediaControlStateMonitor: active Notification List is null
05-18 00:47:13.188  5668  5704 I [AirCmd]_RemoteSpenMainController: hasGeneralAction : packageName is com.example.dogglers, activityName is androidx.test.core.app.InstrumentationActivityInvoker$EmptyActivity, hasActions is false
05-18 00:47:13.188  5668  5704 I [AirCmd]_CameraAvailabilityMonitor: isCameraPreviewOn : mIsCameraPreviewOn is false
05-18 00:47:13.189  5668  5704 I [AirCmd]_CameraAvailabilityMonitor: isCameraPreviewOn : mIsCameraPreviewOn is false
05-18 00:47:13.190  5668  5704 I [AirCmd]_MediaControlStateMonitor: isForegroundAppSupportsMediaButton : mediaSession is empty
05-18 00:47:13.190  5668  5704 I [AirCmd]_MediaControlStateMonitor: active Notification List is null
05-18 00:47:13.190  5668  5704 I [AirCmd]_PenActionRule: getAction : get default action data from remote action because pen action data is null.
05-18 00:47:13.190  5668  5704 I [AirCmd]_ButtonActionDetector: enableDoubleClickDetection: enabled=true, doubleClickWaitInterval=300
05-18 00:47:13.190  5668  5704 I [AirCmd]_RemoteSpenMainController: onSwitch : package is com.example.dogglers   and activity is androidx.test.core.app.InstrumentationActivityInvoker$EmptyActivity and isBleConnected is false and hasActions is false
05-18 00:47:13.191 19748 19748 I DecorView: [INFO] isPopOver=false config=true
05-18 00:47:13.191 19748 19748 I DecorView: updateCaptionType: isFloating=false isApplication=true hasWindowDecorCaption=false this=DecorView@241a6ff[]
05-18 00:47:13.191 19748 19748 D DecorView: setCaptionType = 0, this = DecorView@241a6ff[]
05-18 00:47:13.191  2315  2435 I SemPersonaManager: SecureFolder personaId = 150
05-18 00:47:13.192 19748 19748 I DecorView: getCurrentDensityDpi: from real metrics. densityDpi=560 msg=resources_loaded
05-18 00:47:13.192 19748 19748 I DecorView: setWindowBackground: isPopOver=false color=ff010101 d=android.graphics.drawable.StateListDrawable@f0ffccc
05-18 00:47:13.192 19748 19748 D LifecycleMonitor: Lifecycle status change: androidx.test.core.app.InstrumentationActivityInvoker$EmptyActivity@ab016a0 in: CREATED
05-18 00:47:13.192 19748 19748 V ActivityScenario: Activity lifecycle changed event received but ignored because the intent does not match. startActivityIntent=Intent { act=android.intent.action.MAIN cat=[android.intent.category.LAUNCHER] cmp=com.example.dogglers/.GridListActivity }, activity.getIntent()=Intent { act=android.intent.action.MAIN cat=[android.intent.category.LAUNCHER] flg=0x10000000 cmp=com.example.dogglers/androidx.test.core.app.InstrumentationActivityInvoker$EmptyActivity }, activity=androidx.test.core.app.InstrumentationActivityInvoker$EmptyActivity@ab016a0
05-18 00:47:13.193 19748 19748 D LifecycleMonitor: Lifecycle status change: androidx.test.core.app.InstrumentationActivityInvoker$EmptyActivity@ab016a0 in: STARTED
05-18 00:47:13.193 19748 19748 V ActivityScenario: Activity lifecycle changed event received but ignored because the intent does not match. startActivityIntent=Intent { act=android.intent.action.MAIN cat=[android.intent.category.LAUNCHER] cmp=com.example.dogglers/.GridListActivity }, activity.getIntent()=Intent { act=android.intent.action.MAIN cat=[android.intent.category.LAUNCHER] flg=0x10000000 cmp=com.example.dogglers/androidx.test.core.app.InstrumentationActivityInvoker$EmptyActivity }, activity=androidx.test.core.app.InstrumentationActivityInvoker$EmptyActivity@ab016a0
05-18 00:47:13.194 19748 19748 D LifecycleMonitor: Lifecycle status change: androidx.test.core.app.InstrumentationActivityInvoker$EmptyActivity@ab016a0 in: RESUMED
05-18 00:47:13.194 19748 19748 V ActivityScenario: Activity lifecycle changed event received but ignored because the intent does not match. startActivityIntent=Intent { act=android.intent.action.MAIN cat=[android.intent.category.LAUNCHER] cmp=com.example.dogglers/.GridListActivity }, activity.getIntent()=Intent { act=android.intent.action.MAIN cat=[android.intent.category.LAUNCHER] flg=0x10000000 cmp=com.example.dogglers/androidx.test.core.app.InstrumentationActivityInvoker$EmptyActivity }, activity=androidx.test.core.app.InstrumentationActivityInvoker$EmptyActivity@ab016a0
05-18 00:47:13.194 19748 19748 I MSHandlerLifeCycle: check: return. pkg=com.example.dogglers parent=null callers=com.android.internal.policy.DecorView.setVisibility:4416 android.app.ActivityThread.handleResumeActivity:5476 android.app.servertransaction.ResumeActivityItem.execute:54 android.app.servertransaction.ActivityTransactionItem.execute:45 android.app.servertransaction.TransactionExecutor.executeLifecycleState:176
05-18 00:47:13.194 19748 19748 I MSHandlerLifeCycle: removeMultiSplitHandler: no exist. decor=DecorView@241a6ff[]
05-18 00:47:13.194  2315  5714 D InputDispatcher: Focus request (0): <null> but waiting because NOT_FOCUSABLE
05-18 00:47:13.194  2315  5714 D InputDispatcher: Focus left window (0): a6e7b14 com.example.dogglers/com.example.dogglers.GridListActivity
05-18 00:47:13.196 19748 19789 D NativeCustomFrequencyManager: [NativeCFMS] BpCustomFrequencyManager::BpCustomFrequencyManager()
05-18 00:47:13.197  3085  3257 I ViewRootImpl@1100f55[dogglers]: mWNT: t=0xb4000073773858d0 mBlastBufferQueue=0xb4000073b7482f90 fn= 7 caller= android.view.SyncRtSurfaceTransactionApplier.applyTransaction:96 android.view.SyncRtSurfaceTransactionApplier.lambda$scheduleApply$0$android-view-SyncRtSurfaceTransactionApplier:69 android.view.SyncRtSurfaceTransactionApplier$$ExternalSyntheticLambda0.onFrameDraw:4
05-18 00:47:13.197  2315  2435 D EnterpriseDeviceManagerService: isMdmAdminPresentInternal() : MDM Admin Found - com.samsung.knox.securefolder
05-18 00:47:13.198  2315  5873 D InputTransport: Input channel constructed: '441603f', fd=1125
05-18 00:47:13.198  2315  5873 D InputTransport: Input channel constructed: '441603f', fd=1130
05-18 00:47:13.198  2315  5873 D InputTransport: Input channel constructed: '441603f', fd=1137
05-18 00:47:13.198  1533  3008 I SurfaceFlinger: id=113302 createSurf, flag=80004, 441603f com.example.dogglers/androidx.test.core.app.InstrumentationActivityInvoker$EmptyActivity#113302
05-18 00:47:13.199  2315  5873 D InputTransport: Input channel destroyed: '441603f', fd=1137
05-18 00:47:13.199  2315  4570 I MediaSessionMonitor: Media session stopped : controllerList empty
05-18 00:47:13.200 19748 19748 D InsetsController: onStateChanged: InsetsState: {mDisplayFrame=Rect(0, 0 - 1440, 3088), mDisplayCutout=DisplayCutout{insets=Rect(0, 100 - 0, 0) waterfall=Insets{left=0, top=0, right=0, bottom=0} boundingRect={Bounds=[Rect(0, 0 - 0, 0), Rect(683, 0 - 758, 100), Rect(0, 0 - 0, 0), Rect(0, 0 - 0, 0)]} cutoutPathParserInfo={CutoutPathParserInfo{displayWidth=1440 displayHeight=3088 physicalDisplayWidth=1440 physicalDisplayHeight=3088 density={3.75} cutoutSpec={M 0,0 H -10 V 26.66666666666667 H 10 V 0 H 0 Z @dp} rotation={0} scale={1.0} physicalPixelDisplaySizeRatio={1.0}}}}, mRoundedCorners=RoundedCorners{[RoundedCorner{position=TopLeft, radius=14, center=Point(14, 14)}, RoundedCorner{position=TopRight, radius=14, center=Point(1426, 14)}, RoundedCorner{position=BottomRight, radius=14, center=Point(1426, 3074)}, RoundedCorner{position=BottomLeft, radius=14, center=Point(14, 3074)}]}  mRoundedCornerFrame=Rect(0, 0 - 1440, 3088), mPrivacyIndicatorBounds=PrivacyIndicatorBounds {static bounds=Rect(1286, 0 - 1440, 100) rotation=0}, mSources= { InsetsSource: {mType=ITYPE_STATUS_BAR, mFrame=[0,0][1440,100], mVisible=true, mInsetsRoundedCornerFrame=false}, InsetsSource: {mType=ITYPE_NAVIGATION_BAR, mFrame=[0,2920][1440,3088], mVisible=true, mInsetsRoundedCornerFrame=false}, InsetsSource: {mType=ITYPE_LEFT_GESTURES, mFrame=[0,0][0,3088], mVisible=true, mInsetsRoundedCornerFrame=false}, InsetsSource: {mType=ITYPE_RIGHT_GESTURES, mFrame=[1440,0][1440,3088], mVisible=true, mInsetsRoundedCornerFrame=false}, InsetsSource: {mType=ITYPE_TOP_MANDATORY_GESTURES, mFrame=[0,0][1440,142], mVisible=true, mInsetsRoundedCornerFrame=false}, InsetsSource: {mType=ITYPE_BOTTOM_MANDATORY_GESTURES, mFrame=[0,2920][1440,3088], mVisible=true, mInsetsRoundedCornerFrame=false}, InsetsSource: {mType=ITYPE_LEFT_DISPLAY_CUTOUT, mFrame=[0,0][-100000,3088], mVisible=true, mInsetsRoundedCornerFrame=false}, InsetsSource: {mType=ITYPE_TOP_DISPLAY_CUTOUT, mFrame=[0,0][1440,100], mVisible=true, mInsetsRoundedCornerFrame=false}, InsetsSource: {mType=ITYPE_RIGHT_DISPLAY_CUTOUT, mFrame=[100000,0][1440,3088], mVisible=true, mInsetsRoundedCornerFrame=false}, InsetsSource: {mType=ITYPE_BOTTOM_DISPLAY_CUTOUT, mFrame=[0,100000][1440,3088], mVisible=true, mInsetsRoundedCornerFrame=false}, InsetsSource: {mType=ITYPE_TOP_TAPPABLE_ELEMENT, mFrame=[0,0][1440,100], mVisible=true, mInsetsRoundedCornerFrame=false}, InsetsSource: {mType=ITYPE_BOTTOM_TAPPABLE_ELEMENT, mFrame=[0,2920][1440,3088], mVisible=true, mInsetsRoundedCornerFrame=false} } host=com.example.dogglers/androidx.test.core.app.InstrumentationActivityInvoker$EmptyActivity from=android.view.ViewRootImpl.setView:1732
05-18 00:47:13.201 19748 19748 I ViewRootImpl@957e2a[InstrumentationActivityInvoker$EmptyActivity]: setView = com.android.internal.policy.DecorView@241a6ff TM=true
05-18 00:47:13.201 19748 19748 I MSHandlerLifeCycle: removeMultiSplitHandler: no exist. decor=DecorView@241a6ff[InstrumentationActivityInvoker$EmptyActivity]
05-18 00:47:13.202  5964  5964 I ActivityUtils: HomePackage : com.sec.android.app.launcher, resumePackageName : com.example.dogglers
05-18 00:47:13.203 19748 19748 I ViewRootImpl@957e2a[InstrumentationActivityInvoker$EmptyActivity]: performTraversals params={(0,0)(fillxfill) sim={adjust=pan forwardNavigation} ty=BASE_APPLICATION wanim=0x1030001
05-18 00:47:13.203 19748 19748 I ViewRootImpl@957e2a[InstrumentationActivityInvoker$EmptyActivity]:   fl=1810100
05-18 00:47:13.203 19748 19748 I ViewRootImpl@957e2a[InstrumentationActivityInvoker$EmptyActivity]:   pfl=12020040
05-18 00:47:13.203 19748 19748 I ViewRootImpl@957e2a[InstrumentationActivityInvoker$EmptyActivity]:   bhv=DEFAULT
05-18 00:47:13.203 19748 19748 I ViewRootImpl@957e2a[InstrumentationActivityInvoker$EmptyActivity]:   fitSides= naviIconColor=0}
05-18 00:47:13.204 19748 19748 I ViewRootImpl@957e2a[InstrumentationActivityInvoker$EmptyActivity]: performTraversals mFirst=true windowShouldResize=true viewVisibilityChanged=false mForceNextWindowRelayout=false params={(0,0)(fillxfill) sim={adjust=pan forwardNavigation} ty=BASE_APPLICATION wanim=0x1030001
05-18 00:47:13.204 19748 19748 I ViewRootImpl@957e2a[InstrumentationActivityInvoker$EmptyActivity]:   fl=1810100
05-18 00:47:13.204 19748 19748 I ViewRootImpl@957e2a[InstrumentationActivityInvoker$EmptyActivity]:   pfl=12020040
05-18 00:47:13.204 19748 19748 I ViewRootImpl@957e2a[InstrumentationActivityInvoker$EmptyActivity]:   bhv=DEFAULT
05-18 00:47:13.204 19748 19748 I ViewRootImpl@957e2a[InstrumentationActivityInvoker$EmptyActivity]:   fitSides= naviIconColor=0}
05-18 00:47:13.204  2315  5947 V WindowManager: Relayout Window{441603f u0 com.example.dogglers/androidx.test.core.app.InstrumentationActivityInvoker$EmptyActivity}: viewVisibility=0 req=1440x3088 d0
05-18 00:47:13.204  2315  2481 D AnalyticsContainerHandler: handleMessage : { when=0 what=1 target=com.android.server.knox.KnoxAnalyticsContainer$AnalyticsHandler }
05-18 00:47:13.205  1533  3008 I SurfaceFlinger: id=113303 createSurf, flag=40004, com.example.dogglers/androidx.test.core.app.InstrumentationActivityInvoker$EmptyActivity$_19748#113303
05-18 00:47:13.206  3085  3222 D OpenGLRenderer: setSurface called with nullptr
05-18 00:47:13.206  3085  3222 D OpenGLRenderer: setSurface() destroyed EGLSurface
05-18 00:47:13.207  3085  3222 D OpenGLRenderer: destroyEglSurface
05-18 00:47:13.207  1791  4817 I CameraService: onUidStateChanged: uid=10038, procState is changed. (1 -> 0)
05-18 00:47:13.207  1533  3008 I SurfaceFlinger: id=113304 createSurf, flag=24000, Surface(name=a5e6516 StatusBar)/@0x266f9f6 - animation-leash of insets_animation#113304
05-18 00:47:13.208  3085  3207 I ViewRootImpl@1100f55[dogglers]: performTraversals params={(0,0)(fillxfill) sim={adjust=pan} ty=APPLICATION_STARTING fmt=TRANSLUCENT wanim=0x1030001 alpha=0.0
05-18 00:47:13.208  3085  3207 I ViewRootImpl@1100f55[dogglers]:   fl=81030118
05-18 00:47:13.208  3085  3207 I ViewRootImpl@1100f55[dogglers]:   pfl=16000010
05-18 00:47:13.208  3085  3207 I ViewRootImpl@1100f55[dogglers]:   bhv=DEFAULT
05-18 00:47:13.208  3085  3207 I ViewRootImpl@1100f55[dogglers]:   fitSides= naviIconColor=0}
05-18 00:47:13.208  1533  2344 I SurfaceFlinger: id=113305 createSurf, flag=24000, Surface(name=b1c69c9 NavigationBar0)/@0x6818acd - animation-leash of insets_animation#113305
05-18 00:47:13.208  3085  3207 I ViewRootImpl@1100f55[dogglers]: performTraversals mFirst=false windowShouldResize=false viewVisibilityChanged=true mForceNextWindowRelayout=false params={(0,0)(fillxfill) sim={adjust=pan} ty=APPLICATION_STARTING fmt=TRANSLUCENT wanim=0x1030001 alpha=0.0
05-18 00:47:13.208  3085  3207 I ViewRootImpl@1100f55[dogglers]:   fl=81030118
05-18 00:47:13.208  3085  3207 I ViewRootImpl@1100f55[dogglers]:   pfl=16000010
05-18 00:47:13.208  3085  3207 I ViewRootImpl@1100f55[dogglers]:   bhv=DEFAULT
05-18 00:47:13.208  3085  3207 I ViewRootImpl@1100f55[dogglers]:   fitSides= naviIconColor=0}
05-18 00:47:13.209  2315  5947 V WindowManager: Relayout hash=441603f, pid=19748, syncId=-1: mAttrs={(0,0)(fillxfill) sim={adjust=pan forwardNavigation} ty=BASE_APPLICATION wanim=0x1030001
05-18 00:47:13.209  2315  5947 V WindowManager:   fl=1810100
05-18 00:47:13.209  2315  5947 V WindowManager:   pfl=12020040
05-18 00:47:13.209  2315  5947 V WindowManager:   bhv=DEFAULT
05-18 00:47:13.209  2315  5947 V WindowManager:   fitSides= naviIconColor=0}
05-18 00:47:13.210  2315  5873 V WindowManager: Relayout Window{d44d669 u0 Splash Screen com.example.dogglers}: viewVisibility=8 req=1440x3088 d0
05-18 00:47:13.210 19748 19748 D InsetsController: onStateChanged: InsetsState: {mDisplayFrame=Rect(0, 0 - 1440, 3088), mDisplayCutout=DisplayCutout{insets=Rect(0, 100 - 0, 0) waterfall=Insets{left=0, top=0, right=0, bottom=0} boundingRect={Bounds=[Rect(0, 0 - 0, 0), Rect(683, 0 - 758, 100), Rect(0, 0 - 0, 0), Rect(0, 0 - 0, 0)]} cutoutPathParserInfo={CutoutPathParserInfo{displayWidth=1440 displayHeight=3088 physicalDisplayWidth=1440 physicalDisplayHeight=3088 density={3.75} cutoutSpec={M 0,0 H -10 V 26.66666666666667 H 10 V 0 H 0 Z @dp} rotation={0} scale={1.0} physicalPixelDisplaySizeRatio={1.0}}}}, mRoundedCorners=RoundedCorners{[RoundedCorner{position=TopLeft, radius=14, center=Point(14, 14)}, RoundedCorner{position=TopRight, radius=14, center=Point(1426, 14)}, RoundedCorner{position=BottomRight, radius=14, center=Point(1426, 3074)}, RoundedCorner{position=BottomLeft, radius=14, center=Point(14, 3074)}]}  mRoundedCornerFrame=Rect(0, 0 - 1440, 3088), mPrivacyIndicatorBounds=PrivacyIndicatorBounds {static bounds=Rect(1286, 0 - 1440, 100) rotation=0}, mSources= { InsetsSource: {mType=ITYPE_STATUS_BAR, mFrame=[0,0][1440,100], mVisible=true, mInsetsRoundedCornerFrame=false}, InsetsSource: {mType=ITYPE_NAVIGATION_BAR, mFrame=[0,2920][1440,3088], mVisible=true, mInsetsRoundedCornerFrame=false}, InsetsSource: {mType=ITYPE_LEFT_GESTURES, mFrame=[0,0][0,3088], mVisible=true, mInsetsRoundedCornerFrame=false}, InsetsSource: {mType=ITYPE_RIGHT_GESTURES, mFrame=[1440,0][1440,3088], mVisible=true, mInsetsRoundedCornerFrame=false}, InsetsSource: {mType=ITYPE_TOP_MANDATORY_GESTURES, mFrame=[0,0][1440,142], mVisible=true, mInsetsRoundedCornerFrame=false}, InsetsSource: {mType=ITYPE_BOTTOM_MANDATORY_GESTURES, mFrame=[0,2920][1440,3088], mVisible=true, mInsetsRoundedCornerFrame=false}, InsetsSource: {mType=ITYPE_LEFT_DISPLAY_CUTOUT, mFrame=[0,0][-100000,3088], mVisible=true, mInsetsRoundedCornerFrame=false}, InsetsSource: {mType=ITYPE_TOP_DISPLAY_CUTOUT, mFrame=[0,0][1440,100], mVisible=true, mInsetsRoundedCornerFrame=false}, InsetsSource: {mType=ITYPE_RIGHT_DISPLAY_CUTOUT, mFrame=[100000,0][1440,3088], mVisible=true, mInsetsRoundedCornerFrame=false}, InsetsSource: {mType=ITYPE_BOTTOM_DISPLAY_CUTOUT, mFrame=[0,100000][1440,3088], mVisible=true, mInsetsRoundedCornerFrame=false}, InsetsSource: {mType=ITYPE_TOP_TAPPABLE_ELEMENT, mFrame=[0,0][1440,100], mVisible=true, mInsetsRoundedCornerFrame=false}, InsetsSource: {mType=ITYPE_BOTTOM_TAPPABLE_ELEMENT, mFrame=[0,2920][1440,3088], mVisible=true, mInsetsRoundedCornerFrame=false}, InsetsSource: {mType=ITYPE_IME, mFrame=[0,0][0,0], mVisibleFrame=[0,1766][1440,3088], mVisible=false, mInsetsRoundedCornerFrame=false} } host=com.example.dogglers/androidx.test.core.app.InstrumentationActivityInvoker$EmptyActivity from=android.view.ViewRootImpl.relayoutWindow:9802
05-18 00:47:13.210  1533  1533 I Layer   : id=113296 removedFromDrawingState Surface(name=a5e6516 StatusBar)/@0x266f9f6 - animation-leash of insets_animation#113296 (129)
05-18 00:47:13.210  1533  1533 I Layer   : id=113297 removedFromDrawingState Surface(name=b1c69c9 NavigationBar0)/@0x6818acd - animation-leash of insets_animation#113297 (129)
05-18 00:47:13.210  1533  1533 I SurfaceFlinger: [441603f com.example.dogglers/androidx.test.core.app.InstrumentationActivityInvoker$EmptyActivity#113302] FrameRatePriority: 1
05-18 00:47:13.211 19748 19748 I ViewRootImpl@957e2a[InstrumentationActivityInvoker$EmptyActivity]: updateBlastSurfaceIfNeeded mBlastBufferQueue=null isSameSurfaceControl=false
05-18 00:47:13.211 19748 19748 I BLASTBufferQueue: new BLASTBufferQueue, mName= ViewRootImpl@957e2a[InstrumentationActivityInvoker$EmptyActivity] mNativeObject= 0xb4000073b7277bb0 sc.mNativeObject= 0xb4000073472701e0 caller= android.view.ViewRootImpl.updateBlastSurfaceIfNeeded:2909 android.view.ViewRootImpl.relayoutWindow:9847 android.view.ViewRootImpl.performTraversals:3884 android.view.ViewRootImpl.doTraversal:3116 android.view.ViewRootImpl$TraversalRunnable.run:10885 android.view.Choreographer$CallbackRecord.run:1301 android.view.Choreographer$CallbackRecord.run:1309 android.view.Choreographer.doCallbacks:923 android.view.Choreographer.doFrame:852 android.view.Choreographer$FrameDisplayEventReceiver.run:1283
05-18 00:47:13.211 19748 19748 I BLASTBufferQueue: update, w= 1440 h= 3088 mName = ViewRootImpl@957e2a[InstrumentationActivityInvoker$EmptyActivity] mNativeObject= 0xb4000073b7277bb0 sc.mNativeObject= 0xb4000073472701e0 format= -1 caller= android.graphics.BLASTBufferQueue.<init>:84 android.view.ViewRootImpl.updateBlastSurfaceIfNeeded:2909 android.view.ViewRootImpl.relayoutWindow:9847 android.view.ViewRootImpl.performTraversals:3884 android.view.ViewRootImpl.doTraversal:3116 android.view.ViewRootImpl$TraversalRunnable.run:10885
05-18 00:47:13.212 19748 19748 I ViewRootImpl@957e2a[InstrumentationActivityInvoker$EmptyActivity]: Relayout returned: old=(0,0,1440,3088) new=(0,0,1440,3088) req=(1440,3088)0 dur=7 res=0x3 s={true 0xb400007447297e70} ch=true seqId=0
05-18 00:47:13.212 19748 19748 I ViewRootImpl@957e2a[InstrumentationActivityInvoker$EmptyActivity]: mThreadedRenderer.initialize() mSurface={isValid=true 0xb400007447297e70} hwInitialized=true
05-18 00:47:13.213  2315  5873 V WindowManager: Relayout hash=d44d669, pid=3085, syncId=-1: mAttrs={(0,0)(fillxfill) sim={adjust=pan} ty=APPLICATION_STARTING fmt=TRANSLUCENT wanim=0x1030001 alpha=0.0
05-18 00:47:13.213  2315  5873 V WindowManager:   fl=81030118
05-18 00:47:13.213  2315  5873 V WindowManager:   pfl=16000010
05-18 00:47:13.213  2315  5873 V WindowManager:   bhv=DEFAULT
05-18 00:47:13.213  2315  5873 V WindowManager:   fitSides= naviIconColor=0}
05-18 00:47:13.213 19748 19789 D OpenGLRenderer: eglCreateWindowSurface
05-18 00:47:13.219  2315  5728 D InputDispatcher: Focus request (0): 441603f com.example.dogglers/androidx.test.core.app.InstrumentationActivityInvoker$EmptyActivity but waiting because NO_WINDOW
05-18 00:47:13.221  1533  1533 D SurfaceFlinger: Display 4630947232161729154 HWC layers:
05-18 00:47:13.221  1533  1533 D SurfaceFlinger:      DEVICE | 0xb400006f7023ac30 | 0100 | RGBx_8888    |  670.0    0.0 2110.0 3088.0 |    0    0 1440 3088 | Wallpaper BBQ wrapper#79
05-18 00:47:13.221  1533  1533 D SurfaceFlinger:      DEVICE | 0xb400006f70237d80 | 0100 | RGBA_8888    |    0.0    0.0 1440.0 3088.0 |    0    0 1440 3088 | com.sec.android.app.launcher/com.sec[...]vities.LauncherActivity$_3588#113275
05-18 00:47:13.221  1533  1533 D SurfaceFlinger:      DEVICE | 0xb400006f7020c9a0 | 0102 | RGBA_8888    |    0.0    0.0 1440.0 3088.0 |   26   56 1414 3032 | com.example.dogglers/com.example.dogglers.GridListActivity$_19748#113295
05-18 00:47:13.221  1533  1533 D SurfaceFlinger:      DEVICE | 0xb400006f70233df0 | 0100 | RGBA_8888    |    0.0    0.0 1440.0  100.0 |    0    0 1440  100 | StatusBar$_3085#85
05-18 00:47:13.221  1533  1533 D SurfaceFlinger:      DEVICE | 0xb400006f7022a220 | 0100 | RGBA_8888    |    0.0    0.0   67.0  456.0 | 1373  584 1440 1040 | com.samsung.android.app.cocktailbars[...]vice.CocktailBarService$_5964#112833
05-18 00:47:13.221  1533  1533 D SurfaceFlinger:      DEVICE | 0xb400006f70241ef0 | 0100 | RGBA_8888    |    0.0    0.0 1440.0  168.0 |    0 2920 1440 3088 | NavigationBar0$_3085#80
05-18 00:47:13.221  1533  1533 D SurfaceFlinger:
05-18 00:47:13.222  3085  3207 I ViewRootImpl@1100f55[dogglers]: Relayout returned: old=(0,0,1440,3088) new=(0,0,1440,3088) req=(1440,3088)8 dur=12 res=0x2 s={false 0x0} ch=true seqId=0
05-18 00:47:13.224  3085  3207 I ViewRootImpl@1100f55[dogglers]: dispatchDetachedFromWindow
05-18 00:47:13.225  2315  5947 D InputTransport: Input channel destroyed: 'd44d669', fd=1085
05-18 00:47:13.225  2315  5947 W InputManager-JNI: Input channel object 'd44d669 Splash Screen com.example.dogglers (client)' was disposed without first being removed with the input manager!
05-18 00:47:13.225  2315  5947 D InputTransport: Input channel destroyed: 'd44d669', fd=1088
05-18 00:47:13.226  3085  3207 D InputTransport: Input channel destroyed: 'd44d669', fd=120
05-18 00:47:13.227  1533  1533 I Layer   : id=113298 removedFromDrawingState Surface(name=a6e7b14 com.example.dogglers/com.example.dogglers.GridListActivity)/@0xbe1465f - animation-leash of starting_reveal#113298 (129)
05-18 00:47:13.228 19748 19748 I ViewRootImpl@957e2a[InstrumentationActivityInvoker$EmptyActivity]: reportNextDraw android.view.ViewRootImpl.performTraversals:4438 android.view.ViewRootImpl.doTraversal:3116 android.view.ViewRootImpl$TraversalRunnable.run:10885 android.view.Choreographer$CallbackRecord.run:1301 android.view.Choreographer$CallbackRecord.run:1309
05-18 00:47:13.228 19748 19748 I ViewRootImpl@957e2a[InstrumentationActivityInvoker$EmptyActivity]: Setup new sync id=0
05-18 00:47:13.228 19748 19748 I ViewRootImpl@957e2a[InstrumentationActivityInvoker$EmptyActivity]: Setting syncFrameCallback
05-18 00:47:13.228 19748 19748 I ViewRootImpl@957e2a[InstrumentationActivityInvoker$EmptyActivity]: registerCallbacksForSync syncBuffer=false
05-18 00:47:13.230 19748 19806 I ViewRootImpl@957e2a[InstrumentationActivityInvoker$EmptyActivity]: Received frameDrawingCallback syncResult=0 frameNum=1.
05-18 00:47:13.230 19748 19806 I ViewRootImpl@957e2a[InstrumentationActivityInvoker$EmptyActivity]: Setting up sync and frameCommitCallback
05-18 00:47:13.231 19748 19789 I BLASTBufferQueue: [ViewRootImpl@957e2a[InstrumentationActivityInvoker$EmptyActivity]#10](f:0,a:0) onFrameAvailable the first frame is available
05-18 00:47:13.231 19748 19789 I ViewRootImpl@957e2a[InstrumentationActivityInvoker$EmptyActivity]: Received frameCommittedCallback lastAttemptedDrawFrameNum=1 didProduceBuffer=true
05-18 00:47:13.231 19748 19789 D OpenGLRenderer: CFMS:: SetUp Pid : 19748    Tid : 19789
05-18 00:47:13.232 19748 19789 W Parcel  : Expecting binder but got null!
05-18 00:47:13.232 19748 19748 I ViewRootImpl@957e2a[InstrumentationActivityInvoker$EmptyActivity]: onSyncComplete
05-18 00:47:13.232 19748 19748 I ViewRootImpl@957e2a[InstrumentationActivityInvoker$EmptyActivity]: setupSync seqId=0 mSyncId=0 fn=1 caller=android.view.ViewRootImpl$$ExternalSyntheticLambda11.accept:6 android.window.SurfaceSyncer.lambda$setupSync$1$android-window-SurfaceSyncer:128 android.window.SurfaceSyncer$$ExternalSyntheticLambda1.accept:8 android.window.SurfaceSyncer$SyncSet.checkIfSyncIsComplete:382 android.window.SurfaceSyncer$SyncSet.markSyncReady:359 android.window.SurfaceSyncer.markSyncReady:151 android.view.ViewRootImpl.performTraversals:4503
05-18 00:47:13.232 19748 19748 I ViewRootImpl@957e2a[InstrumentationActivityInvoker$EmptyActivity]: reportDrawFinished seqId=0 mSyncId=-1 fn=1 mSurfaceChangedTransaction=0xb40000737725e070
05-18 00:47:13.232 19748 19748 I ViewRootImpl@c17a423[GridListActivity]: MSG_WINDOW_FOCUS_CHANGED 0 0
05-18 00:47:13.233  1533  3178 I SurfaceFlinger: id=113297 Removed Surface(name=b1c69c9 NavigationBar0)/@0x6818acd - animation-leash of insets_animation#113297 (129)
05-18 00:47:13.233  1533  3178 I SurfaceFlinger: id=113296 Removed Surface(name=a5e6516 StatusBar)/@0x266f9f6 - animation-leash of insets_animation#113296 (129)
05-18 00:47:13.234  2315  2432 I ActivityTaskManager: Displayed com.example.dogglers/androidx.test.core.app.InstrumentationActivityInvoker$EmptyActivity: +66ms
05-18 00:47:13.236  1533  1533 I Layer   : id=113296 Destroyed Surface(name=a5e6516 StatusBar)/@0x266f9f6 - animation-leash of insets_animation#113296
05-18 00:47:13.236  1533  1533 I Layer   : id=113297 Destroyed Surface(name=b1c69c9 NavigationBar0)/@0x6818acd - animation-leash of insets_animation#113297
05-18 00:47:13.236  2315  5728 D InputDispatcher: Focus entered window (0): 441603f com.example.dogglers/androidx.test.core.app.InstrumentationActivityInvoker$EmptyActivity
05-18 00:47:13.237 19748 19748 I ViewRootImpl@957e2a[InstrumentationActivityInvoker$EmptyActivity]: MSG_WINDOW_FOCUS_CHANGED 1 0
05-18 00:47:13.237  2315  5728 I SemDvfsHyPerManager: acquire hyper - AMS_RESUME_TAIL/2315@23, type = -999
05-18 00:47:13.237 19748 19748 I ViewRootImpl@957e2a[InstrumentationActivityInvoker$EmptyActivity]: mThreadedRenderer.initializeIfNeeded()#2 mSurface={isValid=true 0xb400007447297e70}
05-18 00:47:13.237  2315  5728 I SemDvfsHyPerManager: acquire hyper - AMS_ACT_LAZY/2315@24, type = -999
05-18 00:47:13.237  1412  1438 I HYPER-HAL: [RequestManager.cpp]acquire(): Acquired ID : 2734314  [2315 / 23]    HINT : AMS_RESUME_TAIL    list :
05-18 00:47:13.237 19748 19748 D InputMethodManager: startInputInner - Id : 0
05-18 00:47:13.237  1412  1438 I HYPER-HAL: [RequestManager.cpp]acquire(): Acquired ID : 2736654  [2315 / 24]    HINT : AMS_ACT_LAZY    list :
05-18 00:47:13.237 19748 19748 I InputMethodManager: startInputInner - mService.startInputOrWindowGainedFocus
05-18 00:47:13.237  1533  1533 D SurfaceFlinger: Display 4630947232161729154 HWC layers:
05-18 00:47:13.237  1533  1533 D SurfaceFlinger:      DEVICE | 0xb400006f7023ac30 | 0100 | RGBx_8888    |  670.0    0.0 2110.0 3088.0 |    0    0 1440 3088 | Wallpaper BBQ wrapper#79
05-18 00:47:13.237  1533  1533 D SurfaceFlinger:      DEVICE | 0xb400006f70237d80 | 0100 | RGBA_8888    |    0.0    0.0 1440.0 3088.0 |    0    0 1440 3088 | com.sec.android.app.launcher/com.sec[...]vities.LauncherActivity$_3588#113275
05-18 00:47:13.237  1533  1533 D SurfaceFlinger:      DEVICE | 0xb400006f7022bd20 | 0102 | RGBA_8888    |    0.0    0.0 1440.0 3088.0 |   21   45 1419 3043 | com.example.dogglers/androidx.test.c[...]yInvoker$EmptyActivity$_19748#113303
05-18 00:47:13.237  1533  1533 D SurfaceFlinger:      DEVICE | 0xb400006f70233df0 | 0100 | RGBA_8888    |    0.0    0.0 1440.0  100.0 |    0    0 1440  100 | StatusBar$_3085#85
05-18 00:47:13.237  1533  1533 D SurfaceFlinger:      DEVICE | 0xb400006f7022a220 | 0100 | RGBA_8888    |    0.0    0.0   67.0  456.0 | 1373  584 1440 1040 | com.samsung.android.app.cocktailbars[...]vice.CocktailBarService$_5964#112833
05-18 00:47:13.237  1533  1533 D SurfaceFlinger:      DEVICE | 0xb400006f70241ef0 | 0100 | RGBA_8888    |    0.0    0.0 1440.0  168.0 |    0 2920 1440 3088 | NavigationBar0$_3085#80
05-18 00:47:13.237  1533  1533 D SurfaceFlinger:
05-18 00:47:13.238  1412  1438 I HYPER-HAL: [RequestManager.cpp]releaseLocked(): Released ID : 2729637
05-18 00:47:13.239  2315  5873 D InputMethodManagerService: DESKTOP MODE! : 2
05-18 00:47:13.239  2315  5873 D InputMethodManagerService: NOT IN KNOX DESKTOP MODE!
05-18 00:47:13.239  2315  5873 V InputMethodManagerService: getDisplayIdOfInputMethodWindowToBeAdded: displayId=0
05-18 00:47:13.239  2315  5873 D InputMethodManagerService: isImeSwitcherDisabledPackage : false
05-18 00:47:13.240  2315  5873 D InputMethodManagerService: checkDisplayOfStartInputAndUpdateKeyboard: displayId=0, mFocusedDisplayId=0
05-18 00:47:13.240  2315  5873 D InputTransport: Input channel constructed: 'ClientS', fd=1085
05-18 00:47:13.240  2315  5873 D InputTransport: Input channel destroyed: 'ClientS', fd=1085
05-18 00:47:13.240  5591  5591 I HBD     : HoneyBoardService onFinishInput
05-18 00:47:13.241  5591  5591 I HBD     : a IC have been unbinding,  RemoteInputConnection{idHash=#22f4fd2}
05-18 00:47:13.241  5591  5591 I HBD     : HoneyBoardService [PF_CL][onFinishInput]  1 ms
05-18 00:47:13.241  5591  5591 I HBD     : HoneyBoardService [IMI] onStartInput - caller pid : 19748 , caller uid : 10725
05-18 00:47:13.241  5591  5591 I HBD     : j updateConfigs
05-18 00:47:13.241  1533  3178 I SurfaceFlinger: id=113306 createSurf, flag=24004, Surface(name=daea37f InputMethod)/@0x913f89b - animation-leash of insets_animation#113306
05-18 00:47:13.241  5591  5591 I HBD     : j isEnabledNightMode : true
05-18 00:47:13.241  5591  5591 I HBD     : a IC have been binding, RemoteInputConnection{idHash=#22f4fd2}
05-18 00:47:13.241  5591  5591 I HBD     : h [EditorInputType]setPrivateImeOptionsToTable privateImeOptions ( null )
05-18 00:47:13.241  5591  5591 I HBD     : b incognitoMode : false
05-18 00:47:13.242  5591  5591 I HBD     : a needOff = true , isForceOff = false, isNullInputClass : true
05-18 00:47:13.242  5591  5591 I HBD     : h getDefaultInputRange : UNKNOWN
05-18 00:47:13.242  5591  5591 I HBD     : h getDefaultInputRange : UNKNOWN
05-18 00:47:13.242  5591  5591 I HBD     : h getDefaultInputRange : UNKNOWN
05-18 00:47:13.242  5591  5591 I HBD     : a needOff = true , isForceOff = false, isNullInputClass : true
05-18 00:47:13.242  5591  5591 I HBD     : a update cached prediction status : false
05-18 00:47:13.242  5591  5591 I HBD     : h getDefaultInputRange : UNKNOWN
05-18 00:47:13.243  5591  5591 I HBD     : a currentState : 0
05-18 00:47:13.243  5591  5591 I HBD     : a [UpdatePolicy] [post] a: 0 cl: 65537 kit: [0/0] vt: 0 ir: 1
05-18 00:47:13.243  5591  5591 I HBD     : a [NRIC] resetNoResponseState
05-18 00:47:13.243  5591  5591 I HBD     : a needOff = true , isForceOff = false, isNullInputClass : true
05-18 00:47:13.243  5591  5591 I HBD     : a update cached prediction status : false
05-18 00:47:13.244  5591  5591 I HBD     : HoneyBoardService [PF_OP][onStartInput]  3 ms
05-18 00:47:13.244  1533  1533 I Layer   : id=113299 removedFromDrawingState Surface(name=daea37f InputMethod)/@0x913f89b - animation-leash of insets_animation#113299 (128)
05-18 00:47:13.244  1533  1533 I Layer   : id=146 removedFromDrawingState daea37f InputMethod#146 (128)
05-18 00:47:13.244  1533  1533 I Layer   : id=146 addToCurrentState daea37f InputMethod#146 (128)
05-18 00:47:13.246  1533  3008 I SurfaceFlinger: id=113299 Removed Surface(name=daea37f InputMethod)/@0x913f89b - animation-leash of insets_animation#113299 (128)
05-18 00:47:13.247  4633  4633 E pageboostd: Received HALT command code 2
05-18 00:47:13.247  2315  5947 I SemDvfsHyPerManager: acquire hyper - AMS_ACT_START/2315@21, type = -999
05-18 00:47:13.248  1412  1438 I HYPER-HAL: [RequestManager.cpp]acquire(): Acquired ID : 2729637  [2315 / 21]    HINT : AMS_ACT_START    list :
05-18 00:47:13.249  1533  3178 I SurfaceFlinger: id=113307 createSurf, flag=80004, ActivityRecord{a18d72f u0 com.example.dogglers/androidx.test.core.app.InstrumentationActivityInvoker$EmptyActivity} t1009}#113307
05-18 00:47:13.251  2315  2353 W System  : A resource failed to call release.
05-18 00:47:13.251  2315  2353 W System  : A resource failed to call end.
05-18 00:47:13.251  2315  2353 W System  : A resource failed to call release.
05-18 00:47:13.252  2315  2353 W System  : A resource failed to call HardwareBuffer.close.
05-18 00:47:13.252  1533  1533 I Layer   : id=113299 Destroyed Surface(name=daea37f InputMethod)/@0x913f89b - animation-leash of insets_animation#113299
05-18 00:47:13.252  1533  3008 I SurfaceFlinger: id=113308 createSurf, flag=80000, 8c3b10e ActivityRecordInputSink com.example.dogglers/androidx.test.core.app.InstrumentationActivityInvoker$EmptyActivity#113308
05-18 00:47:13.252  2315  2353 W System  : A resource failed to call end.
05-18 00:47:13.253  2315  2353 W System  : A resource failed to call release.
05-18 00:47:13.253  2315  2353 W System  : A resource failed to call HardwareBuffer.close.
05-18 00:47:13.253  2315  2353 W System  : A resource failed to call release.
05-18 00:47:13.253  1533  3178 I SurfaceFlinger: id=113167 Removed Task=1006#113167 (129)
05-18 00:47:13.254  2315  6291 D InputMethodManagerService: isImeSwitcherDisabledPackage : false
05-18 00:47:13.254  4633  4633 E pageboostd: Received HALT command code 2
05-18 00:47:13.254  2315  2435 I ChimeraSystemEventListener: appLaunchIntent package name is: com.example.dogglers
05-18 00:47:13.254 19748 19748 D LifecycleMonitor: Lifecycle status change: androidx.test.core.app.InstrumentationActivityInvoker$EmptyActivity@ab016a0 in: PAUSED
05-18 00:47:13.254 19748 19748 V ActivityScenario: Activity lifecycle changed event received but ignored because the intent does not match. startActivityIntent=Intent { act=android.intent.action.MAIN cat=[android.intent.category.LAUNCHER] cmp=com.example.dogglers/.GridListActivity }, activity.getIntent()=Intent { act=android.intent.action.MAIN cat=[android.intent.category.LAUNCHER] flg=0x10000000 cmp=com.example.dogglers/androidx.test.core.app.InstrumentationActivityInvoker$EmptyActivity }, activity=androidx.test.core.app.InstrumentationActivityInvoker$EmptyActivity@ab016a0
05-18 00:47:13.255  5591  5591 I InputMethodService: removeImeSurface
05-18 00:47:13.255  5591  5591 I MSHandlerLifeCycle: check: return. pkg=com.samsung.android.honeyboard isActivity=false callers=com.android.internal.policy.DecorView.setVisibility:4416 android.app.Dialog.hide:767 android.inputmethodservice.InputMethodService.removeImeSurface:1290 android.inputmethodservice.InputMethodService.scheduleImeSurfaceRemoval:1279 android.inputmethodservice.InputMethodService.-$$Nest$mscheduleImeSurfaceRemoval:0
05-18 00:47:13.255  5591  5591 I MSHandlerLifeCycle: removeMultiSplitHandler: no exist. decor=DecorView@9a0695a[InputMethod]
05-18 00:47:13.256  2315  5873 D InputDispatcher: Focused application(0): ActivityRecord{a18d72f u0 com.example.dogglers/androidx.test.core.app.InstrumentationActivityInvoker$EmptyActivity} t1009}
05-18 00:47:13.259  2315  2435 I SemPersonaManager: SecureFolder personaId = 150
05-18 00:47:13.260 19748 19748 D LifecycleMonitor: Lifecycle status change: androidx.test.core.app.InstrumentationActivityInvoker$EmptyActivity@7c667d0 in: PRE_ON_CREATE
05-18 00:47:13.260 19748 19748 V ActivityScenario: Activity lifecycle changed event received but ignored because the intent does not match. startActivityIntent=Intent { act=android.intent.action.MAIN cat=[android.intent.category.LAUNCHER] cmp=com.example.dogglers/.GridListActivity }, activity.getIntent()=Intent { act=android.intent.action.MAIN cat=[android.intent.category.LAUNCHER] flg=0x10000000 cmp=com.example.dogglers/androidx.test.core.app.InstrumentationActivityInvoker$EmptyActivity }, activity=androidx.test.core.app.InstrumentationActivityInvoker$EmptyActivity@7c667d0
05-18 00:47:13.260  1533  1533 I SurfaceFlinger: [441603f com.example.dogglers/androidx.test.core.app.InstrumentationActivityInvoker$EmptyActivity#113302] FrameRatePriority: -1
05-18 00:47:13.260  1533  1533 I Layer   : id=113167 Destroyed Task=1006#113167
05-18 00:47:13.263 19748 19748 I DecorView: [INFO] isPopOver=false config=true
05-18 00:47:13.263 19748 19748 I DecorView: updateCaptionType: isFloating=false isApplication=true hasWindowDecorCaption=false this=DecorView@b184def[]
05-18 00:47:13.263 19748 19748 D DecorView: setCaptionType = 0, this = DecorView@b184def[]
05-18 00:47:13.264 19748 19748 I DecorView: getCurrentDensityDpi: from real metrics. densityDpi=560 msg=resources_loaded
05-18 00:47:13.264 19748 19748 I DecorView: setWindowBackground: isPopOver=false color=ff010101 d=android.graphics.drawable.StateListDrawable@6f230fc
05-18 00:47:13.264 19748 19748 D LifecycleMonitor: Lifecycle status change: androidx.test.core.app.InstrumentationActivityInvoker$EmptyActivity@7c667d0 in: CREATED
05-18 00:47:13.264 19748 19748 V ActivityScenario: Activity lifecycle changed event received but ignored because the intent does not match. startActivityIntent=Intent { act=android.intent.action.MAIN cat=[android.intent.category.LAUNCHER] cmp=com.example.dogglers/.GridListActivity }, activity.getIntent()=Intent { act=android.intent.action.MAIN cat=[android.intent.category.LAUNCHER] flg=0x10000000 cmp=com.example.dogglers/androidx.test.core.app.InstrumentationActivityInvoker$EmptyActivity }, activity=androidx.test.core.app.InstrumentationActivityInvoker$EmptyActivity@7c667d0
05-18 00:47:13.265 19748 19748 D LifecycleMonitor: Lifecycle status change: androidx.test.core.app.InstrumentationActivityInvoker$EmptyActivity@7c667d0 in: STARTED
05-18 00:47:13.265 19748 19748 V ActivityScenario: Activity lifecycle changed event received but ignored because the intent does not match. startActivityIntent=Intent { act=android.intent.action.MAIN cat=[android.intent.category.LAUNCHER] cmp=com.example.dogglers/.GridListActivity }, activity.getIntent()=Intent { act=android.intent.action.MAIN cat=[android.intent.category.LAUNCHER] flg=0x10000000 cmp=com.example.dogglers/androidx.test.core.app.InstrumentationActivityInvoker$EmptyActivity }, activity=androidx.test.core.app.InstrumentationActivityInvoker$EmptyActivity@7c667d0
05-18 00:47:13.265  2315  2435 D EnterpriseDeviceManagerService: isMdmAdminPresentInternal() : MDM Admin Found - com.samsung.knox.securefolder
05-18 00:47:13.265  2315  4570 I MediaSessionMonitor: Media session stopped : controllerList empty
05-18 00:47:13.265 19748 19748 D LifecycleMonitor: Lifecycle status change: androidx.test.core.app.InstrumentationActivityInvoker$EmptyActivity@7c667d0 in: RESUMED
05-18 00:47:13.266 19748 19748 V ActivityScenario: Activity lifecycle changed event received but ignored because the intent does not match. startActivityIntent=Intent { act=android.intent.action.MAIN cat=[android.intent.category.LAUNCHER] cmp=com.example.dogglers/.GridListActivity }, activity.getIntent()=Intent { act=android.intent.action.MAIN cat=[android.intent.category.LAUNCHER] flg=0x10000000 cmp=com.example.dogglers/androidx.test.core.app.InstrumentationActivityInvoker$EmptyActivity }, activity=androidx.test.core.app.InstrumentationActivityInvoker$EmptyActivity@7c667d0
05-18 00:47:13.266 19748 19748 I MSHandlerLifeCycle: check: return. pkg=com.example.dogglers parent=null callers=com.android.internal.policy.DecorView.setVisibility:4416 android.app.ActivityThread.handleResumeActivity:5476 android.app.servertransaction.ResumeActivityItem.execute:54 android.app.servertransaction.ActivityTransactionItem.execute:45 android.app.servertransaction.TransactionExecutor.executeLifecycleState:176
05-18 00:47:13.266 19748 19748 I MSHandlerLifeCycle: removeMultiSplitHandler: no exist. decor=DecorView@b184def[]
05-18 00:47:13.267 19748 19789 D NativeCustomFrequencyManager: [NativeCFMS] BpCustomFrequencyManager::BpCustomFrequencyManager()
05-18 00:47:13.267  5964  5964 I ActivityUtils: HomePackage : com.sec.android.app.launcher, resumePackageName : com.example.dogglers
05-18 00:47:13.268  2315  5728 D InputTransport: Input channel constructed: '3e380db', fd=850
05-18 00:47:13.268  2315  5728 D InputTransport: Input channel constructed: '3e380db', fd=879
05-18 00:47:13.268  2315  5728 D InputTransport: Input channel constructed: '3e380db', fd=883
05-18 00:47:13.269  1533  2344 I SurfaceFlinger: id=113309 createSurf, flag=80004, 3e380db com.example.dogglers/androidx.test.core.app.InstrumentationActivityInvoker$EmptyActivity#113309
05-18 00:47:13.269  2315  5728 D InputTransport: Input channel destroyed: '3e380db', fd=883
05-18 00:47:13.269  2315  3567 D InputDispatcher: Focus left window (0): 441603f com.example.dogglers/androidx.test.core.app.InstrumentationActivityInvoker$EmptyActivity
