05-18 00:47:12.433  3588  3588 I ViewRootImpl@c60680d[LauncherActivity]: WindowStopped on com.sec.android.app.launcher/com.sec.android.app.launcher.activities.LauncherActivity set to true
05-18 00:47:12.435  3588  3588 I Launcher: !@Boot_DEBUG: Launcher.onStop()
05-18 00:47:12.435  3588  3588 I Launcher: !@Boot_EBS_D: Launcher.onStop()
05-18 00:47:12.435  3588  3588 I BaseActivity: removeActivityFlags, flags : 17
05-18 00:47:12.435  1533  1533 I Layer   : id=113255 removedFromDrawingState com.example.dogglers/com.example.dogglers.GridListActivity$_19748#113255 (120)
05-18 00:47:12.435  1533  1533 I Layer   : id=113254 removedFromDrawingState 41a1d3 com.example.dogglers/com.example.dogglers.GridListActivity#113254 (120)
05-18 00:47:12.435  1533  1533 I Layer   : id=113259 removedFromDrawingState Surface(name=daea37f InputMethod)/@0x913f89b - animation-leash of insets_animation#113259 (120)
05-18 00:47:12.435  1533  1533 I SurfaceFlinger: id=113255 Removed com.example.dogglers/com.example.dogglers.GridListActivity$_19748#113255 (120)
05-18 00:47:12.435  1533  1533 I SurfaceFlinger: id=113254 Removed 41a1d3 com.example.dogglers/com.example.dogglers.GridListActivity#113254 (120)
05-18 00:47:12.435  1533  1533 I SurfaceFlinger: id=113259 Removed Surface(name=daea37f InputMethod)/@0x913f89b - animation-leash of insets_animation#113259 (120)
05-18 00:47:12.435  1533  1533 I Layer   : id=113254 Destroyed 41a1d3 com.example.dogglers/com.example.dogglers.GridListActivity#113254
05-18 00:47:12.436  1533  1533 I Layer   : id=113255 Destroyed com.example.dogglers/com.example.dogglers.GridListActivity$_19748#113255
05-18 00:47:12.436  1533  1533 I Layer   : id=113259 Destroyed Surface(name=daea37f InputMethod)/@0x913f89b - animation-leash of insets_animation#113259
05-18 00:47:12.436 19748 19748 D LifecycleMonitor: Lifecycle status change: androidx.test.core.app.InstrumentationActivityInvoker$EmptyActivity@8121d2e in: PAUSED
05-18 00:47:12.436 19748 19748 V ActivityScenario: Activity lifecycle changed event received but ignored because the intent does not match. startActivityIntent=Intent { act=android.intent.action.MAIN cat=[android.intent.category.LAUNCHER] cmp=com.example.dogglers/.GridListActivity }, activity.getIntent()=Intent { act=android.intent.action.MAIN cat=[android.intent.category.LAUNCHER] flg=0x10000000 cmp=com.example.dogglers/androidx.test.core.app.InstrumentationActivityInvoker$EmptyActivity }, activity=androidx.test.core.app.InstrumentationActivityInvoker$EmptyActivity@8121d2e
05-18 00:47:12.436  3588  3588 I WallpaperBlurController: dispatchTransactionSurface: mCurrentBlur = 0
05-18 00:47:12.437  1533  1681 I SurfaceFlinger: id=112877 Removed Surface(name=daea37f InputMethod)/@0x913f89b - animation-leash of insets_animation#112877 (117)
05-18 00:47:12.437  5591  5591 I InputMethodService: removeImeSurface
05-18 00:47:12.437  5591  5591 I MSHandlerLifeCycle: check: return. pkg=com.samsung.android.honeyboard isActivity=false callers=com.android.internal.policy.DecorView.setVisibility:4416 android.app.Dialog.hide:767 android.inputmethodservice.InputMethodService.removeImeSurface:1290 android.inputmethodservice.InputMethodService.scheduleImeSurfaceRemoval:1279 android.inputmethodservice.InputMethodService.-$$Nest$mscheduleImeSurfaceRemoval:0
05-18 00:47:12.437  5591  5591 I MSHandlerLifeCycle: removeMultiSplitHandler: no exist. decor=DecorView@9a0695a[InputMethod]
05-18 00:47:12.438  3588  3588 I StateManager: goToState isInState Normal
05-18 00:47:12.439  2315  6291 D InputDispatcher: Focused application(0): ActivityRecord{a68ef64 u0 com.example.dogglers/androidx.test.core.app.InstrumentationActivityInvoker$EmptyActivity} t1008}
05-18 00:47:12.439  3588  3982 I IMM_LC  : hsifw() - flag : 0
05-18 00:47:12.439  3588  3982 I IMM_LC  : hsifw() - mService.hideSoftInput
05-18 00:47:12.440  3588  3588 W LauncherAppWidgetHost: setShouldListenFlag, mFlags:7 flag:start on:false isFront:false
05-18 00:47:12.441 19748 19748 I ViewRootImpl@1302048[InstrumentationActivityInvoker$EmptyActivity]: MSG_WINDOW_FOCUS_CHANGED 1 0
05-18 00:47:12.441 19748 19748 I ViewRootImpl@1302048[InstrumentationActivityInvoker$EmptyActivity]: mThreadedRenderer.initializeIfNeeded()#2 mSurface={isValid=true 0xb400007447295c60}
05-18 00:47:12.441 19748 19748 D InputMethodManager: startInputInner - Id : 0
05-18 00:47:12.441 19748 19748 I InputMethodManager: startInputInner - mService.startInputOrWindowGainedFocus
05-18 00:47:12.441  1533  1681 I SurfaceFlinger: id=113253 Removed bb68f86 ActivityRecordInputSink com.example.dogglers/.GridListActivity#113253 (117)
05-18 00:47:12.442  2315  3567 I AppWidgetServiceImpl: stopListening callbacks : null
05-18 00:47:12.443  3588  3588 W LauncherAppWidgetHost: stopListening, mFlags:2 isFront:false
05-18 00:47:12.443  3588  3588 W Launcher.NotificationListener: removeNotificationsChangedListener
05-18 00:47:12.443  3588  3588 I Launcher.NotificationListener: unregisterObserver, this is not notificationService!!
05-18 00:47:12.443  3588  3588 I BadgeCountUpdaterImpl: onNotificationsChangedDisConnected
05-18 00:47:12.443  1533  1533 I SurfaceFlinger: [d672cd2 com.example.dogglers/androidx.test.core.app.InstrumentationActivityInvoker$EmptyActivity#113262] FrameRatePriority: -1
05-18 00:47:12.443  2315  2926 D InputMethodManagerService: DESKTOP MODE! : 2
05-18 00:47:12.444  2315  2926 D InputMethodManagerService: NOT IN KNOX DESKTOP MODE!
05-18 00:47:12.444  2315  2926 V InputMethodManagerService: getDisplayIdOfInputMethodWindowToBeAdded: displayId=0
05-18 00:47:12.444  1533  1533 I Layer   : id=112877 Destroyed Surface(name=daea37f InputMethod)/@0x913f89b - animation-leash of insets_animation#112877
05-18 00:47:12.444  2315  2926 D InputMethodManagerService: isImeSwitcherDisabledPackage : false
05-18 00:47:12.444  2315  2926 D InputMethodManagerService: checkDisplayOfStartInputAndUpdateKeyboard: displayId=0, mFocusedDisplayId=0
05-18 00:47:12.445  2315  2926 D InputTransport: Input channel constructed: 'ClientS', fd=1077
05-18 00:47:12.445  2315  2926 D InputTransport: Input channel destroyed: 'ClientS', fd=1077
05-18 00:47:12.445  5591  5591 I HBD     : HoneyBoardService onFinishInput
05-18 00:47:12.445  5591  5591 I HBD     : a IC have been unbinding,  RemoteInputConnection{idHash=#4597c34}
05-18 00:47:12.446  5591  5591 I HBD     : HoneyBoardService [PF_CL][onFinishInput]  0 ms
05-18 00:47:12.446 19748 19748 D LifecycleMonitor: Lifecycle status change: androidx.test.core.app.InstrumentationActivityInvoker$BootstrapActivity@31da84c in: DESTROYED
05-18 00:47:12.446  5591  5591 I HBD     : HoneyBoardService [IMI] onStartInput - caller pid : 19748 , caller uid : 10725
05-18 00:47:12.446 19748 19748 V ActivityScenario: Activity lifecycle changed event received but ignored because the intent does not match. startActivityIntent=Intent { act=android.intent.action.MAIN cat=[android.intent.category.LAUNCHER] cmp=com.example.dogglers/.GridListActivity }, activity.getIntent()=Intent { act=android.intent.action.MAIN cat=[android.intent.category.LAUNCHER] flg=0x10008000 cmp=com.example.dogglers/androidx.test.core.app.InstrumentationActivityInvoker$BootstrapActivity (has extras) }, activity=androidx.test.core.app.InstrumentationActivityInvoker$BootstrapActivity@31da84c
05-18 00:47:12.446  1533  2344 I SurfaceFlinger: id=113268 createSurf, flag=24004, Surface(name=daea37f InputMethod)/@0x913f89b - animation-leash of insets_animation#113268
05-18 00:47:12.446  5591  5591 I HBD     : j updateConfigs
05-18 00:47:12.446  5591  5591 I HBD     : j isEnabledNightMode : true
05-18 00:47:12.446  5591  5591 I HBD     : a IC have been binding, RemoteInputConnection{idHash=#4597c34}
05-18 00:47:12.446  5591  5591 I HBD     : h [EditorInputType]setPrivateImeOptionsToTable privateImeOptions ( null )
05-18 00:47:12.446  5591  5591 I HBD     : b incognitoMode : false
05-18 00:47:12.446  5591  5591 I HBD     : a needOff = true , isForceOff = false, isNullInputClass : true
05-18 00:47:12.446  5591  5591 I HBD     : h getDefaultInputRange : UNKNOWN
05-18 00:47:12.446  5591  5591 I HBD     : h getDefaultInputRange : UNKNOWN
05-18 00:47:12.446  5591  5591 I HBD     : h getDefaultInputRange : UNKNOWN
05-18 00:47:12.447  3588  3588 I DecorView: notifyKeepScreenOnChanged: keepScreenOn=false
05-18 00:47:12.447  5591  5591 I HBD     : a needOff = true , isForceOff = false, isNullInputClass : true
05-18 00:47:12.448  5591  5591 I HBD     : a update cached prediction status : false
05-18 00:47:12.448  5591  5591 I HBD     : h getDefaultInputRange : UNKNOWN
05-18 00:47:12.448  5591  5591 I HBD     : a currentState : 0
05-18 00:47:12.448  5591  5591 I HBD     : a [UpdatePolicy] [post] a: 0 cl: 65537 kit: [0/0] vt: 0 ir: 1
05-18 00:47:12.448  5591  5591 I HBD     : a [NRIC] resetNoResponseState
05-18 00:47:12.448  5591  5591 I HBD     : a needOff = true , isForceOff = false, isNullInputClass : true
05-18 00:47:12.448  5591  5591 I HBD     : a update cached prediction status : false
05-18 00:47:12.449  5591  5591 I HBD     : HoneyBoardService [PF_OP][onStartInput]  3 ms
05-18 00:47:12.449  1533  2344 I SurfaceFlinger: id=113252 Removed e7e7814 ActivityRecordInputSink com.example.dogglers/androidx.test.core.app.InstrumentationActivityInvoker$BootstrapActivity#113252 (117)
05-18 00:47:12.449  3588  3984 I LiveIconUpdateEventHandler: cancelDateChangeAlarm
05-18 00:47:12.450 19748 19748 D LifecycleMonitor: Lifecycle status change: androidx.test.core.app.InstrumentationActivityInvoker$EmptyActivity@e079dd5 in: PRE_ON_CREATE
05-18 00:47:12.450 19748 19748 V ActivityScenario: Activity lifecycle changed event received but ignored because the intent does not match. startActivityIntent=Intent { act=android.intent.action.MAIN cat=[android.intent.category.LAUNCHER] cmp=com.example.dogglers/.GridListActivity }, activity.getIntent()=Intent { act=android.intent.action.MAIN cat=[android.intent.category.LAUNCHER] flg=0x10000000 cmp=com.example.dogglers/androidx.test.core.app.InstrumentationActivityInvoker$EmptyActivity }, activity=androidx.test.core.app.InstrumentationActivityInvoker$EmptyActivity@e079dd5
05-18 00:47:12.451  3588  3588 I MSHandlerLifeCycle: removeMultiSplitHandler: no exist. decor=DecorView@b45e177[LauncherActivity]
05-18 00:47:12.452  1533  1533 I Layer   : id=113249 removedFromDrawingState ActivityRecord{41a2047 u0 com.example.dogglers/.GridListActivity} t1008}#113249 (117)
05-18 00:47:12.452  1533  1533 I Layer   : id=113253 removedFromDrawingState bb68f86 ActivityRecordInputSink com.example.dogglers/.GridListActivity#113253 (117)
05-18 00:47:12.452  1533  1533 I Layer   : id=113267 removedFromDrawingState Surface(name=daea37f InputMethod)/@0x913f89b - animation-leash of insets_animation#113267 (117)
05-18 00:47:12.452  1533  1533 I Layer   : id=113246 removedFromDrawingState ActivityRecord{7e768bd u0 com.example.dogglers/androidx.test.core.app.InstrumentationActivityInvoker$BootstrapActivity} t1008}#113246 (117)
05-18 00:47:12.452  1533  1533 I Layer   : id=113252 removedFromDrawingState e7e7814 ActivityRecordInputSink com.example.dogglers/androidx.test.core.app.InstrumentationActivityInvoker$BootstrapActivity#113252 (117)
05-18 00:47:12.452  1533  1533 I SurfaceFlinger: id=113246 Removed ActivityRecord{7e768bd u0 com.example.dogglers/androidx.test.core.app.InstrumentationActivityInvoker$BootstrapActivity} t1008}#113246 (117)
05-18 00:47:12.452  1533  1533 I SurfaceFlinger: id=113249 Removed ActivityRecord{41a2047 u0 com.example.dogglers/.GridListActivity} t1008}#113249 (117)
05-18 00:47:12.452  1533  1533 I Layer   : id=113246 Destroyed ActivityRecord{7e768bd u0 com.example.dogglers/androidx.test.core.app.InstrumentationActivityInvoker$BootstrapActivity} t1008}#113246
05-18 00:47:12.452  1533  1533 I Layer   : id=113252 Destroyed e7e7814 ActivityRecordInputSink com.example.dogglers/androidx.test.core.app.InstrumentationActivityInvoker$BootstrapActivity#113252
05-18 00:47:12.452  1533  1533 I Layer   : id=113249 Destroyed ActivityRecord{41a2047 u0 com.example.dogglers/.GridListActivity} t1008}#113249
05-18 00:47:12.452  1533  1533 I Layer   : id=113253 Destroyed bb68f86 ActivityRecordInputSink com.example.dogglers/.GridListActivity#113253
05-18 00:47:12.453  2315  3567 D InputDispatcher: Focus request (0): <null> but waiting because NOT_FOCUSABLE
05-18 00:47:12.453  2315  3567 D InputDispatcher: Focus left window (0): d672cd2 com.example.dogglers/androidx.test.core.app.InstrumentationActivityInvoker$EmptyActivity
05-18 00:47:12.454  3588  3588 I ViewRootImpl@c60680d[LauncherActivity]: performTraversals params={(0,0)(fillxfill) sim={adjust=nothing} layoutInDisplayCutoutMode=shortEdges ty=BASE_APPLICATION fmt=TRANSPARENT wanim=0x10302f4
05-18 00:47:12.454  3588  3588 I ViewRootImpl@c60680d[LauncherActivity]:   fl=81910100
05-18 00:47:12.454  3588  3588 I ViewRootImpl@c60680d[LauncherActivity]:   pfl=1e020040
05-18 00:47:12.454  3588  3588 I ViewRootImpl@c60680d[LauncherActivity]:   vsysui=1700
05-18 00:47:12.454  3588  3588 I ViewRootImpl@c60680d[LauncherActivity]:   bhv=SHOW_TRANSIENT_BARS_BY_SWIPE
05-18 00:47:12.454  3588  3588 I ViewRootImpl@c60680d[LauncherActivity]:   fitSides= naviIconColor=0}
05-18 00:47:12.455  3588  3588 I ViewRootImpl@c60680d[LauncherActivity]: performTraversals mFirst=false windowShouldResize=false viewVisibilityChanged=false mForceNextWindowRelayout=false params={(0,0)(fillxfill) sim={adjust=nothing} layoutInDisplayCutoutMode=shortEdges ty=BASE_APPLICATION fmt=TRANSPARENT wanim=0x10302f4
05-18 00:47:12.455  3588  3588 I ViewRootImpl@c60680d[LauncherActivity]:   fl=81910100
05-18 00:47:12.455  3588  3588 I ViewRootImpl@c60680d[LauncherActivity]:   pfl=1e020040
05-18 00:47:12.455  3588  3588 I ViewRootImpl@c60680d[LauncherActivity]:   vsysui=1700
05-18 00:47:12.455  3588  3588 I ViewRootImpl@c60680d[LauncherActivity]:   bhv=SHOW_TRANSIENT_BARS_BY_SWIPE
05-18 00:47:12.455  3588  3588 I ViewRootImpl@c60680d[LauncherActivity]:   fitSides= naviIconColor=0}
05-18 00:47:12.455  2315  3567 V WindowManager: Relayout Window{41ea68a u0 com.sec.android.app.launcher/com.sec.android.app.launcher.activities.LauncherActivity}: viewVisibility=8 req=1440x3088 d0
05-18 00:47:12.458  3588  3984 I LiveIconUpdateEventHandler: cancelMinuteChangeAlarm
05-18 00:47:12.459  2315  3567 V WindowManager: Relayout hash=41ea68a, pid=3588, syncId=-1: mAttrs={(0,0)(fillxfill) sim={adjust=nothing} layoutInDisplayCutoutMode=shortEdges ty=BASE_APPLICATION fmt=TRANSPARENT wanim=0x10302f4
05-18 00:47:12.459  2315  3567 V WindowManager:   fl=81910100
05-18 00:47:12.459  2315  3567 V WindowManager:   pfl=1e020040
05-18 00:47:12.459  2315  3567 V WindowManager:   vsysui=1700
05-18 00:47:12.459  2315  3567 V WindowManager:   bhv=SHOW_TRANSIENT_BARS_BY_SWIPE
05-18 00:47:12.459  2315  3567 V WindowManager:   fitSides= naviIconColor=0}
05-18 00:47:12.460  3588  3984 I LiveIconUpdateEventHandler: cancelMinuteChangeAlarm
05-18 00:47:12.461  3588  3984 I LiveIconUpdateEventHandler: cancelMinuteChangeAlarm
05-18 00:47:12.462 19748 19748 I DecorView: [INFO] isPopOver=false config=true
05-18 00:47:12.462 19748 19748 I DecorView: updateCaptionType: isFloating=false isApplication=true hasWindowDecorCaption=false this=DecorView@b502b78[]
05-18 00:47:12.462 19748 19748 D DecorView: setCaptionType = 0, this = DecorView@b502b78[]
05-18 00:47:12.463 19748 19748 I DecorView: getCurrentDensityDpi: from real metrics. densityDpi=560 msg=resources_loaded
05-18 00:47:12.463 19748 19748 I DecorView: setWindowBackground: isPopOver=false color=ff010101 d=android.graphics.drawable.StateListDrawable@5314251
05-18 00:47:12.463 19748 19748 D LifecycleMonitor: Lifecycle status change: androidx.test.core.app.InstrumentationActivityInvoker$EmptyActivity@e079dd5 in: CREATED
05-18 00:47:12.463 19748 19748 V ActivityScenario: Activity lifecycle changed event received but ignored because the intent does not match. startActivityIntent=Intent { act=android.intent.action.MAIN cat=[android.intent.category.LAUNCHER] cmp=com.example.dogglers/.GridListActivity }, activity.getIntent()=Intent { act=android.intent.action.MAIN cat=[android.intent.category.LAUNCHER] flg=0x10000000 cmp=com.example.dogglers/androidx.test.core.app.InstrumentationActivityInvoker$EmptyActivity }, activity=androidx.test.core.app.InstrumentationActivityInvoker$EmptyActivity@e079dd5
05-18 00:47:12.464 19748 19748 D LifecycleMonitor: Lifecycle status change: androidx.test.core.app.InstrumentationActivityInvoker$EmptyActivity@e079dd5 in: STARTED
05-18 00:47:12.464 19748 19748 V ActivityScenario: Activity lifecycle changed event received but ignored because the intent does not match. startActivityIntent=Intent { act=android.intent.action.MAIN cat=[android.intent.category.LAUNCHER] cmp=com.example.dogglers/.GridListActivity }, activity.getIntent()=Intent { act=android.intent.action.MAIN cat=[android.intent.category.LAUNCHER] flg=0x10000000 cmp=com.example.dogglers/androidx.test.core.app.InstrumentationActivityInvoker$EmptyActivity }, activity=androidx.test.core.app.InstrumentationActivityInvoker$EmptyActivity@e079dd5
05-18 00:47:12.465  3588  3588 I ViewRootImpl@c60680d[LauncherActivity]: Relayout returned: old=(0,0,1440,3088) new=(0,0,1440,3088) req=(1440,3088)8 dur=10 res=0x2 s={false 0x0} ch=false seqId=0
05-18 00:47:12.465 19748 19748 D LifecycleMonitor: Lifecycle status change: androidx.test.core.app.InstrumentationActivityInvoker$EmptyActivity@e079dd5 in: RESUMED
05-18 00:47:12.466 19748 19748 V ActivityScenario: Activity lifecycle changed event received but ignored because the intent does not match. startActivityIntent=Intent { act=android.intent.action.MAIN cat=[android.intent.category.LAUNCHER] cmp=com.example.dogglers/.GridListActivity }, activity.getIntent()=Intent { act=android.intent.action.MAIN cat=[android.intent.category.LAUNCHER] flg=0x10000000 cmp=com.example.dogglers/androidx.test.core.app.InstrumentationActivityInvoker$EmptyActivity }, activity=androidx.test.core.app.InstrumentationActivityInvoker$EmptyActivity@e079dd5
05-18 00:47:12.466 19748 19748 I MSHandlerLifeCycle: check: return. pkg=com.example.dogglers parent=null callers=com.android.internal.policy.DecorView.setVisibility:4416 android.app.ActivityThread.handleResumeActivity:5476 android.app.servertransaction.ResumeActivityItem.execute:54 android.app.servertransaction.ActivityTransactionItem.execute:45 android.app.servertransaction.TransactionExecutor.executeLifecycleState:176
05-18 00:47:12.466 19748 19748 I MSHandlerLifeCycle: removeMultiSplitHandler: no exist. decor=DecorView@b502b78[]
05-18 00:47:12.468 19748 19789 D NativeCustomFrequencyManager: [NativeCFMS] BpCustomFrequencyManager::BpCustomFrequencyManager()
05-18 00:47:12.468  2315  2435 I SemPersonaManager: SecureFolder personaId = 150
05-18 00:47:12.468  1533  1533 I Layer   : id=113155 removedFromDrawingState com.sec.android.app.launcher/com.sec.android.app.launcher.activities.LauncherActivity$_23650#113155 (113)
05-18 00:47:12.469  1533  1533 I Layer   : id=113156 removedFromDrawingState com.sec.android.app.launcher/com.sec.android.app.launcher.activities.LauncherActivity$_3588#113156 (113)
05-18 00:47:12.469  1533  1533 I SurfaceFlinger: id=113155 Removed com.sec.android.app.launcher/com.sec.android.app.launcher.activities.LauncherActivity$_23650#113155 (113)
05-18 00:47:12.469  1533  1533 I Layer   : id=113155 Destroyed com.sec.android.app.launcher/com.sec.android.app.launcher.activities.LauncherActivity$_23650#113155
05-18 00:47:12.469  2315  6291 D InputTransport: Input channel constructed: 'a393edf', fd=1085
05-18 00:47:12.469  2315  6291 D InputTransport: Input channel constructed: 'a393edf', fd=1089
05-18 00:47:12.469  2315  6291 D InputTransport: Input channel constructed: 'a393edf', fd=1092
05-18 00:47:12.470  1533  1680 I SurfaceFlinger: id=113269 createSurf, flag=80004, a393edf com.example.dogglers/androidx.test.core.app.InstrumentationActivityInvoker$EmptyActivity#113269
05-18 00:47:12.471  2315  6291 D InputTransport: Input channel destroyed: 'a393edf', fd=1092
05-18 00:47:12.472 19748 19748 D InsetsController: onStateChanged: InsetsState: {mDisplayFrame=Rect(0, 0 - 1440, 3088), mDisplayCutout=DisplayCutout{insets=Rect(0, 100 - 0, 0) waterfall=Insets{left=0, top=0, right=0, bottom=0} boundingRect={Bounds=[Rect(0, 0 - 0, 0), Rect(683, 0 - 758, 100), Rect(0, 0 - 0, 0), Rect(0, 0 - 0, 0)]} cutoutPathParserInfo={CutoutPathParserInfo{displayWidth=1440 displayHeight=3088 physicalDisplayWidth=1440 physicalDisplayHeight=3088 density={3.75} cutoutSpec={M 0,0 H -10 V 26.66666666666667 H 10 V 0 H 0 Z @dp} rotation={0} scale={1.0} physicalPixelDisplaySizeRatio={1.0}}}}, mRoundedCorners=RoundedCorners{[RoundedCorner{position=TopLeft, radius=14, center=Point(14, 14)}, RoundedCorner{position=TopRight, radius=14, center=Point(1426, 14)}, RoundedCorner{position=BottomRight, radius=14, center=Point(1426, 3074)}, RoundedCorner{position=BottomLeft, radius=14, center=Point(14, 3074)}]}  mRoundedCornerFrame=Rect(0, 0 - 1440, 3088), mPrivacyIndicatorBounds=PrivacyIndicatorBounds {static bounds=Rect(1286, 0 - 1440, 100) rotation=0}, mSources= { InsetsSource: {mType=ITYPE_STATUS_BAR, mFrame=[0,0][1440,100], mVisible=true, mInsetsRoundedCornerFrame=false}, InsetsSource: {mType=ITYPE_NAVIGATION_BAR, mFrame=[0,2920][1440,3088], mVisible=true, mInsetsRoundedCornerFrame=false}, InsetsSource: {mType=ITYPE_LEFT_GESTURES, mFrame=[0,0][0,3088], mVisible=true, mInsetsRoundedCornerFrame=false}, InsetsSource: {mType=ITYPE_RIGHT_GESTURES, mFrame=[1440,0][1440,3088], mVisible=true, mInsetsRoundedCornerFrame=false}, InsetsSource: {mType=ITYPE_TOP_MANDATORY_GESTURES, mFrame=[0,0][1440,142], mVisible=true, mInsetsRoundedCornerFrame=false}, InsetsSource: {mType=ITYPE_BOTTOM_MANDATORY_GESTURES, mFrame=[0,2920][1440,3088], mVisible=true, mInsetsRoundedCornerFrame=false}, InsetsSource: {mType=ITYPE_LEFT_DISPLAY_CUTOUT, mFrame=[0,0][-100000,3088], mVisible=true, mInsetsRoundedCornerFrame=false}, InsetsSource: {mType=ITYPE_TOP_DISPLAY_CUTOUT, mFrame=[0,0][1440,100], mVisible=true, mInsetsRoundedCornerFrame=false}, InsetsSource: {mType=ITYPE_RIGHT_DISPLAY_CUTOUT, mFrame=[100000,0][1440,3088], mVisible=true, mInsetsRoundedCornerFrame=false}, InsetsSource: {mType=ITYPE_BOTTOM_DISPLAY_CUTOUT, mFrame=[0,100000][1440,3088], mVisible=true, mInsetsRoundedCornerFrame=false}, InsetsSource: {mType=ITYPE_TOP_TAPPABLE_ELEMENT, mFrame=[0,0][1440,100], mVisible=true, mInsetsRoundedCornerFrame=false}, InsetsSource: {mType=ITYPE_BOTTOM_TAPPABLE_ELEMENT, mFrame=[0,2920][1440,3088], mVisible=true, mInsetsRoundedCornerFrame=false} } host=com.example.dogglers/androidx.test.core.app.InstrumentationActivityInvoker$EmptyActivity from=android.view.ViewRootImpl.setView:1732
05-18 00:47:12.472  1533  2344 I SurfaceFlinger: id=113156 Removed com.sec.android.app.launcher/com.sec.android.app.launcher.activities.LauncherActivity$_3588#113156 (113)
05-18 00:47:12.473 19748 19748 I ViewRootImpl@3703b7[InstrumentationActivityInvoker$EmptyActivity]: setView = com.android.internal.policy.DecorView@b502b78 TM=true
05-18 00:47:12.476 19748 19748 I MSHandlerLifeCycle: removeMultiSplitHandler: no exist. decor=DecorView@b502b78[InstrumentationActivityInvoker$EmptyActivity]
05-18 00:47:12.477  1533  1533 I Layer   : id=113156 Destroyed com.sec.android.app.launcher/com.sec.android.app.launcher.activities.LauncherActivity$_3588#113156
05-18 00:47:12.477  2315  2481 D AnalyticsContainerHandler: handleMessage : { when=0 what=1 target=com.android.server.knox.KnoxAnalyticsContainer$AnalyticsHandler }
05-18 00:47:12.480 19748 19748 I ViewRootImpl@3703b7[InstrumentationActivityInvoker$EmptyActivity]: performTraversals params={(0,0)(fillxfill) sim={adjust=pan forwardNavigation} ty=BASE_APPLICATION wanim=0x1030001
05-18 00:47:12.480 19748 19748 I ViewRootImpl@3703b7[InstrumentationActivityInvoker$EmptyActivity]:   fl=1810100
05-18 00:47:12.480 19748 19748 I ViewRootImpl@3703b7[InstrumentationActivityInvoker$EmptyActivity]:   pfl=12020040
05-18 00:47:12.480 19748 19748 I ViewRootImpl@3703b7[InstrumentationActivityInvoker$EmptyActivity]:   bhv=DEFAULT
05-18 00:47:12.480 19748 19748 I ViewRootImpl@3703b7[InstrumentationActivityInvoker$EmptyActivity]:   fitSides= naviIconColor=0}
05-18 00:47:12.480 19748 19748 I ViewRootImpl@3703b7[InstrumentationActivityInvoker$EmptyActivity]: performTraversals mFirst=true windowShouldResize=true viewVisibilityChanged=false mForceNextWindowRelayout=false params={(0,0)(fillxfill) sim={adjust=pan forwardNavigation} ty=BASE_APPLICATION wanim=0x1030001
05-18 00:47:12.480 19748 19748 I ViewRootImpl@3703b7[InstrumentationActivityInvoker$EmptyActivity]:   fl=1810100
05-18 00:47:12.480 19748 19748 I ViewRootImpl@3703b7[InstrumentationActivityInvoker$EmptyActivity]:   pfl=12020040
05-18 00:47:12.480 19748 19748 I ViewRootImpl@3703b7[InstrumentationActivityInvoker$EmptyActivity]:   bhv=DEFAULT
05-18 00:47:12.480 19748 19748 I ViewRootImpl@3703b7[InstrumentationActivityInvoker$EmptyActivity]:   fitSides= naviIconColor=0}
05-18 00:47:12.481  2315  6291 V WindowManager: Relayout Window{a393edf u0 com.example.dogglers/androidx.test.core.app.InstrumentationActivityInvoker$EmptyActivity}: viewVisibility=0 req=1440x3088 d0
05-18 00:47:12.481  1533  3008 I SurfaceFlinger: id=113270 createSurf, flag=40004, com.example.dogglers/androidx.test.core.app.InstrumentationActivityInvoker$EmptyActivity$_19748#113270
05-18 00:47:12.483  1533  3008 I SurfaceFlinger: id=113271 createSurf, flag=24000, Surface(name=a5e6516 StatusBar)/@0x266f9f6 - animation-leash of insets_animation#113271
05-18 00:47:12.484  1533  1680 I SurfaceFlinger: id=113272 createSurf, flag=24000, Surface(name=b1c69c9 NavigationBar0)/@0x6818acd - animation-leash of insets_animation#113272
05-18 00:47:12.485  2315  6291 V WindowManager: Relayout hash=a393edf, pid=19748, syncId=-1: mAttrs={(0,0)(fillxfill) sim={adjust=pan forwardNavigation} ty=BASE_APPLICATION wanim=0x1030001
05-18 00:47:12.485  2315  6291 V WindowManager:   fl=1810100
05-18 00:47:12.485  2315  6291 V WindowManager:   pfl=12020040
05-18 00:47:12.485  2315  6291 V WindowManager:   bhv=DEFAULT
05-18 00:47:12.485  2315  6291 V WindowManager:   fitSides= naviIconColor=0}
05-18 00:47:12.486  2315  3073 D InputMethodManagerService: isImeSwitcherDisabledPackage : false
05-18 00:47:12.486 19748 19748 D InsetsController: onStateChanged: InsetsState: {mDisplayFrame=Rect(0, 0 - 1440, 3088), mDisplayCutout=DisplayCutout{insets=Rect(0, 100 - 0, 0) waterfall=Insets{left=0, top=0, right=0, bottom=0} boundingRect={Bounds=[Rect(0, 0 - 0, 0), Rect(683, 0 - 758, 100), Rect(0, 0 - 0, 0), Rect(0, 0 - 0, 0)]} cutoutPathParserInfo={CutoutPathParserInfo{displayWidth=1440 displayHeight=3088 physicalDisplayWidth=1440 physicalDisplayHeight=3088 density={3.75} cutoutSpec={M 0,0 H -10 V 26.66666666666667 H 10 V 0 H 0 Z @dp} rotation={0} scale={1.0} physicalPixelDisplaySizeRatio={1.0}}}}, mRoundedCorners=RoundedCorners{[RoundedCorner{position=TopLeft, radius=14, center=Point(14, 14)}, RoundedCorner{position=TopRight, radius=14, center=Point(1426, 14)}, RoundedCorner{position=BottomRight, radius=14, center=Point(1426, 3074)}, RoundedCorner{position=BottomLeft, radius=14, center=Point(14, 3074)}]}  mRoundedCornerFrame=Rect(0, 0 - 1440, 3088), mPrivacyIndicatorBounds=PrivacyIndicatorBounds {static bounds=Rect(1286, 0 - 1440, 100) rotation=0}, mSources= { InsetsSource: {mType=ITYPE_STATUS_BAR, mFrame=[0,0][1440,100], mVisible=true, mInsetsRoundedCornerFrame=false}, InsetsSource: {mType=ITYPE_NAVIGATION_BAR, mFrame=[0,2920][1440,3088], mVisible=true, mInsetsRoundedCornerFrame=false}, InsetsSource: {mType=ITYPE_LEFT_GESTURES, mFrame=[0,0][0,3088], mVisible=true, mInsetsRoundedCornerFrame=false}, InsetsSource: {mType=ITYPE_RIGHT_GESTURES, mFrame=[1440,0][1440,3088], mVisible=true, mInsetsRoundedCornerFrame=false}, InsetsSource: {mType=ITYPE_TOP_MANDATORY_GESTURES, mFrame=[0,0][1440,142], mVisible=true, mInsetsRoundedCornerFrame=false}, InsetsSource: {mType=ITYPE_BOTTOM_MANDATORY_GESTURES, mFrame=[0,2920][1440,3088], mVisible=true, mInsetsRoundedCornerFrame=false}, InsetsSource: {mType=ITYPE_LEFT_DISPLAY_CUTOUT, mFrame=[0,0][-100000,3088], mVisible=true, mInsetsRoundedCornerFrame=false}, InsetsSource: {mType=ITYPE_TOP_DISPLAY_CUTOUT, mFrame=[0,0][1440,100], mVisible=true, mInsetsRoundedCornerFrame=false}, InsetsSource: {mType=ITYPE_RIGHT_DISPLAY_CUTOUT, mFrame=[100000,0][1440,3088], mVisible=true, mInsetsRoundedCornerFrame=false}, InsetsSource: {mType=ITYPE_BOTTOM_DISPLAY_CUTOUT, mFrame=[0,100000][1440,3088], mVisible=true, mInsetsRoundedCornerFrame=false}, InsetsSource: {mType=ITYPE_TOP_TAPPABLE_ELEMENT, mFrame=[0,0][1440,100], mVisible=true, mInsetsRoundedCornerFrame=false}, InsetsSource: {mType=ITYPE_BOTTOM_TAPPABLE_ELEMENT, mFrame=[0,2920][1440,3088], mVisible=true, mInsetsRoundedCornerFrame=false}, InsetsSource: {mType=ITYPE_IME, mFrame=[0,0][0,0], mVisibleFrame=[0,1766][1440,3088], mVisible=false, mInsetsRoundedCornerFrame=false} } host=com.example.dogglers/androidx.test.core.app.InstrumentationActivityInvoker$EmptyActivity from=android.view.ViewRootImpl.relayoutWindow:9802
05-18 00:47:12.487  2315  2435 D EnterpriseDeviceManagerService: isMdmAdminPresentInternal() : MDM Admin Found - com.samsung.knox.securefolder
05-18 00:47:12.487 19748 19748 I ViewRootImpl@3703b7[InstrumentationActivityInvoker$EmptyActivity]: updateBlastSurfaceIfNeeded mBlastBufferQueue=null isSameSurfaceControl=false
05-18 00:47:12.487 19748 19748 I BLASTBufferQueue: new BLASTBufferQueue, mName= ViewRootImpl@3703b7[InstrumentationActivityInvoker$EmptyActivity] mNativeObject= 0xb4000073b72797d0 sc.mNativeObject= 0xb4000073472ab5f0 caller= android.view.ViewRootImpl.updateBlastSurfaceIfNeeded:2909 android.view.ViewRootImpl.relayoutWindow:9847 android.view.ViewRootImpl.performTraversals:3884 android.view.ViewRootImpl.doTraversal:3116 android.view.ViewRootImpl$TraversalRunnable.run:10885 android.view.Choreographer$CallbackRecord.run:1301 android.view.Choreographer$CallbackRecord.run:1309 android.view.Choreographer.doCallbacks:923 android.view.Choreographer.doFrame:852 android.view.Choreographer$FrameDisplayEventReceiver.run:1283
05-18 00:47:12.487 19748 19748 I BLASTBufferQueue: update, w= 1440 h= 3088 mName = ViewRootImpl@3703b7[InstrumentationActivityInvoker$EmptyActivity] mNativeObject= 0xb4000073b72797d0 sc.mNativeObject= 0xb4000073472ab5f0 format= -1 caller= android.graphics.BLASTBufferQueue.<init>:84 android.view.ViewRootImpl.updateBlastSurfaceIfNeeded:2909 android.view.ViewRootImpl.relayoutWindow:9847 android.view.ViewRootImpl.performTraversals:3884 android.view.ViewRootImpl.doTraversal:3116 android.view.ViewRootImpl$TraversalRunnable.run:10885
05-18 00:47:12.487 19748 19748 I ViewRootImpl@3703b7[InstrumentationActivityInvoker$EmptyActivity]: Relayout returned: old=(0,0,1440,3088) new=(0,0,1440,3088) req=(1440,3088)0 dur=7 res=0x3 s={true 0xb40000744728f630} ch=true seqId=0
05-18 00:47:12.488 19748 19748 I ViewRootImpl@3703b7[InstrumentationActivityInvoker$EmptyActivity]: mThreadedRenderer.initialize() mSurface={isValid=true 0xb40000744728f630} hwInitialized=true
05-18 00:47:12.488 19748 19789 D OpenGLRenderer: eglCreateWindowSurface
05-18 00:47:12.489 19748 19748 I ViewRootImpl@3703b7[InstrumentationActivityInvoker$EmptyActivity]: reportNextDraw android.view.ViewRootImpl.performTraversals:4438 android.view.ViewRootImpl.doTraversal:3116 android.view.ViewRootImpl$TraversalRunnable.run:10885 android.view.Choreographer$CallbackRecord.run:1301 android.view.Choreographer$CallbackRecord.run:1309
05-18 00:47:12.489 19748 19748 I ViewRootImpl@3703b7[InstrumentationActivityInvoker$EmptyActivity]: Setup new sync id=0
05-18 00:47:12.489 19748 19748 I ViewRootImpl@3703b7[InstrumentationActivityInvoker$EmptyActivity]: Setting syncFrameCallback
05-18 00:47:12.489 19748 19748 I ViewRootImpl@3703b7[InstrumentationActivityInvoker$EmptyActivity]: registerCallbacksForSync syncBuffer=false
05-18 00:47:12.490 19748 19806 I ViewRootImpl@3703b7[InstrumentationActivityInvoker$EmptyActivity]: Received frameDrawingCallback syncResult=0 frameNum=1.
05-18 00:47:12.490 19748 19806 I ViewRootImpl@3703b7[InstrumentationActivityInvoker$EmptyActivity]: Setting up sync and frameCommitCallback
05-18 00:47:12.490  5591  5591 I InputMethodService: removeImeSurface
05-18 00:47:12.491  5591  5591 I MSHandlerLifeCycle: check: return. pkg=com.samsung.android.honeyboard isActivity=false callers=com.android.internal.policy.DecorView.setVisibility:4416 android.app.Dialog.hide:767 android.inputmethodservice.InputMethodService.removeImeSurface:1290 android.inputmethodservice.InputMethodService.scheduleImeSurfaceRemoval:1279 android.inputmethodservice.InputMethodService.-$$Nest$mscheduleImeSurfaceRemoval:0
05-18 00:47:12.491 19748 19789 I BLASTBufferQueue: [ViewRootImpl@3703b7[InstrumentationActivityInvoker$EmptyActivity]#8](f:0,a:0) onFrameAvailable the first frame is available
05-18 00:47:12.491  5591  5591 I MSHandlerLifeCycle: removeMultiSplitHandler: no exist. decor=DecorView@9a0695a[InputMethod]
05-18 00:47:12.491 19748 19789 I ViewRootImpl@3703b7[InstrumentationActivityInvoker$EmptyActivity]: Received frameCommittedCallback lastAttemptedDrawFrameNum=1 didProduceBuffer=true
05-18 00:47:12.491  2315  4570 I MediaSessionMonitor: Media session stopped : controllerList empty
05-18 00:47:12.492 19748 19789 D OpenGLRenderer: CFMS:: SetUp Pid : 19748    Tid : 19789
05-18 00:47:12.492 19748 19789 W Parcel  : Expecting binder but got null!
05-18 00:47:12.492 19748 19748 I ViewRootImpl@3703b7[InstrumentationActivityInvoker$EmptyActivity]: onSyncComplete
05-18 00:47:12.493 19748 19748 I ViewRootImpl@3703b7[InstrumentationActivityInvoker$EmptyActivity]: setupSync seqId=0 mSyncId=0 fn=1 caller=android.view.ViewRootImpl$$ExternalSyntheticLambda11.accept:6 android.window.SurfaceSyncer.lambda$setupSync$1$android-window-SurfaceSyncer:128 android.window.SurfaceSyncer$$ExternalSyntheticLambda1.accept:8 android.window.SurfaceSyncer$SyncSet.checkIfSyncIsComplete:382 android.window.SurfaceSyncer$SyncSet.markSyncReady:359 android.window.SurfaceSyncer.markSyncReady:151 android.view.ViewRootImpl.performTraversals:4503
05-18 00:47:12.493 19748 19748 I ViewRootImpl@3703b7[InstrumentationActivityInvoker$EmptyActivity]: reportDrawFinished seqId=0 mSyncId=-1 fn=1 mSurfaceChangedTransaction=0xb400007377270730
05-18 00:47:12.493 19748 19748 I ViewRootImpl@1302048[InstrumentationActivityInvoker$EmptyActivity]: MSG_WINDOW_FOCUS_CHANGED 0 0
05-18 00:47:12.494  1533  1533 I Layer   : id=113264 removedFromDrawingState Surface(name=a5e6516 StatusBar)/@0x266f9f6 - animation-leash of insets_animation#113264 (115)
05-18 00:47:12.494  1533  1533 I Layer   : id=113265 removedFromDrawingState Surface(name=b1c69c9 NavigationBar0)/@0x6818acd - animation-leash of insets_animation#113265 (115)
05-18 00:47:12.494  1533  1533 I SurfaceFlinger: [a393edf com.example.dogglers/androidx.test.core.app.InstrumentationActivityInvoker$EmptyActivity#113269] FrameRatePriority: 1
05-18 00:47:12.494  1533  3008 I SurfaceFlinger: id=113265 Removed Surface(name=b1c69c9 NavigationBar0)/@0x6818acd - animation-leash of insets_animation#113265 (115)
05-18 00:47:12.494  1533  3008 I SurfaceFlinger: id=113264 Removed Surface(name=a5e6516 StatusBar)/@0x266f9f6 - animation-leash of insets_animation#113264 (115)
05-18 00:47:12.494  2315  2926 D InputDispatcher: Focus request (0): a393edf com.example.dogglers/androidx.test.core.app.InstrumentationActivityInvoker$EmptyActivity but waiting because NO_WINDOW
05-18 00:47:12.499  2315  2436 I SemDvfsHyPerManager: acquire hyper - AMS_RESUME_TAIL/2315@23, type = -999
05-18 00:47:12.499  2315  2436 I SemDvfsHyPerManager: acquire hyper - AMS_ACT_LAZY/2315@24, type = -999
05-18 00:47:12.499  1412  1438 I HYPER-HAL: [RequestManager.cpp]acquire(): Acquired ID : 2734314  [2315 / 23]    HINT : AMS_RESUME_TAIL    list :
05-18 00:47:12.499  1412  1438 I HYPER-HAL: [RequestManager.cpp]acquire(): Acquired ID : 2736654  [2315 / 24]    HINT : AMS_ACT_LAZY    list :
05-18 00:47:12.500  1533  3178 I SurfaceFlinger: id=113273 createSurf, flag=80000, 2e2e4f7 ActivityRecordInputSink com.example.dogglers/androidx.test.core.app.InstrumentationActivityInvoker$EmptyActivity#113273
05-18 00:47:12.502  2315  2432 I ActivityTaskManager: Displayed com.example.dogglers/androidx.test.core.app.InstrumentationActivityInvoker$EmptyActivity: +101ms
05-18 00:47:12.502  1533  1533 I Layer   : Layer [com.example.dogglers/androidx.test.core.app.InstrumentationActivityInvoker$EmptyActivity$_19748#113270] hidden!! flag(0)
05-18 00:47:12.502  1533  1533 I Layer   : Layer [com.example.dogglers/androidx.test.core.app.InstrumentationActivityInvoker$EmptyActivity$_19748#113263] hidden!! flag(1)
05-18 00:47:12.502  1533  1533 I Layer   : id=113265 Destroyed Surface(name=b1c69c9 NavigationBar0)/@0x6818acd - animation-leash of insets_animation#113265
05-18 00:47:12.502  1533  1533 I Layer   : id=113264 Destroyed Surface(name=a5e6516 StatusBar)/@0x266f9f6 - animation-leash of insets_animation#113264
05-18 00:47:12.502  4633  4633 E pageboostd: Received HALT command code 2
05-18 00:47:12.503  5964  5964 I ActivityUtils: HomePackage : com.sec.android.app.launcher, resumePackageName : com.example.dogglers
05-18 00:47:12.503  1533  1533 D SurfaceFlinger: Display 4630947232161729154 HWC layers:
05-18 00:47:12.503  1533  1533 D SurfaceFlinger:      DEVICE | 0xb400006f7020c640 | 0102 | RGBA_8888    |    0.0    0.0 1440.0 3088.0 |    0    0 1440 3088 | com.example.dogglers/androidx.test.c[...]yInvoker$EmptyActivity$_19748#113270
05-18 00:47:12.503  1533  1533 D SurfaceFlinger:      DEVICE | 0xb400006f70233df0 | 0100 | RGBA_8888    |    0.0    0.0 1440.0  100.0 |    0    0 1440  100 | StatusBar$_3085#85
05-18 00:47:12.503  1533  1533 D SurfaceFlinger:      DEVICE | 0xb400006f7022a220 | 0100 | RGBA_8888    |    0.0    0.0   67.0  456.0 | 1373  584 1440 1040 | com.samsung.android.app.cocktailbars[...]vice.CocktailBarService$_5964#112833
05-18 00:47:12.503  1533  1533 D SurfaceFlinger:      DEVICE | 0xb400006f7022d5e0 | 0100 | RGBA_8888    |    0.0    0.0 1440.0  168.0 |    0 2920 1440 3088 | NavigationBar0$_3085#80
05-18 00:47:12.503  1533  1533 D SurfaceFlinger:
05-18 00:47:12.505  1412  1438 I HYPER-HAL: [RequestManager.cpp]releaseLocked(): Released ID : 2729637
05-18 00:47:12.505  2315  6291 D InputDispatcher: Focus entered window (0): a393edf com.example.dogglers/androidx.test.core.app.InstrumentationActivityInvoker$EmptyActivity
05-18 00:47:12.506  2315  6291 D InputDispatcher: Focused application(0): ActivityRecord{6dc7053 u0 com.sec.android.app.launcher/.activities.LauncherActivity} t7}
05-18 00:47:12.510  1533  1533 I SurfaceFlinger: [a393edf com.example.dogglers/androidx.test.core.app.InstrumentationActivityInvoker$EmptyActivity#113269] FrameRatePriority: -1
05-18 00:47:12.511 19748 19748 I ViewRootImpl@1302048[InstrumentationActivityInvoker$EmptyActivity]: handleAppVisibility mAppVisible = true visible = false
05-18 00:47:12.511 19748 19748 I ViewRootImpl@3703b7[InstrumentationActivityInvoker$EmptyActivity]: MSG_WINDOW_FOCUS_CHANGED 1 0
05-18 00:47:12.511 19748 19748 I ViewRootImpl@3703b7[InstrumentationActivityInvoker$EmptyActivity]: mThreadedRenderer.initializeIfNeeded()#2 mSurface={isValid=true 0xb40000744728f630}
05-18 00:47:12.511 19748 19748 D InputMethodManager: startInputInner - Id : 0
05-18 00:47:12.511 19748 19748 I InputMethodManager: startInputInner - mService.startInputOrWindowGainedFocus
05-18 00:47:12.512  2315  4494 D InputMethodManagerService: DESKTOP MODE! : 2
05-18 00:47:12.512  2315  4494 D InputMethodManagerService: NOT IN KNOX DESKTOP MODE!
05-18 00:47:12.512  2315  4494 V InputMethodManagerService: getDisplayIdOfInputMethodWindowToBeAdded: displayId=0
05-18 00:47:12.512  2315  4494 D InputMethodManagerService: isImeSwitcherDisabledPackage : false
05-18 00:47:12.514  2315  4494 D InputMethodManagerService: checkDisplayOfStartInputAndUpdateKeyboard: displayId=0, mFocusedDisplayId=0
05-18 00:47:12.514  2315  4494 D InputTransport: Input channel constructed: 'ClientS', fd=1103
05-18 00:47:12.514  2315  4494 D InputTransport: Input channel destroyed: 'ClientS', fd=1103
05-18 00:47:12.514  5591  5591 I HBD     : HoneyBoardService onFinishInput
05-18 00:47:12.514 19748 19748 I ViewRootImpl@1302048[InstrumentationActivityInvoker$EmptyActivity]: stopped(true) old = false
05-18 00:47:12.514 19748 19748 I ViewRootImpl@1302048[InstrumentationActivityInvoker$EmptyActivity]: WindowStopped on com.example.dogglers/androidx.test.core.app.InstrumentationActivityInvoker$EmptyActivity set to true
05-18 00:47:12.515  1533  3178 I SurfaceFlinger: id=113274 createSurf, flag=24004, Surface(name=daea37f InputMethod)/@0x913f89b - animation-leash of insets_animation#113274
05-18 00:47:12.515 19748 19748 D LifecycleMonitor: Lifecycle status change: androidx.test.core.app.InstrumentationActivityInvoker$EmptyActivity@8121d2e in: STOPPED
05-18 00:47:12.516 19748 19748 V ActivityScenario: Activity lifecycle changed event received but ignored because the intent does not match. startActivityIntent=Intent { act=android.intent.action.MAIN cat=[android.intent.category.LAUNCHER] cmp=com.example.dogglers/.GridListActivity }, activity.getIntent()=Intent { act=android.intent.action.MAIN cat=[android.intent.category.LAUNCHER] flg=0x10000000 cmp=com.example.dogglers/androidx.test.core.app.InstrumentationActivityInvoker$EmptyActivity }, activity=androidx.test.core.app.InstrumentationActivityInvoker$EmptyActivity@8121d2e
05-18 00:47:12.516  5591  5591 I HBD     : a IC have been unbinding,  RemoteInputConnection{idHash=#4597c34}
05-18 00:47:12.516  5591  5591 I HBD     : HoneyBoardService [PF_CL][onFinishInput]  2 ms
05-18 00:47:12.516  5591  5591 I HBD     : HoneyBoardService [IMI] onStartInput - caller pid : 19748 , caller uid : 10725
05-18 00:47:12.516  5591  5591 I HBD     : j updateConfigs
05-18 00:47:12.516  5591  5591 I HBD     : j isEnabledNightMode : true
05-18 00:47:12.516  5591  5591 I HBD     : a IC have been binding, RemoteInputConnection{idHash=#4597c34}
05-18 00:47:12.516  5591  5591 I HBD     : h [EditorInputType]setPrivateImeOptionsToTable privateImeOptions ( null )
05-18 00:47:12.516  5591  5591 I HBD     : b incognitoMode : false
05-18 00:47:12.516  5591  5591 I HBD     : a needOff = true , isForceOff = false, isNullInputClass : true
05-18 00:47:12.516  5591  5591 I HBD     : h getDefaultInputRange : UNKNOWN
05-18 00:47:12.516  5591  5591 I HBD     : h getDefaultInputRange : UNKNOWN
05-18 00:47:12.516  5591  5591 I HBD     : h getDefaultInputRange : UNKNOWN
05-18 00:47:12.517 19748 19748 I MSHandlerLifeCycle: removeMultiSplitHandler: no exist. decor=DecorView@8b69165[InstrumentationActivityInvoker$EmptyActivity]
05-18 00:47:12.519  1533  1533 I Layer   : id=113268 removedFromDrawingState Surface(name=daea37f InputMethod)/@0x913f89b - animation-leash of insets_animation#113268 (115)
05-18 00:47:12.519  1533  1533 I Layer   : id=146 removedFromDrawingState daea37f InputMethod#146 (115)
05-18 00:47:12.519  1533  1533 I Layer   : id=146 addToCurrentState daea37f InputMethod#146 (115)
05-18 00:47:12.519 19748 19748 D LifecycleMonitor: Lifecycle status change: androidx.test.core.app.InstrumentationActivityInvoker$EmptyActivity@8121d2e in: DESTROYED
05-18 00:47:12.519 19748 19748 V ActivityScenario: Activity lifecycle changed event received but ignored because the intent does not match. startActivityIntent=Intent { act=android.intent.action.MAIN cat=[android.intent.category.LAUNCHER] cmp=com.example.dogglers/.GridListActivity }, activity.getIntent()=Intent { act=android.intent.action.MAIN cat=[android.intent.category.LAUNCHER] flg=0x10000000 cmp=com.example.dogglers/androidx.test.core.app.InstrumentationActivityInvoker$EmptyActivity }, activity=androidx.test.core.app.InstrumentationActivityInvoker$EmptyActivity@8121d2e
05-18 00:47:12.520  2315  3567 D InputDispatcher: Focus left window (0): a393edf com.example.dogglers/androidx.test.core.app.InstrumentationActivityInvoker$EmptyActivity
05-18 00:47:12.520 19748 19748 I MSHandlerLifeCycle: removeMultiSplitHandler: no exist. decor=DecorView@8b69165[InstrumentationActivityInvoker$EmptyActivity]
05-18 00:47:12.521 19748 19789 D OpenGLRenderer: setSurface called with nullptr
05-18 00:47:12.521 19748 19789 D OpenGLRenderer: setSurface() destroyed EGLSurface
05-18 00:47:12.521 19748 19789 D OpenGLRenderer: destroyEglSurface
05-18 00:47:12.521 19748 19748 I ViewRootImpl@1302048[InstrumentationActivityInvoker$EmptyActivity]: dispatchDetachedFromWindow
05-18 00:47:12.522  2315  6291 D InputTransport: Input channel destroyed: 'd672cd2', fd=1022
05-18 00:47:12.522  2315  6291 W InputManager-JNI: Input channel object 'd672cd2 com.example.dogglers/androidx.test.core.app.InstrumentationActivityInvoker$EmptyActivity (client)' was disposed without first being removed with the input manager!
05-18 00:47:12.522  2315  6291 D InputTransport: Input channel destroyed: 'd672cd2', fd=1088
05-18 00:47:12.523  3588  3588 I TopTaskTracker: onTaskMovedToFront : taskId = 7
05-18 00:47:12.523  5668  5704 I [AirCmd]_ActivitySwitchDetector: onTaskFocusChanged : taskId 7
05-18 00:47:12.523 19748 19748 D InputTransport: Input channel destroyed: 'd672cd2', fd=123
05-18 00:47:12.524  1533  3178 I SurfaceFlinger: id=113268 Removed Surface(name=daea37f InputMethod)/@0x913f89b - animation-leash of insets_animation#113268 (115)
05-18 00:47:12.526  1533  3178 I SurfaceFlinger: id=113261 Removed bd6b796 ActivityRecordInputSink com.example.dogglers/androidx.test.core.app.InstrumentationActivityInvoker$EmptyActivity#113261 (115)
05-18 00:47:12.526 21274 21363 I Rubin   : [5971] t9.a.c(SourceFile:1) : Notify com.samsung.android.rubin.inferenceengine.contextanalytics.engine.loggers.d's database is updated.
05-18 00:47:12.520  5591  5591 I HBD     : a needOff = true , isForceOff = false, isNullInputClass : true
05-18 00:47:12.526  5668  5704 I [AirCmd]_ActivitySwitchDetector: onTaskFocusChanged : componentName - ComponentInfo{com.sec.android.app.launcher/com.android.launcher3.uioverrides.QuickstepLauncher}
05-18 00:47:12.526  5668  5704 I [AirCmd]_ActivitySwitchDetector: onTaskFocusChanged : mTopMostActivity - ComponentInfo{com.example.dogglers/com.example.dogglers.GridListActivity}
05-18 00:47:12.526  5591  5591 I HBD     : a update cached prediction status : false
05-18 00:47:12.526  5591  5591 I HBD     : h getDefaultInputRange : UNKNOWN
05-18 00:47:12.526  5591  5591 I HBD     : a currentState : 0
05-18 00:47:12.527  5591  5591 I HBD     : a [UpdatePolicy] [post] a: 0 cl: 65537 kit: [0/0] vt: 0 ir: 1
05-18 00:47:12.527  5591  5591 I HBD     : a [NRIC] resetNoResponseState
05-18 00:47:12.527  1533  1533 I Layer   : id=113263 removedFromDrawingState com.example.dogglers/androidx.test.core.app.InstrumentationActivityInvoker$EmptyActivity$_19748#113263 (115)
05-18 00:47:12.527  1533  1533 I Layer   : id=113262 removedFromDrawingState d672cd2 com.example.dogglers/androidx.test.core.app.InstrumentationActivityInvoker$EmptyActivity#113262 (115)
05-18 00:47:12.527  1533  1533 I SurfaceFlinger: id=113262 Removed d672cd2 com.example.dogglers/androidx.test.core.app.InstrumentationActivityInvoker$EmptyActivity#113262 (115)
05-18 00:47:12.527  5591  5591 I HBD     : a needOff = true , isForceOff = false, isNullInputClass : true
05-18 00:47:12.527  5591  5591 I HBD     : a update cached prediction status : false
05-18 00:47:12.527  1533  1533 I SurfaceFlinger: id=113263 Removed com.example.dogglers/androidx.test.core.app.InstrumentationActivityInvoker$EmptyActivity$_19748#113263 (115)
05-18 00:47:12.527  1533  1533 I Layer   : id=113268 Destroyed Surface(name=daea37f InputMethod)/@0x913f89b - animation-leash of insets_animation#113268
05-18 00:47:12.527  1533  1533 I Layer   : id=113262 Destroyed d672cd2 com.example.dogglers/androidx.test.core.app.InstrumentationActivityInvoker$EmptyActivity#113262
05-18 00:47:12.527  1533  1533 I Layer   : id=113263 Destroyed com.example.dogglers/androidx.test.core.app.InstrumentationActivityInvoker$EmptyActivity$_19748#113263
05-18 00:47:12.528  5591  5591 I HBD     : HoneyBoardService [PF_OP][onStartInput]  12 ms
05-18 00:47:12.528  5668  5704 I [AirCmd]_CallbackRepeater: stopRepeat : isWorking=false
05-18 00:47:12.528  5668  5704 I [AirCmd]_MediaControlStateMonitor: isForegroundAppSupportsMediaButton : mediaSession is empty
05-18 00:47:12.528  1412  1412 I HYPER-HAL: [ResourceManager.cpp]getResourceManager(): Resouce not supported on this device - resourceID : 0x1000
05-18 00:47:12.528  5668  5704 I [AirCmd]_MediaControlStateMonitor: active Notification List is null
05-18 00:47:12.528  5668  5704 I [AirCmd]_RemoteSpenMainController: hasGeneralAction : packageName is com.sec.android.app.launcher, activityName is com.android.launcher3.uioverrides.QuickstepLauncher, hasActions is false
05-18 00:47:12.528  5668  5704 I [AirCmd]_CameraAvailabilityMonitor: isCameraPreviewOn : mIsCameraPreviewOn is false
05-18 00:47:12.530  2315  2435 D PersonaActivityHelper: Activity not in resumed state, do not run immediate lock
05-18 00:47:12.530 24387 24387 I GsaVoiceInteractionSrv: Handling ACTION_STOP_HOTWORD
05-18 00:47:12.530 19748 19748 D LifecycleMonitor: Lifecycle status change: androidx.test.core.app.InstrumentationActivityInvoker$EmptyActivity@e079dd5 in: PAUSED
05-18 00:47:12.531 19748 19748 V ActivityScenario: Activity lifecycle changed event received but ignored because the intent does not match. startActivityIntent=Intent { act=android.intent.action.MAIN cat=[android.intent.category.LAUNCHER] cmp=com.example.dogglers/.GridListActivity }, activity.getIntent()=Intent { act=android.intent.action.MAIN cat=[android.intent.category.LAUNCHER] flg=0x10000000 cmp=com.example.dogglers/androidx.test.core.app.InstrumentationActivityInvoker$EmptyActivity }, activity=androidx.test.core.app.InstrumentationActivityInvoker$EmptyActivity@e079dd5
