05-18 00:47:13.270 19748 19748 D InsetsController: onStateChanged: InsetsState: {mDisplayFrame=Rect(0, 0 - 1440, 3088), mDisplayCutout=DisplayCutout{insets=Rect(0, 100 - 0, 0) waterfall=Insets{left=0, top=0, right=0, bottom=0} boundingRect={Bounds=[Rect(0, 0 - 0, 0), Rect(683, 0 - 758, 100), Rect(0, 0 - 0, 0), Rect(0, 0 - 0, 0)]} cutoutPathParserInfo={CutoutPathParserInfo{displayWidth=1440 displayHeight=3088 physicalDisplayWidth=1440 physicalDisplayHeight=3088 density={3.75} cutoutSpec={M 0,0 H -10 V 26.66666666666667 H 10 V 0 H 0 Z @dp} rotation={0} scale={1.0} physicalPixelDisplaySizeRatio={1.0}}}}, mRoundedCorners=RoundedCorners{[RoundedCorner{position=TopLeft, radius=14, center=Point(14, 14)}, RoundedCorner{position=TopRight, radius=14, center=Point(1426, 14)}, RoundedCorner{position=BottomRight, radius=14, center=Point(1426, 3074)}, RoundedCorner{position=BottomLeft, radius=14, center=Point(14, 3074)}]}  mRoundedCornerFrame=Rect(0, 0 - 1440, 3088), mPrivacyIndicatorBounds=PrivacyIndicatorBounds {static bounds=Rect(1286, 0 - 1440, 100) rotation=0}, mSources= { InsetsSource: {mType=ITYPE_STATUS_BAR, mFrame=[0,0][1440,100], mVisible=true, mInsetsRoundedCornerFrame=false}, InsetsSource: {mType=ITYPE_NAVIGATION_BAR, mFrame=[0,2920][1440,3088], mVisible=true, mInsetsRoundedCornerFrame=false}, InsetsSource: {mType=ITYPE_LEFT_GESTURES, mFrame=[0,0][0,3088], mVisible=true, mInsetsRoundedCornerFrame=false}, InsetsSource: {mType=ITYPE_RIGHT_GESTURES, mFrame=[1440,0][1440,3088], mVisible=true, mInsetsRoundedCornerFrame=false}, InsetsSource: {mType=ITYPE_TOP_MANDATORY_GESTURES, mFrame=[0,0][1440,142], mVisible=true, mInsetsRoundedCornerFrame=false}, InsetsSource: {mType=ITYPE_BOTTOM_MANDATORY_GESTURES, mFrame=[0,2920][1440,3088], mVisible=true, mInsetsRoundedCornerFrame=false}, InsetsSource: {mType=ITYPE_LEFT_DISPLAY_CUTOUT, mFrame=[0,0][-100000,3088], mVisible=true, mInsetsRoundedCornerFrame=false}, InsetsSource: {mType=ITYPE_TOP_DISPLAY_CUTOUT, mFrame=[0,0][1440,100], mVisible=true, mInsetsRoundedCornerFrame=false}, InsetsSource: {mType=ITYPE_RIGHT_DISPLAY_CUTOUT, mFrame=[100000,0][1440,3088], mVisible=true, mInsetsRoundedCornerFrame=false}, InsetsSource: {mType=ITYPE_BOTTOM_DISPLAY_CUTOUT, mFrame=[0,100000][1440,3088], mVisible=true, mInsetsRoundedCornerFrame=false}, InsetsSource: {mType=ITYPE_TOP_TAPPABLE_ELEMENT, mFrame=[0,0][1440,100], mVisible=true, mInsetsRoundedCornerFrame=false}, InsetsSource: {mType=ITYPE_BOTTOM_TAPPABLE_ELEMENT, mFrame=[0,2920][1440,3088], mVisible=true, mInsetsRoundedCornerFrame=false} } host=com.example.dogglers/androidx.test.core.app.InstrumentationActivityInvoker$EmptyActivity from=android.view.ViewRootImpl.setView:1732
05-18 00:47:13.271 19748 19748 I ViewRootImpl@621c5da[InstrumentationActivityInvoker$EmptyActivity]: setView = com.android.internal.policy.DecorView@b184def TM=true
05-18 00:47:13.271 19748 19748 I MSHandlerLifeCycle: removeMultiSplitHandler: no exist. decor=DecorView@b184def[InstrumentationActivityInvoker$EmptyActivity]
05-18 00:47:13.271  2315  2481 D AnalyticsContainerHandler: handleMessage : { when=0 what=1 target=com.android.server.knox.KnoxAnalyticsContainer$AnalyticsHandler }
05-18 00:47:13.273 19748 19748 I ViewRootImpl@621c5da[InstrumentationActivityInvoker$EmptyActivity]: performTraversals params={(0,0)(fillxfill) sim={adjust=pan forwardNavigation} ty=BASE_APPLICATION wanim=0x1030001
05-18 00:47:13.273 19748 19748 I ViewRootImpl@621c5da[InstrumentationActivityInvoker$EmptyActivity]:   fl=1810100
05-18 00:47:13.273 19748 19748 I ViewRootImpl@621c5da[InstrumentationActivityInvoker$EmptyActivity]:   pfl=12020040
05-18 00:47:13.273 19748 19748 I ViewRootImpl@621c5da[InstrumentationActivityInvoker$EmptyActivity]:   bhv=DEFAULT
05-18 00:47:13.273 19748 19748 I ViewRootImpl@621c5da[InstrumentationActivityInvoker$EmptyActivity]:   fitSides= naviIconColor=0}
05-18 00:47:13.273 19748 19748 I ViewRootImpl@621c5da[InstrumentationActivityInvoker$EmptyActivity]: performTraversals mFirst=true windowShouldResize=true viewVisibilityChanged=false mForceNextWindowRelayout=false params={(0,0)(fillxfill) sim={adjust=pan forwardNavigation} ty=BASE_APPLICATION wanim=0x1030001
05-18 00:47:13.273 19748 19748 I ViewRootImpl@621c5da[InstrumentationActivityInvoker$EmptyActivity]:   fl=1810100
05-18 00:47:13.273 19748 19748 I ViewRootImpl@621c5da[InstrumentationActivityInvoker$EmptyActivity]:   pfl=12020040
05-18 00:47:13.273 19748 19748 I ViewRootImpl@621c5da[InstrumentationActivityInvoker$EmptyActivity]:   bhv=DEFAULT
05-18 00:47:13.273 19748 19748 I ViewRootImpl@621c5da[InstrumentationActivityInvoker$EmptyActivity]:   fitSides= naviIconColor=0}
05-18 00:47:13.274  2315  5873 V WindowManager: Relayout Window{3e380db u0 com.example.dogglers/androidx.test.core.app.InstrumentationActivityInvoker$EmptyActivity}: viewVisibility=0 req=1440x3088 d0
05-18 00:47:13.274  1533  3178 I SurfaceFlinger: id=113310 createSurf, flag=40004, com.example.dogglers/androidx.test.core.app.InstrumentationActivityInvoker$EmptyActivity$_19748#113310
05-18 00:47:13.275  1533  3178 I SurfaceFlinger: id=113311 createSurf, flag=24000, Surface(name=a5e6516 StatusBar)/@0x266f9f6 - animation-leash of insets_animation#113311
05-18 00:47:13.276  1533  3178 I SurfaceFlinger: id=113312 createSurf, flag=24000, Surface(name=b1c69c9 NavigationBar0)/@0x6818acd - animation-leash of insets_animation#113312
05-18 00:47:13.276  2315  5873 V WindowManager: Relayout hash=3e380db, pid=19748, syncId=-1: mAttrs={(0,0)(fillxfill) sim={adjust=pan forwardNavigation} ty=BASE_APPLICATION wanim=0x1030001
05-18 00:47:13.276  2315  5873 V WindowManager:   fl=1810100
05-18 00:47:13.276  2315  5873 V WindowManager:   pfl=12020040
05-18 00:47:13.276  2315  5873 V WindowManager:   bhv=DEFAULT
05-18 00:47:13.276  2315  5873 V WindowManager:   fitSides= naviIconColor=0}
05-18 00:47:13.277 19748 19748 D InsetsController: onStateChanged: InsetsState: {mDisplayFrame=Rect(0, 0 - 1440, 3088), mDisplayCutout=DisplayCutout{insets=Rect(0, 100 - 0, 0) waterfall=Insets{left=0, top=0, right=0, bottom=0} boundingRect={Bounds=[Rect(0, 0 - 0, 0), Rect(683, 0 - 758, 100), Rect(0, 0 - 0, 0), Rect(0, 0 - 0, 0)]} cutoutPathParserInfo={CutoutPathParserInfo{displayWidth=1440 displayHeight=3088 physicalDisplayWidth=1440 physicalDisplayHeight=3088 density={3.75} cutoutSpec={M 0,0 H -10 V 26.66666666666667 H 10 V 0 H 0 Z @dp} rotation={0} scale={1.0} physicalPixelDisplaySizeRatio={1.0}}}}, mRoundedCorners=RoundedCorners{[RoundedCorner{position=TopLeft, radius=14, center=Point(14, 14)}, RoundedCorner{position=TopRight, radius=14, center=Point(1426, 14)}, RoundedCorner{position=BottomRight, radius=14, center=Point(1426, 3074)}, RoundedCorner{position=BottomLeft, radius=14, center=Point(14, 3074)}]}  mRoundedCornerFrame=Rect(0, 0 - 1440, 3088), mPrivacyIndicatorBounds=PrivacyIndicatorBounds {static bounds=Rect(1286, 0 - 1440, 100) rotation=0}, mSources= { InsetsSource: {mType=ITYPE_STATUS_BAR, mFrame=[0,0][1440,100], mVisible=true, mInsetsRoundedCornerFrame=false}, InsetsSource: {mType=ITYPE_NAVIGATION_BAR, mFrame=[0,2920][1440,3088], mVisible=true, mInsetsRoundedCornerFrame=false}, InsetsSource: {mType=ITYPE_LEFT_GESTURES, mFrame=[0,0][0,3088], mVisible=true, mInsetsRoundedCornerFrame=false}, InsetsSource: {mType=ITYPE_RIGHT_GESTURES, mFrame=[1440,0][1440,3088], mVisible=true, mInsetsRoundedCornerFrame=false}, InsetsSource: {mType=ITYPE_TOP_MANDATORY_GESTURES, mFrame=[0,0][1440,142], mVisible=true, mInsetsRoundedCornerFrame=false}, InsetsSource: {mType=ITYPE_BOTTOM_MANDATORY_GESTURES, mFrame=[0,2920][1440,3088], mVisible=true, mInsetsRoundedCornerFrame=false}, InsetsSource: {mType=ITYPE_LEFT_DISPLAY_CUTOUT, mFrame=[0,0][-100000,3088], mVisible=true, mInsetsRoundedCornerFrame=false}, InsetsSource: {mType=ITYPE_TOP_DISPLAY_CUTOUT, mFrame=[0,0][1440,100], mVisible=true, mInsetsRoundedCornerFrame=false}, InsetsSource: {mType=ITYPE_RIGHT_DISPLAY_CUTOUT, mFrame=[100000,0][1440,3088], mVisible=true, mInsetsRoundedCornerFrame=false}, InsetsSource: {mType=ITYPE_BOTTOM_DISPLAY_CUTOUT, mFrame=[0,100000][1440,3088], mVisible=true, mInsetsRoundedCornerFrame=false}, InsetsSource: {mType=ITYPE_TOP_TAPPABLE_ELEMENT, mFrame=[0,0][1440,100], mVisible=true, mInsetsRoundedCornerFrame=false}, InsetsSource: {mType=ITYPE_BOTTOM_TAPPABLE_ELEMENT, mFrame=[0,2920][1440,3088], mVisible=true, mInsetsRoundedCornerFrame=false}, InsetsSource: {mType=ITYPE_IME, mFrame=[0,0][0,0], mVisibleFrame=[0,1766][1440,3088], mVisible=false, mInsetsRoundedCornerFrame=false} } host=com.example.dogglers/androidx.test.core.app.InstrumentationActivityInvoker$EmptyActivity from=android.view.ViewRootImpl.relayoutWindow:9802
05-18 00:47:13.278 19748 19748 I ViewRootImpl@621c5da[InstrumentationActivityInvoker$EmptyActivity]: updateBlastSurfaceIfNeeded mBlastBufferQueue=null isSameSurfaceControl=false
05-18 00:47:13.278 19748 19748 I BLASTBufferQueue: new BLASTBufferQueue, mName= ViewRootImpl@621c5da[InstrumentationActivityInvoker$EmptyActivity] mNativeObject= 0xb4000073b7272a70 sc.mNativeObject= 0xb400007347273200 caller= android.view.ViewRootImpl.updateBlastSurfaceIfNeeded:2909 android.view.ViewRootImpl.relayoutWindow:9847 android.view.ViewRootImpl.performTraversals:3884 android.view.ViewRootImpl.doTraversal:3116 android.view.ViewRootImpl$TraversalRunnable.run:10885 android.view.Choreographer$CallbackRecord.run:1301 android.view.Choreographer$CallbackRecord.run:1309 android.view.Choreographer.doCallbacks:923 android.view.Choreographer.doFrame:852 android.view.Choreographer$FrameDisplayEventReceiver.run:1283
05-18 00:47:13.278 19748 19748 I BLASTBufferQueue: update, w= 1440 h= 3088 mName = ViewRootImpl@621c5da[InstrumentationActivityInvoker$EmptyActivity] mNativeObject= 0xb4000073b7272a70 sc.mNativeObject= 0xb400007347273200 format= -1 caller= android.graphics.BLASTBufferQueue.<init>:84 android.view.ViewRootImpl.updateBlastSurfaceIfNeeded:2909 android.view.ViewRootImpl.relayoutWindow:9847 android.view.ViewRootImpl.performTraversals:3884 android.view.ViewRootImpl.doTraversal:3116 android.view.ViewRootImpl$TraversalRunnable.run:10885
05-18 00:47:13.278 19748 19748 I ViewRootImpl@621c5da[InstrumentationActivityInvoker$EmptyActivity]: Relayout returned: old=(0,0,1440,3088) new=(0,0,1440,3088) req=(1440,3088)0 dur=5 res=0x3 s={true 0xb400007447266f00} ch=true seqId=0
05-18 00:47:13.279 19748 19748 I ViewRootImpl@621c5da[InstrumentationActivityInvoker$EmptyActivity]: mThreadedRenderer.initialize() mSurface={isValid=true 0xb400007447266f00} hwInitialized=true
05-18 00:47:13.279 19748 19789 D OpenGLRenderer: eglCreateWindowSurface
05-18 00:47:13.280 19748 19748 I ViewRootImpl@621c5da[InstrumentationActivityInvoker$EmptyActivity]: reportNextDraw android.view.ViewRootImpl.performTraversals:4438 android.view.ViewRootImpl.doTraversal:3116 android.view.ViewRootImpl$TraversalRunnable.run:10885 android.view.Choreographer$CallbackRecord.run:1301 android.view.Choreographer$CallbackRecord.run:1309
05-18 00:47:13.280 19748 19748 I ViewRootImpl@621c5da[InstrumentationActivityInvoker$EmptyActivity]: Setup new sync id=0
05-18 00:47:13.280 19748 19748 I ViewRootImpl@621c5da[InstrumentationActivityInvoker$EmptyActivity]: Setting syncFrameCallback
05-18 00:47:13.280 19748 19748 I ViewRootImpl@621c5da[InstrumentationActivityInvoker$EmptyActivity]: registerCallbacksForSync syncBuffer=false
05-18 00:47:13.280 19748 19808 I ViewRootImpl@621c5da[InstrumentationActivityInvoker$EmptyActivity]: Received frameDrawingCallback syncResult=0 frameNum=1.
05-18 00:47:13.280 19748 19808 I ViewRootImpl@621c5da[InstrumentationActivityInvoker$EmptyActivity]: Setting up sync and frameCommitCallback
05-18 00:47:13.282 19748 19789 I BLASTBufferQueue: [ViewRootImpl@621c5da[InstrumentationActivityInvoker$EmptyActivity]#11](f:0,a:0) onFrameAvailable the first frame is available
05-18 00:47:13.282 19748 19789 I ViewRootImpl@621c5da[InstrumentationActivityInvoker$EmptyActivity]: Received frameCommittedCallback lastAttemptedDrawFrameNum=1 didProduceBuffer=true
05-18 00:47:13.282 19748 19789 D OpenGLRenderer: CFMS:: SetUp Pid : 19748    Tid : 19789
05-18 00:47:13.282 19748 19789 W Parcel  : Expecting binder but got null!
05-18 00:47:13.283 19748 19748 I ViewRootImpl@621c5da[InstrumentationActivityInvoker$EmptyActivity]: onSyncComplete
05-18 00:47:13.283 19748 19748 I ViewRootImpl@621c5da[InstrumentationActivityInvoker$EmptyActivity]: setupSync seqId=0 mSyncId=0 fn=1 caller=android.view.ViewRootImpl$$ExternalSyntheticLambda11.accept:6 android.window.SurfaceSyncer.lambda$setupSync$1$android-window-SurfaceSyncer:128 android.window.SurfaceSyncer$$ExternalSyntheticLambda1.accept:8 android.window.SurfaceSyncer$SyncSet.checkIfSyncIsComplete:382 android.window.SurfaceSyncer$SyncSet.markSyncReady:359 android.window.SurfaceSyncer.markSyncReady:151 android.view.ViewRootImpl.performTraversals:4503
05-18 00:47:13.283 19748 19748 I ViewRootImpl@621c5da[InstrumentationActivityInvoker$EmptyActivity]: reportDrawFinished seqId=0 mSyncId=-1 fn=1 mSurfaceChangedTransaction=0xb400007377274f30
05-18 00:47:13.283 19748 19748 I ViewRootImpl@957e2a[InstrumentationActivityInvoker$EmptyActivity]: MSG_WINDOW_FOCUS_CHANGED 0 0
05-18 00:47:13.285  1533  1533 I Layer   : id=113304 removedFromDrawingState Surface(name=a5e6516 StatusBar)/@0x266f9f6 - animation-leash of insets_animation#113304 (132)
05-18 00:47:13.285  2315  2432 I ActivityTaskManager: Displayed com.example.dogglers/androidx.test.core.app.InstrumentationActivityInvoker$EmptyActivity: +40ms
05-18 00:47:13.285  1533  1533 I Layer   : id=113305 removedFromDrawingState Surface(name=b1c69c9 NavigationBar0)/@0x6818acd - animation-leash of insets_animation#113305 (132)
05-18 00:47:13.285  1533  1533 I SurfaceFlinger: [3e380db com.example.dogglers/androidx.test.core.app.InstrumentationActivityInvoker$EmptyActivity#113309] FrameRatePriority: 1
05-18 00:47:13.286  4633  4633 E pageboostd: Received HALT command code 2
05-18 00:47:13.286  1533  2344 I SurfaceFlinger: id=113305 Removed Surface(name=b1c69c9 NavigationBar0)/@0x6818acd - animation-leash of insets_animation#113305 (132)
05-18 00:47:13.286  1533  2344 I SurfaceFlinger: id=113304 Removed Surface(name=a5e6516 StatusBar)/@0x266f9f6 - animation-leash of insets_animation#113304 (132)
05-18 00:47:13.287  2315  5728 D InputDispatcher: Focus request (0): 3e380db com.example.dogglers/androidx.test.core.app.InstrumentationActivityInvoker$EmptyActivity but waiting because NOT_VISIBLE
05-18 00:47:13.288  2315  5873 I SemDvfsHyPerManager: acquire hyper - AMS_RESUME_TAIL/2315@23, type = -999
05-18 00:47:13.288  2315  5873 I SemDvfsHyPerManager: acquire hyper - AMS_ACT_LAZY/2315@24, type = -999
05-18 00:47:13.289  1412  1438 I HYPER-HAL: [RequestManager.cpp]acquire(): Acquired ID : 2734314  [2315 / 23]    HINT : AMS_RESUME_TAIL    list :
05-18 00:47:13.289  1412  1438 I HYPER-HAL: [RequestManager.cpp]acquire(): Acquired ID : 2736654  [2315 / 24]    HINT : AMS_ACT_LAZY    list :
05-18 00:47:13.290  2315  3567 D InputDispatcher: Focused application(0): ActivityRecord{6dc7053 u0 com.sec.android.app.launcher/.activities.LauncherActivity} t7}
05-18 00:47:13.291  1412  1438 I HYPER-HAL: [RequestManager.cpp]releaseLocked(): Released ID : 2729637
05-18 00:47:13.294  1533  1533 I Layer   : Layer [com.example.dogglers/androidx.test.core.app.InstrumentationActivityInvoker$EmptyActivity$_19748#113310] hidden!! flag(0)
05-18 00:47:13.294  1533  1533 I SurfaceFlinger: [3e380db com.example.dogglers/androidx.test.core.app.InstrumentationActivityInvoker$EmptyActivity#113309] FrameRatePriority: -1
05-18 00:47:13.294  1533  1533 I Layer   : id=113305 Destroyed Surface(name=b1c69c9 NavigationBar0)/@0x6818acd - animation-leash of insets_animation#113305
05-18 00:47:13.294  1533  1533 I Layer   : id=113304 Destroyed Surface(name=a5e6516 StatusBar)/@0x266f9f6 - animation-leash of insets_animation#113304
05-18 00:47:13.295  2315  3567 D InputDispatcher: Focus entered window (0): 3e380db com.example.dogglers/androidx.test.core.app.InstrumentationActivityInvoker$EmptyActivity
05-18 00:47:13.295  5668  5704 I [AirCmd]_ActivitySwitchDetector: onTaskFocusChanged : taskId 7
05-18 00:47:13.295  1533  1533 D SurfaceFlinger: Display 4630947232161729154 HWC layers:
05-18 00:47:13.295  1533  1533 D SurfaceFlinger:      DEVICE | 0xb400006f7023ac30 | 0100 | RGBx_8888    |  670.0    0.0 2110.0 3088.0 |    0    0 1440 3088 | Wallpaper BBQ wrapper#79
05-18 00:47:13.295  1533  1533 D SurfaceFlinger:      DEVICE | 0xb400006f70237d80 | 0100 | RGBA_8888    |    0.0    0.0 1440.0 3088.0 |    0    0 1440 3088 | com.sec.android.app.launcher/com.sec[...]vities.LauncherActivity$_3588#113275
05-18 00:47:13.295  1533  1533 D SurfaceFlinger:      DEVICE | 0xb400006f70252120 | 0102 | RGBA_8888    |    0.0    0.0 1440.0 3088.0 |    9   19 1431 3069 | com.example.dogglers/androidx.test.c[...]yInvoker$EmptyActivity$_19748#113310
05-18 00:47:13.295  1533  1533 D SurfaceFlinger:      DEVICE | 0xb400006f70233df0 | 0100 | RGBA_8888    |    0.0    0.0 1440.0  100.0 |    0    0 1440  100 | StatusBar$_3085#85
05-18 00:47:13.295  1533  1533 D SurfaceFlinger:      DEVICE | 0xb400006f7022a220 | 0100 | RGBA_8888    |    0.0    0.0   67.0  456.0 | 1373  584 1440 1040 | com.samsung.android.app.cocktailbars[...]vice.CocktailBarService$_5964#112833
05-18 00:47:13.295  1533  1533 D SurfaceFlinger:      DEVICE | 0xb400006f70241ef0 | 0100 | RGBA_8888    |    0.0    0.0 1440.0  168.0 |    0 2920 1440 3088 | NavigationBar0$_3085#80
05-18 00:47:13.295  1533  1533 D SurfaceFlinger:
05-18 00:47:13.296  2315  2435 D PersonaActivityHelper: Activity not in resumed state, do not run immediate lock
05-18 00:47:13.296  5668  5704 I [AirCmd]_ActivitySwitchDetector: onTaskFocusChanged : componentName - ComponentInfo{com.sec.android.app.launcher/com.android.launcher3.uioverrides.QuickstepLauncher}
05-18 00:47:13.296  5668  5704 I [AirCmd]_ActivitySwitchDetector: onTaskFocusChanged : mTopMostActivity - ComponentInfo{com.example.dogglers/androidx.test.core.app.InstrumentationActivityInvoker$EmptyActivity}
05-18 00:47:13.297 19748 19748 D LifecycleMonitor: Lifecycle status change: androidx.test.core.app.InstrumentationActivityInvoker$EmptyActivity@7c667d0 in: PAUSED
05-18 00:47:13.297  3588  3588 I TopTaskTracker: onTaskMovedToFront : taskId = 7
05-18 00:47:13.297 19748 19748 V ActivityScenario: Activity lifecycle changed event received but ignored because the intent does not match. startActivityIntent=Intent { act=android.intent.action.MAIN cat=[android.intent.category.LAUNCHER] cmp=com.example.dogglers/.GridListActivity }, activity.getIntent()=Intent { act=android.intent.action.MAIN cat=[android.intent.category.LAUNCHER] flg=0x10000000 cmp=com.example.dogglers/androidx.test.core.app.InstrumentationActivityInvoker$EmptyActivity }, activity=androidx.test.core.app.InstrumentationActivityInvoker$EmptyActivity@7c667d0
05-18 00:47:13.297  2315  3567 I SemDvfsHyPerManager: acquire hyper - AMS_APP_HOME/2315@35, type = -999
05-18 00:47:13.297  5668  5704 I [AirCmd]_CallbackRepeater: stopRepeat : isWorking=false
05-18 00:47:13.297  5668  5704 I [AirCmd]_MediaControlStateMonitor: isForegroundAppSupportsMediaButton : mediaSession is empty
05-18 00:47:13.297  1412  1438 I HYPER-HAL: [RequestManager.cpp]acquire(): Acquired ID : 2762460  [2315 / 35]    HINT : AMS_APP_HOME    list :
05-18 00:47:13.297  5668  5704 I [AirCmd]_MediaControlStateMonitor: active Notification List is null
05-18 00:47:13.298  5668  5704 I [AirCmd]_RemoteSpenMainController: hasGeneralAction : packageName is com.sec.android.app.launcher, activityName is com.android.launcher3.uioverrides.QuickstepLauncher, hasActions is false
05-18 00:47:13.298  5894  5894 I SemDvfsHyPerManager: acquire hyper - APP_START_HOME/5894@17, type = -999
05-18 00:47:13.298  5668  5704 I [AirCmd]_CameraAvailabilityMonitor: isCameraPreviewOn : mIsCameraPreviewOn is false
05-18 00:47:13.298  1412  1438 I HYPER-HAL: [RequestManager.cpp]acquire(): Acquired ID : 17472933  [5894 / 17]    HINT : APP_START    list : [KERNEL_APP_START_NOTIFY / 0] [TIMEOUT / 1500]
05-18 00:47:13.300  3588  3588 I ViewRootImpl@c60680d[LauncherActivity]: stopped(false) old = false
05-18 00:47:13.300  3588  3588 I Launcher: !@Boot_DEBUG: Launcher.onResume()
05-18 00:47:13.300  3588  3588 I Launcher: !@Boot_EBS_D: Launcher.onResume()
05-18 00:47:13.300  3588  3588 I BaseActivity: addActivityFlags, flags : 18
05-18 00:47:13.300  3588  3588 I BaseActivity: removeActivityFlags, flags : 32
05-18 00:47:13.300  3588  3588 I AppsSearchBar: restoreCurrentCellLayoutAlpha: null
05-18 00:47:13.300  3588  3982 I IMM_LC  : hsifw() - flag : 0
05-18 00:47:13.300  3588  3982 I IMM_LC  : hsifw() - mService.hideSoftInput
05-18 00:47:13.300  3588  3588 W SearchLauncherServiceMover: isMoving : false
05-18 00:47:13.301  1533  2344 I SurfaceFlinger: id=113313 createSurf, flag=24000, Surface(name=Task=1009)/@0xddb9c7f - animation-leash of app_transition#113313
05-18 00:47:13.302  3588  3588 I DecorView: notifyKeepScreenOnChanged: keepScreenOn=false
05-18 00:47:13.302  3588  3984 I SPayUpdater: updateSpayHandler, show = true, defaultPage = true
05-18 00:47:13.302  1533  3008 I SurfaceFlinger: id=113314 createSurf, flag=24004, Surface(name=Task=1)/@0x889ba84 - animation-leash of app_transition#113314
05-18 00:47:13.302  3588 16870 I Launcher: DisplayMetrics from Resources : DisplayMetrics{density=3.5, width=1440, height=2820, scaledDensity=2.8, xdpi=501.041, ydpi=502.789}
05-18 00:47:13.302  3588 16870 I Launcher: realMetrics from Wm : DisplayMetrics{density=3.5, width=1440, height=3088, scaledDensity=3.5, xdpi=501.041, ydpi=502.789}
05-18 00:47:13.302  3588 16870 I Launcher: Launcher DeviceProfile onResume availSize: 1440x2920 windowSize: 1440x3088 isLandscape: false
05-18 00:47:13.302  3588  3588 I Launcher: setWallpaperOffsets
05-18 00:47:13.303  2315  5947 D InputDispatcher: Focus request (0): <null> but waiting because NOT_FOCUSABLE
05-18 00:47:13.303  2315  5947 D InputDispatcher: Focus left window (0): 3e380db com.example.dogglers/androidx.test.core.app.InstrumentationActivityInvoker$EmptyActivity
05-18 00:47:13.303  1533  2344 I SurfaceFlinger: id=113315 createSurf, flag=24000, Surface(name=WallpaperWindowToken{e4c3164 token=android.os.Binder@b21eef7})/@0x229faf0 - animation-leash of window_animation#113315
05-18 00:47:13.303  3588  6899 I WidgetRotationImpl: subscribeWidgetFocus 85
05-18 00:47:13.304  2315  2445 I libprocessgroup: Successfully killed process cgroup uid 10038 pid 11868 in 13ms
05-18 00:47:13.304  4633  4633 E pageboostd: Received HALT command code 2
05-18 00:47:13.306  1533  1533 I Layer   : id=113316 Destroyed Screenshot Parent#113316
05-18 00:47:13.311  1533  3008 I SurfaceFlinger: id=113317 createSurf, flag=24000, Surface(name=a5e6516 StatusBar)/@0x266f9f6 - animation-leash of insets_animation#113317
05-18 00:47:13.312  1533  3008 I SurfaceFlinger: id=113318 createSurf, flag=24000, Surface(name=b1c69c9 NavigationBar0)/@0x6818acd - animation-leash of insets_animation#113318
05-18 00:47:13.313  3588 25335 I TouchInteractionService: onSystemUiStateChanged, stateFlags : 0 |
05-18 00:47:13.314  3588 25335 I LauncherAnimationRunner: onAnimationStart, appTargets : [Lcom.android.systemui.shared.system.RemoteAnimationTargetCompat;@8bba9e mStartAtFrontOfQueue : false
05-18 00:47:13.314 19748 19748 I ViewRootImpl@621c5da[InstrumentationActivityInvoker$EmptyActivity]: MSG_WINDOW_FOCUS_CHANGED 0 0
05-18 00:47:13.315  3085  3163 D Bubbles : onLocusVisibilityChanged: LocusId[17_chars] visible=true
05-18 00:47:13.315 19748 19748 I ViewRootImpl@621c5da[InstrumentationActivityInvoker$EmptyActivity]: MSG_WINDOW_FOCUS_CHANGED 0 0
05-18 00:47:13.316  3588  3588 I MSHandlerLifeCycle: removeMultiSplitHandler: no exist. decor=DecorView@b45e177[LauncherActivity]
05-18 00:47:13.317  3588  3588 I BaseActivity: addActivityFlags, flags : 4
05-18 00:47:13.317  3588  3588 I Launcher: onDeferredResumed
05-18 00:47:13.317  3588  3588 I InstallShortcutReceiver: flushInstallQueue 0
05-18 00:47:13.317  3588  3588 I Launcher.NotificationListener: onNotificationFullRefresh
05-18 00:47:13.317  3588  3588 I BadgeCountUpdaterImpl: onNotificationsChangedConnected
05-18 00:47:13.317  3588  3588 W LauncherAppWidgetHost: setShouldListenFlag, mFlags:7 flag:resume on:true isFront:false
05-18 00:47:13.317  3588  6899 I IntelligentPlatformManagerImpl: subscribeWidgetFocus() id : 85
05-18 00:47:13.317  3588  3588 I ViewRootImpl@c60680d[LauncherActivity]: performTraversals params={(0,0)(fillxfill) sim={adjust=nothing} layoutInDisplayCutoutMode=shortEdges ty=BASE_APPLICATION fmt=TRANSPARENT wanim=0x10302f4
05-18 00:47:13.317  3588  3588 I ViewRootImpl@c60680d[LauncherActivity]:   fl=81910100
05-18 00:47:13.317  3588  3588 I ViewRootImpl@c60680d[LauncherActivity]:   pfl=1e020040
05-18 00:47:13.317  3588  3588 I ViewRootImpl@c60680d[LauncherActivity]:   vsysui=1700
05-18 00:47:13.317  3588  3588 I ViewRootImpl@c60680d[LauncherActivity]:   bhv=SHOW_TRANSIENT_BARS_BY_SWIPE
05-18 00:47:13.317  3588  3588 I ViewRootImpl@c60680d[LauncherActivity]:   fitSides= screenDimDuration=100000 naviIconColor=0}
05-18 00:47:13.317  5668  5704 I [AirCmd]_CameraAvailabilityMonitor: isCameraPreviewOn : mIsCameraPreviewOn is false
05-18 00:47:13.318  3588  3588 I ViewRootImpl@c60680d[LauncherActivity]: performTraversals mFirst=false windowShouldResize=false viewVisibilityChanged=false mForceNextWindowRelayout=false params={(0,0)(fillxfill) sim={adjust=nothing} layoutInDisplayCutoutMode=shortEdges ty=BASE_APPLICATION fmt=TRANSPARENT wanim=0x10302f4
05-18 00:47:13.318  3588  3588 I ViewRootImpl@c60680d[LauncherActivity]:   fl=81910100
05-18 00:47:13.318  3588  3588 I ViewRootImpl@c60680d[LauncherActivity]:   pfl=1e020040
05-18 00:47:13.318  3588  3588 I ViewRootImpl@c60680d[LauncherActivity]:   vsysui=1700
05-18 00:47:13.318  3588  3588 I ViewRootImpl@c60680d[LauncherActivity]:   bhv=SHOW_TRANSIENT_BARS_BY_SWIPE
05-18 00:47:13.318  3588  3588 I ViewRootImpl@c60680d[LauncherActivity]:   fitSides= screenDimDuration=100000 naviIconColor=0}
05-18 00:47:13.318  3588  3983 I InstallShortcutReceiver: flushQueueInBackground 0
05-18 00:47:13.319  1533  1533 I Layer   : id=113311 removedFromDrawingState Surface(name=a5e6516 StatusBar)/@0x266f9f6 - animation-leash of insets_animation#113311 (135)
05-18 00:47:13.319  1533  1533 I Layer   : id=74 removedFromDrawingState a5e6516 StatusBar#74 (135)
05-18 00:47:13.319  1533  1533 I Layer   : id=85 removedFromDrawingState StatusBar$_3085#85 (135)
05-18 00:47:13.319  1533  1533 I Layer   : id=113290 removedFromDrawingState Surface(name=Task=1009)/@0xddb9c7f - animation-leash of app_transition#113290 (135)
05-18 00:47:13.319  1533  1533 I Layer   : id=113289 removedFromDrawingState Surface(name=Task=1)/@0x889ba84 - animation-leash of app_transition#113289 (135)
05-18 00:47:13.319  1533  1533 I Layer   : id=74 addToCurrentState a5e6516 StatusBar#74 (135)
05-18 00:47:13.319  1533  1533 I Layer   : id=85 addToCurrentState StatusBar$_3085#85 (135)
05-18 00:47:13.319  1533  1533 I Layer   : id=113312 removedFromDrawingState Surface(name=b1c69c9 NavigationBar0)/@0x6818acd - animation-leash of insets_animation#113312 (135)
05-18 00:47:13.319  1533  1533 I SurfaceFlinger: id=113311 Removed Surface(name=a5e6516 StatusBar)/@0x266f9f6 - animation-leash of insets_animation#113311 (135)
05-18 00:47:13.319  1533  1533 I SurfaceFlinger: id=113290 Removed Surface(name=Task=1009)/@0xddb9c7f - animation-leash of app_transition#113290 (135)
05-18 00:47:13.319  1533  1533 I SurfaceFlinger: id=113289 Removed Surface(name=Task=1)/@0x889ba84 - animation-leash of app_transition#113289 (135)
05-18 00:47:13.319  1533  1533 I SurfaceFlinger: id=113312 Removed Surface(name=b1c69c9 NavigationBar0)/@0x6818acd - animation-leash of insets_animation#113312 (135)
05-18 00:47:13.319  1533  1533 I Layer   : id=113289 Destroyed Surface(name=Task=1)/@0x889ba84 - animation-leash of app_transition#113289
05-18 00:47:13.319  1533  1533 I Layer   : id=113290 Destroyed Surface(name=Task=1009)/@0xddb9c7f - animation-leash of app_transition#113290
05-18 00:47:13.319  1533  1533 I Layer   : id=113311 Destroyed Surface(name=a5e6516 StatusBar)/@0x266f9f6 - animation-leash of insets_animation#113311
05-18 00:47:13.319  1533  1533 I Layer   : id=113312 Destroyed Surface(name=b1c69c9 NavigationBar0)/@0x6818acd - animation-leash of insets_animation#113312
05-18 00:47:13.319  3588  3983 I Launcher.NotificationListener: Full refresh isConnected : true active size : 0
05-18 00:47:13.321  1533  1533 D SurfaceFlinger: Display 4630947232161729154 HWC layers:
05-18 00:47:13.321  1533  1533 D SurfaceFlinger:      DEVICE | 0xb400006f70252120 | 0102 | RGBA_8888    |    0.0    0.0 1440.0 3088.0 |    0    0 1440 3088 | com.example.dogglers/androidx.test.c[...]yInvoker$EmptyActivity$_19748#113310
05-18 00:47:13.321  1533  1533 D SurfaceFlinger:      DEVICE | 0xb400006f70233df0 | 0100 | RGBA_8888    |    0.0    0.0 1440.0  100.0 |    0    0 1440  100 | StatusBar$_3085#85
05-18 00:47:13.321  1533  1533 D SurfaceFlinger:      DEVICE | 0xb400006f7022a220 | 0100 | RGBA_8888    |    0.0    0.0   67.0  456.0 | 1373  584 1440 1040 | com.samsung.android.app.cocktailbars[...]vice.CocktailBarService$_5964#112833
05-18 00:47:13.321  1533  1533 D SurfaceFlinger:      DEVICE | 0xb400006f70241ef0 | 0100 | RGBA_8888    |    0.0    0.0 1440.0  168.0 |    0 2920 1440 3088 | NavigationBar0$_3085#80
05-18 00:47:13.321  1533  1533 D SurfaceFlinger:
05-18 00:47:13.322  2315  2435 I SemPersonaManager: SecureFolder personaId = 150
05-18 00:47:13.322  2315  5873 V WindowManager: Relayout Window{41ea68a u0 com.sec.android.app.launcher/com.sec.android.app.launcher.activities.LauncherActivity}: viewVisibility=0 req=1440x3088 d0
05-18 00:47:13.322  5668  5704 I [AirCmd]_MediaControlStateMonitor: isForegroundAppSupportsMediaButton : mediaSession is empty
05-18 00:47:13.322  5668  5704 I [AirCmd]_MediaControlStateMonitor: active Notification List is null
05-18 00:47:13.322  5668  5704 I [AirCmd]_PenActionRule: getAction : get default action data from remote action because pen action data is null.
05-18 00:47:13.322  5668  5704 I [AirCmd]_ButtonActionDetector: enableDoubleClickDetection: enabled=true, doubleClickWaitInterval=300
05-18 00:47:13.322  5668  5704 I [AirCmd]_RemoteSpenMainController: onSwitch : package is com.sec.android.app.launcher   and activity is com.android.launcher3.uioverrides.QuickstepLauncher and isBleConnected is false and hasActions is false
05-18 00:47:13.323  2315  5873 V WindowManager: Relayout hash=41ea68a, pid=3588, syncId=-1: mAttrs={(0,0)(fillxfill) sim={adjust=nothing} layoutInDisplayCutoutMode=shortEdges ty=BASE_APPLICATION fmt=TRANSPARENT wanim=0x10302f4
05-18 00:47:13.323  2315  5873 V WindowManager:   fl=81910100
05-18 00:47:13.323  2315  5873 V WindowManager:   pfl=1e020040
05-18 00:47:13.323  2315  5873 V WindowManager:   vsysui=1700
05-18 00:47:13.323  2315  5873 V WindowManager:   bhv=SHOW_TRANSIENT_BARS_BY_SWIPE
05-18 00:47:13.323  2315  5873 V WindowManager:   fitSides= screenDimDuration=100000 naviIconColor=0}
05-18 00:47:13.324  3588  3588 I ViewRootImpl@c60680d[LauncherActivity]: updateBlastSurfaceIfNeeded mBlastBufferQueue=0xb4000073b72df710 isSameSurfaceControl=true
05-18 00:47:13.324  3588  3588 I BLASTBufferQueue: update, w= 1440 h= 3088 mName = ViewRootImpl@c60680d[LauncherActivity] mNativeObject= 0xb4000073b72df710 sc.mNativeObject= 0xb4000073472a8940 format= -2 caller= android.view.ViewRootImpl.updateBlastSurfaceIfNeeded:2898 android.view.ViewRootImpl.relayoutWindow:9847 android.view.ViewRootImpl.performTraversals:3884 android.view.ViewRootImpl.doTraversal:3116 android.view.ViewRootImpl$TraversalRunnable.run:10885 android.view.Choreographer$CallbackRecord.run:1301
05-18 00:47:13.324  3588  3588 I ViewRootImpl@c60680d[LauncherActivity]: Relayout returned: old=(0,0,1440,3088) new=(0,0,1440,3088) req=(1440,3088)0 dur=6 res=0x0 s={true 0xb4000074473fb6e0} ch=false seqId=0
05-18 00:47:13.324  3588  3588 I RecentsAnimationDeviceState: setSystemUiFlags, stateFlags : 0
05-18 00:47:13.324  3588  3588 I TouchInteractionService: onSystemUiFlagsChanged, lastSysUIFlags : 131072
05-18 00:47:13.324  3588  3588 I Launcher: getFirstMatch : no matching view
05-18 00:47:13.324  3588  3588 W AppTransitionAnimatorImpl: closing animation without floating view
05-18 00:47:13.325  3588  3588 I AppTransitionAnimatorImpl: window bounds: Rect(0, 0 - 1440, 3088), target bounds: RectF(0.0, 0.0, 1440.0, 3088.0)
05-18 00:47:13.325  3588  3588 I ScrimView: setCurrentFlatColor mProgress = 0.75, mCurrentFlatColor = 40000000
05-18 00:47:13.325  3588  3588 I AnimationResult: setAnimation : null
05-18 00:47:13.325  3588  3588 W AppTransitionAnimatorImpl: onAnimationStart - APP OUT
05-18 00:47:13.325  3588  3588 I PopupDataProvider: onNotificationFullRefresh prev dotInfoSize : 0
05-18 00:47:13.325  2315  2481 D AnalyticsContainerHandler: handleMessage : { when=0 what=1 target=com.android.server.knox.KnoxAnalyticsContainer$AnalyticsHandler }
05-18 00:47:13.327  3588  3588 I ScrimView: setCurrentFlatColor mProgress = 0.75122464, mCurrentFlatColor = 3f000000
05-18 00:47:13.328  3588  6253 I ViewRootImpl@c60680d[LauncherActivity]: mWNT: t=0xb4000073772b6d50 mBlastBufferQueue=0xb4000073b72df710 fn= 46 caller= com.android.systemui.shared.launcher.ViewRootImplCompat.mergeWithNextTransaction:2 com.android.quickstep.util.SurfaceTransactionApplier.lambda$scheduleApply$0:2 com.android.quickstep.util.SurfaceTransactionApplier.b:0
05-18 00:47:13.328  3588  6253 I ViewRootImpl@c60680d[LauncherActivity]: mWNT: t=0xb400007377390df0 mBlastBufferQueue=0xb4000073b72df710 fn= 46 caller= com.android.systemui.shared.launcher.ViewRootImplCompat.mergeWithNextTransaction:2 com.android.quickstep.util.SurfaceTransactionApplier.lambda$scheduleApply$0:2 com.android.quickstep.util.SurfaceTransactionApplier.b:0
05-18 00:47:13.329  1330  1330 I Zygote  : Process 11868 exited due to signal 9 (Killed)
05-18 00:47:13.329  1330  1330 I Zygote  : Process 15148 exited due to signal 9 (Killed)
05-18 00:47:13.329  3588  6253 I ViewRootImpl@c60680d[LauncherActivity]: mWNT: t=0xb400007377427e70 mBlastBufferQueue=0xb4000073b72df710 fn= 46 caller= com.android.systemui.shared.launcher.ViewRootImplCompat.mergeWithNextTransaction:2 com.android.quickstep.util.SurfaceTransactionApplier.lambda$scheduleApply$0:2 com.android.quickstep.util.SurfaceTransactionApplier.b:0
05-18 00:47:13.330  3588  6253 I ViewRootImpl@c60680d[LauncherActivity]: mWNT: t=0xb40000737738c290 mBlastBufferQueue=0xb4000073b72df710 fn= 46 caller= com.android.systemui.shared.launcher.ViewRootImplCompat.mergeWithNextTransaction:2 com.android.quickstep.util.SurfaceTransactionApplier.lambda$scheduleApply$0:2 com.android.quickstep.util.SurfaceTransactionApplier.b:0
05-18 00:47:13.330  5639  6321 D KnoxHelper: getActivityList callingUserId: 0, target user: 0
05-18 00:47:13.331  2315  2445 I libprocessgroup: Successfully killed process cgroup uid 10091 pid 15148 in 0ms
05-18 00:47:13.332  2315  2964 D SemNscXgbMsL1: Probability - Cloud gaming: [0.020329917]
05-18 00:47:13.332  2315  2964 D SemNscXgbMsL1: Probability - Real time: [0.06646887]
05-18 00:47:13.332  2315  2964 D SemNscXgbMsL1: Probability - Non real time: [0.938497]
05-18 00:47:13.332  2315  2964 D SemNscXgbMsL1: 1 sample inference time: 0.244323 msecs
05-18 00:47:13.333  2315  2964 D SemNscXgbL2Rt: L2 RT 1 sample inference time: 0.517761 msecs
05-18 00:47:13.333  2315  2435 D EnterpriseDeviceManagerService: isMdmAdminPresentInternal() : MDM Admin Found - com.samsung.knox.securefolder
05-18 00:47:13.333  2315  2964 D SemNscXgbL2Nrt: L2 NRT 1 sample inference time: 0.315312 msecs
05-18 00:47:13.334  5639  6321 D KnoxHelper: getActivityList callingUserId: 0, target user: 0
05-18 00:47:13.334  2315  4570 I MediaSessionMonitor: Media session stopped : controllerList empty
05-18 00:47:13.335  5639  6321 D KnoxHelper: getActivityList callingUserId: 0, target user: 0
05-18 00:47:13.336  3588  3588 I ScrimView: setCurrentFlatColor mProgress = 0.75197595, mCurrentFlatColor = 3f000000
05-18 00:47:13.337  5639  6321 D KnoxHelper: getActivityList callingUserId: 0, target user: 0
05-18 00:47:13.338  3588  6252 I ViewRootImpl@c60680d[LauncherActivity]: mWNT: t=0xb4000073774429f0 mBlastBufferQueue=0xb4000073b72df710 fn= 47 caller= com.android.systemui.shared.launcher.ViewRootImplCompat.mergeWithNextTransaction:2 com.android.quickstep.util.SurfaceTransactionApplier.lambda$scheduleApply$0:2 com.android.quickstep.util.SurfaceTransactionApplier.b:0
05-18 00:47:13.338  5964  5964 I ActivityUtils: HomePackage : com.sec.android.app.launcher, resumePackageName : com.sec.android.app.launcher
05-18 00:47:13.339  1533  1533 D SurfaceFlinger: Display 4630947232161729154 HWC layers:
05-18 00:47:13.339  1533  1533 D SurfaceFlinger:      DEVICE | 0xb400006f7023ac30 | 0100 | RGBx_8888    |  734.0  138.0 2046.0 2950.0 |    0    0 1440 3088 | Wallpaper BBQ wrapper#79
05-18 00:47:13.339  1533  1533 D SurfaceFlinger:      DEVICE | 0xb400006f7024b400 | 0100 | RGBA_8888    |    0.0    0.0 1440.0 3088.0 |    0    0 1440 3088 | com.sec.android.app.launcher/com.sec[...]vities.LauncherActivity$_3588#113275
05-18 00:47:13.339  1533  1533 D SurfaceFlinger:      CLIENT | 0xb400006f7020c9a0 | 0102 | RGBA_8888    |    0.0    0.0 1440.0 3088.0 |   79  170 1361 2918 | com.example.dogglers/com.example.dogglers.GridListActivity$_19748#113295
05-18 00:47:13.339  1533  1533 D SurfaceFlinger:      CLIENT | 0xb400006f7022bd20 | 0102 | RGBA_8888    |    0.0    0.0 1440.0 3088.0 |   79  170 1361 2918 | com.example.dogglers/androidx.test.c[...]yInvoker$EmptyActivity$_19748#113303
05-18 00:47:13.339  1533  1533 D SurfaceFlinger:      CLIENT | 0xb400006f70252120 | 0102 | RGBA_8888    |    0.0    0.0 1440.0 3088.0 |   79  170 1361 2918 | com.example.dogglers/androidx.test.c[...]yInvoker$EmptyActivity$_19748#113310
05-18 00:47:13.339  1533  1533 D SurfaceFlinger:      DEVICE | 0xb400006f70233df0 | 0100 | RGBA_8888    |    0.0    0.0 1440.0  100.0 |    0    0 1440  100
05-18 00:47:13.339  1533  1533 D SurfaceFlinger:  | StatusBar$_3085#85
05-18 00:47:13.339  1533  1533 D SurfaceFlinger:      DEVICE | 0xb400006f7022a220 | 0100 | RGBA_8888    |    0.0    0.0   67.0  456.0 | 1373  584 1440 1040 | com.samsung.android.app.cocktailbars[...]vice.CocktailBarService$_5964#112833
05-18 00:47:13.339  1533  1533 D SurfaceFlinger:      DEVICE | 0xb400006f70241ef0 | 0100 | RGBA_8888    |    0.0    0.0 1440.0  168.0 |    0 2920 1440 3088 | NavigationBar0$_3085#80
05-18 00:47:13.339  1533  1533 D SurfaceFlinger:
05-18 00:47:13.340  5639  6321 D KnoxHelper: getActivityList callingUserId: 0, target user: 0
05-18 00:47:13.341  5639  6321 D KnoxHelper: getActivityList callingUserId: 0, target user: 0
05-18 00:47:13.341  5639  6321 D KnoxHelper: getActivityList callingUserId: 0, target user: 0
05-18 00:47:13.342  5639  6321 D KnoxHelper: getActivityList callingUserId: 0, target user: 0
05-18 00:47:13.343  5639  6321 D KnoxHelper: getActivityList callingUserId: 0, target user: 0
05-18 00:47:13.344  5639  6321 D KnoxHelper: getActivityList callingUserId: 0, target user: 0
05-18 00:47:13.344  3588  3588 I ScrimView: setCurrentFlatColor mProgress = 0.7529917, mCurrentFlatColor = 3f000000
05-18 00:47:13.345  3588  6253 I ViewRootImpl@c60680d[LauncherActivity]: mWNT: t=0xb4000073773e51b0 mBlastBufferQueue=0xb4000073b72df710 fn= 48 caller= com.android.systemui.shared.launcher.ViewRootImplCompat.mergeWithNextTransaction:2 com.android.quickstep.util.SurfaceTransactionApplier.lambda$scheduleApply$0:2 com.android.quickstep.util.SurfaceTransactionApplier.b:0
05-18 00:47:13.345  5639  6321 D KnoxHelper: getActivityList callingUserId: 0, target user: 0
05-18 00:47:13.346  5639  6321 D KnoxHelper: getActivityList callingUserId: 0, target user: 0
05-18 00:47:13.347  5639  6321 D KnoxHelper: getActivityList callingUserId: 0, target user: 0
05-18 00:47:13.348  5639  6321 D KnoxHelper: getActivityList callingUserId: 0, target user: 0
05-18 00:47:13.348  5639  6321 D KnoxHelper: getActivityList callingUserId: 0, target user: 0
05-18 00:47:13.350  5639  6321 D KnoxHelper: getActivityList callingUserId: 0, target user: 0
05-18 00:47:13.350  5639  6321 D KnoxHelper: getActivityList callingUserId: 0, target user: 0
05-18 00:47:13.351  5639  6321 D KnoxHelper: getActivityList callingUserId: 0, target user: 0
05-18 00:47:13.352  5639  6321 D KnoxHelper: getActivityList callingUserId: 0, target user: 0
05-18 00:47:13.352  3588  3588 I ScrimView: setCurrentFlatColor mProgress = 0.75441504, mCurrentFlatColor = 3f000000
05-18 00:47:13.353  5639  6321 D KnoxHelper: getActivityList callingUserId: 0, target user: 0
05-18 00:47:13.353  3588  6252 I ViewRootImpl@c60680d[LauncherActivity]: mWNT: t=0xb400007377415e70 mBlastBufferQueue=0xb4000073b72df710 fn= 49 caller= com.android.systemui.shared.launcher.ViewRootImplCompat.mergeWithNextTransaction:2 com.android.quickstep.util.SurfaceTransactionApplier.lambda$scheduleApply$0:2 com.android.quickstep.util.SurfaceTransactionApplier.b:0
05-18 00:47:13.355  5639  6321 D KnoxHelper: getActivityList callingUserId: 0, target user: 0
05-18 00:47:13.356  5639  6321 D KnoxHelper: getActivityList callingUserId: 0, target user: 0
05-18 00:47:13.356  5639  6321 D KnoxHelper: getActivityList callingUserId: 0, target user: 0
05-18 00:47:13.357  5639  6321 D KnoxHelper: getActivityList callingUserId: 0, target user: 0
05-18 00:47:13.358  5639  6321 D KnoxHelper: getActivityList callingUserId: 0, target user: 0
05-18 00:47:13.361  3588  3588 I ScrimView: setCurrentFlatColor mProgress = 0.7558936, mCurrentFlatColor = 3e000000
05-18 00:47:13.362  3588  6253 I ViewRootImpl@c60680d[LauncherActivity]: mWNT: t=0xb40000737745c490 mBlastBufferQueue=0xb4000073b72df710 fn= 50 caller= com.android.systemui.shared.launcher.ViewRootImplCompat.mergeWithNextTransaction:2 com.android.quickstep.util.SurfaceTransactionApplier.lambda$scheduleApply$0:2 com.android.quickstep.util.SurfaceTransactionApplier.b:0
05-18 00:47:13.364  5639  6321 D KnoxHelper: getActivityList callingUserId: 0, target user: 0
05-18 00:47:13.366  5639  6321 D KnoxHelper: getActivityList callingUserId: 0, target user: 0
05-18 00:47:13.367  5639  6321 D KnoxHelper: getActivityList callingUserId: 0, target user: 0
05-18 00:47:13.367  3588  3612 W System  : A resource failed to call ContentProviderClient.close.
05-18 00:47:13.367  3588  3612 W System  : A resource failed to call ContentProviderClient.close.
05-18 00:47:13.367  3588  3612 W System  : A resource failed to call release.
05-18 00:47:13.367  3588  3612 W System  : A resource failed to call release.
05-18 00:47:13.367  3588  3612 W System  : A resource failed to call release.
05-18 00:47:13.367  1533  2344 I SurfaceFlinger: id=113281 Removed Surface(name=WallpaperWindowToken{e4c3164 token=android.os.Binder@b21eef7})/@0x229faf0 - animation-leash of window_animation#113281 (131)
05-18 00:47:13.367  1533  3178 I SurfaceFlinger: id=113280 Removed Surface(name=Task=1)/@0x889ba84 - animation-leash of app_transition#113280 (131)
05-18 00:47:13.367  1533  3008 I SurfaceFlinger: id=113279 Removed Surface(name=Task=1008)/@0x75a095e - animation-leash of app_transition#113279 (131)
05-18 00:47:13.367  3588  3612 W System  : A resource failed to call ContentProviderClient.close.
05-18 00:47:13.368  3588  3612 W System  : A resource failed to call ContentProviderClient.close.
05-18 00:47:13.368  3588  3612 W System  : A resource failed to call release.
05-18 00:47:13.368  3588  3612 W System  : A resource failed to call release.
05-18 00:47:13.368  1533  3008 I SurfaceFlinger: id=113239 Removed Surface(name=WallpaperWindowToken{e4c3164 token=android.os.Binder@b21eef7})/@0x229faf0 - animation-leash of window_animation#113239 (131)
05-18 00:47:13.368  1533  3008 I SurfaceFlinger: id=113237 Removed Surface(name=Task=1007)/@0x167d959 - animation-leash of app_transition#113237 (131)
05-18 00:47:13.368  3588  3612 W System  : A resource failed to call release.
05-18 00:47:13.368  1533  3178 I SurfaceFlinger: id=113238 Removed Surface(name=Task=1)/@0x889ba84 - animation-leash of app_transition#113238 (131)
05-18 00:47:13.368  5639  6321 D KnoxHelper: getActivityList callingUserId: 0, target user: 0
05-18 00:47:13.369  1533  1533 I Layer   : id=113239 Destroyed Surface(name=WallpaperWindowToken{e4c3164 token=android.os.Binder@b21eef7})/@0x229faf0 - animation-leash of window_animation#113239
05-18 00:47:13.369  1533  1533 I Layer   : id=113238 Destroyed Surface(name=Task=1)/@0x889ba84 - animation-leash of app_transition#113238
05-18 00:47:13.369  1533  1533 I Layer   : id=113281 Destroyed Surface(name=WallpaperWindowToken{e4c3164 token=android.os.Binder@b21eef7})/@0x229faf0 - animation-leash of window_animation#113281
05-18 00:47:13.369  1533  1533 I Layer   : id=113279 Destroyed Surface(name=Task=1008)/@0x75a095e - animation-leash of app_transition#113279
05-18 00:47:13.369  1533  1533 I Layer   : id=113280 Destroyed Surface(name=Task=1)/@0x889ba84 - animation-leash of app_transition#113280
05-18 00:47:13.369  1533  1533 I Layer   : id=113237 Destroyed Surface(name=Task=1007)/@0x167d959 - animation-leash of app_transition#113237
05-18 00:47:13.369  3588  3588 I ScrimView: setCurrentFlatColor mProgress = 0.75768197, mCurrentFlatColor = 3e000000
05-18 00:47:13.369  5639  6321 D KnoxHelper: getActivityList callingUserId: 0, target user: 0
05-18 00:47:13.370  3588  6252 I ViewRootImpl@c60680d[LauncherActivity]: mWNT: t=0xb400007377445db0 mBlastBufferQueue=0xb4000073b72df710 fn= 51 caller= com.android.systemui.shared.launcher.ViewRootImplCompat.mergeWithNextTransaction:2 com.android.quickstep.util.SurfaceTransactionApplier.lambda$scheduleApply$0:2 com.android.quickstep.util.SurfaceTransactionApplier.b:0
05-18 00:47:13.371  5639  6321 D KnoxHelper: getActivityList callingUserId: 0, target user: 0
05-18 00:47:13.372  5639  6321 D KnoxHelper: getActivityList callingUserId: 0, target user: 0
05-18 00:47:13.372  5639  6321 D KnoxHelper: getActivityList callingUserId: 0, target user: 0
05-18 00:47:13.373  5639  6321 D KnoxHelper: getActivityList callingUserId: 0, target user: 0
05-18 00:47:13.377  3588  3588 I ScrimView: setCurrentFlatColor mProgress = 0.7600031, mCurrentFlatColor = 3d000000
05-18 00:47:13.378  3588  6253 I ViewRootImpl@c60680d[LauncherActivity]: mWNT: t=0xb4000073772c40d0 mBlastBufferQueue=0xb4000073b72df710 fn= 52 caller= com.android.systemui.shared.launcher.ViewRootImplCompat.mergeWithNextTransaction:2 com.android.quickstep.util.SurfaceTransactionApplier.lambda$scheduleApply$0:2 com.android.quickstep.util.SurfaceTransactionApplier.b:0
05-18 00:47:13.386  3588  3588 I ScrimView: setCurrentFlatColor mProgress = 0.7625872, mCurrentFlatColor = 3d000000
05-18 00:47:13.387  3588  6252 I ViewRootImpl@c60680d[LauncherActivity]: mWNT: t=0xb40000737743c4b0 mBlastBufferQueue=0xb4000073b72df710 fn= 53 caller= com.android.systemui.shared.launcher.ViewRootImplCompat.mergeWithNextTransaction:2 com.android.quickstep.util.SurfaceTransactionApplier.lambda$scheduleApply$0:2 com.android.quickstep.util.SurfaceTransactionApplier.b:0
05-18 00:47:13.394  3588  3588 I ScrimView: setCurrentFlatColor mProgress = 0.76517135, mCurrentFlatColor = 3c000000
05-18 00:47:13.395  3588  6253 I ViewRootImpl@c60680d[LauncherActivity]: mWNT: t=0xb40000737744e6f0 mBlastBufferQueue=0xb4000073b72df710 fn= 54 caller= com.android.systemui.shared.launcher.ViewRootImplCompat.mergeWithNextTransaction:2 com.android.quickstep.util.SurfaceTransactionApplier.lambda$scheduleApply$0:2 com.android.quickstep.util.SurfaceTransactionApplier.b:0
05-18 00:47:13.400  3588 20498 I RecentModel: onTaskStackChangedBackground
05-18 00:47:13.401  5668  5704 I [AirCmd]_ActivitySwitchDetector: onTaskStackChanged : componentName - ComponentInfo{com.sec.android.app.launcher/com.android.launcher3.uioverrides.QuickstepLauncher}
05-18 00:47:13.401  5668  5704 I [AirCmd]_ActivitySwitchDetector: onTaskStackChanged : mTopMostActivity - ComponentInfo{com.sec.android.app.launcher/com.android.launcher3.uioverrides.QuickstepLauncher}
05-18 00:47:13.401  5894  6582 I SemDvfsHyPerManager: acquire hyper - BaseTABoost/5894@20, type = 1090523139
05-18 00:47:13.401  1412  1438 I HYPER-HAL: [RequestManager.cpp]acquire(): Acquired ID : 17490675  [5894 / 20]    HINT :      list : [TABoost / 1]
05-18 00:47:13.402  3588  3588 I ScrimView: setCurrentFlatColor mProgress = 0.76807845, mCurrentFlatColor = 3b000000
05-18 00:47:13.403  3588  3982 I RecentTasksList: loadTasksInBackground : groupTask = GroupTask{task1=[id=1009 windowingMode=1 user=0 lastActiveTime=1776553197] null, task2=null, task3=null, mStagedSplitBounds=null}
05-18 00:47:13.403  3588  6252 I ViewRootImpl@c60680d[LauncherActivity]: mWNT: t=0xb400007377325db0 mBlastBufferQueue=0xb4000073b72df710 fn= 55 caller= com.android.systemui.shared.launcher.ViewRootImplCompat.mergeWithNextTransaction:2 com.android.quickstep.util.SurfaceTransactionApplier.lambda$scheduleApply$0:2 com.android.quickstep.util.SurfaceTransactionApplier.b:0
05-18 00:47:13.404  3588  3588 I TaskThumbnailCache: handleResult: taskId = 1009, taskThumbnail = android.graphics.Bitmap@4e31d02
05-18 00:47:13.411  3588  3588 I ScrimView: setCurrentFlatColor mProgress = 0.771183, mCurrentFlatColor = 3a000000
05-18 00:47:13.412  3588  6253 I ViewRootImpl@c60680d[LauncherActivity]: mWNT: t=0xb4000073773b4850 mBlastBufferQueue=0xb4000073b72df710 fn= 56 caller= com.android.systemui.shared.launcher.ViewRootImplCompat.mergeWithNextTransaction:2 com.android.quickstep.util.SurfaceTransactionApplier.lambda$scheduleApply$0:2 com.android.quickstep.util.SurfaceTransactionApplier.b:0
05-18 00:47:13.419  3588  3588 I ScrimView: setCurrentFlatColor mProgress = 0.7748576, mCurrentFlatColor = 39000000
