05-18 00:47:13.839 19748 19748 I ViewInteraction: Checking 'MatchesViewAssertion{viewMatcher=(view has effective visibility <VISIBLE> and view.getGlobalVisibleRect() to return non-empty rectangle)}' assertion on view an instance of android.widget.TextView and view.getText() with or without transformation to match: is "Hobbies: sunbathing"
05-18 00:47:13.839  3085  3257 I ViewRootImpl@5fe1d3[dogglers]: mWNT: t=0xb400007377532e10 mBlastBufferQueue=0xb4000073b735f2d0 fn= 2 caller= android.view.SyncRtSurfaceTransactionApplier.applyTransaction:96 android.view.SyncRtSurfaceTransactionApplier.lambda$scheduleApply$0$android-view-SyncRtSurfaceTransactionApplier:69 android.view.SyncRtSurfaceTransactionApplier$$ExternalSyntheticLambda0.onFrameDraw:4
05-18 00:47:13.839  2315  3854 D InputMethodManagerService: isImeSwitcherDisabledPackage : false
05-18 00:47:13.839  3085  3257 I ViewRootImpl@5fe1d3[dogglers]: mWNT: t=0xb400007377676630 mBlastBufferQueue=0xb4000073b735f2d0 fn= 2 caller= android.view.SyncRtSurfaceTransactionApplier.applyTransaction:96 android.view.SyncRtSurfaceTransactionApplier.lambda$scheduleApply$0$android-view-SyncRtSurfaceTransactionApplier:69 android.view.SyncRtSurfaceTransactionApplier$$ExternalSyntheticLambda0.onFrameDraw:4
05-18 00:47:13.840  5591  5591 I InputMethodService: removeImeSurface
05-18 00:47:13.840  5591  5591 I MSHandlerLifeCycle: check: return. pkg=com.samsung.android.honeyboard isActivity=false callers=com.android.internal.policy.DecorView.setVisibility:4416 android.app.Dialog.hide:767 android.inputmethodservice.InputMethodService.removeImeSurface:1290 android.inputmethodservice.InputMethodService.scheduleImeSurfaceRemoval:1279 android.inputmethodservice.InputMethodService.-$$Nest$mscheduleImeSurfaceRemoval:0
05-18 00:47:13.840  5591  5591 I MSHandlerLifeCycle: removeMultiSplitHandler: no exist. decor=DecorView@9a0695a[InputMethod]
05-18 00:47:13.844  1533  1533 I Layer   : id=113319 Destroyed Surface(name=daea37f InputMethod)/@0x913f89b - animation-leash of insets_animation#113319
05-18 00:47:13.845  3085  3258 I ViewRootImpl@5fe1d3[dogglers]: mWNT: t=0xb400007377703150 mBlastBufferQueue=0xb4000073b735f2d0 fn= 3 caller= android.view.SyncRtSurfaceTransactionApplier.applyTransaction:96 android.view.SyncRtSurfaceTransactionApplier.lambda$scheduleApply$0$android-view-SyncRtSurfaceTransactionApplier:69 android.view.SyncRtSurfaceTransactionApplier$$ExternalSyntheticLambda0.onFrameDraw:4
05-18 00:47:13.851  3588 25335 I RecentModel: onTaskStackChangedBackground
05-18 00:47:13.851  5894  6582 I SemDvfsHyPerManager: acquire hyper - BaseTABoost/5894@20, type = 1090523139
05-18 00:47:13.852  1412  1438 I HYPER-HAL: [RequestManager.cpp]acquire(): Acquired ID : 17490675  [5894 / 20]    HINT :      list : [TABoost / 1]
05-18 00:47:13.853  5668 20666 I [AirCmd]_ActivitySwitchDetector: onTaskStackChanged : componentName - ComponentInfo{com.example.dogglers/com.example.dogglers.GridListActivity}
05-18 00:47:13.853  5668 20666 I [AirCmd]_ActivitySwitchDetector: onTaskStackChanged : mTopMostActivity - ComponentInfo{com.example.dogglers/androidx.test.core.app.InstrumentationActivityInvoker$BootstrapActivity}
05-18 00:47:13.854  5668 20666 I [AirCmd]_CallbackRepeater: stopRepeat : isWorking=false
05-18 00:47:13.854  5668 20666 I [AirCmd]_MediaControlStateMonitor: isForegroundAppSupportsMediaButton : mediaSession is empty
05-18 00:47:13.854  5668 20666 I [AirCmd]_MediaControlStateMonitor: active Notification List is null
05-18 00:47:13.854  5668 20666 I [AirCmd]_RemoteSpenMainController: hasGeneralAction : packageName is com.example.dogglers, activityName is com.example.dogglers.GridListActivity, hasActions is false
05-18 00:47:13.854  5668 20666 I [AirCmd]_CameraAvailabilityMonitor: isCameraPreviewOn : mIsCameraPreviewOn is false
05-18 00:47:13.854  3085  3257 I ViewRootImpl@5fe1d3[dogglers]: mWNT: t=0xb4000073775dfb50 mBlastBufferQueue=0xb4000073b735f2d0 fn= 4 caller= android.view.SyncRtSurfaceTransactionApplier.applyTransaction:96 android.view.SyncRtSurfaceTransactionApplier.lambda$scheduleApply$0$android-view-SyncRtSurfaceTransactionApplier:69 android.view.SyncRtSurfaceTransactionApplier$$ExternalSyntheticLambda0.onFrameDraw:4
05-18 00:47:13.855  5668 20666 I [AirCmd]_CameraAvailabilityMonitor: isCameraPreviewOn : mIsCameraPreviewOn is false
05-18 00:47:13.855  3588  3982 I RecentTasksList: loadTasksInBackground : groupTask = GroupTask{task1=[id=1010 windowingMode=1 user=0 lastActiveTime=1776553758] null, task2=null, task3=null, mStagedSplitBounds=null}
05-18 00:47:13.855  5668 20666 I [AirCmd]_MediaControlStateMonitor: isForegroundAppSupportsMediaButton : mediaSession is empty
05-18 00:47:13.855  5668 20666 I [AirCmd]_MediaControlStateMonitor: active Notification List is null
05-18 00:47:13.855  5668 20666 I [AirCmd]_PenActionRule: getAction : get default action data from remote action because pen action data is null.
05-18 00:47:13.855  5668 20666 I [AirCmd]_ButtonActionDetector: enableDoubleClickDetection: enabled=true, doubleClickWaitInterval=300
05-18 00:47:13.856  5668 20666 I [AirCmd]_RemoteSpenMainController: onSwitch : package is com.example.dogglers   and activity is com.example.dogglers.GridListActivity and isBleConnected is false and hasActions is false
05-18 00:47:13.861  3085  3258 I ViewRootImpl@5fe1d3[dogglers]: mWNT: t=0xb40000737742f6d0 mBlastBufferQueue=0xb4000073b735f2d0 fn= 5 caller= android.view.SyncRtSurfaceTransactionApplier.applyTransaction:96 android.view.SyncRtSurfaceTransactionApplier.lambda$scheduleApply$0$android-view-SyncRtSurfaceTransactionApplier:69 android.view.SyncRtSurfaceTransactionApplier$$ExternalSyntheticLambda0.onFrameDraw:4
05-18 00:47:13.869  3085  3257 I ViewRootImpl@5fe1d3[dogglers]: mWNT: t=0xb40000737768b0f0 mBlastBufferQueue=0xb4000073b735f2d0 fn= 6 caller= android.view.SyncRtSurfaceTransactionApplier.applyTransaction:96 android.view.SyncRtSurfaceTransactionApplier.lambda$scheduleApply$0$android-view-SyncRtSurfaceTransactionApplier:69 android.view.SyncRtSurfaceTransactionApplier$$ExternalSyntheticLambda0.onFrameDraw:4
05-18 00:47:13.877  3085  3258 I ViewRootImpl@5fe1d3[dogglers]: mWNT: t=0xb400007377600af0 mBlastBufferQueue=0xb4000073b735f2d0 fn= 7 caller= android.view.SyncRtSurfaceTransactionApplier.applyTransaction:96 android.view.SyncRtSurfaceTransactionApplier.lambda$scheduleApply$0$android-view-SyncRtSurfaceTransactionApplier:69 android.view.SyncRtSurfaceTransactionApplier$$ExternalSyntheticLambda0.onFrameDraw:4
05-18 00:47:13.886  1791  6438 I CameraService: onUidStateChanged: uid=10038, procState is changed. (1 -> 0)
05-18 00:47:13.886  3085  3222 D OpenGLRenderer: setSurface called with nullptr
05-18 00:47:13.886  3085  3222 D OpenGLRenderer: setSurface() destroyed EGLSurface
05-18 00:47:13.887  3085  3222 D OpenGLRenderer: destroyEglSurface
05-18 00:47:13.888  3085  3207 I ViewRootImpl@5fe1d3[dogglers]: performTraversals params={(0,0)(fillxfill) sim={adjust=pan} ty=APPLICATION_STARTING fmt=TRANSLUCENT wanim=0x1030001 alpha=0.0
05-18 00:47:13.888  3085  3207 I ViewRootImpl@5fe1d3[dogglers]:   fl=81030118
05-18 00:47:13.888  3085  3207 I ViewRootImpl@5fe1d3[dogglers]:   pfl=16000010
05-18 00:47:13.888  3085  3207 I ViewRootImpl@5fe1d3[dogglers]:   bhv=DEFAULT
05-18 00:47:13.888  3085  3207 I ViewRootImpl@5fe1d3[dogglers]:   fitSides= naviIconColor=0}
05-18 00:47:13.888  3085  3207 I ViewRootImpl@5fe1d3[dogglers]: performTraversals mFirst=false windowShouldResize=false viewVisibilityChanged=true mForceNextWindowRelayout=false params={(0,0)(fillxfill) sim={adjust=pan} ty=APPLICATION_STARTING fmt=TRANSLUCENT wanim=0x1030001 alpha=0.0
05-18 00:47:13.888  3085  3207 I ViewRootImpl@5fe1d3[dogglers]:   fl=81030118
05-18 00:47:13.888  3085  3207 I ViewRootImpl@5fe1d3[dogglers]:   pfl=16000010
05-18 00:47:13.888  3085  3207 I ViewRootImpl@5fe1d3[dogglers]:   bhv=DEFAULT
05-18 00:47:13.888  3085  3207 I ViewRootImpl@5fe1d3[dogglers]:   fitSides= naviIconColor=0}
05-18 00:47:13.889  2315  6291 V WindowManager: Relayout Window{7e3604d u0 Splash Screen com.example.dogglers}: viewVisibility=8 req=1440x3088 d0
05-18 00:47:13.890  2315  6291 V WindowManager: Relayout hash=7e3604d, pid=3085, syncId=-1: mAttrs={(0,0)(fillxfill) sim={adjust=pan} ty=APPLICATION_STARTING fmt=TRANSLUCENT wanim=0x1030001 alpha=0.0
05-18 00:47:13.890  2315  6291 V WindowManager:   fl=81030118
05-18 00:47:13.890  2315  6291 V WindowManager:   pfl=16000010
05-18 00:47:13.890  2315  6291 V WindowManager:   bhv=DEFAULT
05-18 00:47:13.890  2315  6291 V WindowManager:   fitSides= naviIconColor=0}
05-18 00:47:13.891  3085  3207 I ViewRootImpl@5fe1d3[dogglers]: Relayout returned: old=(0,0,1440,3088) new=(0,0,1440,3088) req=(1440,3088)8 dur=2 res=0x2 s={false 0x0} ch=true seqId=0
05-18 00:47:13.891  3085  3207 I ViewRootImpl@5fe1d3[dogglers]: dispatchDetachedFromWindow
05-18 00:47:13.891  2315  3854 D InputTransport: Input channel destroyed: '7e3604d', fd=850
05-18 00:47:13.891  2315  3854 W InputManager-JNI: Input channel object '7e3604d Splash Screen com.example.dogglers (client)' was disposed without first being removed with the input manager!
05-18 00:47:13.892  2315  3854 D InputTransport: Input channel destroyed: '7e3604d', fd=879
05-18 00:47:13.893  3085  3207 D InputTransport: Input channel destroyed: '7e3604d', fd=120
05-18 00:47:13.894  1533  1533 I Layer   : id=113334 removedFromDrawingState Surface(name=e7f27dc com.example.dogglers/com.example.dogglers.GridListActivity)/@0x8211099 - animation-leash of starting_reveal#113334 (121)
05-18 00:47:13.896  1533  1533 D SurfaceFlinger: Display 4630947232161729154 HWC layers:
05-18 00:47:13.896  1533  1533 D SurfaceFlinger:      DEVICE | 0xb400006f7023ac30 | 0100 | RGBx_8888    |  670.0    0.0 2110.0 3088.0 |    0    0 1440 3088 | Wallpaper BBQ wrapper#79
05-18 00:47:13.896  1533  1533 D SurfaceFlinger:      DEVICE | 0xb400006f702585d0 | 0100 | RGBA_8888    |    0.0    0.0 1440.0 3088.0 |    0    0 1440 3088 | com.sec.android.app.launcher/com.sec[...]vities.LauncherActivity$_3588#113275
05-18 00:47:13.896  1533  1533 D SurfaceFlinger:      DEVICE | 0xb400006f7023e7d0 | 0102 | RGBA_8888    |    0.0    0.0 1440.0 3088.0 |   35   76 1405 3012 | com.example.dogglers/com.example.dogglers.GridListActivity$_19748#113331
05-18 00:47:13.896  1533  1533 D SurfaceFlinger:      DEVICE | 0xb400006f70233df0 | 0100 | RGBA_8888    |    0.0    0.0 1440.0  100.0 |    0    0 1440  100 | StatusBar$_3085#85
05-18 00:47:13.896  1533  1533 D SurfaceFlinger:      DEVICE | 0xb400006f7022a220 | 0100 | RGBA_8888    |    0.0    0.0   67.0  456.0 | 1373  584 1440 1040 | com.samsung.android.app.cocktailbars[...]vice.CocktailBarService$_5964#112833
05-18 00:47:13.896  1533  1533 D SurfaceFlinger:      DEVICE | 0xb400006f70241ef0 | 0100 | RGBA_8888    |    0.0    0.0 1440.0  168.0 |    0 2920 1440 3088 | NavigationBar0$_3085#80
05-18 00:47:13.896  1533  1533 D SurfaceFlinger:
05-18 00:47:14.018 14134 14134 I ResourceOverlayService_0: waitAndQuit called
05-18 00:47:14.018 14134 14134 I ResourceOverlayService_0: activity user id 0 process id 0
05-18 00:47:14.049 19748 19748 I ViewInteraction: Checking 'MatchesViewAssertion{viewMatcher=(view has effective visibility <VISIBLE> and view.getGlobalVisibleRect() to return non-empty rectangle)}' assertion on view has drawable resource 2131165345
05-18 00:47:14.054  2315  2435 I ChimeraSystemEventListener: appLaunchIntent package name is: com.example.dogglers
05-18 00:47:14.056  2315  3073 I SemDvfsHyPerManager: acquire hyper - AMS_ACT_START/2315@21, type = -999
05-18 00:47:14.056  1412  1438 I HYPER-HAL: [RequestManager.cpp]acquire(): Acquired ID : 2729637  [2315 / 21]    HINT : AMS_ACT_START    list :
05-18 00:47:14.057  1533  1680 I SurfaceFlinger: id=113336 createSurf, flag=80004, ActivityRecord{f494710 u0 com.example.dogglers/androidx.test.core.app.InstrumentationActivityInvoker$EmptyActivity} t1010}#113336
05-18 00:47:14.060  1533  1680 I SurfaceFlinger: id=113337 createSurf, flag=80000, 32c5fd3 ActivityRecordInputSink com.example.dogglers/androidx.test.core.app.InstrumentationActivityInvoker$EmptyActivity#113337
05-18 00:47:14.061  4633  4633 E pageboostd: Received HALT command code 2
05-18 00:47:14.062  2315  2435 D PersonaActivityHelper: Activity not in resumed state, do not run immediate lock
05-18 00:47:14.063 19748 19748 D LifecycleMonitor: Lifecycle status change: com.example.dogglers.GridListActivity@6a20e30 in: PAUSED
05-18 00:47:14.063 19748 19748 V ActivityScenario: Update currentActivityStage to PAUSED, currentActivity=com.example.dogglers.GridListActivity@6a20e30
05-18 00:47:14.065  2315  6291 D InputDispatcher: Focused application(0): ActivityRecord{f494710 u0 com.example.dogglers/androidx.test.core.app.InstrumentationActivityInvoker$EmptyActivity} t1010}
05-18 00:47:14.068  2315  2435 I SemPersonaManager: SecureFolder personaId = 150
05-18 00:47:14.069 19748 19748 D LifecycleMonitor: Lifecycle status change: androidx.test.core.app.InstrumentationActivityInvoker$EmptyActivity@e9a6ba4 in: PRE_ON_CREATE
05-18 00:47:14.069  1533  1533 I SurfaceFlinger: [e7f27dc com.example.dogglers/com.example.dogglers.GridListActivity#113330] FrameRatePriority: -1
05-18 00:47:14.069 19748 19748 V ActivityScenario: Activity lifecycle changed event received but ignored because the intent does not match. startActivityIntent=Intent { act=android.intent.action.MAIN cat=[android.intent.category.LAUNCHER] cmp=com.example.dogglers/.GridListActivity }, activity.getIntent()=Intent { act=android.intent.action.MAIN cat=[android.intent.category.LAUNCHER] flg=0x10000000 cmp=com.example.dogglers/androidx.test.core.app.InstrumentationActivityInvoker$EmptyActivity }, activity=androidx.test.core.app.InstrumentationActivityInvoker$EmptyActivity@e9a6ba4
05-18 00:47:14.073 19748 19748 I DecorView: [INFO] isPopOver=false config=true
05-18 00:47:14.073 19748 19748 I DecorView: updateCaptionType: isFloating=false isApplication=true hasWindowDecorCaption=false this=DecorView@52b2d3[]
05-18 00:47:14.073 19748 19748 D DecorView: setCaptionType = 0, this = DecorView@52b2d3[]
05-18 00:47:14.073  2315  2435 D EnterpriseDeviceManagerService: isMdmAdminPresentInternal() : MDM Admin Found - com.samsung.knox.securefolder
05-18 00:47:14.073  2315  4570 I MediaSessionMonitor: Media session stopped : controllerList empty
05-18 00:47:14.074 19748 19748 I DecorView: getCurrentDensityDpi: from real metrics. densityDpi=560 msg=resources_loaded
05-18 00:47:14.074 19748 19748 I DecorView: setWindowBackground: isPopOver=false color=ff010101 d=android.graphics.drawable.StateListDrawable@7e49e10
05-18 00:47:14.074 19748 19748 D LifecycleMonitor: Lifecycle status change: androidx.test.core.app.InstrumentationActivityInvoker$EmptyActivity@e9a6ba4 in: CREATED
05-18 00:47:14.074  5964  5964 I Utils   : isCurrentUser current = 0, ownerId = 0
05-18 00:47:14.074 19748 19748 V ActivityScenario: Activity lifecycle changed event received but ignored because the intent does not match. startActivityIntent=Intent { act=android.intent.action.MAIN cat=[android.intent.category.LAUNCHER] cmp=com.example.dogglers/.GridListActivity }, activity.getIntent()=Intent { act=android.intent.action.MAIN cat=[android.intent.category.LAUNCHER] flg=0x10000000 cmp=com.example.dogglers/androidx.test.core.app.InstrumentationActivityInvoker$EmptyActivity }, activity=androidx.test.core.app.InstrumentationActivityInvoker$EmptyActivity@e9a6ba4
05-18 00:47:14.074  5964  5964 I TrayVisibilityController: getComputedTrayVisible : keyguardState = 1
05-18 00:47:14.074  5964  5964 I TrayVisibilityController: updateTrayVisible: State=1 visible=1 mCurrentVisible=1 specificMode=0
05-18 00:47:14.074  5964  5964 I TrayStateController: onNotifyUpdateTray: state=0
05-18 00:47:14.074 19748 19748 D LifecycleMonitor: Lifecycle status change: androidx.test.core.app.InstrumentationActivityInvoker$EmptyActivity@e9a6ba4 in: STARTED
05-18 00:47:14.075 19748 19748 V ActivityScenario: Activity lifecycle changed event received but ignored because the intent does not match. startActivityIntent=Intent { act=android.intent.action.MAIN cat=[android.intent.category.LAUNCHER] cmp=com.example.dogglers/.GridListActivity }, activity.getIntent()=Intent { act=android.intent.action.MAIN cat=[android.intent.category.LAUNCHER] flg=0x10000000 cmp=com.example.dogglers/androidx.test.core.app.InstrumentationActivityInvoker$EmptyActivity }, activity=androidx.test.core.app.InstrumentationActivityInvoker$EmptyActivity@e9a6ba4
05-18 00:47:14.075  5964  5964 I ActivityUtils: HomePackage : com.sec.android.app.launcher, resumePackageName : com.example.dogglers
05-18 00:47:14.076 19748 19748 D LifecycleMonitor: Lifecycle status change: androidx.test.core.app.InstrumentationActivityInvoker$EmptyActivity@e9a6ba4 in: RESUMED
05-18 00:47:14.076 19748 19748 V ActivityScenario: Activity lifecycle changed event received but ignored because the intent does not match. startActivityIntent=Intent { act=android.intent.action.MAIN cat=[android.intent.category.LAUNCHER] cmp=com.example.dogglers/.GridListActivity }, activity.getIntent()=Intent { act=android.intent.action.MAIN cat=[android.intent.category.LAUNCHER] flg=0x10000000 cmp=com.example.dogglers/androidx.test.core.app.InstrumentationActivityInvoker$EmptyActivity }, activity=androidx.test.core.app.InstrumentationActivityInvoker$EmptyActivity@e9a6ba4
05-18 00:47:14.076 19748 19748 I MSHandlerLifeCycle: check: return. pkg=com.example.dogglers parent=null callers=com.android.internal.policy.DecorView.setVisibility:4416 android.app.ActivityThread.handleResumeActivity:5476 android.app.servertransaction.ResumeActivityItem.execute:54 android.app.servertransaction.ActivityTransactionItem.execute:45 android.app.servertransaction.TransactionExecutor.executeLifecycleState:176
05-18 00:47:14.077 19748 19748 I MSHandlerLifeCycle: removeMultiSplitHandler: no exist. decor=DecorView@52b2d3[]
05-18 00:47:14.078  2315  3854 D InputDispatcher: Focus left window (0): e7f27dc com.example.dogglers/com.example.dogglers.GridListActivity
05-18 00:47:14.078 19748 19789 D NativeCustomFrequencyManager: [NativeCFMS] BpCustomFrequencyManager::BpCustomFrequencyManager()
05-18 00:47:14.080  2315  6290 D InputTransport: Input channel constructed: 'a5ff91f', fd=945
05-18 00:47:14.080  2315  6290 D InputTransport: Input channel constructed: 'a5ff91f', fd=975
05-18 00:47:14.080  2315  6290 D InputTransport: Input channel constructed: 'a5ff91f', fd=982
05-18 00:47:14.080  1533  1681 I SurfaceFlinger: id=113338 createSurf, flag=80004, a5ff91f com.example.dogglers/androidx.test.core.app.InstrumentationActivityInvoker$EmptyActivity#113338
05-18 00:47:14.081  2315  6290 D InputTransport: Input channel destroyed: 'a5ff91f', fd=982
05-18 00:47:14.081 19748 19748 D InsetsController: onStateChanged: InsetsState: {mDisplayFrame=Rect(0, 0 - 1440, 3088), mDisplayCutout=DisplayCutout{insets=Rect(0, 100 - 0, 0) waterfall=Insets{left=0, top=0, right=0, bottom=0} boundingRect={Bounds=[Rect(0, 0 - 0, 0), Rect(683, 0 - 758, 100), Rect(0, 0 - 0, 0), Rect(0, 0 - 0, 0)]} cutoutPathParserInfo={CutoutPathParserInfo{displayWidth=1440 displayHeight=3088 physicalDisplayWidth=1440 physicalDisplayHeight=3088 density={3.75} cutoutSpec={M 0,0 H -10 V 26.66666666666667 H 10 V 0 H 0 Z @dp} rotation={0} scale={1.0} physicalPixelDisplaySizeRatio={1.0}}}}, mRoundedCorners=RoundedCorners{[RoundedCorner{position=TopLeft, radius=14, center=Point(14, 14)}, RoundedCorner{position=TopRight, radius=14, center=Point(1426, 14)}, RoundedCorner{position=BottomRight, radius=14, center=Point(1426, 3074)}, RoundedCorner{position=BottomLeft, radius=14, center=Point(14, 3074)}]}  mRoundedCornerFrame=Rect(0, 0 - 1440, 3088), mPrivacyIndicatorBounds=PrivacyIndicatorBounds {static bounds=Rect(1286, 0 - 1440, 100) rotation=0}, mSources= { InsetsSource: {mType=ITYPE_STATUS_BAR, mFrame=[0,0][1440,100], mVisible=true, mInsetsRoundedCornerFrame=false}, InsetsSource: {mType=ITYPE_NAVIGATION_BAR, mFrame=[0,2920][1440,3088], mVisible=true, mInsetsRoundedCornerFrame=false}, InsetsSource: {mType=ITYPE_LEFT_GESTURES, mFrame=[0,0][0,3088], mVisible=true, mInsetsRoundedCornerFrame=false}, InsetsSource: {mType=ITYPE_RIGHT_GESTURES, mFrame=[1440,0][1440,3088], mVisible=true, mInsetsRoundedCornerFrame=false}, InsetsSource: {mType=ITYPE_TOP_MANDATORY_GESTURES, mFrame=[0,0][1440,142], mVisible=true, mInsetsRoundedCornerFrame=false}, InsetsSource: {mType=ITYPE_BOTTOM_MANDATORY_GESTURES, mFrame=[0,2920][1440,3088], mVisible=true, mInsetsRoundedCornerFrame=false}, InsetsSource: {mType=ITYPE_LEFT_DISPLAY_CUTOUT, mFrame=[0,0][-100000,3088], mVisible=true, mInsetsRoundedCornerFrame=false}, InsetsSource: {mType=ITYPE_TOP_DISPLAY_CUTOUT, mFrame=[0,0][1440,100], mVisible=true, mInsetsRoundedCornerFrame=false}, InsetsSource: {mType=ITYPE_RIGHT_DISPLAY_CUTOUT, mFrame=[100000,0][1440,3088], mVisible=true, mInsetsRoundedCornerFrame=false}, InsetsSource: {mType=ITYPE_BOTTOM_DISPLAY_CUTOUT, mFrame=[0,100000][1440,3088], mVisible=true, mInsetsRoundedCornerFrame=false}, InsetsSource: {mType=ITYPE_TOP_TAPPABLE_ELEMENT, mFrame=[0,0][1440,100], mVisible=true, mInsetsRoundedCornerFrame=false}, InsetsSource: {mType=ITYPE_BOTTOM_TAPPABLE_ELEMENT, mFrame=[0,2920][1440,3088], mVisible=true, mInsetsRoundedCornerFrame=false} } host=com.example.dogglers/androidx.test.core.app.InstrumentationActivityInvoker$EmptyActivity from=android.view.ViewRootImpl.setView:1732
05-18 00:47:14.082 19748 19748 I ViewRootImpl@dd68b0e[InstrumentationActivityInvoker$EmptyActivity]: setView = com.android.internal.policy.DecorView@52b2d3 TM=true
05-18 00:47:14.082 19748 19748 I MSHandlerLifeCycle: removeMultiSplitHandler: no exist. decor=DecorView@52b2d3[InstrumentationActivityInvoker$EmptyActivity]
05-18 00:47:14.083  2315  2481 D AnalyticsContainerHandler: handleMessage : { when=0 what=1 target=com.android.server.knox.KnoxAnalyticsContainer$AnalyticsHandler }
05-18 00:47:14.087 19748 19748 I ViewRootImpl@dd68b0e[InstrumentationActivityInvoker$EmptyActivity]: performTraversals params={(0,0)(fillxfill) sim={adjust=pan forwardNavigation} ty=BASE_APPLICATION wanim=0x1030001
05-18 00:47:14.087 19748 19748 I ViewRootImpl@dd68b0e[InstrumentationActivityInvoker$EmptyActivity]:   fl=1810100
05-18 00:47:14.087 19748 19748 I ViewRootImpl@dd68b0e[InstrumentationActivityInvoker$EmptyActivity]:   pfl=12020040
05-18 00:47:14.087 19748 19748 I ViewRootImpl@dd68b0e[InstrumentationActivityInvoker$EmptyActivity]:   bhv=DEFAULT
05-18 00:47:14.087 19748 19748 I ViewRootImpl@dd68b0e[InstrumentationActivityInvoker$EmptyActivity]:   fitSides= naviIconColor=0}
05-18 00:47:14.087 19748 19748 I ViewRootImpl@dd68b0e[InstrumentationActivityInvoker$EmptyActivity]: performTraversals mFirst=true windowShouldResize=true viewVisibilityChanged=false mForceNextWindowRelayout=false params={(0,0)(fillxfill) sim={adjust=pan forwardNavigation} ty=BASE_APPLICATION wanim=0x1030001
05-18 00:47:14.087 19748 19748 I ViewRootImpl@dd68b0e[InstrumentationActivityInvoker$EmptyActivity]:   fl=1810100
05-18 00:47:14.087 19748 19748 I ViewRootImpl@dd68b0e[InstrumentationActivityInvoker$EmptyActivity]:   pfl=12020040
05-18 00:47:14.087 19748 19748 I ViewRootImpl@dd68b0e[InstrumentationActivityInvoker$EmptyActivity]:   bhv=DEFAULT
05-18 00:47:14.087 19748 19748 I ViewRootImpl@dd68b0e[InstrumentationActivityInvoker$EmptyActivity]:   fitSides= naviIconColor=0}
05-18 00:47:14.088  2315  6291 V WindowManager: Relayout Window{a5ff91f u0 com.example.dogglers/androidx.test.core.app.InstrumentationActivityInvoker$EmptyActivity}: viewVisibility=0 req=1440x3088 d0
05-18 00:47:14.088  1533  1680 I SurfaceFlinger: id=113339 createSurf, flag=40004, com.example.dogglers/androidx.test.core.app.InstrumentationActivityInvoker$EmptyActivity$_19748#113339
05-18 00:47:14.089  1533  1680 I SurfaceFlinger: id=113340 createSurf, flag=24000, Surface(name=a5e6516 StatusBar)/@0x266f9f6 - animation-leash of insets_animation#113340
05-18 00:47:14.090  1533  1680 I SurfaceFlinger: id=113341 createSurf, flag=24000, Surface(name=b1c69c9 NavigationBar0)/@0x6818acd - animation-leash of insets_animation#113341
05-18 00:47:14.090  2315  6291 V WindowManager: Relayout hash=a5ff91f, pid=19748, syncId=-1: mAttrs={(0,0)(fillxfill) sim={adjust=pan forwardNavigation} ty=BASE_APPLICATION wanim=0x1030001
05-18 00:47:14.090  2315  6291 V WindowManager:   fl=1810100
05-18 00:47:14.090  2315  6291 V WindowManager:   pfl=12020040
05-18 00:47:14.090  2315  6291 V WindowManager:   bhv=DEFAULT
05-18 00:47:14.090  2315  6291 V WindowManager:   fitSides= naviIconColor=0}
05-18 00:47:14.091 19748 19748 D InsetsController: onStateChanged: InsetsState: {mDisplayFrame=Rect(0, 0 - 1440, 3088), mDisplayCutout=DisplayCutout{insets=Rect(0, 100 - 0, 0) waterfall=Insets{left=0, top=0, right=0, bottom=0} boundingRect={Bounds=[Rect(0, 0 - 0, 0), Rect(683, 0 - 758, 100), Rect(0, 0 - 0, 0), Rect(0, 0 - 0, 0)]} cutoutPathParserInfo={CutoutPathParserInfo{displayWidth=1440 displayHeight=3088 physicalDisplayWidth=1440 physicalDisplayHeight=3088 density={3.75} cutoutSpec={M 0,0 H -10 V 26.66666666666667 H 10 V 0 H 0 Z @dp} rotation={0} scale={1.0} physicalPixelDisplaySizeRatio={1.0}}}}, mRoundedCorners=RoundedCorners{[RoundedCorner{position=TopLeft, radius=14, center=Point(14, 14)}, RoundedCorner{position=TopRight, radius=14, center=Point(1426, 14)}, RoundedCorner{position=BottomRight, radius=14, center=Point(1426, 3074)}, RoundedCorner{position=BottomLeft, radius=14, center=Point(14, 3074)}]}  mRoundedCornerFrame=Rect(0, 0 - 1440, 3088), mPrivacyIndicatorBounds=PrivacyIndicatorBounds {static bounds=Rect(1286, 0 - 1440, 100) rotation=0}, mSources= { InsetsSource: {mType=ITYPE_STATUS_BAR, mFrame=[0,0][1440,100], mVisible=true, mInsetsRoundedCornerFrame=false}, InsetsSource: {mType=ITYPE_NAVIGATION_BAR, mFrame=[0,2920][1440,3088], mVisible=true, mInsetsRoundedCornerFrame=false}, InsetsSource: {mType=ITYPE_LEFT_GESTURES, mFrame=[0,0][0,3088], mVisible=true, mInsetsRoundedCornerFrame=false}, InsetsSource: {mType=ITYPE_RIGHT_GESTURES, mFrame=[1440,0][1440,3088], mVisible=true, mInsetsRoundedCornerFrame=false}, InsetsSource: {mType=ITYPE_TOP_MANDATORY_GESTURES, mFrame=[0,0][1440,142], mVisible=true, mInsetsRoundedCornerFrame=false}, InsetsSource: {mType=ITYPE_BOTTOM_MANDATORY_GESTURES, mFrame=[0,2920][1440,3088], mVisible=true, mInsetsRoundedCornerFrame=false}, InsetsSource: {mType=ITYPE_LEFT_DISPLAY_CUTOUT, mFrame=[0,0][-100000,3088], mVisible=true, mInsetsRoundedCornerFrame=false}, InsetsSource: {mType=ITYPE_TOP_DISPLAY_CUTOUT, mFrame=[0,0][1440,100], mVisible=true, mInsetsRoundedCornerFrame=false}, InsetsSource: {mType=ITYPE_RIGHT_DISPLAY_CUTOUT, mFrame=[100000,0][1440,3088], mVisible=true, mInsetsRoundedCornerFrame=false}, InsetsSource: {mType=ITYPE_BOTTOM_DISPLAY_CUTOUT, mFrame=[0,100000][1440,3088], mVisible=true, mInsetsRoundedCornerFrame=false}, InsetsSource: {mType=ITYPE_TOP_TAPPABLE_ELEMENT, mFrame=[0,0][1440,100], mVisible=true, mInsetsRoundedCornerFrame=false}, InsetsSource: {mType=ITYPE_BOTTOM_TAPPABLE_ELEMENT, mFrame=[0,2920][1440,3088], mVisible=true, mInsetsRoundedCornerFrame=false}, InsetsSource: {mType=ITYPE_IME, mFrame=[0,0][0,0], mVisibleFrame=[0,1766][1440,3088], mVisible=false, mInsetsRoundedCornerFrame=false} } host=com.example.dogglers/androidx.test.core.app.InstrumentationActivityInvoker$EmptyActivity from=android.view.ViewRootImpl.relayoutWindow:9802
05-18 00:47:14.092 19748 19748 I ViewRootImpl@dd68b0e[InstrumentationActivityInvoker$EmptyActivity]: updateBlastSurfaceIfNeeded mBlastBufferQueue=null isSameSurfaceControl=false
05-18 00:47:14.092 19748 19748 I BLASTBufferQueue: new BLASTBufferQueue, mName= ViewRootImpl@dd68b0e[InstrumentationActivityInvoker$EmptyActivity] mNativeObject= 0xb4000073b7274cd0 sc.mNativeObject= 0xb4000073472a2dd0 caller= android.view.ViewRootImpl.updateBlastSurfaceIfNeeded:2909 android.view.ViewRootImpl.relayoutWindow:9847 android.view.ViewRootImpl.performTraversals:3884 android.view.ViewRootImpl.doTraversal:3116 android.view.ViewRootImpl$TraversalRunnable.run:10885 android.view.Choreographer$CallbackRecord.run:1301 android.view.Choreographer$CallbackRecord.run:1309 android.view.Choreographer.doCallbacks:923 android.view.Choreographer.doFrame:852 android.view.Choreographer$FrameDisplayEventReceiver.run:1283
05-18 00:47:14.092 19748 19748 I BLASTBufferQueue: update, w= 1440 h= 3088 mName = ViewRootImpl@dd68b0e[InstrumentationActivityInvoker$EmptyActivity] mNativeObject= 0xb4000073b7274cd0 sc.mNativeObject= 0xb4000073472a2dd0 format= -1 caller= android.graphics.BLASTBufferQueue.<init>:84 android.view.ViewRootImpl.updateBlastSurfaceIfNeeded:2909 android.view.ViewRootImpl.relayoutWindow:9847 android.view.ViewRootImpl.performTraversals:3884 android.view.ViewRootImpl.doTraversal:3116 android.view.ViewRootImpl$TraversalRunnable.run:10885
05-18 00:47:14.092 19748 19748 I ViewRootImpl@dd68b0e[InstrumentationActivityInvoker$EmptyActivity]: Relayout returned: old=(0,0,1440,3088) new=(0,0,1440,3088) req=(1440,3088)0 dur=5 res=0x3 s={true 0xb40000744729e4a0} ch=true seqId=0
05-18 00:47:14.093 19748 19748 I ViewRootImpl@dd68b0e[InstrumentationActivityInvoker$EmptyActivity]: mThreadedRenderer.initialize() mSurface={isValid=true 0xb40000744729e4a0} hwInitialized=true
05-18 00:47:14.093 19748 19789 D OpenGLRenderer: eglCreateWindowSurface
05-18 00:47:14.093 19748 19748 I ViewRootImpl@dd68b0e[InstrumentationActivityInvoker$EmptyActivity]: reportNextDraw android.view.ViewRootImpl.performTraversals:4438 android.view.ViewRootImpl.doTraversal:3116 android.view.ViewRootImpl$TraversalRunnable.run:10885 android.view.Choreographer$CallbackRecord.run:1301 android.view.Choreographer$CallbackRecord.run:1309
05-18 00:47:14.093 19748 19748 I ViewRootImpl@dd68b0e[InstrumentationActivityInvoker$EmptyActivity]: Setup new sync id=0
05-18 00:47:14.093 19748 19748 I ViewRootImpl@dd68b0e[InstrumentationActivityInvoker$EmptyActivity]: Setting syncFrameCallback
05-18 00:47:14.093 19748 19748 I ViewRootImpl@dd68b0e[InstrumentationActivityInvoker$EmptyActivity]: registerCallbacksForSync syncBuffer=false
05-18 00:47:14.095 19748 19808 I ViewRootImpl@dd68b0e[InstrumentationActivityInvoker$EmptyActivity]: Received frameDrawingCallback syncResult=0 frameNum=1.
05-18 00:47:14.095 19748 19808 I ViewRootImpl@dd68b0e[InstrumentationActivityInvoker$EmptyActivity]: Setting up sync and frameCommitCallback
05-18 00:47:14.096 19748 19789 I BLASTBufferQueue: [ViewRootImpl@dd68b0e[InstrumentationActivityInvoker$EmptyActivity]#13](f:0,a:0) onFrameAvailable the first frame is available
05-18 00:47:14.097 19748 19789 I ViewRootImpl@dd68b0e[InstrumentationActivityInvoker$EmptyActivity]: Received frameCommittedCallback lastAttemptedDrawFrameNum=1 didProduceBuffer=true
05-18 00:47:14.097 19748 19789 D OpenGLRenderer: CFMS:: SetUp Pid : 19748    Tid : 19789
05-18 00:47:14.098 19748 19789 W Parcel  : Expecting binder but got null!
05-18 00:47:14.098 19748 19748 I ViewRootImpl@dd68b0e[InstrumentationActivityInvoker$EmptyActivity]: onSyncComplete
05-18 00:47:14.098 19748 19748 I ViewRootImpl@dd68b0e[InstrumentationActivityInvoker$EmptyActivity]: setupSync seqId=0 mSyncId=0 fn=1 caller=android.view.ViewRootImpl$$ExternalSyntheticLambda11.accept:6 android.window.SurfaceSyncer.lambda$setupSync$1$android-window-SurfaceSyncer:128 android.window.SurfaceSyncer$$ExternalSyntheticLambda1.accept:8 android.window.SurfaceSyncer$SyncSet.checkIfSyncIsComplete:382 android.window.SurfaceSyncer$SyncSet.markSyncReady:359 android.window.SurfaceSyncer.markSyncReady:151 android.view.ViewRootImpl.performTraversals:4503
05-18 00:47:14.098 19748 19748 I ViewRootImpl@dd68b0e[InstrumentationActivityInvoker$EmptyActivity]: reportDrawFinished seqId=0 mSyncId=-1 fn=1 mSurfaceChangedTransaction=0xb400007377276250
05-18 00:47:14.098 19748 19748 I ViewRootImpl@e3072b7[GridListActivity]: MSG_WINDOW_FOCUS_CHANGED 0 0
05-18 00:47:14.098  1412 19973 I HYPER-HAL: [RequestManager.cpp]releaseLocked(): Released ID : 2762460
05-18 00:47:14.100  2315  2432 I ActivityTaskManager: Displayed com.example.dogglers/androidx.test.core.app.InstrumentationActivityInvoker$EmptyActivity: +45ms
05-18 00:47:14.100  4633  4633 E pageboostd: Received HALT command code 2
05-18 00:47:14.102  1533  1533 I SurfaceFlinger: [a5ff91f com.example.dogglers/androidx.test.core.app.InstrumentationActivityInvoker$EmptyActivity#113338] FrameRatePriority: 1
05-18 00:47:14.102  1533  1533 I Layer   : id=113332 removedFromDrawingState Surface(name=a5e6516 StatusBar)/@0x266f9f6 - animation-leash of insets_animation#113332 (127)
05-18 00:47:14.102  1533  1533 I Layer   : id=113333 removedFromDrawingState Surface(name=b1c69c9 NavigationBar0)/@0x6818acd - animation-leash of insets_animation#113333 (127)
05-18 00:47:14.102  1533  1533 I SurfaceFlinger: id=113332 Removed Surface(name=a5e6516 StatusBar)/@0x266f9f6 - animation-leash of insets_animation#113332 (127)
05-18 00:47:14.102  1533  1533 I SurfaceFlinger: id=113333 Removed Surface(name=b1c69c9 NavigationBar0)/@0x6818acd - animation-leash of insets_animation#113333 (127)
05-18 00:47:14.102  1533  1533 I Layer   : id=113332 Destroyed Surface(name=a5e6516 StatusBar)/@0x266f9f6 - animation-leash of insets_animation#113332
05-18 00:47:14.102  1533  1533 I Layer   : id=113333 Destroyed Surface(name=b1c69c9 NavigationBar0)/@0x6818acd - animation-leash of insets_animation#113333
05-18 00:47:14.103  2315  3854 D InputDispatcher: Focus entered window (0): a5ff91f com.example.dogglers/androidx.test.core.app.InstrumentationActivityInvoker$EmptyActivity
05-18 00:47:14.104  2315  6291 I SemDvfsHyPerManager: acquire hyper - AMS_RESUME_TAIL/2315@23, type = -999
05-18 00:47:14.104  2315  6291 I SemDvfsHyPerManager: acquire hyper - AMS_ACT_LAZY/2315@24, type = -999
05-18 00:47:14.104 19748 19748 I ViewRootImpl@dd68b0e[InstrumentationActivityInvoker$EmptyActivity]: MSG_WINDOW_FOCUS_CHANGED 1 0
05-18 00:47:14.104 19748 19748 I ViewRootImpl@dd68b0e[InstrumentationActivityInvoker$EmptyActivity]: mThreadedRenderer.initializeIfNeeded()#2 mSurface={isValid=true 0xb40000744729e4a0}
05-18 00:47:14.104  1412  1438 I HYPER-HAL: [RequestManager.cpp]acquire(): Acquired ID : 2734314  [2315 / 23]    HINT : AMS_RESUME_TAIL    list :
05-18 00:47:14.104  1412  1438 I HYPER-HAL: [RequestManager.cpp]acquire(): Acquired ID : 2736654  [2315 / 24]    HINT : AMS_ACT_LAZY    list :
05-18 00:47:14.104 19748 19748 D InputMethodManager: startInputInner - Id : 0
05-18 00:47:14.104 19748 19748 I InputMethodManager: startInputInner - mService.startInputOrWindowGainedFocus
05-18 00:47:14.104  1533  1533 D SurfaceFlinger: Display 4630947232161729154 HWC layers:
05-18 00:47:14.104  1533  1533 D SurfaceFlinger:      DEVICE | 0xb400006f7023ac30 | 0100 | RGBx_8888    |  670.0    0.0 2110.0 3088.0 |    0    0 1440 3088 | Wallpaper BBQ wrapper#79
05-18 00:47:14.104  1533  1533 D SurfaceFlinger:      DEVICE | 0xb400006f702585d0 | 0100 | RGBA_8888    |    0.0    0.0 1440.0 3088.0 |    0    0 1440 3088 | com.sec.android.app.launcher/com.sec[...]vities.LauncherActivity$_3588#113275
05-18 00:47:14.104  1533  1533 D SurfaceFlinger:      DEVICE | 0xb400006f70252090 | 0102 | RGBA_8888    |    0.0    0.0 1440.0 3088.0 |    0    1 1440 3087 | com.example.dogglers/androidx.test.c[...]yInvoker$EmptyActivity$_19748#113339
05-18 00:47:14.104  1533  1533 D SurfaceFlinger:      DEVICE | 0xb400006f70233df0 | 0100 | RGBA_8888    |    0.0    0.0 1440.0  100.0 |    0    0 1440  100 | StatusBar$_3085#85
05-18 00:47:14.104  1533  1533 D SurfaceFlinger:      DEVICE | 0xb400006f7022a220 | 0100 | RGBA_8888    |    0.0    0.0   67.0  456.0 | 1373  584 1440 1040 | com.samsung.android.app.cocktailbars[...]vice.CocktailBarService$_5964#112833
05-18 00:47:14.104  1533  1533 D SurfaceFlinger:      DEVICE | 0xb400006f70241ef0 | 0100 | RGBA_8888    |    0.0    0.0 1440.0  168.0 |    0 2920 1440 3088 | NavigationBar0$_3085#80
05-18 00:47:14.104  1533  1533 D SurfaceFlinger:
05-18 00:47:14.105  2315  3854 D InputMethodManagerService: DESKTOP MODE! : 2
05-18 00:47:14.105  2315  3854 D InputMethodManagerService: NOT IN KNOX DESKTOP MODE!
05-18 00:47:14.105  2315  3854 V InputMethodManagerService: getDisplayIdOfInputMethodWindowToBeAdded: displayId=0
05-18 00:47:14.105  2315  3854 D InputMethodManagerService: isImeSwitcherDisabledPackage : false
05-18 00:47:14.105  2315  3854 D InputMethodManagerService: checkDisplayOfStartInputAndUpdateKeyboard: displayId=0, mFocusedDisplayId=0
05-18 00:47:14.105  2315  3854 D InputTransport: Input channel constructed: 'ClientS', fd=982
05-18 00:47:14.105  2315  3854 D InputTransport: Input channel destroyed: 'ClientS', fd=982
05-18 00:47:14.106  5591  5591 I HBD     : HoneyBoardService onFinishInput
05-18 00:47:14.106  1533  2344 I SurfaceFlinger: id=113342 createSurf, flag=24004, Surface(name=daea37f InputMethod)/@0x913f89b - animation-leash of insets_animation#113342
05-18 00:47:14.106  5591  5591 I HBD     : a IC have been unbinding,  RemoteInputConnection{idHash=#62c27a0}
05-18 00:47:14.106  5591  5591 I HBD     : HoneyBoardService [PF_CL][onFinishInput]  0 ms
05-18 00:47:14.106  1412  1438 I HYPER-HAL: [RequestManager.cpp]releaseLocked(): Released ID : 2729637
05-18 00:47:14.106  5591  5591 I HBD     : HoneyBoardService [IMI] onStartInput - caller pid : 19748 , caller uid : 10725
05-18 00:47:14.106  5591  5591 I HBD     : j updateConfigs
05-18 00:47:14.107  5591  5591 I HBD     : j isEnabledNightMode : true
05-18 00:47:14.107  5591  5591 I HBD     : a IC have been binding, RemoteInputConnection{idHash=#62c27a0}
05-18 00:47:14.107  5591  5591 I HBD     : h [EditorInputType]setPrivateImeOptionsToTable privateImeOptions ( null )
05-18 00:47:14.107  5591  5591 I HBD     : b incognitoMode : false
05-18 00:47:14.107  5591  5591 I HBD     : a needOff = true , isForceOff = false, isNullInputClass : true
05-18 00:47:14.107  5591  5591 I HBD     : h getDefaultInputRange : UNKNOWN
05-18 00:47:14.107  5591  5591 I HBD     : h getDefaultInputRange : UNKNOWN
05-18 00:47:14.107  5591  5591 I HBD     : h getDefaultInputRange : UNKNOWN
05-18 00:47:14.108  5591  5591 I HBD     : a needOff = true , isForceOff = false, isNullInputClass : true
05-18 00:47:14.108  5591  5591 I HBD     : a update cached prediction status : false
05-18 00:47:14.108  5591  5591 I HBD     : h getDefaultInputRange : UNKNOWN
05-18 00:47:14.108  5591  5591 I HBD     : a currentState : 0
05-18 00:47:14.108  5591  5591 I HBD     : a [UpdatePolicy] [post] a: 0 cl: 65537 kit: [0/0] vt: 0 ir: 1
05-18 00:47:14.108  5591  5591 I HBD     : a [NRIC] resetNoResponseState
05-18 00:47:14.108  5591  5591 I HBD     : a needOff = true , isForceOff = false, isNullInputClass : true
05-18 00:47:14.108  5591  5591 I HBD     : a update cached prediction status : false
05-18 00:47:14.109  2315  2435 I ChimeraSystemEventListener: appLaunchIntent package name is: com.example.dogglers
05-18 00:47:14.109  5591  5591 I HBD     : HoneyBoardService [PF_OP][onStartInput]  3 ms
05-18 00:47:14.109  2315  6290 I SemDvfsHyPerManager: acquire hyper - AMS_ACT_START/2315@21, type = -999
05-18 00:47:14.110  1412  1438 I HYPER-HAL: [RequestManager.cpp]acquire(): Acquired ID : 2729637  [2315 / 21]    HINT : AMS_ACT_START    list :
05-18 00:47:14.110  1533  2344 I SurfaceFlinger: id=113343 createSurf, flag=80004, ActivityRecord{c9588e9 u0 com.example.dogglers/androidx.test.core.app.InstrumentationActivityInvoker$EmptyActivity} t1010}#113343
05-18 00:47:14.110  1533  1533 I Layer   : id=113335 removedFromDrawingState Surface(name=daea37f InputMethod)/@0x913f89b - animation-leash of insets_animation#113335 (127)
05-18 00:47:14.112  1533  1533 D SurfaceFlinger: Display 4630947232161729154 HWC layers:
05-18 00:47:14.112  1533  1533 D SurfaceFlinger:      DEVICE | 0xb400006f70252090 | 0102 | RGBA_8888    |    0.0    0.0 1440.0 3088.0 |    0    0 1440 3088 | com.example.dogglers/androidx.test.c[...]yInvoker$EmptyActivity$_19748#113339
05-18 00:47:14.112  1533  1533 D SurfaceFlinger:      DEVICE | 0xb400006f70233df0 | 0100 | RGBA_8888    |    0.0    0.0 1440.0  100.0 |    0    0 1440  100 | StatusBar$_3085#85
05-18 00:47:14.112  1533  1533 D SurfaceFlinger:      DEVICE | 0xb400006f7022a220 | 0100 | RGBA_8888    |    0.0    0.0   67.0  456.0 | 1373  584 1440 1040 | com.samsung.android.app.cocktailbars[...]vice.CocktailBarService$_5964#112833
05-18 00:47:14.112  1533  1533 D SurfaceFlinger:      DEVICE | 0xb400006f70241ef0 | 0100 | RGBA_8888    |    0.0    0.0 1440.0  168.0 |    0 2920 1440 3088 | NavigationBar0$_3085#80
05-18 00:47:14.112  1533  1533 D SurfaceFlinger:
05-18 00:47:14.114  1533  2344 I SurfaceFlinger: id=113344 createSurf, flag=80000, 6858d70 ActivityRecordInputSink com.example.dogglers/androidx.test.core.app.InstrumentationActivityInvoker$EmptyActivity#113344
05-18 00:47:14.115  4633  4633 E pageboostd: Received HALT command code 2
05-18 00:47:14.116  2315  2435 D PersonaActivityHelper: Activity not in resumed state, do not run immediate lock
05-18 00:47:14.116  1533  1681 I SurfaceFlinger: id=113335 Removed Surface(name=daea37f InputMethod)/@0x913f89b - animation-leash of insets_animation#113335 (128)
05-18 00:47:14.117  2315  6290 D InputMethodManagerService: isImeSwitcherDisabledPackage : false
05-18 00:47:14.117 19748 19748 D LifecycleMonitor: Lifecycle status change: androidx.test.core.app.InstrumentationActivityInvoker$EmptyActivity@e9a6ba4 in: PAUSED
05-18 00:47:14.117 19748 19748 V ActivityScenario: Activity lifecycle changed event received but ignored because the intent does not match. startActivityIntent=Intent { act=android.intent.action.MAIN cat=[android.intent.category.LAUNCHER] cmp=com.example.dogglers/.GridListActivity }, activity.getIntent()=Intent { act=android.intent.action.MAIN cat=[android.intent.category.LAUNCHER] flg=0x10000000 cmp=com.example.dogglers/androidx.test.core.app.InstrumentationActivityInvoker$EmptyActivity }, activity=androidx.test.core.app.InstrumentationActivityInvoker$EmptyActivity@e9a6ba4
05-18 00:47:14.118  5591  5591 I InputMethodService: removeImeSurface
05-18 00:47:14.118  5591  5591 I MSHandlerLifeCycle: check: return. pkg=com.samsung.android.honeyboard isActivity=false callers=com.android.internal.policy.DecorView.setVisibility:4416 android.app.Dialog.hide:767 android.inputmethodservice.InputMethodService.removeImeSurface:1290 android.inputmethodservice.InputMethodService.scheduleImeSurfaceRemoval:1279 android.inputmethodservice.InputMethodService.-$$Nest$mscheduleImeSurfaceRemoval:0
05-18 00:47:14.118  5591  5591 I MSHandlerLifeCycle: removeMultiSplitHandler: no exist. decor=DecorView@9a0695a[InputMethod]
05-18 00:47:14.119  1533  1533 I Layer   : id=113335 Destroyed Surface(name=daea37f InputMethod)/@0x913f89b - animation-leash of insets_animation#113335
05-18 00:47:14.119  2315  6291 D InputDispatcher: Focused application(0): ActivityRecord{c9588e9 u0 com.example.dogglers/androidx.test.core.app.InstrumentationActivityInvoker$EmptyActivity} t1010}
05-18 00:47:14.121 19748 19748 D LifecycleMonitor: Lifecycle status change: androidx.test.core.app.InstrumentationActivityInvoker$BootstrapActivity@f1e90df in: DESTROYED
05-18 00:47:14.121 23650 23650 I ViewRootImpl@d37bbeb[LauncherActivity]: handleAppVisibility mAppVisible = true visible = false
05-18 00:47:14.121 19748 19748 V ActivityScenario: Activity lifecycle changed event received but ignored because the intent does not match. startActivityIntent=Intent { act=android.intent.action.MAIN cat=[android.intent.category.LAUNCHER] cmp=com.example.dogglers/.GridListActivity }, activity.getIntent()=Intent { act=android.intent.action.MAIN cat=[android.intent.category.LAUNCHER] flg=0x10008000 cmp=com.example.dogglers/androidx.test.core.app.InstrumentationActivityInvoker$BootstrapActivity (has extras) }, activity=androidx.test.core.app.InstrumentationActivityInvoker$BootstrapActivity@f1e90df
05-18 00:47:14.121  3588  3588 I ViewRootImpl@c60680d[LauncherActivity]: handleAppVisibility mAppVisible = true visible = false
05-18 00:47:14.121  1533  2344 I SurfaceFlinger: id=113328 Removed 6062d9 ActivityRecordInputSink com.example.dogglers/androidx.test.core.app.InstrumentationActivityInvoker$BootstrapActivity#113328 (127)
05-18 00:47:14.123  3085  3214 D WallpaperService: dispatchAppVisibility onVisibilityChanged(): false
05-18 00:47:14.123  3085  3085 D WallpaperService: reportVisibility onVisibilityChanged visible: false
05-18 00:47:14.123  3085  3389 I ImageWallpaper[GLEngine]:  onVisibilityChanged false , 0
05-18 00:47:14.125 19748 19748 D LifecycleMonitor: Lifecycle status change: androidx.test.core.app.InstrumentationActivityInvoker$EmptyActivity@74205d4 in: PRE_ON_CREATE
05-18 00:47:14.125 19748 19748 V ActivityScenario: Activity lifecycle changed event received but ignored because the intent does not match. startActivityIntent=Intent { act=android.intent.action.MAIN cat=[android.intent.category.LAUNCHER] cmp=com.example.dogglers/.GridListActivity }, activity.getIntent()=Intent { act=android.intent.action.MAIN cat=[android.intent.category.LAUNCHER] flg=0x10000000 cmp=com.example.dogglers/androidx.test.core.app.InstrumentationActivityInvoker$EmptyActivity }, activity=androidx.test.core.app.InstrumentationActivityInvoker$EmptyActivity@74205d4
05-18 00:47:14.125  2315  2435 I SemPersonaManager: SecureFolder personaId = 150
05-18 00:47:14.127  1533  1533 I SurfaceFlinger: [a5ff91f com.example.dogglers/androidx.test.core.app.InstrumentationActivityInvoker$EmptyActivity#113338] FrameRatePriority: -1
05-18 00:47:14.127  1533  1533 I Layer   : id=113324 removedFromDrawingState Splash Screen com.example.dogglers$_3085#113324 (127)
05-18 00:47:14.127  1533  1533 I Layer   : id=113326 removedFromDrawingState Surface(name=Task=1)/@0x889ba84 - animation-leash of app_transition#113326 (127)
05-18 00:47:14.127  1533  1533 I Layer   : id=113327 removedFromDrawingState Surface(name=Task=1010)/@0xd84e87b - animation-leash of app_transition#113327 (127)
05-18 00:47:14.127  1533  1533 I Layer   : id=113321 removedFromDrawingState Task=1010#113321 (127)
05-18 00:47:14.127  1533  1533 I Layer   : id=113322 removedFromDrawingState ActivityRecord{3fe649e u0 com.example.dogglers/androidx.test.core.app.InstrumentationActivityInvoker$BootstrapActivity} t1010}#113322 (127)
05-18 00:47:14.127  1533  1533 I Layer   : id=113328 removedFromDrawingState 6062d9 ActivityRecordInputSink com.example.dogglers/androidx.test.core.app.InstrumentationActivityInvoker$BootstrapActivity#113328 (127)
05-18 00:47:14.127  1533  1533 I Layer   : id=113325 removedFromDrawingState ActivityRecord{109fc03 u0 com.example.dogglers/.GridListActivity} t1010}#113325 (127)
05-18 00:47:14.127  1533  1533 I Layer   : id=113329 removedFromDrawingState 7e9d4b2 ActivityRecordInputSink com.example.dogglers/.GridListActivity#113329 (127)
05-18 00:47:14.127  1533  1533 I Layer   : id=113330 removedFromDrawingState e7f27dc com.example.dogglers/com.example.dogglers.GridListActivity#113330 (127)
05-18 00:47:14.127  1533  1533 I Layer   : id=113331 removedFromDrawingState com.example.dogglers/com.example.dogglers.GridListActivity$_19748#113331 (127)
05-18 00:47:14.127  1533  1533 I Layer   : id=113323 removedFromDrawingState 7e3604d Splash Screen com.example.dogglers#113323 (127)
05-18 00:47:14.127  1533  1533 I Layer   : id=113336 removedFromDrawingState ActivityRecord{f494710 u0 com.example.dogglers/androidx.test.core.app.InstrumentationActivityInvoker$EmptyActivity} t1010}#113336 (127)
05-18 00:47:14.127  1533  1533 I Layer   : id=113337 removedFromDrawingState 32c5fd3 ActivityRecordInputSink com.example.dogglers/androidx.test.core.app.InstrumentationActivityInvoker$EmptyActivity#113337 (127)
05-18 00:47:14.127  1533  1533 I Layer   : id=113338 removedFromDrawingState a5ff91f com.example.dogglers/androidx.test.core.app.InstrumentationActivityInvoker$EmptyActivity#113338 (127)
05-18 00:47:14.127  1533  1533 I Layer   : id=113339 removedFromDrawingState com.example.dogglers/androidx.test.core.app.InstrumentationActivityInvoker$EmptyActivity$_19748#113339 (127)
05-18 00:47:14.127  1533  1533 I Layer   : id=16 removedFromDrawingState ImeContainer#16 (127)
05-18 00:47:14.127  1533  1533 I Layer   : id=135 removedFromDrawingState WindowToken{c8fb8d2 type=2011 android.os.Binder@b96575d}#135 (127)
05-18 00:47:14.127  1533  1533 I Layer   : id=113342 removedFromDrawingState Surface(name=daea37f InputMethod)/@0x913f89b - animation-leash of insets_animation#113342 (127)
05-18 00:47:14.127  1533  1533 I Layer   : id=146 removedFromDrawingState daea37f InputMethod#146 (127)
05-18 00:47:14.127  1533  1533 I Layer   : id=113343 removedFromDrawingState ActivityRecord{c9588e9 u0 com.example.dogglers/androidx.test.core.app.InstrumentationActivityInvoker$EmptyActivity} t1010}#113343 (127)
05-18 00:47:14.127  1533  1533 I Layer   : id=113344 removedFromDrawingState 6858d70 ActivityRecordInputSink com.example.dogglers/androidx.test.core.app.InstrumentationActivityInvoker$EmptyActivity#113344 (127)
05-18 00:47:14.127  1533  1533 I Layer   : Layer [com.example.dogglers/com.example.dogglers.GridListActivity$_19748#113331] hidden!! flag(1)
05-18 00:47:14.127  1533  1533 I Layer   : id=113323 removedFromDrawingState 7e3604d Splash Screen com.example.dogglers#113323 (127)
05-18 00:47:14.127  1533  1533 I Layer   : Layer [com.sec.android.app.launcher/com.sec.android.app.launcher.activities.LauncherActivity$_3588#113275] hidden!! flag(1)
05-18 00:47:14.127  1533  1533 I Layer   : Layer [com.sec.android.app.launcher/com.sec.android.app.launcher.activities.LauncherActivity$_23650#113278] hidden!! flag(1)
05-18 00:47:14.127  1533  1533 I Layer   : id=113322 removedFromDrawingState ActivityRecord{3fe649e u0 com.example.dogglers/androidx.test.core.app.InstrumentationActivityInvoker$BootstrapActivity} t1010}#113322 (127)
